[5.122s] [34mcolcon[0m [1;30mDEBUG[0m [32mCommand line arguments: ['/usr/bin/colcon', 'build'][0m
[5.123s] [34mcolcon[0m [1;30mDEBUG[0m [32mParsed command line arguments: Namespace(allow_overriding=[], ament_cmake_args=None, base_paths=['.'], build_base='build', catkin_cmake_args=None, catkin_skip_building_tests=False, cmake_args=None, cmake_clean_cache=False, cmake_clean_first=False, cmake_force_configure=False, cmake_target=None, cmake_target_skip_unavailable=False, continue_on_error=False, event_handlers=None, executor='parallel', ignore_user_meta=False, install_base='install', log_base=None, log_level=None, main=<bound method BuildVerb.main of <colcon_core.verb.build.BuildVerb object at 0xffffacdec5e0>>, merge_install=False, metas=['./colcon.meta'], packages_above=None, packages_above_and_dependencies=None, packages_above_depth=None, packages_end=None, packages_ignore=None, packages_ignore_regex=None, packages_select=None, packages_select_build_failed=False, packages_select_by_dep=None, packages_select_regex=None, packages_select_test_failures=False, packages_skip=None, packages_skip_build_finished=False, packages_skip_by_dep=None, packages_skip_regex=None, packages_skip_test_passed=False, packages_skip_up_to=None, packages_start=None, packages_up_to=None, packages_up_to_regex=None, parallel_workers=6, paths=None, symlink_install=False, test_result_base=None, verb_extension=<colcon_core.verb.build.BuildVerb object at 0xffffacdec5e0>, verb_name='build', verb_parser=<colcon_defaults.argument_parser.defaults.DefaultArgumentsDecorator object at 0xffffacdecb20>)[0m
[6.928s] [34mcolcon.colcon_core.package_discovery[0m [1;30mLevel 1[0m discover_packages(colcon_meta) check parameters
[6.930s] [34mcolcon.colcon_core.package_discovery[0m [1;30mLevel 1[0m discover_packages(recursive) check parameters
[6.930s] [34mcolcon.colcon_core.package_discovery[0m [1;30mLevel 1[0m discover_packages(ignore) check parameters
[6.930s] [34mcolcon.colcon_core.package_discovery[0m [1;30mLevel 1[0m discover_packages(path) check parameters
[6.931s] [34mcolcon.colcon_core.package_discovery[0m [1;30mLevel 1[0m discover_packages(colcon_meta) discover
[6.931s] [34mcolcon.colcon_core.package_discovery[0m [1;30mLevel 1[0m discover_packages(recursive) discover
[6.931s] [34mcolcon.colcon_core.package_discovery[0m [1;30mINFO[0m Crawling recursively for packages in '/home/ysc/lite_cog_ros2/nav/src/narrow_passage_controller'
[6.932s] [34mcolcon.colcon_core.package_identification[0m [1;30mLevel 1[0m _identify(.) by extensions ['ignore', 'ignore_ament_install']
[6.933s] [34mcolcon.colcon_core.package_identification[0m [1;30mLevel 1[0m _identify(.) by extension 'ignore'
[6.933s] [34mcolcon.colcon_core.package_identification[0m [1;30mLevel 1[0m _identify(.) by extension 'ignore_ament_install'
[6.934s] [34mcolcon.colcon_core.package_identification[0m [1;30mLevel 1[0m _identify(.) by extensions ['colcon_pkg']
[6.934s] [34mcolcon.colcon_core.package_identification[0m [1;30mLevel 1[0m _identify(.) by extension 'colcon_pkg'
[6.935s] [34mcolcon.colcon_core.package_identification[0m [1;30mLevel 1[0m _identify(.) by extensions ['colcon_meta']
[6.935s] [34mcolcon.colcon_core.package_identification[0m [1;30mLevel 1[0m _identify(.) by extension 'colcon_meta'
[6.935s] [34mcolcon.colcon_core.package_identification[0m [1;30mLevel 1[0m _identify(.) by extensions ['ros']
[6.935s] [34mcolcon.colcon_core.package_identification[0m [1;30mLevel 1[0m _identify(.) by extension 'ros'
[7.491s] [34mcolcon.colcon_core.package_identification[0m [1;30mDEBUG[0m [32mPackage '.' with type 'ros.ament_python' and name 'narrow_passage_controller'[0m
[7.491s] [34mcolcon.colcon_core.package_discovery[0m [1;30mLevel 1[0m discover_packages(recursive) using defaults
[7.492s] [34mcolcon.colcon_core.package_discovery[0m [1;30mLevel 1[0m discover_packages(ignore) discover
[7.492s] [34mcolcon.colcon_core.package_discovery[0m [1;30mLevel 1[0m discover_packages(ignore) using defaults
[7.492s] [34mcolcon.colcon_core.package_discovery[0m [1;30mLevel 1[0m discover_packages(path) discover
[7.492s] [34mcolcon.colcon_core.package_discovery[0m [1;30mLevel 1[0m discover_packages(path) using defaults
[8.204s] [34mcolcon.colcon_core.package_discovery[0m [1;30mLevel 1[0m discover_packages(prefix_path) check parameters
[8.204s] [34mcolcon.colcon_core.package_discovery[0m [1;30mLevel 1[0m discover_packages(prefix_path) discover
[8.230s] [34mcolcon.colcon_installed_package_information.package_discovery[0m [1;30mDEBUG[0m [32mFound 324 installed packages in /opt/ros/foxy[0m
[8.242s] [34mcolcon.colcon_core.package_discovery[0m [1;30mLevel 1[0m discover_packages(prefix_path) using defaults
[9.197s] [34mcolcon.colcon_core.verb[0m [1;30mLevel 5[0m set package 'narrow_passage_controller' build argument 'cmake_args' from command line to 'None'
[9.198s] [34mcolcon.colcon_core.verb[0m [1;30mLevel 5[0m set package 'narrow_passage_controller' build argument 'cmake_target' from command line to 'None'
[9.198s] [34mcolcon.colcon_core.verb[0m [1;30mLevel 5[0m set package 'narrow_passage_controller' build argument 'cmake_target_skip_unavailable' from command line to 'False'
[9.198s] [34mcolcon.colcon_core.verb[0m [1;30mLevel 5[0m set package 'narrow_passage_controller' build argument 'cmake_clean_cache' from command line to 'False'
[9.198s] [34mcolcon.colcon_core.verb[0m [1;30mLevel 5[0m set package 'narrow_passage_controller' build argument 'cmake_clean_first' from command line to 'False'
[9.199s] [34mcolcon.colcon_core.verb[0m [1;30mLevel 5[0m set package 'narrow_passage_controller' build argument 'cmake_force_configure' from command line to 'False'
[9.199s] [34mcolcon.colcon_core.verb[0m [1;30mLevel 5[0m set package 'narrow_passage_controller' build argument 'ament_cmake_args' from command line to 'None'
[9.199s] [34mcolcon.colcon_core.verb[0m [1;30mLevel 5[0m set package 'narrow_passage_controller' build argument 'catkin_cmake_args' from command line to 'None'
[9.199s] [34mcolcon.colcon_core.verb[0m [1;30mLevel 5[0m set package 'narrow_passage_controller' build argument 'catkin_skip_building_tests' from command line to 'False'
[9.199s] [34mcolcon.colcon_core.verb[0m [1;30mDEBUG[0m [32mBuilding package 'narrow_passage_controller' with the following arguments: {'ament_cmake_args': None, 'build_base': '/home/ysc/lite_cog_ros2/nav/src/narrow_passage_controller/build/narrow_passage_controller', 'catkin_cmake_args': None, 'catkin_skip_building_tests': False, 'cmake_args': None, 'cmake_clean_cache': False, 'cmake_clean_first': False, 'cmake_force_configure': False, 'cmake_target': None, 'cmake_target_skip_unavailable': False, 'install_base': '/home/ysc/lite_cog_ros2/nav/src/narrow_passage_controller/install/narrow_passage_controller', 'merge_install': False, 'path': '/home/ysc/lite_cog_ros2/nav/src/narrow_passage_controller', 'symlink_install': False, 'test_result_base': None}[0m
[9.201s] [34mcolcon.colcon_core.executor[0m [1;30mINFO[0m Executing jobs using 'parallel' executor
[9.207s] [34mcolcon.colcon_parallel_executor.executor.parallel[0m [1;30mDEBUG[0m [32mrun_until_complete[0m
[9.209s] [34mcolcon.colcon_ros.task.ament_python.build[0m [1;30mINFO[0m Building ROS package in '/home/ysc/lite_cog_ros2/nav/src/narrow_passage_controller' with build type 'ament_python'
[9.210s] [34mcolcon.colcon_core.shell[0m [1;30mLevel 1[0m create_environment_hook('narrow_passage_controller', 'ament_prefix_path')
[9.388s] [34mcolcon.colcon_core.plugin_system[0m [1;30mINFO[0m Skipping extension 'colcon_core.shell.bat': Not used on non-Windows systems
[9.389s] [34mcolcon.colcon_core.shell[0m [1;30mINFO[0m Creating environment hook '/home/ysc/lite_cog_ros2/nav/src/narrow_passage_controller/install/narrow_passage_controller/share/narrow_passage_controller/hook/ament_prefix_path.ps1'
[9.396s] [34mcolcon.colcon_core.shell[0m [1;30mINFO[0m Creating environment descriptor '/home/ysc/lite_cog_ros2/nav/src/narrow_passage_controller/install/narrow_passage_controller/share/narrow_passage_controller/hook/ament_prefix_path.dsv'
[9.400s] [34mcolcon.colcon_core.shell[0m [1;30mINFO[0m Creating environment hook '/home/ysc/lite_cog_ros2/nav/src/narrow_passage_controller/install/narrow_passage_controller/share/narrow_passage_controller/hook/ament_prefix_path.sh'
[9.405s] [34mcolcon.colcon_core.shell[0m [1;30mINFO[0m Skip shell extension 'powershell' for command environment: Not usable outside of PowerShell
[9.406s] [34mcolcon.colcon_core.shell[0m [1;30mDEBUG[0m [32mSkip shell extension 'dsv' for command environment[0m
[11.379s] [34mcolcon.colcon_core.task.python.build[0m [1;30mINFO[0m Building Python package in '/home/ysc/lite_cog_ros2/nav/src/narrow_passage_controller'
[11.384s] [34mcolcon.colcon_core.shell[0m [1;30mINFO[0m Skip shell extension 'powershell' for command environment: Not usable outside of PowerShell
[11.385s] [34mcolcon.colcon_core.shell[0m [1;30mDEBUG[0m [32mSkip shell extension 'dsv' for command environment[0m
[17.846s] [34mcolcon.colcon_core.event_handler.log_command[0m [1;30mDEBUG[0m [32mInvoking command in '/home/ysc/lite_cog_ros2/nav/src/narrow_passage_controller': PYTHONPATH=/home/ysc/lite_cog_ros2/nav/src/narrow_passage_controller/build/narrow_passage_controller/prefix_override:/home/ysc/lite_cog_ros2/nav/src/narrow_passage_controller/install/narrow_passage_controller/lib/python3.8/site-packages:${PYTHONPATH} /usr/bin/python3 -W ignore:setup.py install is deprecated setup.py egg_info --egg-base build/narrow_passage_controller build --build-base /home/ysc/lite_cog_ros2/nav/src/narrow_passage_controller/build/narrow_passage_controller/build install --record /home/ysc/lite_cog_ros2/nav/src/narrow_passage_controller/build/narrow_passage_controller/install.log --install-scripts $base/lib/narrow_passage_controller --single-version-externally-managed install_data[0m
[20.740s] [34mcolcon.colcon_core.event_handler.log_command[0m [1;30mDEBUG[0m [32mInvoked command in '/home/ysc/lite_cog_ros2/nav/src/narrow_passage_controller' returned '0': PYTHONPATH=/home/ysc/lite_cog_ros2/nav/src/narrow_passage_controller/build/narrow_passage_controller/prefix_override:/home/ysc/lite_cog_ros2/nav/src/narrow_passage_controller/install/narrow_passage_controller/lib/python3.8/site-packages:${PYTHONPATH} /usr/bin/python3 -W ignore:setup.py install is deprecated setup.py egg_info --egg-base build/narrow_passage_controller build --build-base /home/ysc/lite_cog_ros2/nav/src/narrow_passage_controller/build/narrow_passage_controller/build install --record /home/ysc/lite_cog_ros2/nav/src/narrow_passage_controller/build/narrow_passage_controller/install.log --install-scripts $base/lib/narrow_passage_controller --single-version-externally-managed install_data[0m
[20.916s] [34mcolcon.colcon_core.environment[0m [1;30mLevel 1[0m checking '/home/ysc/lite_cog_ros2/nav/src/narrow_passage_controller/install/narrow_passage_controller' for CMake module files
[20.921s] [34mcolcon.colcon_core.environment[0m [1;30mLevel 1[0m checking '/home/ysc/lite_cog_ros2/nav/src/narrow_passage_controller/install/narrow_passage_controller' for CMake config files
[20.928s] [34mcolcon.colcon_core.environment[0m [1;30mLevel 1[0m checking '/home/ysc/lite_cog_ros2/nav/src/narrow_passage_controller/install/narrow_passage_controller/lib'
[20.929s] [34mcolcon.colcon_core.environment[0m [1;30mLevel 1[0m checking '/home/ysc/lite_cog_ros2/nav/src/narrow_passage_controller/install/narrow_passage_controller/bin'
[20.930s] [34mcolcon.colcon_core.environment[0m [1;30mLevel 1[0m checking '/home/ysc/lite_cog_ros2/nav/src/narrow_passage_controller/install/narrow_passage_controller/lib/pkgconfig/narrow_passage_controller.pc'
[20.932s] [34mcolcon.colcon_core.environment[0m [1;30mLevel 1[0m checking '/home/ysc/lite_cog_ros2/nav/src/narrow_passage_controller/install/narrow_passage_controller/lib/python3.8/site-packages'
[20.932s] [34mcolcon.colcon_core.shell[0m [1;30mLevel 1[0m create_environment_hook('narrow_passage_controller', 'pythonpath')
[20.934s] [34mcolcon.colcon_core.shell[0m [1;30mINFO[0m Creating environment hook '/home/ysc/lite_cog_ros2/nav/src/narrow_passage_controller/install/narrow_passage_controller/share/narrow_passage_controller/hook/pythonpath.ps1'
[20.937s] [34mcolcon.colcon_core.shell[0m [1;30mINFO[0m Creating environment descriptor '/home/ysc/lite_cog_ros2/nav/src/narrow_passage_controller/install/narrow_passage_controller/share/narrow_passage_controller/hook/pythonpath.dsv'
[20.942s] [34mcolcon.colcon_core.shell[0m [1;30mINFO[0m Creating environment hook '/home/ysc/lite_cog_ros2/nav/src/narrow_passage_controller/install/narrow_passage_controller/share/narrow_passage_controller/hook/pythonpath.sh'
[20.945s] [34mcolcon.colcon_core.environment[0m [1;30mLevel 1[0m checking '/home/ysc/lite_cog_ros2/nav/src/narrow_passage_controller/install/narrow_passage_controller/bin'
[20.946s] [34mcolcon.colcon_core.environment[0m [1;30mLevel 1[0m create_environment_scripts_only(narrow_passage_controller)
[20.948s] [34mcolcon.colcon_core.shell[0m [1;30mINFO[0m Creating package script '/home/ysc/lite_cog_ros2/nav/src/narrow_passage_controller/install/narrow_passage_controller/share/narrow_passage_controller/package.ps1'
[21.084s] [34mcolcon.colcon_core.shell[0m [1;30mINFO[0m Creating package descriptor '/home/ysc/lite_cog_ros2/nav/src/narrow_passage_controller/install/narrow_passage_controller/share/narrow_passage_controller/package.dsv'
[21.090s] [34mcolcon.colcon_core.shell[0m [1;30mINFO[0m Creating package script '/home/ysc/lite_cog_ros2/nav/src/narrow_passage_controller/install/narrow_passage_controller/share/narrow_passage_controller/package.sh'
[21.096s] [34mcolcon.colcon_core.shell[0m [1;30mINFO[0m Creating package script '/home/ysc/lite_cog_ros2/nav/src/narrow_passage_controller/install/narrow_passage_controller/share/narrow_passage_controller/package.bash'
[21.104s] [34mcolcon.colcon_core.shell[0m [1;30mINFO[0m Creating package script '/home/ysc/lite_cog_ros2/nav/src/narrow_passage_controller/install/narrow_passage_controller/share/narrow_passage_controller/package.zsh'
[21.113s] [34mcolcon.colcon_core.environment[0m [1;30mLevel 1[0m create_file_with_runtime_dependencies(/home/ysc/lite_cog_ros2/nav/src/narrow_passage_controller/install/narrow_passage_controller/share/colcon-core/packages/narrow_passage_controller)
[21.118s] [34mcolcon.colcon_parallel_executor.executor.parallel[0m [1;30mDEBUG[0m [32mclosing loop[0m
[21.123s] [34mcolcon.colcon_parallel_executor.executor.parallel[0m [1;30mDEBUG[0m [32mloop closed[0m
[21.124s] [34mcolcon.colcon_parallel_executor.executor.parallel[0m [1;30mDEBUG[0m [32mrun_until_complete finished with '0'[0m
[21.124s] [34mcolcon.colcon_core.event_reactor[0m [1;30mDEBUG[0m [32mjoining thread[0m
[21.166s] [34mcolcon.colcon_core.plugin_system[0m [1;30mINFO[0m Skipping extension 'colcon_notification.desktop_notification.terminal_notifier': Not used on non-Darwin systems
[21.167s] [34mcolcon.colcon_core.plugin_system[0m [1;30mINFO[0m Skipping extension 'colcon_notification.desktop_notification.win32': Not used on non-Windows systems
[21.168s] [34mcolcon.colcon_notification.desktop_notification[0m [1;30mINFO[0m Sending desktop notification using 'notify2'
[21.313s] [34mcolcon.colcon_core.event_reactor[0m [1;30mDEBUG[0m [32mjoined thread[0m
[21.316s] [34mcolcon.colcon_core.shell[0m [1;30mINFO[0m Creating prefix script '/home/ysc/lite_cog_ros2/nav/src/narrow_passage_controller/install/local_setup.ps1'
[21.435s] [34mcolcon.colcon_core.shell[0m [1;30mINFO[0m Creating prefix util module '/home/ysc/lite_cog_ros2/nav/src/narrow_passage_controller/install/_local_setup_util_ps1.py'
[21.449s] [34mcolcon.colcon_core.shell[0m [1;30mINFO[0m Creating prefix chain script '/home/ysc/lite_cog_ros2/nav/src/narrow_passage_controller/install/setup.ps1'
[21.460s] [34mcolcon.colcon_core.shell[0m [1;30mINFO[0m Creating prefix script '/home/ysc/lite_cog_ros2/nav/src/narrow_passage_controller/install/local_setup.sh'
[21.465s] [34mcolcon.colcon_core.shell[0m [1;30mINFO[0m Creating prefix util module '/home/ysc/lite_cog_ros2/nav/src/narrow_passage_controller/install/_local_setup_util_sh.py'
[21.469s] [34mcolcon.colcon_core.shell[0m [1;30mINFO[0m Creating prefix chain script '/home/ysc/lite_cog_ros2/nav/src/narrow_passage_controller/install/setup.sh'
[21.476s] [34mcolcon.colcon_core.shell[0m [1;30mINFO[0m Creating prefix script '/home/ysc/lite_cog_ros2/nav/src/narrow_passage_controller/install/local_setup.bash'
[21.480s] [34mcolcon.colcon_core.shell[0m [1;30mINFO[0m Creating prefix chain script '/home/ysc/lite_cog_ros2/nav/src/narrow_passage_controller/install/setup.bash'
[21.490s] [34mcolcon.colcon_core.shell[0m [1;30mINFO[0m Creating prefix script '/home/ysc/lite_cog_ros2/nav/src/narrow_passage_controller/install/local_setup.zsh'
[21.495s] [34mcolcon.colcon_core.shell[0m [1;30mINFO[0m Creating prefix chain script '/home/ysc/lite_cog_ros2/nav/src/narrow_passage_controller/install/setup.zsh'
