[  2%] Built target hdl_localization__cpp
[ 11%] Built target hdl_localization__rosidl_generator_c
[ 20%] Built target hdl_localization__rosidl_typesupport_introspection_c
[ 29%] Built target hdl_localization__rosidl_typesupport_cpp
[ 38%] Built target hdl_localization__rosidl_typesupport_introspection_cpp
[ 47%] Built target hdl_localization__rosidl_typesupport_c
[ 55%] Built target hdl_localization__rosidl_typesupport_fastrtps_cpp
[ 64%] Built target hdl_localization__rosidl_typesupport_fastrtps_c
[ 64%] Built target hdl_localization
[ 67%] Built target hdl_localization__py
[35m[1mScanning dependencies of target hdl_localization_composition[0m
[35m[1mScanning dependencies of target hdl_localization__python[0m
[ 70%] [32mBuilding C object CMakeFiles/hdl_localization__python.dir/rosidl_generator_py/hdl_localization/msg/_scan_matching_status_s.c.o[0m
[ 73%] [32mBuilding CXX object CMakeFiles/hdl_localization_composition.dir/apps/hdl_localization_composition.cpp.o[0m
[ 76%] [32m[1mLinking C shared library rosidl_generator_py/hdl_localization/libhdl_localization__python.so[0m
[ 76%] Built target hdl_localization__python
[35m[1mScanning dependencies of target hdl_localization__rosidl_typesupport_fastrtps_c__pyext[0m
[35m[1mScanning dependencies of target hdl_localization__rosidl_typesupport_c__pyext[0m
[35m[1mScanning dependencies of target hdl_localization__rosidl_typesupport_introspection_c__pyext[0m
[ 79%] [32mBuilding C object CMakeFiles/hdl_localization__rosidl_typesupport_fastrtps_c__pyext.dir/rosidl_generator_py/hdl_localization/_hdl_localization_s.ep.rosidl_typesupport_fastrtps_c.c.o[0m
[ 82%] [32mBuilding C object CMakeFiles/hdl_localization__rosidl_typesupport_introspection_c__pyext.dir/rosidl_generator_py/hdl_localization/_hdl_localization_s.ep.rosidl_typesupport_introspection_c.c.o[0m
[ 85%] [32mBuilding C object CMakeFiles/hdl_localization__rosidl_typesupport_c__pyext.dir/rosidl_generator_py/hdl_localization/_hdl_localization_s.ep.rosidl_typesupport_c.c.o[0m
[ 88%] [32m[1mLinking CXX shared library rosidl_generator_py/hdl_localization/hdl_localization_s__rosidl_typesupport_fastrtps_c.cpython-38-aarch64-linux-gnu.so[0m
[ 91%] [32m[1mLinking C shared library rosidl_generator_py/hdl_localization/hdl_localization_s__rosidl_typesupport_introspection_c.cpython-38-aarch64-linux-gnu.so[0m
[ 94%] [32m[1mLinking C shared library rosidl_generator_py/hdl_localization/hdl_localization_s__rosidl_typesupport_c.cpython-38-aarch64-linux-gnu.so[0m
[ 94%] Built target hdl_localization__rosidl_typesupport_introspection_c__pyext
[ 94%] Built target hdl_localization__rosidl_typesupport_c__pyext
[ 94%] Built target hdl_localization__rosidl_typesupport_fastrtps_c__pyext
