[0.143s] Invoking command in '/home/ysc/lite_cog_ros2/nav/src/build/hdl_localization': AMENT_PREFIX_PATH=/home/ysc/lite_cog_ros2/nav/src/install/hdl_global_localization:${AMENT_PREFIX_PATH} CMAKE_PREFIX_PATH=/home/ysc/lite_cog_ros2/nav/src/install/hdl_global_localization:/home/ysc/lite_cog_ros2/nav/src/install/narrow_passage_controller:/opt/ros/foxy LD_LIBRARY_PATH=/home/ysc/lite_cog_ros2/nav/src/install/hdl_global_localization/lib:/usr/lib/aarch64-linux-gnu/gazebo-11/plugins:/opt/ros/foxy/opt/yaml_cpp_vendor/lib:/opt/ros/foxy/opt/rviz_ogre_vendor/lib:/opt/ros/foxy/lib/aarch64-linux-gnu:/opt/ros/foxy/lib:/usr/local/cuda-11.4/lib64 PYTHONPATH=/home/ysc/lite_cog_ros2/nav/src/install/hdl_global_localization/lib/python3.8/site-packages:${PYTHONPATH} /usr/bin/cmake /home/ysc/lite_cog_ros2/nav/src/hdl_localization -DCMAKE_INSTALL_PREFIX=/home/ysc/lite_cog_ros2/nav/src/install/hdl_localization
[0.745s] -- The C compiler identification is GNU 9.4.0
[1.264s] -- The CXX compiler identification is GNU 9.4.0
[1.298s] -- Check for working C compiler: /usr/bin/cc
[1.878s] -- Check for working C compiler: /usr/bin/cc -- works
[1.884s] -- Detecting C compiler ABI info
[2.469s] -- Detecting C compiler ABI info - done
[2.538s] -- Detecting C compile features
[2.540s] -- Detecting C compile features - done
[2.556s] -- Check for working CXX compiler: /usr/bin/c++
[3.114s] -- Check for working CXX compiler: /usr/bin/c++ -- works
[3.122s] -- Detecting CXX compiler ABI info
[3.745s] -- Detecting CXX compiler ABI info - done
[3.828s] -- Detecting CXX compile features
[3.832s] -- Detecting CXX compile features - done
[3.849s] -- Found ament_cmake_auto: 0.9.12 (/opt/ros/foxy/share/ament_cmake_auto/cmake)
[4.049s] -- Found PythonInterp: /usr/bin/python3 (found suitable version "3.8.10", minimum required is "3") 
[4.050s] -- Using PYTHON_EXECUTABLE: /usr/bin/python3
[8.714s] -- Using all available rosidl_typesupport_c: rosidl_typesupport_fastrtps_c;rosidl_typesupport_introspection_c
[8.778s] -- Found rosidl_adapter: 1.3.1 (/opt/ros/foxy/share/rosidl_adapter/cmake)
[9.814s] -- Found OpenSSL: /usr/lib/aarch64-linux-gnu/libcrypto.so (found version "1.1.1f")  
[10.182s] -- Found FastRTPS: /opt/ros/foxy/include  
[10.720s] -- Using all available rosidl_typesupport_cpp: rosidl_typesupport_fastrtps_cpp;rosidl_typesupport_introspection_cpp
[11.340s] -- Found rmw_implementation_cmake: 1.0.4 (/opt/ros/foxy/share/rmw_implementation_cmake/cmake)
[11.349s] -- Using RMW implementation 'rmw_cyclonedds_cpp' as default
[11.354s] -- Looking for pthread.h
[11.970s] -- Looking for pthread.h - found
[11.972s] -- Performing Test CMAKE_HAVE_LIBC_PTHREAD
[12.731s] -- Performing Test CMAKE_HAVE_LIBC_PTHREAD - Failed
[12.732s] -- Looking for pthread_create in pthreads
[13.398s] -- Looking for pthread_create in pthreads - not found
[13.400s] -- Looking for pthread_create in pthread
[13.972s] -- Looking for pthread_create in pthread - found
[13.984s] -- Found Threads: TRUE  
[17.144s] -- Found eigen3_cmake_module: 0.1.1 (/opt/ros/foxy/share/eigen3_cmake_module/cmake)
[17.165s] -- Found Eigen3: TRUE (found version "3.3.7") 
[18.793s] -- Checking for module 'eigen3'
[18.937s] --   Found eigen3, version 3.3.7
[19.329s] -- Found Eigen: /usr/include/eigen3 (Required is at least version "3.1") 
[19.330s] -- Eigen found (include: /usr/include/eigen3, version: 3.3.7)
[19.770s] -- Checking for module 'flann'
[19.878s] --   Found flann, version 1.9.1
[20.273s] -- Found FLANN: /usr/lib/aarch64-linux-gnu/libflann_cpp.so  
[20.965s] -- The imported target "vtkParseOGLExt" references the file
[20.965s]    "/usr/bin/vtkParseOGLExt-7.1"
[20.966s] but this file does not exist.  Possible reasons include:
[20.966s] * The file was deleted, renamed, or moved to another location.
[20.967s] * An install or uninstall procedure did not complete successfully.
[20.967s] * The installation package was faulty and contained
[20.968s]    "/usr/lib/cmake/vtk-7.1/VTKTargets.cmake"
[20.968s] but not all the files it references.
[20.969s] 
[20.973s] -- The imported target "vtkRenderingPythonTkWidgets" references the file
[20.974s]    "/usr/lib/aarch64-linux-gnu/libvtkRenderingPythonTkWidgets.so"
[20.974s] but this file does not exist.  Possible reasons include:
[20.975s] * The file was deleted, renamed, or moved to another location.
[20.975s] * An install or uninstall procedure did not complete successfully.
[20.976s] * The installation package was faulty and contained
[20.976s]    "/usr/lib/cmake/vtk-7.1/VTKTargets.cmake"
[20.977s] but not all the files it references.
[20.977s] 
[20.978s] -- The imported target "vtk" references the file
[20.979s]    "/usr/bin/vtk"
[20.980s] but this file does not exist.  Possible reasons include:
[20.980s] * The file was deleted, renamed, or moved to another location.
[20.981s] * An install or uninstall procedure did not complete successfully.
[20.981s] * The installation package was faulty and contained
[20.982s]    "/usr/lib/cmake/vtk-7.1/VTKTargets.cmake"
[20.983s] but not all the files it references.
[20.984s] 
[20.984s] -- The imported target "pvtk" references the file
[20.985s]    "/usr/bin/pvtk"
[20.985s] but this file does not exist.  Possible reasons include:
[20.985s] * The file was deleted, renamed, or moved to another location.
[20.986s] * An install or uninstall procedure did not complete successfully.
[20.986s] * The installation package was faulty and contained
[20.987s]    "/usr/lib/cmake/vtk-7.1/VTKTargets.cmake"
[20.987s] but not all the files it references.
[20.988s] 
[21.543s] -- Checking for module 'libusb-1.0'
[21.694s] --   Found libusb-1.0, version 1.0.23
[22.101s] -- Found USB_10: /usr/lib/aarch64-linux-gnu/libusb-1.0.so  
[22.637s] -- OpenNI found (include: /usr/include/ni, lib: /usr/lib/libOpenNI.so)
[23.210s] -- OpenNI2 found (include: /usr/include/openni2, lib: /usr/lib/libOpenNI2.so)
[23.298s] -- Found libusb-1.0: /usr/include  
[23.338s] -- OpenNI found (include: /usr/include/ni, lib: /usr/lib/libOpenNI.so)
[23.384s] -- OpenNI2 found (include: /usr/include/openni2, lib: /usr/lib/libOpenNI2.so)
[23.716s] -- Found Qhull: optimized;/usr/lib/aarch64-linux-gnu/libqhull.so;debug;/usr/lib/aarch64-linux-gnu/libqhull.so  
[23.717s] -- QHULL found (include: /usr/include, lib: optimized;/usr/lib/aarch64-linux-gnu/libqhull.so;debug;/usr/lib/aarch64-linux-gnu/libqhull.so)
[23.761s] -- OpenNI found (include: /usr/include/ni, lib: /usr/lib/libOpenNI.so)
[23.854s] -- Found PCL_COMMON: /usr/lib/aarch64-linux-gnu/libpcl_common.so  
[23.870s] -- Found PCL_KDTREE: /usr/lib/aarch64-linux-gnu/libpcl_kdtree.so  
[23.879s] -- Found PCL_OCTREE: /usr/lib/aarch64-linux-gnu/libpcl_octree.so  
[23.888s] -- Found PCL_SEARCH: /usr/lib/aarch64-linux-gnu/libpcl_search.so  
[23.895s] -- Found PCL_SAMPLE_CONSENSUS: /usr/lib/aarch64-linux-gnu/libpcl_sample_consensus.so  
[23.903s] -- Found PCL_FILTERS: /usr/lib/aarch64-linux-gnu/libpcl_filters.so  
[23.906s] -- Found PCL_2D: /usr/include/pcl-1.10  
[23.910s] -- Found PCL_GEOMETRY: /usr/include/pcl-1.10  
[23.917s] -- Found PCL_IO: /usr/lib/aarch64-linux-gnu/libpcl_io.so  
[23.928s] -- Found PCL_FEATURES: /usr/lib/aarch64-linux-gnu/libpcl_features.so  
[23.940s] -- Found PCL_ML: /usr/lib/aarch64-linux-gnu/libpcl_ml.so  
[23.950s] -- Found PCL_SEGMENTATION: /usr/lib/aarch64-linux-gnu/libpcl_segmentation.so  
[23.967s] -- Found PCL_VISUALIZATION: /usr/lib/aarch64-linux-gnu/libpcl_visualization.so  
[23.980s] -- Found PCL_SURFACE: /usr/lib/aarch64-linux-gnu/libpcl_surface.so  
[23.988s] -- Found PCL_REGISTRATION: /usr/lib/aarch64-linux-gnu/libpcl_registration.so  
[23.998s] -- Found PCL_KEYPOINTS: /usr/lib/aarch64-linux-gnu/libpcl_keypoints.so  
[24.007s] -- Found PCL_TRACKING: /usr/lib/aarch64-linux-gnu/libpcl_tracking.so  
[24.018s] -- Found PCL_RECOGNITION: /usr/lib/aarch64-linux-gnu/libpcl_recognition.so  
[24.029s] -- Found PCL_STEREO: /usr/lib/aarch64-linux-gnu/libpcl_stereo.so  
[24.037s] -- Found PCL_APPS: /usr/lib/aarch64-linux-gnu/libpcl_apps.so  
[24.044s] -- Found PCL_IN_HAND_SCANNER: /usr/include/pcl-1.10  
[24.049s] -- Found PCL_POINT_CLOUD_EDITOR: /usr/include/pcl-1.10  
[24.059s] -- Found PCL_OUTOFCORE: /usr/lib/aarch64-linux-gnu/libpcl_outofcore.so  
[24.072s] -- Found PCL_PEOPLE: /usr/lib/aarch64-linux-gnu/libpcl_people.so  
[29.127s] -- Found OpenMP_C: -fopenmp (found version "4.5") 
[29.924s] -- Found OpenMP_CXX: -fopenmp (found version "4.5") 
[29.927s] -- Found OpenMP: TRUE (found version "4.5")  
[30.264s] -- Found PythonInterp: /usr/bin/python3 (found version "3.8.10") 
[32.018s] -- Found ament_cmake_ros: 0.9.2 (/opt/ros/foxy/share/ament_cmake_ros/cmake)
[34.295s] -- Using all available rosidl_typesupport_c: rosidl_typesupport_fastrtps_c;rosidl_typesupport_introspection_c
[35.411s] -- Using all available rosidl_typesupport_cpp: rosidl_typesupport_fastrtps_cpp;rosidl_typesupport_introspection_cpp
[35.730s] -- Found PythonInterp: /usr/bin/python3 (found suitable version "3.8.10", minimum required is "3.5") 
[35.745s] -- Found python_cmake_module: 0.8.1 (/opt/ros/foxy/share/python_cmake_module/cmake)
[36.367s] -- Found PythonLibs: /usr/lib/aarch64-linux-gnu/libpython3.8.so (found suitable version "3.8.10", minimum required is "3.5") 
[36.368s] -- Using PYTHON_EXECUTABLE: /usr/bin/python3
[36.369s] -- Using PYTHON_INCLUDE_DIRS: /usr/include/python3.8
[36.369s] -- Using PYTHON_LIBRARIES: /usr/lib/aarch64-linux-gnu/libpython3.8.so
[36.512s] -- Found PythonExtra: .so  
[37.542s] -- Configuring done
[38.370s] -- Generating done
[38.394s] -- Build files have been written to: /home/ysc/lite_cog_ros2/nav/src/build/hdl_localization
[38.520s] Invoked command in '/home/ysc/lite_cog_ros2/nav/src/build/hdl_localization' returned '0': AMENT_PREFIX_PATH=/home/ysc/lite_cog_ros2/nav/src/install/hdl_global_localization:${AMENT_PREFIX_PATH} CMAKE_PREFIX_PATH=/home/ysc/lite_cog_ros2/nav/src/install/hdl_global_localization:/home/ysc/lite_cog_ros2/nav/src/install/narrow_passage_controller:/opt/ros/foxy LD_LIBRARY_PATH=/home/ysc/lite_cog_ros2/nav/src/install/hdl_global_localization/lib:/usr/lib/aarch64-linux-gnu/gazebo-11/plugins:/opt/ros/foxy/opt/yaml_cpp_vendor/lib:/opt/ros/foxy/opt/rviz_ogre_vendor/lib:/opt/ros/foxy/lib/aarch64-linux-gnu:/opt/ros/foxy/lib:/usr/local/cuda-11.4/lib64 PYTHONPATH=/home/ysc/lite_cog_ros2/nav/src/install/hdl_global_localization/lib/python3.8/site-packages:${PYTHONPATH} /usr/bin/cmake /home/ysc/lite_cog_ros2/nav/src/hdl_localization -DCMAKE_INSTALL_PREFIX=/home/ysc/lite_cog_ros2/nav/src/install/hdl_localization
[38.548s] Invoking command in '/home/ysc/lite_cog_ros2/nav/src/build/hdl_localization': AMENT_PREFIX_PATH=/home/ysc/lite_cog_ros2/nav/src/install/hdl_global_localization:${AMENT_PREFIX_PATH} CMAKE_PREFIX_PATH=/home/ysc/lite_cog_ros2/nav/src/install/hdl_global_localization:/home/ysc/lite_cog_ros2/nav/src/install/narrow_passage_controller:/opt/ros/foxy LD_LIBRARY_PATH=/home/ysc/lite_cog_ros2/nav/src/install/hdl_global_localization/lib:/usr/lib/aarch64-linux-gnu/gazebo-11/plugins:/opt/ros/foxy/opt/yaml_cpp_vendor/lib:/opt/ros/foxy/opt/rviz_ogre_vendor/lib:/opt/ros/foxy/lib/aarch64-linux-gnu:/opt/ros/foxy/lib:/usr/local/cuda-11.4/lib64 PYTHONPATH=/home/ysc/lite_cog_ros2/nav/src/install/hdl_global_localization/lib/python3.8/site-packages:${PYTHONPATH} /usr/bin/cmake --build /home/ysc/lite_cog_ros2/nav/src/build/hdl_localization -- -j6 -l6
[39.058s] [  2%] [34m[1mGenerating C code for ROS interfaces[0m
[39.060s] [35m[1mScanning dependencies of target hdl_localization__cpp[0m
[39.135s] [  5%] [34m[1mGenerating C++ code for ROS interfaces[0m
[40.352s] [35m[1mScanning dependencies of target hdl_localization__rosidl_generator_c[0m
[40.595s] [  5%] Built target hdl_localization__cpp
[40.628s] [  8%] [32mBuilding C object CMakeFiles/hdl_localization__rosidl_generator_c.dir/rosidl_generator_c/hdl_localization/msg/detail/scan_matching_status__functions.c.o[0m
[40.692s] [01m[Kcc1:[m[K [01;35m[Kwarning: [m[Kcommand line option ‘[01m[K-std=c++14[m[K’ is valid for C++/ObjC++ but not for C
[40.710s] [ 11%] [34m[1mGenerating C++ type support for eProsima Fast-RTPS[0m
[40.715s] [ 14%] [34m[1mGenerating C++ introspection for ROS interfaces[0m
[40.817s] [ 17%] [34m[1mGenerating C++ type support dispatch for ROS interfaces[0m
[41.686s] [ 20%] [32m[1mLinking C shared library libhdl_localization__rosidl_generator_c.so[0m
[42.005s] [ 20%] Built target hdl_localization__rosidl_generator_c
[42.180s] [ 23%] [34m[1mGenerating C type support dispatch for ROS interfaces[0m
[42.195s] [ 26%] [34m[1mGenerating C introspection for ROS interfaces[0m
[42.245s] [35m[1mScanning dependencies of target hdl_localization__rosidl_typesupport_cpp[0m
[42.381s] [35m[1mScanning dependencies of target hdl_localization__rosidl_typesupport_fastrtps_cpp[0m
[42.577s] [ 29%] [32mBuilding CXX object CMakeFiles/hdl_localization__rosidl_typesupport_fastrtps_cpp.dir/rosidl_typesupport_fastrtps_cpp/hdl_localization/msg/detail/dds_fastrtps/scan_matching_status__type_support.cpp.o[0m
[42.716s] [35m[1mScanning dependencies of target hdl_localization__rosidl_typesupport_introspection_cpp[0m
[42.736s] [ 32%] [32mBuilding CXX object CMakeFiles/hdl_localization__rosidl_typesupport_cpp.dir/rosidl_typesupport_cpp/hdl_localization/msg/scan_matching_status__type_support.cpp.o[0m
[42.994s] [ 35%] [32mBuilding CXX object CMakeFiles/hdl_localization__rosidl_typesupport_introspection_cpp.dir/rosidl_typesupport_introspection_cpp/hdl_localization/msg/detail/scan_matching_status__type_support.cpp.o[0m
[44.161s] [35m[1mScanning dependencies of target hdl_localization__rosidl_typesupport_c[0m
[44.405s] [35m[1mScanning dependencies of target hdl_localization__rosidl_typesupport_introspection_c[0m
[44.488s] [ 38%] [32mBuilding CXX object CMakeFiles/hdl_localization__rosidl_typesupport_c.dir/rosidl_typesupport_c/hdl_localization/msg/scan_matching_status__type_support.cpp.o[0m
[44.981s] [ 41%] [32mBuilding C object CMakeFiles/hdl_localization__rosidl_typesupport_introspection_c.dir/rosidl_typesupport_introspection_c/hdl_localization/msg/detail/scan_matching_status__type_support.c.o[0m
[45.084s] [ 44%] [32m[1mLinking CXX shared library libhdl_localization__rosidl_typesupport_c.so[0m
[45.097s] [01m[Kcc1:[m[K [01;35m[Kwarning: [m[Kcommand line option ‘[01m[K-std=c++14[m[K’ is valid for C++/ObjC++ but not for C
[45.596s] [ 44%] Built target hdl_localization__rosidl_typesupport_c
[45.714s] [ 47%] [32m[1mLinking C shared library libhdl_localization__rosidl_typesupport_introspection_c.so[0m
[45.853s] [ 50%] [32m[1mLinking CXX shared library libhdl_localization__rosidl_typesupport_cpp.so[0m
[46.106s] [ 50%] Built target hdl_localization__rosidl_typesupport_introspection_c
[46.200s] [ 50%] Built target hdl_localization__rosidl_typesupport_cpp
[46.712s] [ 52%] [32m[1mLinking CXX shared library libhdl_localization__rosidl_typesupport_introspection_cpp.so[0m
[47.192s] [ 52%] Built target hdl_localization__rosidl_typesupport_introspection_cpp
[47.438s] [ 55%] [32m[1mLinking CXX shared library libhdl_localization__rosidl_typesupport_fastrtps_cpp.so[0m
[47.908s] [ 55%] Built target hdl_localization__rosidl_typesupport_fastrtps_cpp
[47.989s] [ 58%] [34m[1mGenerating C type support for eProsima Fast-RTPS[0m
[49.204s] [35m[1mScanning dependencies of target hdl_localization__rosidl_typesupport_fastrtps_c[0m
[49.341s] [ 61%] [32mBuilding CXX object CMakeFiles/hdl_localization__rosidl_typesupport_fastrtps_c.dir/rosidl_typesupport_fastrtps_c/hdl_localization/msg/detail/scan_matching_status__type_support_c.cpp.o[0m
[51.857s] [ 64%] [32m[1mLinking CXX shared library libhdl_localization__rosidl_typesupport_fastrtps_c.so[0m
[52.338s] [ 64%] Built target hdl_localization__rosidl_typesupport_fastrtps_c
[52.417s] [35m[1mScanning dependencies of target hdl_localization[0m
[52.493s] [ 64%] Built target hdl_localization
[52.565s] [35m[1mScanning dependencies of target hdl_localization__py[0m
[52.571s] [35m[1mScanning dependencies of target hdl_localization_composition[0m
[52.649s] [ 67%] [34m[1mGenerating Python code for ROS interfaces[0m
[54.613s] [ 70%] [32mBuilding CXX object CMakeFiles/hdl_localization_composition.dir/src/hdl_localization/pose_estimator.cpp.o[0m
[54.654s] [ 73%] [32mBuilding CXX object CMakeFiles/hdl_localization_composition.dir/apps/hdl_localization_composition.cpp.o[0m
[55.067s] [ 73%] Built target hdl_localization__py
[55.160s] [35m[1mScanning dependencies of target hdl_localization__python[0m
[55.405s] [ 76%] [32mBuilding C object CMakeFiles/hdl_localization__python.dir/rosidl_generator_py/hdl_localization/msg/_scan_matching_status_s.c.o[0m
[55.450s] [01m[Kcc1:[m[K [01;35m[Kwarning: [m[Kcommand line option ‘[01m[K-std=c++14[m[K’ is valid for C++/ObjC++ but not for C
[57.249s] [ 79%] [32m[1mLinking C shared library rosidl_generator_py/hdl_localization/libhdl_localization__python.so[0m
[57.656s] [ 79%] Built target hdl_localization__python
[57.777s] [35m[1mScanning dependencies of target hdl_localization__rosidl_typesupport_c__pyext[0m
[58.027s] [ 82%] [32mBuilding C object CMakeFiles/hdl_localization__rosidl_typesupport_c__pyext.dir/rosidl_generator_py/hdl_localization/_hdl_localization_s.ep.rosidl_typesupport_c.c.o[0m
[58.080s] [01m[Kcc1:[m[K [01;35m[Kwarning: [m[Kcommand line option ‘[01m[K-std=c++14[m[K’ is valid for C++/ObjC++ but not for C
[59.090s] [ 85%] [32m[1mLinking C shared library rosidl_generator_py/hdl_localization/hdl_localization_s__rosidl_typesupport_c.cpython-38-aarch64-linux-gnu.so[0m
[59.415s] [ 85%] Built target hdl_localization__rosidl_typesupport_c__pyext
[65.528s] In file included from [01m[K/home/ysc/lite_cog_ros2/nav/src/hdl_localization/apps/hdl_localization_composition.cpp:2[m[K:
[65.528s] [01m[K/home/ysc/lite_cog_ros2/nav/src/hdl_localization/apps/./hdl_localization_app.hpp:25:10:[m[K [01;31m[Kfatal error: [m[Kpclomp/ndt_omp.h: No such file or directory
[65.529s]    25 | #include [01;31m[K<pclomp/ndt_omp.h>[m[K
[65.529s]       |          [01;31m[K^~~~~~~~~~~~~~~~~~[m[K
[65.530s] compilation terminated.
[65.800s] make[2]: *** [CMakeFiles/hdl_localization_composition.dir/build.make:76: CMakeFiles/hdl_localization_composition.dir/apps/hdl_localization_composition.cpp.o] Error 1
[65.801s] make[2]: *** Waiting for unfinished jobs....
[165.490s] make[1]: *** [CMakeFiles/Makefile2:326: CMakeFiles/hdl_localization_composition.dir/all] Error 2
[165.492s] make: *** [Makefile:141: all] Error 2
[165.504s] Invoked command in '/home/ysc/lite_cog_ros2/nav/src/build/hdl_localization' returned '2': AMENT_PREFIX_PATH=/home/ysc/lite_cog_ros2/nav/src/install/hdl_global_localization:${AMENT_PREFIX_PATH} CMAKE_PREFIX_PATH=/home/ysc/lite_cog_ros2/nav/src/install/hdl_global_localization:/home/ysc/lite_cog_ros2/nav/src/install/narrow_passage_controller:/opt/ros/foxy LD_LIBRARY_PATH=/home/ysc/lite_cog_ros2/nav/src/install/hdl_global_localization/lib:/usr/lib/aarch64-linux-gnu/gazebo-11/plugins:/opt/ros/foxy/opt/yaml_cpp_vendor/lib:/opt/ros/foxy/opt/rviz_ogre_vendor/lib:/opt/ros/foxy/lib/aarch64-linux-gnu:/opt/ros/foxy/lib:/usr/local/cuda-11.4/lib64 PYTHONPATH=/home/ysc/lite_cog_ros2/nav/src/install/hdl_global_localization/lib/python3.8/site-packages:${PYTHONPATH} /usr/bin/cmake --build /home/ysc/lite_cog_ros2/nav/src/build/hdl_localization -- -j6 -l6
