[2.001s] [34mcolcon[0m [1;30mDEBUG[0m [32mCommand line arguments: ['/usr/bin/colcon', 'build'][0m
[2.006s] [34mcolcon[0m [1;30mDEBUG[0m [32mParsed command line arguments: Namespace(allow_overriding=[], ament_cmake_args=None, base_paths=['.'], build_base='build', catkin_cmake_args=None, catkin_skip_building_tests=False, cmake_args=None, cmake_clean_cache=False, cmake_clean_first=False, cmake_force_configure=False, cmake_target=None, cmake_target_skip_unavailable=False, continue_on_error=False, event_handlers=None, executor='parallel', ignore_user_meta=False, install_base='install', log_base=None, log_level=None, main=<bound method BuildVerb.main of <colcon_core.verb.build.BuildVerb object at 0xffff7eeb56a0>>, merge_install=False, metas=['./colcon.meta'], packages_above=None, packages_above_and_dependencies=None, packages_above_depth=None, packages_end=None, packages_ignore=None, packages_ignore_regex=None, packages_select=None, packages_select_build_failed=False, packages_select_by_dep=None, packages_select_regex=None, packages_select_test_failures=False, packages_skip=None, packages_skip_build_finished=False, packages_skip_by_dep=None, packages_skip_regex=None, packages_skip_test_passed=False, packages_skip_up_to=None, packages_start=None, packages_up_to=None, packages_up_to_regex=None, parallel_workers=6, paths=None, symlink_install=False, test_result_base=None, verb_extension=<colcon_core.verb.build.BuildVerb object at 0xffff7eeb56a0>, verb_name='build', verb_parser=<colcon_defaults.argument_parser.defaults.DefaultArgumentsDecorator object at 0xffff7eeb5be0>)[0m
[3.488s] [34mcolcon.colcon_core.package_discovery[0m [1;30mLevel 1[0m discover_packages(colcon_meta) check parameters
[3.489s] [34mcolcon.colcon_core.package_discovery[0m [1;30mLevel 1[0m discover_packages(recursive) check parameters
[3.489s] [34mcolcon.colcon_core.package_discovery[0m [1;30mLevel 1[0m discover_packages(ignore) check parameters
[3.489s] [34mcolcon.colcon_core.package_discovery[0m [1;30mLevel 1[0m discover_packages(path) check parameters
[3.490s] [34mcolcon.colcon_core.package_discovery[0m [1;30mLevel 1[0m discover_packages(colcon_meta) discover
[3.490s] [34mcolcon.colcon_core.package_discovery[0m [1;30mLevel 1[0m discover_packages(recursive) discover
[3.491s] [34mcolcon.colcon_core.package_discovery[0m [1;30mINFO[0m Crawling recursively for packages in '/home/ysc/lite_cog_ros2/nav/src'
[3.492s] [34mcolcon.colcon_core.package_identification[0m [1;30mLevel 1[0m _identify(.) by extensions ['ignore', 'ignore_ament_install']
[3.493s] [34mcolcon.colcon_core.package_identification[0m [1;30mLevel 1[0m _identify(.) by extension 'ignore'
[3.493s] [34mcolcon.colcon_core.package_identification[0m [1;30mLevel 1[0m _identify(.) by extension 'ignore_ament_install'
[3.494s] [34mcolcon.colcon_core.package_identification[0m [1;30mLevel 1[0m _identify(.) by extensions ['colcon_pkg']
[3.494s] [34mcolcon.colcon_core.package_identification[0m [1;30mLevel 1[0m _identify(.) by extension 'colcon_pkg'
[3.494s] [34mcolcon.colcon_core.package_identification[0m [1;30mLevel 1[0m _identify(.) by extensions ['colcon_meta']
[3.494s] [34mcolcon.colcon_core.package_identification[0m [1;30mLevel 1[0m _identify(.) by extension 'colcon_meta'
[3.495s] [34mcolcon.colcon_core.package_identification[0m [1;30mLevel 1[0m _identify(.) by extensions ['ros']
[3.495s] [34mcolcon.colcon_core.package_identification[0m [1;30mLevel 1[0m _identify(.) by extension 'ros'
[3.574s] [34mcolcon.colcon_core.package_identification[0m [1;30mLevel 1[0m _identify(.) by extensions ['cmake', 'python']
[3.574s] [34mcolcon.colcon_core.package_identification[0m [1;30mLevel 1[0m _identify(.) by extension 'cmake'
[3.574s] [34mcolcon.colcon_core.package_identification[0m [1;30mLevel 1[0m _identify(.) by extension 'python'
[3.575s] [34mcolcon.colcon_core.package_identification[0m [1;30mLevel 1[0m _identify(.) by extensions ['python_setup_py']
[3.575s] [34mcolcon.colcon_core.package_identification[0m [1;30mLevel 1[0m _identify(.) by extension 'python_setup_py'
[3.576s] [34mcolcon.colcon_core.package_identification[0m [1;30mLevel 1[0m _identify(build) by extensions ['ignore', 'ignore_ament_install']
[3.577s] [34mcolcon.colcon_core.package_identification[0m [1;30mLevel 1[0m _identify(build) by extension 'ignore'
[3.577s] [34mcolcon.colcon_core.package_identification[0m [1;30mLevel 1[0m _identify(build) ignored
[3.578s] [34mcolcon.colcon_core.package_identification[0m [1;30mLevel 1[0m _identify(dr_nav2) by extensions ['ignore', 'ignore_ament_install']
[3.579s] [34mcolcon.colcon_core.package_identification[0m [1;30mLevel 1[0m _identify(dr_nav2) by extension 'ignore'
[3.579s] [34mcolcon.colcon_core.package_identification[0m [1;30mLevel 1[0m _identify(dr_nav2) by extension 'ignore_ament_install'
[3.579s] [34mcolcon.colcon_core.package_identification[0m [1;30mLevel 1[0m _identify(dr_nav2) by extensions ['colcon_pkg']
[3.580s] [34mcolcon.colcon_core.package_identification[0m [1;30mLevel 1[0m _identify(dr_nav2) by extension 'colcon_pkg'
[3.580s] [34mcolcon.colcon_core.package_identification[0m [1;30mLevel 1[0m _identify(dr_nav2) by extensions ['colcon_meta']
[3.580s] [34mcolcon.colcon_core.package_identification[0m [1;30mLevel 1[0m _identify(dr_nav2) by extension 'colcon_meta'
[3.581s] [34mcolcon.colcon_core.package_identification[0m [1;30mLevel 1[0m _identify(dr_nav2) by extensions ['ros']
[3.581s] [34mcolcon.colcon_core.package_identification[0m [1;30mLevel 1[0m _identify(dr_nav2) by extension 'ros'
[3.595s] [34mcolcon.colcon_core.package_identification[0m [1;30mDEBUG[0m [32mPackage 'dr_nav2' with type 'ros.ament_cmake' and name 'dr_nav2'[0m
[3.596s] [34mcolcon.colcon_core.package_identification[0m [1;30mLevel 1[0m _identify(hdl_global_localization) by extensions ['ignore', 'ignore_ament_install']
[3.597s] [34mcolcon.colcon_core.package_identification[0m [1;30mLevel 1[0m _identify(hdl_global_localization) by extension 'ignore'
[3.597s] [34mcolcon.colcon_core.package_identification[0m [1;30mLevel 1[0m _identify(hdl_global_localization) by extension 'ignore_ament_install'
[3.598s] [34mcolcon.colcon_core.package_identification[0m [1;30mLevel 1[0m _identify(hdl_global_localization) by extensions ['colcon_pkg']
[3.598s] [34mcolcon.colcon_core.package_identification[0m [1;30mLevel 1[0m _identify(hdl_global_localization) by extension 'colcon_pkg'
[3.598s] [34mcolcon.colcon_core.package_identification[0m [1;30mLevel 1[0m _identify(hdl_global_localization) by extensions ['colcon_meta']
[3.598s] [34mcolcon.colcon_core.package_identification[0m [1;30mLevel 1[0m _identify(hdl_global_localization) by extension 'colcon_meta'
[3.599s] [34mcolcon.colcon_core.package_identification[0m [1;30mLevel 1[0m _identify(hdl_global_localization) by extensions ['ros']
[3.599s] [34mcolcon.colcon_core.package_identification[0m [1;30mLevel 1[0m _identify(hdl_global_localization) by extension 'ros'
[3.684s] [34mcolcon.colcon_core.package_identification[0m [1;30mDEBUG[0m [32mPackage 'hdl_global_localization' with type 'ros.ament_cmake' and name 'hdl_global_localization'[0m
[3.685s] [34mcolcon.colcon_core.package_identification[0m [1;30mLevel 1[0m _identify(hdl_localization) by extensions ['ignore', 'ignore_ament_install']
[3.685s] [34mcolcon.colcon_core.package_identification[0m [1;30mLevel 1[0m _identify(hdl_localization) by extension 'ignore'
[3.686s] [34mcolcon.colcon_core.package_identification[0m [1;30mLevel 1[0m _identify(hdl_localization) by extension 'ignore_ament_install'
[3.686s] [34mcolcon.colcon_core.package_identification[0m [1;30mLevel 1[0m _identify(hdl_localization) by extensions ['colcon_pkg']
[3.687s] [34mcolcon.colcon_core.package_identification[0m [1;30mLevel 1[0m _identify(hdl_localization) by extension 'colcon_pkg'
[3.687s] [34mcolcon.colcon_core.package_identification[0m [1;30mLevel 1[0m _identify(hdl_localization) by extensions ['colcon_meta']
[3.687s] [34mcolcon.colcon_core.package_identification[0m [1;30mLevel 1[0m _identify(hdl_localization) by extension 'colcon_meta'
[3.688s] [34mcolcon.colcon_core.package_identification[0m [1;30mLevel 1[0m _identify(hdl_localization) by extensions ['ros']
[3.688s] [34mcolcon.colcon_core.package_identification[0m [1;30mLevel 1[0m _identify(hdl_localization) by extension 'ros'
[3.702s] [34mcolcon.colcon_core.package_identification[0m [1;30mDEBUG[0m [32mPackage 'hdl_localization' with type 'ros.ament_cmake' and name 'hdl_localization'[0m
[3.703s] [34mcolcon.colcon_core.package_identification[0m [1;30mLevel 1[0m _identify(install) by extensions ['ignore', 'ignore_ament_install']
[3.703s] [34mcolcon.colcon_core.package_identification[0m [1;30mLevel 1[0m _identify(install) by extension 'ignore'
[3.704s] [34mcolcon.colcon_core.package_identification[0m [1;30mLevel 1[0m _identify(install) ignored
[3.705s] [34mcolcon.colcon_core.package_identification[0m [1;30mLevel 1[0m _identify(late_fusion) by extensions ['ignore', 'ignore_ament_install']
[3.705s] [34mcolcon.colcon_core.package_identification[0m [1;30mLevel 1[0m _identify(late_fusion) by extension 'ignore'
[3.705s] [34mcolcon.colcon_core.package_identification[0m [1;30mLevel 1[0m _identify(late_fusion) by extension 'ignore_ament_install'
[3.706s] [34mcolcon.colcon_core.package_identification[0m [1;30mLevel 1[0m _identify(late_fusion) by extensions ['colcon_pkg']
[3.706s] [34mcolcon.colcon_core.package_identification[0m [1;30mLevel 1[0m _identify(late_fusion) by extension 'colcon_pkg'
[3.706s] [34mcolcon.colcon_core.package_identification[0m [1;30mLevel 1[0m _identify(late_fusion) by extensions ['colcon_meta']
[3.707s] [34mcolcon.colcon_core.package_identification[0m [1;30mLevel 1[0m _identify(late_fusion) by extension 'colcon_meta'
[3.707s] [34mcolcon.colcon_core.package_identification[0m [1;30mLevel 1[0m _identify(late_fusion) by extensions ['ros']
[3.707s] [34mcolcon.colcon_core.package_identification[0m [1;30mLevel 1[0m _identify(late_fusion) by extension 'ros'
[3.712s] [34mcolcon.colcon_core.package_identification[0m [1;30mDEBUG[0m [32mPackage 'late_fusion' with type 'ros.ament_python' and name 'late_fusion'[0m
[3.713s] [34mcolcon.colcon_core.package_identification[0m [1;30mLevel 1[0m _identify(log) by extensions ['ignore', 'ignore_ament_install']
[3.713s] [34mcolcon.colcon_core.package_identification[0m [1;30mLevel 1[0m _identify(log) by extension 'ignore'
[3.714s] [34mcolcon.colcon_core.package_identification[0m [1;30mLevel 1[0m _identify(log) ignored
[3.715s] [34mcolcon.colcon_core.package_identification[0m [1;30mLevel 1[0m _identify(narrow_passage_controller) by extensions ['ignore', 'ignore_ament_install']
[3.715s] [34mcolcon.colcon_core.package_identification[0m [1;30mLevel 1[0m _identify(narrow_passage_controller) by extension 'ignore'
[3.715s] [34mcolcon.colcon_core.package_identification[0m [1;30mLevel 1[0m _identify(narrow_passage_controller) by extension 'ignore_ament_install'
[3.716s] [34mcolcon.colcon_core.package_identification[0m [1;30mLevel 1[0m _identify(narrow_passage_controller) by extensions ['colcon_pkg']
[3.716s] [34mcolcon.colcon_core.package_identification[0m [1;30mLevel 1[0m _identify(narrow_passage_controller) by extension 'colcon_pkg'
[3.716s] [34mcolcon.colcon_core.package_identification[0m [1;30mLevel 1[0m _identify(narrow_passage_controller) by extensions ['colcon_meta']
[3.717s] [34mcolcon.colcon_core.package_identification[0m [1;30mLevel 1[0m _identify(narrow_passage_controller) by extension 'colcon_meta'
[3.717s] [34mcolcon.colcon_core.package_identification[0m [1;30mLevel 1[0m _identify(narrow_passage_controller) by extensions ['ros']
[3.717s] [34mcolcon.colcon_core.package_identification[0m [1;30mLevel 1[0m _identify(narrow_passage_controller) by extension 'ros'
[3.722s] [34mcolcon.colcon_core.package_identification[0m [1;30mDEBUG[0m [32mPackage 'narrow_passage_controller' with type 'ros.ament_python' and name 'narrow_passage_controller'[0m
[3.723s] [34mcolcon.colcon_core.package_identification[0m [1;30mLevel 1[0m _identify(sensor_test) by extensions ['ignore', 'ignore_ament_install']
[3.723s] [34mcolcon.colcon_core.package_identification[0m [1;30mLevel 1[0m _identify(sensor_test) by extension 'ignore'
[3.724s] [34mcolcon.colcon_core.package_identification[0m [1;30mLevel 1[0m _identify(sensor_test) by extension 'ignore_ament_install'
[3.724s] [34mcolcon.colcon_core.package_identification[0m [1;30mLevel 1[0m _identify(sensor_test) by extensions ['colcon_pkg']
[3.724s] [34mcolcon.colcon_core.package_identification[0m [1;30mLevel 1[0m _identify(sensor_test) by extension 'colcon_pkg'
[3.725s] [34mcolcon.colcon_core.package_identification[0m [1;30mLevel 1[0m _identify(sensor_test) by extensions ['colcon_meta']
[3.725s] [34mcolcon.colcon_core.package_identification[0m [1;30mLevel 1[0m _identify(sensor_test) by extension 'colcon_meta'
[3.725s] [34mcolcon.colcon_core.package_identification[0m [1;30mLevel 1[0m _identify(sensor_test) by extensions ['ros']
[3.725s] [34mcolcon.colcon_core.package_identification[0m [1;30mLevel 1[0m _identify(sensor_test) by extension 'ros'
[3.739s] [34mcolcon.colcon_core.package_identification[0m [1;30mDEBUG[0m [32mPackage 'sensor_test' with type 'ros.ament_cmake' and name 'sensor_test'[0m
[3.739s] [34mcolcon.colcon_core.package_discovery[0m [1;30mLevel 1[0m discover_packages(recursive) using defaults
[3.740s] [34mcolcon.colcon_core.package_discovery[0m [1;30mLevel 1[0m discover_packages(ignore) discover
[3.740s] [34mcolcon.colcon_core.package_discovery[0m [1;30mLevel 1[0m discover_packages(ignore) using defaults
[3.740s] [34mcolcon.colcon_core.package_discovery[0m [1;30mLevel 1[0m discover_packages(path) discover
[3.741s] [34mcolcon.colcon_core.package_discovery[0m [1;30mLevel 1[0m discover_packages(path) using defaults
[3.844s] [34mcolcon.colcon_core.package_discovery[0m [1;30mLevel 1[0m discover_packages(prefix_path) check parameters
[3.845s] [34mcolcon.colcon_core.package_discovery[0m [1;30mLevel 1[0m discover_packages(prefix_path) discover
[3.856s] [34mcolcon.colcon_installed_package_information.package_discovery[0m [1;30mDEBUG[0m [32mFound 1 installed packages in /home/ysc/lite_cog_ros2/nav/src/install[0m
[3.870s] [34mcolcon.colcon_installed_package_information.package_discovery[0m [1;30mDEBUG[0m [32mFound 324 installed packages in /opt/ros/foxy[0m
[3.884s] [34mcolcon.colcon_core.package_discovery[0m [1;30mLevel 1[0m discover_packages(prefix_path) using defaults
[4.369s] [34mcolcon.colcon_core.verb[0m [1;30mLevel 5[0m set package 'dr_nav2' build argument 'cmake_args' from command line to 'None'
[4.369s] [34mcolcon.colcon_core.verb[0m [1;30mLevel 5[0m set package 'dr_nav2' build argument 'cmake_target' from command line to 'None'
[4.370s] [34mcolcon.colcon_core.verb[0m [1;30mLevel 5[0m set package 'dr_nav2' build argument 'cmake_target_skip_unavailable' from command line to 'False'
[4.370s] [34mcolcon.colcon_core.verb[0m [1;30mLevel 5[0m set package 'dr_nav2' build argument 'cmake_clean_cache' from command line to 'False'
[4.370s] [34mcolcon.colcon_core.verb[0m [1;30mLevel 5[0m set package 'dr_nav2' build argument 'cmake_clean_first' from command line to 'False'
[4.370s] [34mcolcon.colcon_core.verb[0m [1;30mLevel 5[0m set package 'dr_nav2' build argument 'cmake_force_configure' from command line to 'False'
[4.371s] [34mcolcon.colcon_core.verb[0m [1;30mLevel 5[0m set package 'dr_nav2' build argument 'ament_cmake_args' from command line to 'None'
[4.371s] [34mcolcon.colcon_core.verb[0m [1;30mLevel 5[0m set package 'dr_nav2' build argument 'catkin_cmake_args' from command line to 'None'
[4.371s] [34mcolcon.colcon_core.verb[0m [1;30mLevel 5[0m set package 'dr_nav2' build argument 'catkin_skip_building_tests' from command line to 'False'
[4.371s] [34mcolcon.colcon_core.verb[0m [1;30mDEBUG[0m [32mBuilding package 'dr_nav2' with the following arguments: {'ament_cmake_args': None, 'build_base': '/home/ysc/lite_cog_ros2/nav/src/build/dr_nav2', 'catkin_cmake_args': None, 'catkin_skip_building_tests': False, 'cmake_args': None, 'cmake_clean_cache': False, 'cmake_clean_first': False, 'cmake_force_configure': False, 'cmake_target': None, 'cmake_target_skip_unavailable': False, 'install_base': '/home/ysc/lite_cog_ros2/nav/src/install/dr_nav2', 'merge_install': False, 'path': '/home/ysc/lite_cog_ros2/nav/src/dr_nav2', 'symlink_install': False, 'test_result_base': None}[0m
[4.376s] [34mcolcon.colcon_core.verb[0m [1;30mLevel 5[0m set package 'hdl_global_localization' build argument 'cmake_args' from command line to 'None'
[4.376s] [34mcolcon.colcon_core.verb[0m [1;30mLevel 5[0m set package 'hdl_global_localization' build argument 'cmake_target' from command line to 'None'
[4.376s] [34mcolcon.colcon_core.verb[0m [1;30mLevel 5[0m set package 'hdl_global_localization' build argument 'cmake_target_skip_unavailable' from command line to 'False'
[4.376s] [34mcolcon.colcon_core.verb[0m [1;30mLevel 5[0m set package 'hdl_global_localization' build argument 'cmake_clean_cache' from command line to 'False'
[4.377s] [34mcolcon.colcon_core.verb[0m [1;30mLevel 5[0m set package 'hdl_global_localization' build argument 'cmake_clean_first' from command line to 'False'
[4.377s] [34mcolcon.colcon_core.verb[0m [1;30mLevel 5[0m set package 'hdl_global_localization' build argument 'cmake_force_configure' from command line to 'False'
[4.377s] [34mcolcon.colcon_core.verb[0m [1;30mLevel 5[0m set package 'hdl_global_localization' build argument 'ament_cmake_args' from command line to 'None'
[4.377s] [34mcolcon.colcon_core.verb[0m [1;30mLevel 5[0m set package 'hdl_global_localization' build argument 'catkin_cmake_args' from command line to 'None'
[4.377s] [34mcolcon.colcon_core.verb[0m [1;30mLevel 5[0m set package 'hdl_global_localization' build argument 'catkin_skip_building_tests' from command line to 'False'
[4.378s] [34mcolcon.colcon_core.verb[0m [1;30mDEBUG[0m [32mBuilding package 'hdl_global_localization' with the following arguments: {'ament_cmake_args': None, 'build_base': '/home/ysc/lite_cog_ros2/nav/src/build/hdl_global_localization', 'catkin_cmake_args': None, 'catkin_skip_building_tests': False, 'cmake_args': None, 'cmake_clean_cache': False, 'cmake_clean_first': False, 'cmake_force_configure': False, 'cmake_target': None, 'cmake_target_skip_unavailable': False, 'install_base': '/home/ysc/lite_cog_ros2/nav/src/install/hdl_global_localization', 'merge_install': False, 'path': '/home/ysc/lite_cog_ros2/nav/src/hdl_global_localization', 'symlink_install': False, 'test_result_base': None}[0m
[4.381s] [34mcolcon.colcon_core.verb[0m [1;30mLevel 5[0m set package 'late_fusion' build argument 'cmake_args' from command line to 'None'
[4.381s] [34mcolcon.colcon_core.verb[0m [1;30mLevel 5[0m set package 'late_fusion' build argument 'cmake_target' from command line to 'None'
[4.381s] [34mcolcon.colcon_core.verb[0m [1;30mLevel 5[0m set package 'late_fusion' build argument 'cmake_target_skip_unavailable' from command line to 'False'
[4.381s] [34mcolcon.colcon_core.verb[0m [1;30mLevel 5[0m set package 'late_fusion' build argument 'cmake_clean_cache' from command line to 'False'
[4.382s] [34mcolcon.colcon_core.verb[0m [1;30mLevel 5[0m set package 'late_fusion' build argument 'cmake_clean_first' from command line to 'False'
[4.382s] [34mcolcon.colcon_core.verb[0m [1;30mLevel 5[0m set package 'late_fusion' build argument 'cmake_force_configure' from command line to 'False'
[4.382s] [34mcolcon.colcon_core.verb[0m [1;30mLevel 5[0m set package 'late_fusion' build argument 'ament_cmake_args' from command line to 'None'
[4.382s] [34mcolcon.colcon_core.verb[0m [1;30mLevel 5[0m set package 'late_fusion' build argument 'catkin_cmake_args' from command line to 'None'
[4.383s] [34mcolcon.colcon_core.verb[0m [1;30mLevel 5[0m set package 'late_fusion' build argument 'catkin_skip_building_tests' from command line to 'False'
[4.383s] [34mcolcon.colcon_core.verb[0m [1;30mDEBUG[0m [32mBuilding package 'late_fusion' with the following arguments: {'ament_cmake_args': None, 'build_base': '/home/ysc/lite_cog_ros2/nav/src/build/late_fusion', 'catkin_cmake_args': None, 'catkin_skip_building_tests': False, 'cmake_args': None, 'cmake_clean_cache': False, 'cmake_clean_first': False, 'cmake_force_configure': False, 'cmake_target': None, 'cmake_target_skip_unavailable': False, 'install_base': '/home/ysc/lite_cog_ros2/nav/src/install/late_fusion', 'merge_install': False, 'path': '/home/ysc/lite_cog_ros2/nav/src/late_fusion', 'symlink_install': False, 'test_result_base': None}[0m
[4.386s] [34mcolcon.colcon_core.verb[0m [1;30mLevel 5[0m set package 'narrow_passage_controller' build argument 'cmake_args' from command line to 'None'
[4.387s] [34mcolcon.colcon_core.verb[0m [1;30mLevel 5[0m set package 'narrow_passage_controller' build argument 'cmake_target' from command line to 'None'
[4.387s] [34mcolcon.colcon_core.verb[0m [1;30mLevel 5[0m set package 'narrow_passage_controller' build argument 'cmake_target_skip_unavailable' from command line to 'False'
[4.387s] [34mcolcon.colcon_core.verb[0m [1;30mLevel 5[0m set package 'narrow_passage_controller' build argument 'cmake_clean_cache' from command line to 'False'
[4.387s] [34mcolcon.colcon_core.verb[0m [1;30mLevel 5[0m set package 'narrow_passage_controller' build argument 'cmake_clean_first' from command line to 'False'
[4.387s] [34mcolcon.colcon_core.verb[0m [1;30mLevel 5[0m set package 'narrow_passage_controller' build argument 'cmake_force_configure' from command line to 'False'
[4.388s] [34mcolcon.colcon_core.verb[0m [1;30mLevel 5[0m set package 'narrow_passage_controller' build argument 'ament_cmake_args' from command line to 'None'
[4.388s] [34mcolcon.colcon_core.verb[0m [1;30mLevel 5[0m set package 'narrow_passage_controller' build argument 'catkin_cmake_args' from command line to 'None'
[4.388s] [34mcolcon.colcon_core.verb[0m [1;30mLevel 5[0m set package 'narrow_passage_controller' build argument 'catkin_skip_building_tests' from command line to 'False'
[4.388s] [34mcolcon.colcon_core.verb[0m [1;30mDEBUG[0m [32mBuilding package 'narrow_passage_controller' with the following arguments: {'ament_cmake_args': None, 'build_base': '/home/ysc/lite_cog_ros2/nav/src/build/narrow_passage_controller', 'catkin_cmake_args': None, 'catkin_skip_building_tests': False, 'cmake_args': None, 'cmake_clean_cache': False, 'cmake_clean_first': False, 'cmake_force_configure': False, 'cmake_target': None, 'cmake_target_skip_unavailable': False, 'install_base': '/home/ysc/lite_cog_ros2/nav/src/install/narrow_passage_controller', 'merge_install': False, 'path': '/home/ysc/lite_cog_ros2/nav/src/narrow_passage_controller', 'symlink_install': False, 'test_result_base': None}[0m
[4.391s] [34mcolcon.colcon_core.verb[0m [1;30mLevel 5[0m set package 'sensor_test' build argument 'cmake_args' from command line to 'None'
[4.391s] [34mcolcon.colcon_core.verb[0m [1;30mLevel 5[0m set package 'sensor_test' build argument 'cmake_target' from command line to 'None'
[4.391s] [34mcolcon.colcon_core.verb[0m [1;30mLevel 5[0m set package 'sensor_test' build argument 'cmake_target_skip_unavailable' from command line to 'False'
[4.392s] [34mcolcon.colcon_core.verb[0m [1;30mLevel 5[0m set package 'sensor_test' build argument 'cmake_clean_cache' from command line to 'False'
[4.392s] [34mcolcon.colcon_core.verb[0m [1;30mLevel 5[0m set package 'sensor_test' build argument 'cmake_clean_first' from command line to 'False'
[4.392s] [34mcolcon.colcon_core.verb[0m [1;30mLevel 5[0m set package 'sensor_test' build argument 'cmake_force_configure' from command line to 'False'
[4.392s] [34mcolcon.colcon_core.verb[0m [1;30mLevel 5[0m set package 'sensor_test' build argument 'ament_cmake_args' from command line to 'None'
[4.392s] [34mcolcon.colcon_core.verb[0m [1;30mLevel 5[0m set package 'sensor_test' build argument 'catkin_cmake_args' from command line to 'None'
[4.393s] [34mcolcon.colcon_core.verb[0m [1;30mLevel 5[0m set package 'sensor_test' build argument 'catkin_skip_building_tests' from command line to 'False'
[4.393s] [34mcolcon.colcon_core.verb[0m [1;30mDEBUG[0m [32mBuilding package 'sensor_test' with the following arguments: {'ament_cmake_args': None, 'build_base': '/home/ysc/lite_cog_ros2/nav/src/build/sensor_test', 'catkin_cmake_args': None, 'catkin_skip_building_tests': False, 'cmake_args': None, 'cmake_clean_cache': False, 'cmake_clean_first': False, 'cmake_force_configure': False, 'cmake_target': None, 'cmake_target_skip_unavailable': False, 'install_base': '/home/ysc/lite_cog_ros2/nav/src/install/sensor_test', 'merge_install': False, 'path': '/home/ysc/lite_cog_ros2/nav/src/sensor_test', 'symlink_install': False, 'test_result_base': None}[0m
[4.395s] [34mcolcon.colcon_core.verb[0m [1;30mLevel 5[0m set package 'hdl_localization' build argument 'cmake_args' from command line to 'None'
[4.396s] [34mcolcon.colcon_core.verb[0m [1;30mLevel 5[0m set package 'hdl_localization' build argument 'cmake_target' from command line to 'None'
[4.396s] [34mcolcon.colcon_core.verb[0m [1;30mLevel 5[0m set package 'hdl_localization' build argument 'cmake_target_skip_unavailable' from command line to 'False'
[4.396s] [34mcolcon.colcon_core.verb[0m [1;30mLevel 5[0m set package 'hdl_localization' build argument 'cmake_clean_cache' from command line to 'False'
[4.396s] [34mcolcon.colcon_core.verb[0m [1;30mLevel 5[0m set package 'hdl_localization' build argument 'cmake_clean_first' from command line to 'False'
[4.397s] [34mcolcon.colcon_core.verb[0m [1;30mLevel 5[0m set package 'hdl_localization' build argument 'cmake_force_configure' from command line to 'False'
[4.397s] [34mcolcon.colcon_core.verb[0m [1;30mLevel 5[0m set package 'hdl_localization' build argument 'ament_cmake_args' from command line to 'None'
[4.397s] [34mcolcon.colcon_core.verb[0m [1;30mLevel 5[0m set package 'hdl_localization' build argument 'catkin_cmake_args' from command line to 'None'
[4.397s] [34mcolcon.colcon_core.verb[0m [1;30mLevel 5[0m set package 'hdl_localization' build argument 'catkin_skip_building_tests' from command line to 'False'
[4.397s] [34mcolcon.colcon_core.verb[0m [1;30mDEBUG[0m [32mBuilding package 'hdl_localization' with the following arguments: {'ament_cmake_args': None, 'build_base': '/home/ysc/lite_cog_ros2/nav/src/build/hdl_localization', 'catkin_cmake_args': None, 'catkin_skip_building_tests': False, 'cmake_args': None, 'cmake_clean_cache': False, 'cmake_clean_first': False, 'cmake_force_configure': False, 'cmake_target': None, 'cmake_target_skip_unavailable': False, 'install_base': '/home/ysc/lite_cog_ros2/nav/src/install/hdl_localization', 'merge_install': False, 'path': '/home/ysc/lite_cog_ros2/nav/src/hdl_localization', 'symlink_install': False, 'test_result_base': None}[0m
[4.399s] [34mcolcon.colcon_core.executor[0m [1;30mINFO[0m Executing jobs using 'parallel' executor
[4.407s] [34mcolcon.colcon_parallel_executor.executor.parallel[0m [1;30mDEBUG[0m [32mrun_until_complete[0m
[4.409s] [34mcolcon.colcon_ros.task.ament_cmake.build[0m [1;30mINFO[0m Building ROS package in '/home/ysc/lite_cog_ros2/nav/src/hdl_global_localization' with build type 'ament_cmake'
[4.410s] [34mcolcon.colcon_cmake.task.cmake.build[0m [1;30mINFO[0m Building CMake package in '/home/ysc/lite_cog_ros2/nav/src/hdl_global_localization'
[4.427s] [34mcolcon.colcon_core.plugin_system[0m [1;30mINFO[0m Skipping extension 'colcon_core.shell.bat': Not used on non-Windows systems
[4.428s] [34mcolcon.colcon_core.shell[0m [1;30mINFO[0m Skip shell extension 'powershell' for command environment: Not usable outside of PowerShell
[4.428s] [34mcolcon.colcon_core.shell[0m [1;30mDEBUG[0m [32mSkip shell extension 'dsv' for command environment[0m
[4.480s] [34mcolcon.colcon_ros.task.ament_cmake.build[0m [1;30mINFO[0m Building ROS package in '/home/ysc/lite_cog_ros2/nav/src/dr_nav2' with build type 'ament_cmake'
[4.484s] [34mcolcon.colcon_cmake.task.cmake.build[0m [1;30mINFO[0m Building CMake package in '/home/ysc/lite_cog_ros2/nav/src/dr_nav2'
[4.496s] [34mcolcon.colcon_core.shell[0m [1;30mINFO[0m Skip shell extension 'powershell' for command environment: Not usable outside of PowerShell
[4.497s] [34mcolcon.colcon_core.shell[0m [1;30mDEBUG[0m [32mSkip shell extension 'dsv' for command environment[0m
[4.542s] [34mcolcon.colcon_ros.task.ament_python.build[0m [1;30mINFO[0m Building ROS package in '/home/ysc/lite_cog_ros2/nav/src/late_fusion' with build type 'ament_python'
[4.546s] [34mcolcon.colcon_core.shell[0m [1;30mLevel 1[0m create_environment_hook('late_fusion', 'ament_prefix_path')
[4.550s] [34mcolcon.colcon_core.shell[0m [1;30mINFO[0m Creating environment hook '/home/ysc/lite_cog_ros2/nav/src/install/late_fusion/share/late_fusion/hook/ament_prefix_path.ps1'
[4.709s] [34mcolcon.colcon_core.shell[0m [1;30mINFO[0m Creating environment descriptor '/home/ysc/lite_cog_ros2/nav/src/install/late_fusion/share/late_fusion/hook/ament_prefix_path.dsv'
[4.712s] [34mcolcon.colcon_core.shell[0m [1;30mINFO[0m Creating environment hook '/home/ysc/lite_cog_ros2/nav/src/install/late_fusion/share/late_fusion/hook/ament_prefix_path.sh'
[4.718s] [34mcolcon.colcon_core.shell[0m [1;30mINFO[0m Skip shell extension 'powershell' for command environment: Not usable outside of PowerShell
[4.718s] [34mcolcon.colcon_core.shell[0m [1;30mDEBUG[0m [32mSkip shell extension 'dsv' for command environment[0m
[4.753s] [34mcolcon.colcon_ros.task.ament_python.build[0m [1;30mINFO[0m Building ROS package in '/home/ysc/lite_cog_ros2/nav/src/narrow_passage_controller' with build type 'ament_python'
[4.761s] [34mcolcon.colcon_core.shell[0m [1;30mLevel 1[0m create_environment_hook('narrow_passage_controller', 'ament_prefix_path')
[4.768s] [34mcolcon.colcon_core.shell[0m [1;30mINFO[0m Creating environment hook '/home/ysc/lite_cog_ros2/nav/src/install/narrow_passage_controller/share/narrow_passage_controller/hook/ament_prefix_path.ps1'
[4.777s] [34mcolcon.colcon_core.shell[0m [1;30mINFO[0m Creating environment descriptor '/home/ysc/lite_cog_ros2/nav/src/install/narrow_passage_controller/share/narrow_passage_controller/hook/ament_prefix_path.dsv'
[4.787s] [34mcolcon.colcon_core.shell[0m [1;30mINFO[0m Creating environment hook '/home/ysc/lite_cog_ros2/nav/src/install/narrow_passage_controller/share/narrow_passage_controller/hook/ament_prefix_path.sh'
[4.792s] [34mcolcon.colcon_core.shell[0m [1;30mINFO[0m Skip shell extension 'powershell' for command environment: Not usable outside of PowerShell
[4.793s] [34mcolcon.colcon_core.shell[0m [1;30mDEBUG[0m [32mSkip shell extension 'dsv' for command environment[0m
[4.863s] [34mcolcon.colcon_ros.task.ament_cmake.build[0m [1;30mINFO[0m Building ROS package in '/home/ysc/lite_cog_ros2/nav/src/sensor_test' with build type 'ament_cmake'
[4.867s] [34mcolcon.colcon_cmake.task.cmake.build[0m [1;30mINFO[0m Building CMake package in '/home/ysc/lite_cog_ros2/nav/src/sensor_test'
[4.882s] [34mcolcon.colcon_core.shell[0m [1;30mINFO[0m Skip shell extension 'powershell' for command environment: Not usable outside of PowerShell
[4.884s] [34mcolcon.colcon_core.shell[0m [1;30mDEBUG[0m [32mSkip shell extension 'dsv' for command environment[0m
[5.011s] [34mcolcon.colcon_core.event_handler.log_command[0m [1;30mDEBUG[0m [32mInvoking command in '/home/ysc/lite_cog_ros2/nav/src/build/hdl_global_localization': CMAKE_PREFIX_PATH=/home/ysc/lite_cog_ros2/nav/src/install/narrow_passage_controller:/opt/ros/foxy /usr/bin/cmake /home/ysc/lite_cog_ros2/nav/src/hdl_global_localization -DCMAKE_INSTALL_PREFIX=/home/ysc/lite_cog_ros2/nav/src/install/hdl_global_localization[0m
[5.235s] [34mcolcon.colcon_core.event_handler.log_command[0m [1;30mDEBUG[0m [32mInvoking command in '/home/ysc/lite_cog_ros2/nav/src/build/dr_nav2': CMAKE_PREFIX_PATH=/home/ysc/lite_cog_ros2/nav/src/install/narrow_passage_controller:/opt/ros/foxy /usr/bin/cmake /home/ysc/lite_cog_ros2/nav/src/dr_nav2 -DCMAKE_INSTALL_PREFIX=/home/ysc/lite_cog_ros2/nav/src/install/dr_nav2[0m
[7.297s] [34mcolcon.colcon_core.task.python.build[0m [1;30mINFO[0m Building Python package in '/home/ysc/lite_cog_ros2/nav/src/late_fusion'
[7.305s] [34mcolcon.colcon_core.shell[0m [1;30mINFO[0m Skip shell extension 'powershell' for command environment: Not usable outside of PowerShell
[7.305s] [34mcolcon.colcon_core.shell[0m [1;30mDEBUG[0m [32mSkip shell extension 'dsv' for command environment[0m
[9.216s] [34mcolcon.colcon_core.task.python.build[0m [1;30mINFO[0m Building Python package in '/home/ysc/lite_cog_ros2/nav/src/narrow_passage_controller'
[9.222s] [34mcolcon.colcon_core.shell[0m [1;30mINFO[0m Skip shell extension 'powershell' for command environment: Not usable outside of PowerShell
[9.222s] [34mcolcon.colcon_core.shell[0m [1;30mDEBUG[0m [32mSkip shell extension 'dsv' for command environment[0m
[9.321s] [34mcolcon.colcon_core.event_handler.log_command[0m [1;30mDEBUG[0m [32mInvoking command in '/home/ysc/lite_cog_ros2/nav/src/build/sensor_test': CMAKE_PREFIX_PATH=/home/ysc/lite_cog_ros2/nav/src/install/narrow_passage_controller:/opt/ros/foxy /usr/bin/cmake /home/ysc/lite_cog_ros2/nav/src/sensor_test -DCMAKE_INSTALL_PREFIX=/home/ysc/lite_cog_ros2/nav/src/install/sensor_test[0m
[13.514s] [34mcolcon.colcon_core.event_handler.log_command[0m [1;30mDEBUG[0m [32mInvoking command in '/home/ysc/lite_cog_ros2/nav/src/late_fusion': PYTHONPATH=/home/ysc/lite_cog_ros2/nav/src/build/late_fusion/prefix_override:/home/ysc/lite_cog_ros2/nav/src/install/late_fusion/lib/python3.8/site-packages:${PYTHONPATH} /usr/bin/python3 -W ignore:setup.py install is deprecated setup.py egg_info --egg-base ../build/late_fusion build --build-base /home/ysc/lite_cog_ros2/nav/src/build/late_fusion/build install --record /home/ysc/lite_cog_ros2/nav/src/build/late_fusion/install.log --install-scripts $base/lib/late_fusion --single-version-externally-managed install_data[0m
[13.859s] [34mcolcon.colcon_core.event_handler.log_command[0m [1;30mDEBUG[0m [32mInvoking command in '/home/ysc/lite_cog_ros2/nav/src/narrow_passage_controller': PYTHONPATH=/home/ysc/lite_cog_ros2/nav/src/build/narrow_passage_controller/prefix_override:/home/ysc/lite_cog_ros2/nav/src/install/narrow_passage_controller/lib/python3.8/site-packages:${PYTHONPATH} /usr/bin/python3 -W ignore:setup.py install is deprecated setup.py egg_info --egg-base ../build/narrow_passage_controller build --build-base /home/ysc/lite_cog_ros2/nav/src/build/narrow_passage_controller/build install --record /home/ysc/lite_cog_ros2/nav/src/build/narrow_passage_controller/install.log --install-scripts $base/lib/narrow_passage_controller --single-version-externally-managed install_data[0m
[17.023s] [34mcolcon.colcon_core.event_handler.log_command[0m [1;30mDEBUG[0m [32mInvoked command in '/home/ysc/lite_cog_ros2/nav/src/late_fusion' returned '0': PYTHONPATH=/home/ysc/lite_cog_ros2/nav/src/build/late_fusion/prefix_override:/home/ysc/lite_cog_ros2/nav/src/install/late_fusion/lib/python3.8/site-packages:${PYTHONPATH} /usr/bin/python3 -W ignore:setup.py install is deprecated setup.py egg_info --egg-base ../build/late_fusion build --build-base /home/ysc/lite_cog_ros2/nav/src/build/late_fusion/build install --record /home/ysc/lite_cog_ros2/nav/src/build/late_fusion/install.log --install-scripts $base/lib/late_fusion --single-version-externally-managed install_data[0m
[17.071s] [34mcolcon.colcon_core.environment[0m [1;30mLevel 1[0m checking '/home/ysc/lite_cog_ros2/nav/src/install/late_fusion' for CMake module files
[17.074s] [34mcolcon.colcon_core.environment[0m [1;30mLevel 1[0m checking '/home/ysc/lite_cog_ros2/nav/src/install/late_fusion' for CMake config files
[17.082s] [34mcolcon.colcon_core.environment[0m [1;30mLevel 1[0m checking '/home/ysc/lite_cog_ros2/nav/src/install/late_fusion/lib'
[17.084s] [34mcolcon.colcon_core.environment[0m [1;30mLevel 1[0m checking '/home/ysc/lite_cog_ros2/nav/src/install/late_fusion/bin'
[17.084s] [34mcolcon.colcon_core.environment[0m [1;30mLevel 1[0m checking '/home/ysc/lite_cog_ros2/nav/src/install/late_fusion/lib/pkgconfig/late_fusion.pc'
[17.086s] [34mcolcon.colcon_core.environment[0m [1;30mLevel 1[0m checking '/home/ysc/lite_cog_ros2/nav/src/install/late_fusion/lib/python3.8/site-packages'
[17.088s] [34mcolcon.colcon_core.shell[0m [1;30mLevel 1[0m create_environment_hook('late_fusion', 'pythonpath')
[17.089s] [34mcolcon.colcon_core.shell[0m [1;30mINFO[0m Creating environment hook '/home/ysc/lite_cog_ros2/nav/src/install/late_fusion/share/late_fusion/hook/pythonpath.ps1'
[17.093s] [34mcolcon.colcon_core.shell[0m [1;30mINFO[0m Creating environment descriptor '/home/ysc/lite_cog_ros2/nav/src/install/late_fusion/share/late_fusion/hook/pythonpath.dsv'
[17.095s] [34mcolcon.colcon_core.shell[0m [1;30mINFO[0m Creating environment hook '/home/ysc/lite_cog_ros2/nav/src/install/late_fusion/share/late_fusion/hook/pythonpath.sh'
[17.098s] [34mcolcon.colcon_core.environment[0m [1;30mLevel 1[0m checking '/home/ysc/lite_cog_ros2/nav/src/install/late_fusion/bin'
[17.099s] [34mcolcon.colcon_core.environment[0m [1;30mLevel 1[0m create_environment_scripts_only(late_fusion)
[17.101s] [34mcolcon.colcon_core.shell[0m [1;30mINFO[0m Creating package script '/home/ysc/lite_cog_ros2/nav/src/install/late_fusion/share/late_fusion/package.ps1'
[17.108s] [34mcolcon.colcon_core.shell[0m [1;30mINFO[0m Creating package descriptor '/home/ysc/lite_cog_ros2/nav/src/install/late_fusion/share/late_fusion/package.dsv'
[17.111s] [34mcolcon.colcon_core.shell[0m [1;30mINFO[0m Creating package script '/home/ysc/lite_cog_ros2/nav/src/install/late_fusion/share/late_fusion/package.sh'
[17.115s] [34mcolcon.colcon_core.shell[0m [1;30mINFO[0m Creating package script '/home/ysc/lite_cog_ros2/nav/src/install/late_fusion/share/late_fusion/package.bash'
[17.122s] [34mcolcon.colcon_core.shell[0m [1;30mINFO[0m Creating package script '/home/ysc/lite_cog_ros2/nav/src/install/late_fusion/share/late_fusion/package.zsh'
[17.128s] [34mcolcon.colcon_core.environment[0m [1;30mLevel 1[0m create_file_with_runtime_dependencies(/home/ysc/lite_cog_ros2/nav/src/install/late_fusion/share/colcon-core/packages/late_fusion)
[17.411s] [34mcolcon.colcon_core.environment[0m [1;30mLevel 1[0m checking '/home/ysc/lite_cog_ros2/nav/src/install/narrow_passage_controller' for CMake module files
[17.414s] [34mcolcon.colcon_core.environment[0m [1;30mLevel 1[0m checking '/home/ysc/lite_cog_ros2/nav/src/install/narrow_passage_controller' for CMake config files
[17.418s] [34mcolcon.colcon_core.environment[0m [1;30mLevel 1[0m checking '/home/ysc/lite_cog_ros2/nav/src/install/narrow_passage_controller/lib'
[17.418s] [34mcolcon.colcon_core.environment[0m [1;30mLevel 1[0m checking '/home/ysc/lite_cog_ros2/nav/src/install/narrow_passage_controller/bin'
[17.419s] [34mcolcon.colcon_core.environment[0m [1;30mLevel 1[0m checking '/home/ysc/lite_cog_ros2/nav/src/install/narrow_passage_controller/lib/pkgconfig/narrow_passage_controller.pc'
[17.430s] [34mcolcon.colcon_core.event_handler.log_command[0m [1;30mDEBUG[0m [32mInvoked command in '/home/ysc/lite_cog_ros2/nav/src/narrow_passage_controller' returned '0': PYTHONPATH=/home/ysc/lite_cog_ros2/nav/src/build/narrow_passage_controller/prefix_override:/home/ysc/lite_cog_ros2/nav/src/install/narrow_passage_controller/lib/python3.8/site-packages:${PYTHONPATH} /usr/bin/python3 -W ignore:setup.py install is deprecated setup.py egg_info --egg-base ../build/narrow_passage_controller build --build-base /home/ysc/lite_cog_ros2/nav/src/build/narrow_passage_controller/build install --record /home/ysc/lite_cog_ros2/nav/src/build/narrow_passage_controller/install.log --install-scripts $base/lib/narrow_passage_controller --single-version-externally-managed install_data[0m
[17.433s] [34mcolcon.colcon_core.environment[0m [1;30mLevel 1[0m checking '/home/ysc/lite_cog_ros2/nav/src/install/narrow_passage_controller/lib/python3.8/site-packages'
[17.433s] [34mcolcon.colcon_core.shell[0m [1;30mLevel 1[0m create_environment_hook('narrow_passage_controller', 'pythonpath')
[17.434s] [34mcolcon.colcon_core.shell[0m [1;30mINFO[0m Creating environment hook '/home/ysc/lite_cog_ros2/nav/src/install/narrow_passage_controller/share/narrow_passage_controller/hook/pythonpath.ps1'
[17.438s] [34mcolcon.colcon_core.shell[0m [1;30mINFO[0m Creating environment descriptor '/home/ysc/lite_cog_ros2/nav/src/install/narrow_passage_controller/share/narrow_passage_controller/hook/pythonpath.dsv'
[17.441s] [34mcolcon.colcon_core.shell[0m [1;30mINFO[0m Creating environment hook '/home/ysc/lite_cog_ros2/nav/src/install/narrow_passage_controller/share/narrow_passage_controller/hook/pythonpath.sh'
[17.445s] [34mcolcon.colcon_core.environment[0m [1;30mLevel 1[0m checking '/home/ysc/lite_cog_ros2/nav/src/install/narrow_passage_controller/bin'
[17.446s] [34mcolcon.colcon_core.environment[0m [1;30mLevel 1[0m create_environment_scripts_only(narrow_passage_controller)
[17.449s] [34mcolcon.colcon_core.shell[0m [1;30mINFO[0m Creating package script '/home/ysc/lite_cog_ros2/nav/src/install/narrow_passage_controller/share/narrow_passage_controller/package.ps1'
[17.454s] [34mcolcon.colcon_core.shell[0m [1;30mINFO[0m Creating package descriptor '/home/ysc/lite_cog_ros2/nav/src/install/narrow_passage_controller/share/narrow_passage_controller/package.dsv'
[17.458s] [34mcolcon.colcon_core.shell[0m [1;30mINFO[0m Creating package script '/home/ysc/lite_cog_ros2/nav/src/install/narrow_passage_controller/share/narrow_passage_controller/package.sh'
[17.461s] [34mcolcon.colcon_core.shell[0m [1;30mINFO[0m Creating package script '/home/ysc/lite_cog_ros2/nav/src/install/narrow_passage_controller/share/narrow_passage_controller/package.bash'
[17.463s] [34mcolcon.colcon_core.shell[0m [1;30mINFO[0m Creating package script '/home/ysc/lite_cog_ros2/nav/src/install/narrow_passage_controller/share/narrow_passage_controller/package.zsh'
[17.466s] [34mcolcon.colcon_core.environment[0m [1;30mLevel 1[0m create_file_with_runtime_dependencies(/home/ysc/lite_cog_ros2/nav/src/install/narrow_passage_controller/share/colcon-core/packages/narrow_passage_controller)
[18.561s] [34mcolcon.colcon_core.event_handler.log_command[0m [1;30mDEBUG[0m [32mInvoked command in '/home/ysc/lite_cog_ros2/nav/src/build/dr_nav2' returned '0': CMAKE_PREFIX_PATH=/home/ysc/lite_cog_ros2/nav/src/install/narrow_passage_controller:/opt/ros/foxy /usr/bin/cmake /home/ysc/lite_cog_ros2/nav/src/dr_nav2 -DCMAKE_INSTALL_PREFIX=/home/ysc/lite_cog_ros2/nav/src/install/dr_nav2[0m
[18.590s] [34mcolcon.colcon_core.event_handler.log_command[0m [1;30mDEBUG[0m [32mInvoking command in '/home/ysc/lite_cog_ros2/nav/src/build/dr_nav2': CMAKE_PREFIX_PATH=/home/ysc/lite_cog_ros2/nav/src/install/narrow_passage_controller:/opt/ros/foxy /usr/bin/cmake --build /home/ysc/lite_cog_ros2/nav/src/build/dr_nav2 -- -j6 -l6[0m
[18.890s] [34mcolcon.colcon_core.event_handler.log_command[0m [1;30mDEBUG[0m [32mInvoked command in '/home/ysc/lite_cog_ros2/nav/src/build/dr_nav2' returned '0': CMAKE_PREFIX_PATH=/home/ysc/lite_cog_ros2/nav/src/install/narrow_passage_controller:/opt/ros/foxy /usr/bin/cmake --build /home/ysc/lite_cog_ros2/nav/src/build/dr_nav2 -- -j6 -l6[0m
[19.188s] [34mcolcon.colcon_core.event_handler.log_command[0m [1;30mDEBUG[0m [32mInvoking command in '/home/ysc/lite_cog_ros2/nav/src/build/dr_nav2': CMAKE_PREFIX_PATH=/home/ysc/lite_cog_ros2/nav/src/install/narrow_passage_controller:/opt/ros/foxy /usr/bin/cmake --install /home/ysc/lite_cog_ros2/nav/src/build/dr_nav2[0m
[19.385s] [34mcolcon.colcon_core.environment[0m [1;30mLevel 1[0m create_environment_scripts_only(dr_nav2)
[19.391s] [34mcolcon.colcon_core.environment[0m [1;30mLevel 1[0m checking '/home/ysc/lite_cog_ros2/nav/src/install/dr_nav2' for CMake module files
[19.399s] [34mcolcon.colcon_core.event_handler.log_command[0m [1;30mDEBUG[0m [32mInvoked command in '/home/ysc/lite_cog_ros2/nav/src/build/dr_nav2' returned '0': CMAKE_PREFIX_PATH=/home/ysc/lite_cog_ros2/nav/src/install/narrow_passage_controller:/opt/ros/foxy /usr/bin/cmake --install /home/ysc/lite_cog_ros2/nav/src/build/dr_nav2[0m
[19.403s] [34mcolcon.colcon_core.environment[0m [1;30mLevel 1[0m checking '/home/ysc/lite_cog_ros2/nav/src/install/dr_nav2' for CMake config files
[19.405s] [34mcolcon.colcon_core.shell[0m [1;30mLevel 1[0m create_environment_hook('dr_nav2', 'cmake_prefix_path')
[19.409s] [34mcolcon.colcon_core.shell[0m [1;30mINFO[0m Creating environment hook '/home/ysc/lite_cog_ros2/nav/src/install/dr_nav2/share/dr_nav2/hook/cmake_prefix_path.ps1'
[19.413s] [34mcolcon.colcon_core.shell[0m [1;30mINFO[0m Creating environment descriptor '/home/ysc/lite_cog_ros2/nav/src/install/dr_nav2/share/dr_nav2/hook/cmake_prefix_path.dsv'
[19.416s] [34mcolcon.colcon_core.shell[0m [1;30mINFO[0m Creating environment hook '/home/ysc/lite_cog_ros2/nav/src/install/dr_nav2/share/dr_nav2/hook/cmake_prefix_path.sh'
[19.421s] [34mcolcon.colcon_core.environment[0m [1;30mLevel 1[0m checking '/home/ysc/lite_cog_ros2/nav/src/install/dr_nav2/bin'
[19.421s] [34mcolcon.colcon_core.environment[0m [1;30mLevel 1[0m checking '/home/ysc/lite_cog_ros2/nav/src/install/dr_nav2/lib/pkgconfig/dr_nav2.pc'
[19.423s] [34mcolcon.colcon_core.environment[0m [1;30mLevel 1[0m checking '/home/ysc/lite_cog_ros2/nav/src/install/dr_nav2/lib/python3.8/site-packages'
[19.424s] [34mcolcon.colcon_core.environment[0m [1;30mLevel 1[0m checking '/home/ysc/lite_cog_ros2/nav/src/install/dr_nav2/bin'
[19.426s] [34mcolcon.colcon_core.shell[0m [1;30mINFO[0m Creating package script '/home/ysc/lite_cog_ros2/nav/src/install/dr_nav2/share/dr_nav2/package.ps1'
[19.429s] [34mcolcon.colcon_core.shell[0m [1;30mINFO[0m Creating package descriptor '/home/ysc/lite_cog_ros2/nav/src/install/dr_nav2/share/dr_nav2/package.dsv'
[19.432s] [34mcolcon.colcon_core.shell[0m [1;30mINFO[0m Creating package script '/home/ysc/lite_cog_ros2/nav/src/install/dr_nav2/share/dr_nav2/package.sh'
[19.436s] [34mcolcon.colcon_core.shell[0m [1;30mINFO[0m Creating package script '/home/ysc/lite_cog_ros2/nav/src/install/dr_nav2/share/dr_nav2/package.bash'
[19.438s] [34mcolcon.colcon_core.shell[0m [1;30mINFO[0m Creating package script '/home/ysc/lite_cog_ros2/nav/src/install/dr_nav2/share/dr_nav2/package.zsh'
[19.441s] [34mcolcon.colcon_core.environment[0m [1;30mLevel 1[0m create_file_with_runtime_dependencies(/home/ysc/lite_cog_ros2/nav/src/install/dr_nav2/share/colcon-core/packages/dr_nav2)
[19.635s] [34mcolcon.colcon_core.environment[0m [1;30mLevel 1[0m create_environment_scripts_only(dr_nav2)
[19.638s] [34mcolcon.colcon_core.environment[0m [1;30mLevel 1[0m checking '/home/ysc/lite_cog_ros2/nav/src/install/dr_nav2' for CMake module files
[19.643s] [34mcolcon.colcon_core.environment[0m [1;30mLevel 1[0m checking '/home/ysc/lite_cog_ros2/nav/src/install/dr_nav2' for CMake config files
[19.645s] [34mcolcon.colcon_core.shell[0m [1;30mLevel 1[0m create_environment_hook('dr_nav2', 'cmake_prefix_path')
[19.647s] [34mcolcon.colcon_core.shell[0m [1;30mINFO[0m Creating environment hook '/home/ysc/lite_cog_ros2/nav/src/install/dr_nav2/share/dr_nav2/hook/cmake_prefix_path.ps1'
[19.651s] [34mcolcon.colcon_core.shell[0m [1;30mINFO[0m Creating environment descriptor '/home/ysc/lite_cog_ros2/nav/src/install/dr_nav2/share/dr_nav2/hook/cmake_prefix_path.dsv'
[19.653s] [34mcolcon.colcon_core.shell[0m [1;30mINFO[0m Creating environment hook '/home/ysc/lite_cog_ros2/nav/src/install/dr_nav2/share/dr_nav2/hook/cmake_prefix_path.sh'
[19.657s] [34mcolcon.colcon_core.environment[0m [1;30mLevel 1[0m checking '/home/ysc/lite_cog_ros2/nav/src/install/dr_nav2/bin'
[19.658s] [34mcolcon.colcon_core.environment[0m [1;30mLevel 1[0m checking '/home/ysc/lite_cog_ros2/nav/src/install/dr_nav2/lib/pkgconfig/dr_nav2.pc'
[19.661s] [34mcolcon.colcon_core.environment[0m [1;30mLevel 1[0m checking '/home/ysc/lite_cog_ros2/nav/src/install/dr_nav2/lib/python3.8/site-packages'
[19.662s] [34mcolcon.colcon_core.environment[0m [1;30mLevel 1[0m checking '/home/ysc/lite_cog_ros2/nav/src/install/dr_nav2/bin'
[19.664s] [34mcolcon.colcon_core.shell[0m [1;30mINFO[0m Creating package script '/home/ysc/lite_cog_ros2/nav/src/install/dr_nav2/share/dr_nav2/package.ps1'
[19.668s] [34mcolcon.colcon_core.shell[0m [1;30mINFO[0m Creating package descriptor '/home/ysc/lite_cog_ros2/nav/src/install/dr_nav2/share/dr_nav2/package.dsv'
[19.671s] [34mcolcon.colcon_core.shell[0m [1;30mINFO[0m Creating package script '/home/ysc/lite_cog_ros2/nav/src/install/dr_nav2/share/dr_nav2/package.sh'
[19.675s] [34mcolcon.colcon_core.shell[0m [1;30mINFO[0m Creating package script '/home/ysc/lite_cog_ros2/nav/src/install/dr_nav2/share/dr_nav2/package.bash'
[19.686s] [34mcolcon.colcon_core.shell[0m [1;30mINFO[0m Creating package script '/home/ysc/lite_cog_ros2/nav/src/install/dr_nav2/share/dr_nav2/package.zsh'
[19.690s] [34mcolcon.colcon_core.environment[0m [1;30mLevel 1[0m create_file_with_runtime_dependencies(/home/ysc/lite_cog_ros2/nav/src/install/dr_nav2/share/colcon-core/packages/dr_nav2)
[32.964s] [34mcolcon.colcon_core.event_handler.log_command[0m [1;30mDEBUG[0m [32mInvoked command in '/home/ysc/lite_cog_ros2/nav/src/build/sensor_test' returned '0': CMAKE_PREFIX_PATH=/home/ysc/lite_cog_ros2/nav/src/install/narrow_passage_controller:/opt/ros/foxy /usr/bin/cmake /home/ysc/lite_cog_ros2/nav/src/sensor_test -DCMAKE_INSTALL_PREFIX=/home/ysc/lite_cog_ros2/nav/src/install/sensor_test[0m
[32.975s] [34mcolcon.colcon_core.event_handler.log_command[0m [1;30mDEBUG[0m [32mInvoking command in '/home/ysc/lite_cog_ros2/nav/src/build/sensor_test': CMAKE_PREFIX_PATH=/home/ysc/lite_cog_ros2/nav/src/install/narrow_passage_controller:/opt/ros/foxy /usr/bin/cmake --build /home/ysc/lite_cog_ros2/nav/src/build/sensor_test -- -j6 -l6[0m
[62.199s] [34mcolcon.colcon_core.event_handler.log_command[0m [1;30mDEBUG[0m [32mInvoked command in '/home/ysc/lite_cog_ros2/nav/src/build/hdl_global_localization' returned '0': CMAKE_PREFIX_PATH=/home/ysc/lite_cog_ros2/nav/src/install/narrow_passage_controller:/opt/ros/foxy /usr/bin/cmake /home/ysc/lite_cog_ros2/nav/src/hdl_global_localization -DCMAKE_INSTALL_PREFIX=/home/ysc/lite_cog_ros2/nav/src/install/hdl_global_localization[0m
[62.224s] [34mcolcon.colcon_core.event_handler.log_command[0m [1;30mDEBUG[0m [32mInvoking command in '/home/ysc/lite_cog_ros2/nav/src/build/hdl_global_localization': CMAKE_PREFIX_PATH=/home/ysc/lite_cog_ros2/nav/src/install/narrow_passage_controller:/opt/ros/foxy /usr/bin/cmake --build /home/ysc/lite_cog_ros2/nav/src/build/hdl_global_localization -- -j6 -l6[0m
[110.130s] [34mcolcon.colcon_core.event_handler.log_command[0m [1;30mDEBUG[0m [32mInvoked command in '/home/ysc/lite_cog_ros2/nav/src/build/sensor_test' returned '0': CMAKE_PREFIX_PATH=/home/ysc/lite_cog_ros2/nav/src/install/narrow_passage_controller:/opt/ros/foxy /usr/bin/cmake --build /home/ysc/lite_cog_ros2/nav/src/build/sensor_test -- -j6 -l6[0m
[110.435s] [34mcolcon.colcon_core.event_handler.log_command[0m [1;30mDEBUG[0m [32mInvoking command in '/home/ysc/lite_cog_ros2/nav/src/build/sensor_test': CMAKE_PREFIX_PATH=/home/ysc/lite_cog_ros2/nav/src/install/narrow_passage_controller:/opt/ros/foxy /usr/bin/cmake --install /home/ysc/lite_cog_ros2/nav/src/build/sensor_test[0m
[110.720s] [34mcolcon.colcon_core.environment[0m [1;30mLevel 1[0m create_environment_scripts_only(sensor_test)
[110.730s] [34mcolcon.colcon_core.environment[0m [1;30mLevel 1[0m checking '/home/ysc/lite_cog_ros2/nav/src/install/sensor_test' for CMake module files
[110.733s] [34mcolcon.colcon_core.event_handler.log_command[0m [1;30mDEBUG[0m [32mInvoked command in '/home/ysc/lite_cog_ros2/nav/src/build/sensor_test' returned '0': CMAKE_PREFIX_PATH=/home/ysc/lite_cog_ros2/nav/src/install/narrow_passage_controller:/opt/ros/foxy /usr/bin/cmake --install /home/ysc/lite_cog_ros2/nav/src/build/sensor_test[0m
[110.739s] [34mcolcon.colcon_core.environment[0m [1;30mLevel 1[0m checking '/home/ysc/lite_cog_ros2/nav/src/install/sensor_test' for CMake config files
[110.741s] [34mcolcon.colcon_core.shell[0m [1;30mLevel 1[0m create_environment_hook('sensor_test', 'cmake_prefix_path')
[110.744s] [34mcolcon.colcon_core.shell[0m [1;30mINFO[0m Creating environment hook '/home/ysc/lite_cog_ros2/nav/src/install/sensor_test/share/sensor_test/hook/cmake_prefix_path.ps1'
[110.894s] [34mcolcon.colcon_core.shell[0m [1;30mINFO[0m Creating environment descriptor '/home/ysc/lite_cog_ros2/nav/src/install/sensor_test/share/sensor_test/hook/cmake_prefix_path.dsv'
[110.897s] [34mcolcon.colcon_core.shell[0m [1;30mINFO[0m Creating environment hook '/home/ysc/lite_cog_ros2/nav/src/install/sensor_test/share/sensor_test/hook/cmake_prefix_path.sh'
[110.902s] [34mcolcon.colcon_core.environment[0m [1;30mLevel 1[0m checking '/home/ysc/lite_cog_ros2/nav/src/install/sensor_test/lib'
[110.903s] [34mcolcon.colcon_core.environment[0m [1;30mLevel 1[0m checking '/home/ysc/lite_cog_ros2/nav/src/install/sensor_test/bin'
[110.904s] [34mcolcon.colcon_core.environment[0m [1;30mLevel 1[0m checking '/home/ysc/lite_cog_ros2/nav/src/install/sensor_test/lib/pkgconfig/sensor_test.pc'
[110.906s] [34mcolcon.colcon_core.environment[0m [1;30mLevel 1[0m checking '/home/ysc/lite_cog_ros2/nav/src/install/sensor_test/lib/python3.8/site-packages'
[110.908s] [34mcolcon.colcon_core.environment[0m [1;30mLevel 1[0m checking '/home/ysc/lite_cog_ros2/nav/src/install/sensor_test/bin'
[110.911s] [34mcolcon.colcon_core.shell[0m [1;30mINFO[0m Creating package script '/home/ysc/lite_cog_ros2/nav/src/install/sensor_test/share/sensor_test/package.ps1'
[110.915s] [34mcolcon.colcon_core.shell[0m [1;30mINFO[0m Creating package descriptor '/home/ysc/lite_cog_ros2/nav/src/install/sensor_test/share/sensor_test/package.dsv'
[110.918s] [34mcolcon.colcon_core.shell[0m [1;30mINFO[0m Creating package script '/home/ysc/lite_cog_ros2/nav/src/install/sensor_test/share/sensor_test/package.sh'
[110.923s] [34mcolcon.colcon_core.shell[0m [1;30mINFO[0m Creating package script '/home/ysc/lite_cog_ros2/nav/src/install/sensor_test/share/sensor_test/package.bash'
[110.925s] [34mcolcon.colcon_core.shell[0m [1;30mINFO[0m Creating package script '/home/ysc/lite_cog_ros2/nav/src/install/sensor_test/share/sensor_test/package.zsh'
[110.932s] [34mcolcon.colcon_core.environment[0m [1;30mLevel 1[0m create_file_with_runtime_dependencies(/home/ysc/lite_cog_ros2/nav/src/install/sensor_test/share/colcon-core/packages/sensor_test)
[111.218s] [34mcolcon.colcon_core.environment[0m [1;30mLevel 1[0m create_environment_scripts_only(sensor_test)
[111.221s] [34mcolcon.colcon_core.environment[0m [1;30mLevel 1[0m checking '/home/ysc/lite_cog_ros2/nav/src/install/sensor_test' for CMake module files
[111.227s] [34mcolcon.colcon_core.environment[0m [1;30mLevel 1[0m checking '/home/ysc/lite_cog_ros2/nav/src/install/sensor_test' for CMake config files
[111.230s] [34mcolcon.colcon_core.shell[0m [1;30mLevel 1[0m create_environment_hook('sensor_test', 'cmake_prefix_path')
[111.232s] [34mcolcon.colcon_core.shell[0m [1;30mINFO[0m Creating environment hook '/home/ysc/lite_cog_ros2/nav/src/install/sensor_test/share/sensor_test/hook/cmake_prefix_path.ps1'
[111.240s] [34mcolcon.colcon_core.shell[0m [1;30mINFO[0m Creating environment descriptor '/home/ysc/lite_cog_ros2/nav/src/install/sensor_test/share/sensor_test/hook/cmake_prefix_path.dsv'
[111.284s] [34mcolcon.colcon_core.shell[0m [1;30mINFO[0m Creating environment hook '/home/ysc/lite_cog_ros2/nav/src/install/sensor_test/share/sensor_test/hook/cmake_prefix_path.sh'
[111.314s] [34mcolcon.colcon_core.environment[0m [1;30mLevel 1[0m checking '/home/ysc/lite_cog_ros2/nav/src/install/sensor_test/lib'
[111.319s] [34mcolcon.colcon_core.environment[0m [1;30mLevel 1[0m checking '/home/ysc/lite_cog_ros2/nav/src/install/sensor_test/bin'
[111.321s] [34mcolcon.colcon_core.environment[0m [1;30mLevel 1[0m checking '/home/ysc/lite_cog_ros2/nav/src/install/sensor_test/lib/pkgconfig/sensor_test.pc'
[111.346s] [34mcolcon.colcon_core.environment[0m [1;30mLevel 1[0m checking '/home/ysc/lite_cog_ros2/nav/src/install/sensor_test/lib/python3.8/site-packages'
[111.365s] [34mcolcon.colcon_core.environment[0m [1;30mLevel 1[0m checking '/home/ysc/lite_cog_ros2/nav/src/install/sensor_test/bin'
[111.384s] [34mcolcon.colcon_core.shell[0m [1;30mINFO[0m Creating package script '/home/ysc/lite_cog_ros2/nav/src/install/sensor_test/share/sensor_test/package.ps1'
[111.395s] [34mcolcon.colcon_core.shell[0m [1;30mINFO[0m Creating package descriptor '/home/ysc/lite_cog_ros2/nav/src/install/sensor_test/share/sensor_test/package.dsv'
[111.401s] [34mcolcon.colcon_core.shell[0m [1;30mINFO[0m Creating package script '/home/ysc/lite_cog_ros2/nav/src/install/sensor_test/share/sensor_test/package.sh'
[111.405s] [34mcolcon.colcon_core.shell[0m [1;30mINFO[0m Creating package script '/home/ysc/lite_cog_ros2/nav/src/install/sensor_test/share/sensor_test/package.bash'
[111.408s] [34mcolcon.colcon_core.shell[0m [1;30mINFO[0m Creating package script '/home/ysc/lite_cog_ros2/nav/src/install/sensor_test/share/sensor_test/package.zsh'
[111.411s] [34mcolcon.colcon_core.environment[0m [1;30mLevel 1[0m create_file_with_runtime_dependencies(/home/ysc/lite_cog_ros2/nav/src/install/sensor_test/share/colcon-core/packages/sensor_test)
[370.686s] [34mcolcon.colcon_core.event_handler.log_command[0m [1;30mDEBUG[0m [32mInvoked command in '/home/ysc/lite_cog_ros2/nav/src/build/hdl_global_localization' returned '0': CMAKE_PREFIX_PATH=/home/ysc/lite_cog_ros2/nav/src/install/narrow_passage_controller:/opt/ros/foxy /usr/bin/cmake --build /home/ysc/lite_cog_ros2/nav/src/build/hdl_global_localization -- -j6 -l6[0m
[371.563s] [34mcolcon.colcon_core.event_handler.log_command[0m [1;30mDEBUG[0m [32mInvoking command in '/home/ysc/lite_cog_ros2/nav/src/build/hdl_global_localization': CMAKE_PREFIX_PATH=/home/ysc/lite_cog_ros2/nav/src/install/narrow_passage_controller:/opt/ros/foxy /usr/bin/cmake --install /home/ysc/lite_cog_ros2/nav/src/build/hdl_global_localization[0m
[373.579s] [34mcolcon.colcon_core.environment[0m [1;30mLevel 1[0m create_environment_scripts_only(hdl_global_localization)
[373.583s] [34mcolcon.colcon_core.environment[0m [1;30mLevel 1[0m checking '/home/ysc/lite_cog_ros2/nav/src/install/hdl_global_localization' for CMake module files
[373.586s] [34mcolcon.colcon_core.event_handler.log_command[0m [1;30mDEBUG[0m [32mInvoked command in '/home/ysc/lite_cog_ros2/nav/src/build/hdl_global_localization' returned '0': CMAKE_PREFIX_PATH=/home/ysc/lite_cog_ros2/nav/src/install/narrow_passage_controller:/opt/ros/foxy /usr/bin/cmake --install /home/ysc/lite_cog_ros2/nav/src/build/hdl_global_localization[0m
[373.592s] [34mcolcon.colcon_core.environment[0m [1;30mLevel 1[0m checking '/home/ysc/lite_cog_ros2/nav/src/install/hdl_global_localization' for CMake config files
[373.595s] [34mcolcon.colcon_core.shell[0m [1;30mLevel 1[0m create_environment_hook('hdl_global_localization', 'cmake_prefix_path')
[373.598s] [34mcolcon.colcon_core.shell[0m [1;30mINFO[0m Creating environment hook '/home/ysc/lite_cog_ros2/nav/src/install/hdl_global_localization/share/hdl_global_localization/hook/cmake_prefix_path.ps1'
[373.602s] [34mcolcon.colcon_core.shell[0m [1;30mINFO[0m Creating environment descriptor '/home/ysc/lite_cog_ros2/nav/src/install/hdl_global_localization/share/hdl_global_localization/hook/cmake_prefix_path.dsv'
[373.605s] [34mcolcon.colcon_core.shell[0m [1;30mINFO[0m Creating environment hook '/home/ysc/lite_cog_ros2/nav/src/install/hdl_global_localization/share/hdl_global_localization/hook/cmake_prefix_path.sh'
[373.609s] [34mcolcon.colcon_core.environment[0m [1;30mLevel 1[0m checking '/home/ysc/lite_cog_ros2/nav/src/install/hdl_global_localization/lib'
[373.609s] [34mcolcon.colcon_core.shell[0m [1;30mLevel 1[0m create_environment_hook('hdl_global_localization', 'ld_library_path_lib')
[373.611s] [34mcolcon.colcon_core.shell[0m [1;30mINFO[0m Creating environment hook '/home/ysc/lite_cog_ros2/nav/src/install/hdl_global_localization/share/hdl_global_localization/hook/ld_library_path_lib.ps1'
[373.613s] [34mcolcon.colcon_core.shell[0m [1;30mINFO[0m Creating environment descriptor '/home/ysc/lite_cog_ros2/nav/src/install/hdl_global_localization/share/hdl_global_localization/hook/ld_library_path_lib.dsv'
[373.615s] [34mcolcon.colcon_core.shell[0m [1;30mINFO[0m Creating environment hook '/home/ysc/lite_cog_ros2/nav/src/install/hdl_global_localization/share/hdl_global_localization/hook/ld_library_path_lib.sh'
[373.617s] [34mcolcon.colcon_core.environment[0m [1;30mLevel 1[0m checking '/home/ysc/lite_cog_ros2/nav/src/install/hdl_global_localization/bin'
[373.617s] [34mcolcon.colcon_core.environment[0m [1;30mLevel 1[0m checking '/home/ysc/lite_cog_ros2/nav/src/install/hdl_global_localization/lib/pkgconfig/hdl_global_localization.pc'
[373.619s] [34mcolcon.colcon_core.environment[0m [1;30mLevel 1[0m checking '/home/ysc/lite_cog_ros2/nav/src/install/hdl_global_localization/lib/python3.8/site-packages'
[373.619s] [34mcolcon.colcon_core.shell[0m [1;30mLevel 1[0m create_environment_hook('hdl_global_localization', 'pythonpath')
[373.621s] [34mcolcon.colcon_core.shell[0m [1;30mINFO[0m Creating environment hook '/home/ysc/lite_cog_ros2/nav/src/install/hdl_global_localization/share/hdl_global_localization/hook/pythonpath.ps1'
[373.623s] [34mcolcon.colcon_core.shell[0m [1;30mINFO[0m Creating environment descriptor '/home/ysc/lite_cog_ros2/nav/src/install/hdl_global_localization/share/hdl_global_localization/hook/pythonpath.dsv'
[373.625s] [34mcolcon.colcon_core.shell[0m [1;30mINFO[0m Creating environment hook '/home/ysc/lite_cog_ros2/nav/src/install/hdl_global_localization/share/hdl_global_localization/hook/pythonpath.sh'
[373.628s] [34mcolcon.colcon_core.environment[0m [1;30mLevel 1[0m checking '/home/ysc/lite_cog_ros2/nav/src/install/hdl_global_localization/bin'
[373.630s] [34mcolcon.colcon_core.shell[0m [1;30mINFO[0m Creating package script '/home/ysc/lite_cog_ros2/nav/src/install/hdl_global_localization/share/hdl_global_localization/package.ps1'
[373.635s] [34mcolcon.colcon_core.shell[0m [1;30mINFO[0m Creating package descriptor '/home/ysc/lite_cog_ros2/nav/src/install/hdl_global_localization/share/hdl_global_localization/package.dsv'
[373.640s] [34mcolcon.colcon_core.shell[0m [1;30mINFO[0m Creating package script '/home/ysc/lite_cog_ros2/nav/src/install/hdl_global_localization/share/hdl_global_localization/package.sh'
[373.647s] [34mcolcon.colcon_core.shell[0m [1;30mINFO[0m Creating package script '/home/ysc/lite_cog_ros2/nav/src/install/hdl_global_localization/share/hdl_global_localization/package.bash'
[373.651s] [34mcolcon.colcon_core.shell[0m [1;30mINFO[0m Creating package script '/home/ysc/lite_cog_ros2/nav/src/install/hdl_global_localization/share/hdl_global_localization/package.zsh'
[373.654s] [34mcolcon.colcon_core.environment[0m [1;30mLevel 1[0m create_file_with_runtime_dependencies(/home/ysc/lite_cog_ros2/nav/src/install/hdl_global_localization/share/colcon-core/packages/hdl_global_localization)
[374.478s] [34mcolcon.colcon_core.environment[0m [1;30mLevel 1[0m create_environment_scripts_only(hdl_global_localization)
[374.484s] [34mcolcon.colcon_core.environment[0m [1;30mLevel 1[0m checking '/home/ysc/lite_cog_ros2/nav/src/install/hdl_global_localization' for CMake module files
[374.490s] [34mcolcon.colcon_core.environment[0m [1;30mLevel 1[0m checking '/home/ysc/lite_cog_ros2/nav/src/install/hdl_global_localization' for CMake config files
[374.495s] [34mcolcon.colcon_core.shell[0m [1;30mLevel 1[0m create_environment_hook('hdl_global_localization', 'cmake_prefix_path')
[374.499s] [34mcolcon.colcon_core.shell[0m [1;30mINFO[0m Creating environment hook '/home/ysc/lite_cog_ros2/nav/src/install/hdl_global_localization/share/hdl_global_localization/hook/cmake_prefix_path.ps1'
[374.504s] [34mcolcon.colcon_core.shell[0m [1;30mINFO[0m Creating environment descriptor '/home/ysc/lite_cog_ros2/nav/src/install/hdl_global_localization/share/hdl_global_localization/hook/cmake_prefix_path.dsv'
[374.509s] [34mcolcon.colcon_core.shell[0m [1;30mINFO[0m Creating environment hook '/home/ysc/lite_cog_ros2/nav/src/install/hdl_global_localization/share/hdl_global_localization/hook/cmake_prefix_path.sh'
[374.514s] [34mcolcon.colcon_core.environment[0m [1;30mLevel 1[0m checking '/home/ysc/lite_cog_ros2/nav/src/install/hdl_global_localization/lib'
[374.514s] [34mcolcon.colcon_core.shell[0m [1;30mLevel 1[0m create_environment_hook('hdl_global_localization', 'ld_library_path_lib')
[374.516s] [34mcolcon.colcon_core.shell[0m [1;30mINFO[0m Creating environment hook '/home/ysc/lite_cog_ros2/nav/src/install/hdl_global_localization/share/hdl_global_localization/hook/ld_library_path_lib.ps1'
[374.519s] [34mcolcon.colcon_core.shell[0m [1;30mINFO[0m Creating environment descriptor '/home/ysc/lite_cog_ros2/nav/src/install/hdl_global_localization/share/hdl_global_localization/hook/ld_library_path_lib.dsv'
[374.521s] [34mcolcon.colcon_core.shell[0m [1;30mINFO[0m Creating environment hook '/home/ysc/lite_cog_ros2/nav/src/install/hdl_global_localization/share/hdl_global_localization/hook/ld_library_path_lib.sh'
[374.524s] [34mcolcon.colcon_core.environment[0m [1;30mLevel 1[0m checking '/home/ysc/lite_cog_ros2/nav/src/install/hdl_global_localization/bin'
[374.524s] [34mcolcon.colcon_core.environment[0m [1;30mLevel 1[0m checking '/home/ysc/lite_cog_ros2/nav/src/install/hdl_global_localization/lib/pkgconfig/hdl_global_localization.pc'
[374.526s] [34mcolcon.colcon_core.environment[0m [1;30mLevel 1[0m checking '/home/ysc/lite_cog_ros2/nav/src/install/hdl_global_localization/lib/python3.8/site-packages'
[374.527s] [34mcolcon.colcon_core.shell[0m [1;30mLevel 1[0m create_environment_hook('hdl_global_localization', 'pythonpath')
[374.529s] [34mcolcon.colcon_core.shell[0m [1;30mINFO[0m Creating environment hook '/home/ysc/lite_cog_ros2/nav/src/install/hdl_global_localization/share/hdl_global_localization/hook/pythonpath.ps1'
[374.531s] [34mcolcon.colcon_core.shell[0m [1;30mINFO[0m Creating environment descriptor '/home/ysc/lite_cog_ros2/nav/src/install/hdl_global_localization/share/hdl_global_localization/hook/pythonpath.dsv'
[374.533s] [34mcolcon.colcon_core.shell[0m [1;30mINFO[0m Creating environment hook '/home/ysc/lite_cog_ros2/nav/src/install/hdl_global_localization/share/hdl_global_localization/hook/pythonpath.sh'
[374.535s] [34mcolcon.colcon_core.environment[0m [1;30mLevel 1[0m checking '/home/ysc/lite_cog_ros2/nav/src/install/hdl_global_localization/bin'
[374.538s] [34mcolcon.colcon_core.shell[0m [1;30mINFO[0m Creating package script '/home/ysc/lite_cog_ros2/nav/src/install/hdl_global_localization/share/hdl_global_localization/package.ps1'
[374.542s] [34mcolcon.colcon_core.shell[0m [1;30mINFO[0m Creating package descriptor '/home/ysc/lite_cog_ros2/nav/src/install/hdl_global_localization/share/hdl_global_localization/package.dsv'
[374.546s] [34mcolcon.colcon_core.shell[0m [1;30mINFO[0m Creating package script '/home/ysc/lite_cog_ros2/nav/src/install/hdl_global_localization/share/hdl_global_localization/package.sh'
[374.553s] [34mcolcon.colcon_core.shell[0m [1;30mINFO[0m Creating package script '/home/ysc/lite_cog_ros2/nav/src/install/hdl_global_localization/share/hdl_global_localization/package.bash'
[374.555s] [34mcolcon.colcon_core.shell[0m [1;30mINFO[0m Creating package script '/home/ysc/lite_cog_ros2/nav/src/install/hdl_global_localization/share/hdl_global_localization/package.zsh'
[374.558s] [34mcolcon.colcon_core.environment[0m [1;30mLevel 1[0m create_file_with_runtime_dependencies(/home/ysc/lite_cog_ros2/nav/src/install/hdl_global_localization/share/colcon-core/packages/hdl_global_localization)
[374.561s] [34mcolcon.colcon_ros.task.ament_cmake.build[0m [1;30mINFO[0m Building ROS package in '/home/ysc/lite_cog_ros2/nav/src/hdl_localization' with build type 'ament_cmake'
[374.566s] [34mcolcon.colcon_cmake.task.cmake.build[0m [1;30mINFO[0m Building CMake package in '/home/ysc/lite_cog_ros2/nav/src/hdl_localization'
[374.567s] [34mcolcon.colcon_core.shell[0m [1;30mINFO[0m Skip shell extension 'powershell' for command environment: Not usable outside of PowerShell
[374.567s] [34mcolcon.colcon_core.shell[0m [1;30mDEBUG[0m [32mSkip shell extension 'dsv' for command environment[0m
[374.711s] [34mcolcon.colcon_core.event_handler.log_command[0m [1;30mDEBUG[0m [32mInvoking command in '/home/ysc/lite_cog_ros2/nav/src/build/hdl_localization': AMENT_PREFIX_PATH=/home/ysc/lite_cog_ros2/nav/src/install/hdl_global_localization:${AMENT_PREFIX_PATH} CMAKE_PREFIX_PATH=/home/ysc/lite_cog_ros2/nav/src/install/hdl_global_localization:/home/ysc/lite_cog_ros2/nav/src/install/narrow_passage_controller:/opt/ros/foxy LD_LIBRARY_PATH=/home/ysc/lite_cog_ros2/nav/src/install/hdl_global_localization/lib:/usr/lib/aarch64-linux-gnu/gazebo-11/plugins:/opt/ros/foxy/opt/yaml_cpp_vendor/lib:/opt/ros/foxy/opt/rviz_ogre_vendor/lib:/opt/ros/foxy/lib/aarch64-linux-gnu:/opt/ros/foxy/lib:/usr/local/cuda-11.4/lib64 PYTHONPATH=/home/ysc/lite_cog_ros2/nav/src/install/hdl_global_localization/lib/python3.8/site-packages:${PYTHONPATH} /usr/bin/cmake /home/ysc/lite_cog_ros2/nav/src/hdl_localization -DCMAKE_INSTALL_PREFIX=/home/ysc/lite_cog_ros2/nav/src/install/hdl_localization[0m
[413.085s] [34mcolcon.colcon_core.event_handler.log_command[0m [1;30mDEBUG[0m [32mInvoked command in '/home/ysc/lite_cog_ros2/nav/src/build/hdl_localization' returned '0': AMENT_PREFIX_PATH=/home/ysc/lite_cog_ros2/nav/src/install/hdl_global_localization:${AMENT_PREFIX_PATH} CMAKE_PREFIX_PATH=/home/ysc/lite_cog_ros2/nav/src/install/hdl_global_localization:/home/ysc/lite_cog_ros2/nav/src/install/narrow_passage_controller:/opt/ros/foxy LD_LIBRARY_PATH=/home/ysc/lite_cog_ros2/nav/src/install/hdl_global_localization/lib:/usr/lib/aarch64-linux-gnu/gazebo-11/plugins:/opt/ros/foxy/opt/yaml_cpp_vendor/lib:/opt/ros/foxy/opt/rviz_ogre_vendor/lib:/opt/ros/foxy/lib/aarch64-linux-gnu:/opt/ros/foxy/lib:/usr/local/cuda-11.4/lib64 PYTHONPATH=/home/ysc/lite_cog_ros2/nav/src/install/hdl_global_localization/lib/python3.8/site-packages:${PYTHONPATH} /usr/bin/cmake /home/ysc/lite_cog_ros2/nav/src/hdl_localization -DCMAKE_INSTALL_PREFIX=/home/ysc/lite_cog_ros2/nav/src/install/hdl_localization[0m
[413.114s] [34mcolcon.colcon_core.event_handler.log_command[0m [1;30mDEBUG[0m [32mInvoking command in '/home/ysc/lite_cog_ros2/nav/src/build/hdl_localization': AMENT_PREFIX_PATH=/home/ysc/lite_cog_ros2/nav/src/install/hdl_global_localization:${AMENT_PREFIX_PATH} CMAKE_PREFIX_PATH=/home/ysc/lite_cog_ros2/nav/src/install/hdl_global_localization:/home/ysc/lite_cog_ros2/nav/src/install/narrow_passage_controller:/opt/ros/foxy LD_LIBRARY_PATH=/home/ysc/lite_cog_ros2/nav/src/install/hdl_global_localization/lib:/usr/lib/aarch64-linux-gnu/gazebo-11/plugins:/opt/ros/foxy/opt/yaml_cpp_vendor/lib:/opt/ros/foxy/opt/rviz_ogre_vendor/lib:/opt/ros/foxy/lib/aarch64-linux-gnu:/opt/ros/foxy/lib:/usr/local/cuda-11.4/lib64 PYTHONPATH=/home/ysc/lite_cog_ros2/nav/src/install/hdl_global_localization/lib/python3.8/site-packages:${PYTHONPATH} /usr/bin/cmake --build /home/ysc/lite_cog_ros2/nav/src/build/hdl_localization -- -j6 -l6[0m
[540.070s] [34mcolcon.colcon_core.event_handler.log_command[0m [1;30mDEBUG[0m [32mInvoked command in '/home/ysc/lite_cog_ros2/nav/src/build/hdl_localization' returned '2': AMENT_PREFIX_PATH=/home/ysc/lite_cog_ros2/nav/src/install/hdl_global_localization:${AMENT_PREFIX_PATH} CMAKE_PREFIX_PATH=/home/ysc/lite_cog_ros2/nav/src/install/hdl_global_localization:/home/ysc/lite_cog_ros2/nav/src/install/narrow_passage_controller:/opt/ros/foxy LD_LIBRARY_PATH=/home/ysc/lite_cog_ros2/nav/src/install/hdl_global_localization/lib:/usr/lib/aarch64-linux-gnu/gazebo-11/plugins:/opt/ros/foxy/opt/yaml_cpp_vendor/lib:/opt/ros/foxy/opt/rviz_ogre_vendor/lib:/opt/ros/foxy/lib/aarch64-linux-gnu:/opt/ros/foxy/lib:/usr/local/cuda-11.4/lib64 PYTHONPATH=/home/ysc/lite_cog_ros2/nav/src/install/hdl_global_localization/lib/python3.8/site-packages:${PYTHONPATH} /usr/bin/cmake --build /home/ysc/lite_cog_ros2/nav/src/build/hdl_localization -- -j6 -l6[0m
[540.677s] [34mcolcon.colcon_core.environment[0m [1;30mLevel 1[0m create_environment_scripts_only(hdl_localization)
[540.681s] [34mcolcon.colcon_core.environment[0m [1;30mLevel 1[0m checking '/home/ysc/lite_cog_ros2/nav/src/install/hdl_localization' for CMake module files
[540.684s] [34mcolcon.colcon_core.environment[0m [1;30mLevel 1[0m checking '/home/ysc/lite_cog_ros2/nav/src/install/hdl_localization' for CMake config files
[540.686s] [34mcolcon.colcon_core.environment[0m [1;30mLevel 1[0m checking '/home/ysc/lite_cog_ros2/nav/src/install/hdl_localization/bin'
[540.687s] [34mcolcon.colcon_core.environment[0m [1;30mLevel 1[0m checking '/home/ysc/lite_cog_ros2/nav/src/install/hdl_localization/lib/pkgconfig/hdl_localization.pc'
[540.689s] [34mcolcon.colcon_core.environment[0m [1;30mLevel 1[0m checking '/home/ysc/lite_cog_ros2/nav/src/install/hdl_localization/lib/python3.8/site-packages'
[540.690s] [34mcolcon.colcon_core.environment[0m [1;30mLevel 1[0m checking '/home/ysc/lite_cog_ros2/nav/src/install/hdl_localization/bin'
[540.691s] [34mcolcon.colcon_core.shell[0m [1;30mINFO[0m Creating package script '/home/ysc/lite_cog_ros2/nav/src/install/hdl_localization/share/hdl_localization/package.ps1'
[540.696s] [34mcolcon.colcon_core.shell[0m [1;30mINFO[0m Creating package descriptor '/home/ysc/lite_cog_ros2/nav/src/install/hdl_localization/share/hdl_localization/package.dsv'
[540.699s] [34mcolcon.colcon_core.shell[0m [1;30mINFO[0m Creating package script '/home/ysc/lite_cog_ros2/nav/src/install/hdl_localization/share/hdl_localization/package.sh'
[540.701s] [34mcolcon.colcon_core.shell[0m [1;30mINFO[0m Creating package script '/home/ysc/lite_cog_ros2/nav/src/install/hdl_localization/share/hdl_localization/package.bash'
[540.704s] [34mcolcon.colcon_core.shell[0m [1;30mINFO[0m Creating package script '/home/ysc/lite_cog_ros2/nav/src/install/hdl_localization/share/hdl_localization/package.zsh'
[540.706s] [34mcolcon.colcon_core.environment[0m [1;30mLevel 1[0m create_file_with_runtime_dependencies(/home/ysc/lite_cog_ros2/nav/src/install/hdl_localization/share/colcon-core/packages/hdl_localization)
[540.710s] [34mcolcon.colcon_parallel_executor.executor.parallel[0m [1;30mDEBUG[0m [32mclosing loop[0m
[540.712s] [34mcolcon.colcon_parallel_executor.executor.parallel[0m [1;30mDEBUG[0m [32mloop closed[0m
[540.712s] [34mcolcon.colcon_parallel_executor.executor.parallel[0m [1;30mDEBUG[0m [32mrun_until_complete finished with '2'[0m
[540.713s] [34mcolcon.colcon_core.event_reactor[0m [1;30mDEBUG[0m [32mjoining thread[0m
[541.036s] [34mcolcon.colcon_core.plugin_system[0m [1;30mINFO[0m Skipping extension 'colcon_notification.desktop_notification.terminal_notifier': Not used on non-Darwin systems
[541.036s] [34mcolcon.colcon_core.plugin_system[0m [1;30mINFO[0m Skipping extension 'colcon_notification.desktop_notification.win32': Not used on non-Windows systems
[541.036s] [34mcolcon.colcon_notification.desktop_notification[0m [1;30mINFO[0m Sending desktop notification using 'notify2'
[541.300s] [34mcolcon.colcon_core.event_reactor[0m [1;30mDEBUG[0m [32mjoined thread[0m
[541.302s] [34mcolcon.colcon_core.shell[0m [1;30mINFO[0m Creating prefix script '/home/ysc/lite_cog_ros2/nav/src/install/local_setup.ps1'
[541.310s] [34mcolcon.colcon_core.shell[0m [1;30mINFO[0m Creating prefix util module '/home/ysc/lite_cog_ros2/nav/src/install/_local_setup_util_ps1.py'
[541.334s] [34mcolcon.colcon_core.shell[0m [1;30mINFO[0m Creating prefix chain script '/home/ysc/lite_cog_ros2/nav/src/install/setup.ps1'
[541.350s] [34mcolcon.colcon_core.shell[0m [1;30mINFO[0m Creating prefix script '/home/ysc/lite_cog_ros2/nav/src/install/local_setup.sh'
[541.353s] [34mcolcon.colcon_core.shell[0m [1;30mINFO[0m Creating prefix util module '/home/ysc/lite_cog_ros2/nav/src/install/_local_setup_util_sh.py'
[541.357s] [34mcolcon.colcon_core.shell[0m [1;30mINFO[0m Creating prefix chain script '/home/ysc/lite_cog_ros2/nav/src/install/setup.sh'
[541.368s] [34mcolcon.colcon_core.shell[0m [1;30mINFO[0m Creating prefix script '/home/ysc/lite_cog_ros2/nav/src/install/local_setup.bash'
[541.370s] [34mcolcon.colcon_core.shell[0m [1;30mINFO[0m Creating prefix chain script '/home/ysc/lite_cog_ros2/nav/src/install/setup.bash'
[541.376s] [34mcolcon.colcon_core.shell[0m [1;30mINFO[0m Creating prefix script '/home/ysc/lite_cog_ros2/nav/src/install/local_setup.zsh'
[541.382s] [34mcolcon.colcon_core.shell[0m [1;30mINFO[0m Creating prefix chain script '/home/ysc/lite_cog_ros2/nav/src/install/setup.zsh'
