[0.565s] Invoking command in '/home/ysc/lite_cog_ros2/nav/build/hdl_localization': AMENT_PREFIX_PATH=/home/ysc/lite_cog_ros2/nav/install/hdl_global_localization:${AMENT_PREFIX_PATH} CMAKE_PREFIX_PATH=/home/ysc/lite_cog_ros2/nav/install/hdl_global_localization:/home/ysc/lite_cog_ros2/fast_gicp/install/fast_gicp:/home/ysc/lite_cog_ros2/ndt_omp/install/ndt_omp:/opt/ros/foxy LD_LIBRARY_PATH=/home/ysc/lite_cog_ros2/nav/install/hdl_global_localization/lib:/home/ysc/lite_cog_ros2/fast_gicp/install/fast_gicp/lib:/home/ysc/lite_cog_ros2/ndt_omp/install/ndt_omp/lib:/usr/local/cuda-11.4/lib64:/usr/lib/aarch64-linux-gnu/gazebo-11/plugins:/opt/ros/foxy/opt/yaml_cpp_vendor/lib:/opt/ros/foxy/opt/rviz_ogre_vendor/lib:/opt/ros/foxy/lib/aarch64-linux-gnu:/opt/ros/foxy/lib:/usr/local/cuda-11.4/lib64 PYTHONPATH=/home/ysc/lite_cog_ros2/nav/install/hdl_global_localization/lib/python3.8/site-packages:${PYTHONPATH} /usr/bin/cmake /home/ysc/lite_cog_ros2/nav/src/hdl_localization -DAMENT_CMAKE_SYMLINK_INSTALL=1 -DCMAKE_INSTALL_PREFIX=/home/ysc/lite_cog_ros2/nav/install/hdl_localization
[2.834s] -- The C compiler identification is GNU 9.4.0
[4.291s] -- The CXX compiler identification is GNU 9.4.0
[4.493s] -- Check for working C compiler: /usr/bin/cc
[5.231s] -- Check for working C compiler: /usr/bin/cc -- works
[5.393s] -- Detecting C compiler ABI info
[6.162s] -- Detecting C compiler ABI info - done
[6.385s] -- Detecting C compile features
[6.388s] -- Detecting C compile features - done
[6.407s] -- Check for working CXX compiler: /usr/bin/c++
[7.063s] -- Check for working CXX compiler: /usr/bin/c++ -- works
[7.070s] -- Detecting CXX compiler ABI info
[7.790s] -- Detecting CXX compiler ABI info - done
[7.871s] -- Detecting CXX compile features
[7.874s] -- Detecting CXX compile features - done
[8.035s] -- Found ament_cmake_auto: 0.9.12 (/opt/ros/foxy/share/ament_cmake_auto/cmake)
[8.518s] -- Found PythonInterp: /usr/bin/python3 (found suitable version "3.8.10", minimum required is "3") 
[8.519s] -- Using PYTHON_EXECUTABLE: /usr/bin/python3
[10.180s] -- Override CMake install command with custom implementation using symlinks instead of copying resources
[11.217s] -- Using all available rosidl_typesupport_c: rosidl_typesupport_fastrtps_c;rosidl_typesupport_introspection_c
[11.557s] -- Found rosidl_adapter: 1.3.1 (/opt/ros/foxy/share/rosidl_adapter/cmake)
[13.382s] -- Found OpenSSL: /usr/lib/aarch64-linux-gnu/libcrypto.so (found version "1.1.1f")  
[13.557s] -- Found FastRTPS: /opt/ros/foxy/include  
[15.230s] -- Using all available rosidl_typesupport_cpp: rosidl_typesupport_fastrtps_cpp;rosidl_typesupport_introspection_cpp
[18.008s] -- Found rmw_implementation_cmake: 1.0.4 (/opt/ros/foxy/share/rmw_implementation_cmake/cmake)
[18.020s] -- Using RMW implementation 'rmw_cyclonedds_cpp' as default
[18.028s] -- Looking for pthread.h
[18.662s] -- Looking for pthread.h - found
[18.669s] -- Performing Test CMAKE_HAVE_LIBC_PTHREAD
[19.428s] -- Performing Test CMAKE_HAVE_LIBC_PTHREAD - Failed
[19.429s] -- Looking for pthread_create in pthreads
[20.105s] -- Looking for pthread_create in pthreads - not found
[20.106s] -- Looking for pthread_create in pthread
[20.699s] -- Looking for pthread_create in pthread - found
[20.708s] -- Found Threads: TRUE  
[27.488s] -- Found eigen3_cmake_module: 0.1.1 (/opt/ros/foxy/share/eigen3_cmake_module/cmake)
[27.649s] -- Found Eigen3: TRUE (found version "3.3.7") 
[30.751s] -- Checking for module 'eigen3'
[31.037s] --   Found eigen3, version 3.3.7
[31.616s] -- Found Eigen: /usr/include/eigen3 (Required is at least version "3.1") 
[31.617s] -- Eigen found (include: /usr/include/eigen3, version: 3.3.7)
[32.849s] -- Checking for module 'flann'
[33.137s] --   Found flann, version 1.9.1
[33.783s] -- Found FLANN: /usr/lib/aarch64-linux-gnu/libflann_cpp.so  
[34.731s] -- The imported target "vtkParseOGLExt" references the file
[34.732s]    "/usr/bin/vtkParseOGLExt-7.1"
[34.732s] but this file does not exist.  Possible reasons include:
[34.733s] * The file was deleted, renamed, or moved to another location.
[34.733s] * An install or uninstall procedure did not complete successfully.
[34.734s] * The installation package was faulty and contained
[34.734s]    "/usr/lib/cmake/vtk-7.1/VTKTargets.cmake"
[34.735s] but not all the files it references.
[34.735s] 
[34.740s] -- The imported target "vtkRenderingPythonTkWidgets" references the file
[34.740s]    "/usr/lib/aarch64-linux-gnu/libvtkRenderingPythonTkWidgets.so"
[34.741s] but this file does not exist.  Possible reasons include:
[34.741s] * The file was deleted, renamed, or moved to another location.
[34.741s] * An install or uninstall procedure did not complete successfully.
[34.742s] * The installation package was faulty and contained
[34.742s]    "/usr/lib/cmake/vtk-7.1/VTKTargets.cmake"
[34.743s] but not all the files it references.
[34.744s] 
[34.745s] -- The imported target "vtk" references the file
[34.746s]    "/usr/bin/vtk"
[34.746s] but this file does not exist.  Possible reasons include:
[34.746s] * The file was deleted, renamed, or moved to another location.
[34.747s] * An install or uninstall procedure did not complete successfully.
[34.747s] * The installation package was faulty and contained
[34.748s]    "/usr/lib/cmake/vtk-7.1/VTKTargets.cmake"
[34.748s] but not all the files it references.
[34.749s] 
[34.749s] -- The imported target "pvtk" references the file
[34.749s]    "/usr/bin/pvtk"
[34.750s] but this file does not exist.  Possible reasons include:
[34.750s] * The file was deleted, renamed, or moved to another location.
[34.751s] * An install or uninstall procedure did not complete successfully.
[34.751s] * The installation package was faulty and contained
[34.751s]    "/usr/lib/cmake/vtk-7.1/VTKTargets.cmake"
[34.752s] but not all the files it references.
[34.752s] 
[35.046s] -- Checking for module 'libusb-1.0'
[35.350s] --   Found libusb-1.0, version 1.0.23
[35.950s] -- Found USB_10: /usr/lib/aarch64-linux-gnu/libusb-1.0.so  
[36.845s] -- OpenNI found (include: /usr/include/ni, lib: /usr/lib/libOpenNI.so)
[37.809s] -- OpenNI2 found (include: /usr/include/openni2, lib: /usr/lib/libOpenNI2.so)
[37.886s] -- Found libusb-1.0: /usr/include  
[37.926s] -- OpenNI found (include: /usr/include/ni, lib: /usr/lib/libOpenNI.so)
[37.974s] -- OpenNI2 found (include: /usr/include/openni2, lib: /usr/lib/libOpenNI2.so)
[38.287s] -- Found Qhull: optimized;/usr/lib/aarch64-linux-gnu/libqhull.so;debug;/usr/lib/aarch64-linux-gnu/libqhull.so  
[38.287s] -- QHULL found (include: /usr/include, lib: optimized;/usr/lib/aarch64-linux-gnu/libqhull.so;debug;/usr/lib/aarch64-linux-gnu/libqhull.so)
[38.323s] -- OpenNI found (include: /usr/include/ni, lib: /usr/lib/libOpenNI.so)
[38.421s] -- Found PCL_COMMON: /usr/lib/aarch64-linux-gnu/libpcl_common.so  
[38.433s] -- Found PCL_KDTREE: /usr/lib/aarch64-linux-gnu/libpcl_kdtree.so  
[38.442s] -- Found PCL_OCTREE: /usr/lib/aarch64-linux-gnu/libpcl_octree.so  
[38.452s] -- Found PCL_SEARCH: /usr/lib/aarch64-linux-gnu/libpcl_search.so  
[38.463s] -- Found PCL_SAMPLE_CONSENSUS: /usr/lib/aarch64-linux-gnu/libpcl_sample_consensus.so  
[38.472s] -- Found PCL_FILTERS: /usr/lib/aarch64-linux-gnu/libpcl_filters.so  
[38.476s] -- Found PCL_2D: /usr/include/pcl-1.10  
[38.480s] -- Found PCL_GEOMETRY: /usr/include/pcl-1.10  
[38.488s] -- Found PCL_IO: /usr/lib/aarch64-linux-gnu/libpcl_io.so  
[38.497s] -- Found PCL_FEATURES: /usr/lib/aarch64-linux-gnu/libpcl_features.so  
[38.506s] -- Found PCL_ML: /usr/lib/aarch64-linux-gnu/libpcl_ml.so  
[38.514s] -- Found PCL_SEGMENTATION: /usr/lib/aarch64-linux-gnu/libpcl_segmentation.so  
[38.522s] -- Found PCL_VISUALIZATION: /usr/lib/aarch64-linux-gnu/libpcl_visualization.so  
[38.533s] -- Found PCL_SURFACE: /usr/lib/aarch64-linux-gnu/libpcl_surface.so  
[38.542s] -- Found PCL_REGISTRATION: /usr/lib/aarch64-linux-gnu/libpcl_registration.so  
[38.552s] -- Found PCL_KEYPOINTS: /usr/lib/aarch64-linux-gnu/libpcl_keypoints.so  
[38.560s] -- Found PCL_TRACKING: /usr/lib/aarch64-linux-gnu/libpcl_tracking.so  
[38.568s] -- Found PCL_RECOGNITION: /usr/lib/aarch64-linux-gnu/libpcl_recognition.so  
[38.577s] -- Found PCL_STEREO: /usr/lib/aarch64-linux-gnu/libpcl_stereo.so  
[38.584s] -- Found PCL_APPS: /usr/lib/aarch64-linux-gnu/libpcl_apps.so  
[38.590s] -- Found PCL_IN_HAND_SCANNER: /usr/include/pcl-1.10  
[38.745s] -- Found PCL_POINT_CLOUD_EDITOR: /usr/include/pcl-1.10  
[38.754s] -- Found PCL_OUTOFCORE: /usr/lib/aarch64-linux-gnu/libpcl_outofcore.so  
[38.761s] -- Found PCL_PEOPLE: /usr/lib/aarch64-linux-gnu/libpcl_people.so  
[44.480s] -- Found OpenMP_C: -fopenmp (found version "4.5") 
[45.301s] -- Found OpenMP_CXX: -fopenmp (found version "4.5") 
[45.304s] -- Found OpenMP: TRUE (found version "4.5")  
[45.638s] -- Found PythonInterp: /usr/bin/python3 (found version "3.8.10") 
[47.527s] -- Found ament_cmake_ros: 0.9.2 (/opt/ros/foxy/share/ament_cmake_ros/cmake)
[50.378s] -- Using all available rosidl_typesupport_c: rosidl_typesupport_fastrtps_c;rosidl_typesupport_introspection_c
[52.021s] -- Using all available rosidl_typesupport_cpp: rosidl_typesupport_fastrtps_cpp;rosidl_typesupport_introspection_cpp
[52.311s] -- Found PythonInterp: /usr/bin/python3 (found suitable version "3.8.10", minimum required is "3.5") 
[52.463s] -- Found python_cmake_module: 0.8.1 (/opt/ros/foxy/share/python_cmake_module/cmake)
[52.926s] -- Found PythonLibs: /usr/lib/aarch64-linux-gnu/libpython3.8.so (found suitable version "3.8.10", minimum required is "3.5") 
[52.927s] -- Using PYTHON_EXECUTABLE: /usr/bin/python3
[52.928s] -- Using PYTHON_INCLUDE_DIRS: /usr/include/python3.8
[52.929s] -- Using PYTHON_LIBRARIES: /usr/lib/aarch64-linux-gnu/libpython3.8.so
[53.069s] -- Found PythonExtra: .so  
[54.832s] -- Configuring done
[56.770s] -- Generating done
[56.792s] -- Build files have been written to: /home/ysc/lite_cog_ros2/nav/build/hdl_localization
[56.878s] Invoked command in '/home/ysc/lite_cog_ros2/nav/build/hdl_localization' returned '0': AMENT_PREFIX_PATH=/home/ysc/lite_cog_ros2/nav/install/hdl_global_localization:${AMENT_PREFIX_PATH} CMAKE_PREFIX_PATH=/home/ysc/lite_cog_ros2/nav/install/hdl_global_localization:/home/ysc/lite_cog_ros2/fast_gicp/install/fast_gicp:/home/ysc/lite_cog_ros2/ndt_omp/install/ndt_omp:/opt/ros/foxy LD_LIBRARY_PATH=/home/ysc/lite_cog_ros2/nav/install/hdl_global_localization/lib:/home/ysc/lite_cog_ros2/fast_gicp/install/fast_gicp/lib:/home/ysc/lite_cog_ros2/ndt_omp/install/ndt_omp/lib:/usr/local/cuda-11.4/lib64:/usr/lib/aarch64-linux-gnu/gazebo-11/plugins:/opt/ros/foxy/opt/yaml_cpp_vendor/lib:/opt/ros/foxy/opt/rviz_ogre_vendor/lib:/opt/ros/foxy/lib/aarch64-linux-gnu:/opt/ros/foxy/lib:/usr/local/cuda-11.4/lib64 PYTHONPATH=/home/ysc/lite_cog_ros2/nav/install/hdl_global_localization/lib/python3.8/site-packages:${PYTHONPATH} /usr/bin/cmake /home/ysc/lite_cog_ros2/nav/src/hdl_localization -DAMENT_CMAKE_SYMLINK_INSTALL=1 -DCMAKE_INSTALL_PREFIX=/home/ysc/lite_cog_ros2/nav/install/hdl_localization
[56.890s] Invoking command in '/home/ysc/lite_cog_ros2/nav/build/hdl_localization': AMENT_PREFIX_PATH=/home/ysc/lite_cog_ros2/nav/install/hdl_global_localization:${AMENT_PREFIX_PATH} CMAKE_PREFIX_PATH=/home/ysc/lite_cog_ros2/nav/install/hdl_global_localization:/home/ysc/lite_cog_ros2/fast_gicp/install/fast_gicp:/home/ysc/lite_cog_ros2/ndt_omp/install/ndt_omp:/opt/ros/foxy LD_LIBRARY_PATH=/home/ysc/lite_cog_ros2/nav/install/hdl_global_localization/lib:/home/ysc/lite_cog_ros2/fast_gicp/install/fast_gicp/lib:/home/ysc/lite_cog_ros2/ndt_omp/install/ndt_omp/lib:/usr/local/cuda-11.4/lib64:/usr/lib/aarch64-linux-gnu/gazebo-11/plugins:/opt/ros/foxy/opt/yaml_cpp_vendor/lib:/opt/ros/foxy/opt/rviz_ogre_vendor/lib:/opt/ros/foxy/lib/aarch64-linux-gnu:/opt/ros/foxy/lib:/usr/local/cuda-11.4/lib64 PYTHONPATH=/home/ysc/lite_cog_ros2/nav/install/hdl_global_localization/lib/python3.8/site-packages:${PYTHONPATH} /usr/bin/cmake --build /home/ysc/lite_cog_ros2/nav/build/hdl_localization -- -j6 -l6
[57.226s] [35m[1mScanning dependencies of target hdl_localization__cpp[0m
[57.232s] [  2%] [34m[1mGenerating C code for ROS interfaces[0m
[57.305s] [  5%] [34m[1mGenerating C++ code for ROS interfaces[0m
[59.810s] [  5%] Built target hdl_localization__cpp
[59.828s] [35m[1mScanning dependencies of target hdl_localization__rosidl_generator_c[0m
[59.888s] [  8%] [34m[1mGenerating C++ type support dispatch for ROS interfaces[0m
[59.904s] [ 11%] [34m[1mGenerating C++ type support for eProsima Fast-RTPS[0m
[59.912s] [ 14%] [34m[1mGenerating C++ introspection for ROS interfaces[0m
[60.111s] [ 17%] [32mBuilding C object CMakeFiles/hdl_localization__rosidl_generator_c.dir/rosidl_generator_c/hdl_localization/msg/detail/scan_matching_status__functions.c.o[0m
[60.144s] [01m[Kcc1:[m[K [01;35m[Kwarning: [m[Kcommand line option ‘[01m[K-std=c++14[m[K’ is valid for C++/ObjC++ but not for C
[61.129s] [35m[1mScanning dependencies of target hdl_localization__rosidl_typesupport_cpp[0m
[61.229s] [ 20%] [32m[1mLinking C shared library libhdl_localization__rosidl_generator_c.so[0m
[61.295s] [ 23%] [32mBuilding CXX object CMakeFiles/hdl_localization__rosidl_typesupport_cpp.dir/rosidl_typesupport_cpp/hdl_localization/msg/scan_matching_status__type_support.cpp.o[0m
[61.491s] [35m[1mScanning dependencies of target hdl_localization__rosidl_typesupport_fastrtps_cpp[0m
[61.524s] [35m[1mScanning dependencies of target hdl_localization__rosidl_typesupport_introspection_cpp[0m
[61.537s] [ 23%] Built target hdl_localization__rosidl_generator_c
[61.620s] [ 26%] [34m[1mGenerating C type support dispatch for ROS interfaces[0m
[61.631s] [ 29%] [34m[1mGenerating C introspection for ROS interfaces[0m
[61.658s] [ 32%] [32mBuilding CXX object CMakeFiles/hdl_localization__rosidl_typesupport_introspection_cpp.dir/rosidl_typesupport_introspection_cpp/hdl_localization/msg/detail/scan_matching_status__type_support.cpp.o[0m
[61.701s] [ 35%] [32mBuilding CXX object CMakeFiles/hdl_localization__rosidl_typesupport_fastrtps_cpp.dir/rosidl_typesupport_fastrtps_cpp/hdl_localization/msg/detail/dds_fastrtps/scan_matching_status__type_support.cpp.o[0m
[62.944s] [35m[1mScanning dependencies of target hdl_localization__rosidl_typesupport_c[0m
[63.056s] [ 38%] [32mBuilding CXX object CMakeFiles/hdl_localization__rosidl_typesupport_c.dir/rosidl_typesupport_c/hdl_localization/msg/scan_matching_status__type_support.cpp.o[0m
[63.302s] [35m[1mScanning dependencies of target hdl_localization__rosidl_typesupport_introspection_c[0m
[63.475s] [ 41%] [32m[1mLinking CXX shared library libhdl_localization__rosidl_typesupport_c.so[0m
[63.629s] [ 44%] [32mBuilding C object CMakeFiles/hdl_localization__rosidl_typesupport_introspection_c.dir/rosidl_typesupport_introspection_c/hdl_localization/msg/detail/scan_matching_status__type_support.c.o[0m
[63.677s] [01m[Kcc1:[m[K [01;35m[Kwarning: [m[Kcommand line option ‘[01m[K-std=c++14[m[K’ is valid for C++/ObjC++ but not for C
[63.883s] [ 44%] Built target hdl_localization__rosidl_typesupport_c
[64.270s] [ 47%] [32m[1mLinking C shared library libhdl_localization__rosidl_typesupport_introspection_c.so[0m
[64.358s] [ 50%] [32m[1mLinking CXX shared library libhdl_localization__rosidl_typesupport_cpp.so[0m
[64.611s] [ 50%] Built target hdl_localization__rosidl_typesupport_introspection_c
[64.717s] [ 50%] Built target hdl_localization__rosidl_typesupport_cpp
[65.383s] [ 52%] [32m[1mLinking CXX shared library libhdl_localization__rosidl_typesupport_introspection_cpp.so[0m
[65.913s] [ 52%] Built target hdl_localization__rosidl_typesupport_introspection_cpp
[66.427s] [ 55%] [32m[1mLinking CXX shared library libhdl_localization__rosidl_typesupport_fastrtps_cpp.so[0m
[67.400s] [ 55%] Built target hdl_localization__rosidl_typesupport_fastrtps_cpp
[67.474s] [ 58%] [34m[1mGenerating C type support for eProsima Fast-RTPS[0m
[69.177s] [35m[1mScanning dependencies of target hdl_localization__rosidl_typesupport_fastrtps_c[0m
[69.590s] [ 61%] [32mBuilding CXX object CMakeFiles/hdl_localization__rosidl_typesupport_fastrtps_c.dir/rosidl_typesupport_fastrtps_c/hdl_localization/msg/detail/scan_matching_status__type_support_c.cpp.o[0m
[72.600s] [ 64%] [32m[1mLinking CXX shared library libhdl_localization__rosidl_typesupport_fastrtps_c.so[0m
[73.131s] [ 64%] Built target hdl_localization__rosidl_typesupport_fastrtps_c
[73.207s] [35m[1mScanning dependencies of target hdl_localization[0m
[73.275s] [ 64%] Built target hdl_localization
[73.346s] [35m[1mScanning dependencies of target hdl_localization__py[0m
[73.349s] [35m[1mScanning dependencies of target hdl_localization_composition[0m
[73.422s] [ 67%] [34m[1mGenerating Python code for ROS interfaces[0m
[75.577s] [ 70%] [32mBuilding CXX object CMakeFiles/hdl_localization_composition.dir/src/hdl_localization/pose_estimator.cpp.o[0m
[75.657s] [ 73%] [32mBuilding CXX object CMakeFiles/hdl_localization_composition.dir/apps/hdl_localization_composition.cpp.o[0m
[76.341s] [ 73%] Built target hdl_localization__py
[76.416s] [35m[1mScanning dependencies of target hdl_localization__python[0m
[76.651s] [ 76%] [32mBuilding C object CMakeFiles/hdl_localization__python.dir/rosidl_generator_py/hdl_localization/msg/_scan_matching_status_s.c.o[0m
[76.683s] [01m[Kcc1:[m[K [01;35m[Kwarning: [m[Kcommand line option ‘[01m[K-std=c++14[m[K’ is valid for C++/ObjC++ but not for C
[78.114s] [ 79%] [32m[1mLinking C shared library rosidl_generator_py/hdl_localization/libhdl_localization__python.so[0m
[78.413s] [ 79%] Built target hdl_localization__python
[78.488s] [35m[1mScanning dependencies of target hdl_localization__rosidl_typesupport_c__pyext[0m
[78.497s] [35m[1mScanning dependencies of target hdl_localization__rosidl_typesupport_fastrtps_c__pyext[0m
[78.511s] [35m[1mScanning dependencies of target hdl_localization__rosidl_typesupport_introspection_c__pyext[0m
[78.642s] [ 82%] [32mBuilding C object CMakeFiles/hdl_localization__rosidl_typesupport_c__pyext.dir/rosidl_generator_py/hdl_localization/_hdl_localization_s.ep.rosidl_typesupport_c.c.o[0m
[78.680s] [01m[Kcc1:[m[K [01;35m[Kwarning: [m[Kcommand line option ‘[01m[K-std=c++14[m[K’ is valid for C++/ObjC++ but not for C
[78.683s] [ 85%] [32mBuilding C object CMakeFiles/hdl_localization__rosidl_typesupport_introspection_c__pyext.dir/rosidl_generator_py/hdl_localization/_hdl_localization_s.ep.rosidl_typesupport_introspection_c.c.o[0m
[78.702s] [ 88%] [32mBuilding C object CMakeFiles/hdl_localization__rosidl_typesupport_fastrtps_c__pyext.dir/rosidl_generator_py/hdl_localization/_hdl_localization_s.ep.rosidl_typesupport_fastrtps_c.c.o[0m
[78.725s] [01m[Kcc1:[m[K [01;35m[Kwarning: [m[Kcommand line option ‘[01m[K-std=c++14[m[K’ is valid for C++/ObjC++ but not for C
[78.754s] [01m[Kcc1:[m[K [01;35m[Kwarning: [m[Kcommand line option ‘[01m[K-std=c++14[m[K’ is valid for C++/ObjC++ but not for C
[79.405s] [ 91%] [32m[1mLinking C shared library rosidl_generator_py/hdl_localization/hdl_localization_s__rosidl_typesupport_c.cpython-38-aarch64-linux-gnu.so[0m
[79.508s] [ 94%] [32m[1mLinking C shared library rosidl_generator_py/hdl_localization/hdl_localization_s__rosidl_typesupport_introspection_c.cpython-38-aarch64-linux-gnu.so[0m
[79.668s] [ 97%] [32m[1mLinking CXX shared library rosidl_generator_py/hdl_localization/hdl_localization_s__rosidl_typesupport_fastrtps_c.cpython-38-aarch64-linux-gnu.so[0m
[79.724s] [ 97%] Built target hdl_localization__rosidl_typesupport_c__pyext
[79.807s] [ 97%] Built target hdl_localization__rosidl_typesupport_introspection_c__pyext
[80.212s] [ 97%] Built target hdl_localization__rosidl_typesupport_fastrtps_c__pyext
[119.815s] In file included from [01m[K/home/ysc/lite_cog_ros2/nav/src/hdl_localization/apps/hdl_localization_composition.cpp:2[m[K:
[119.816s] [01m[K/home/ysc/lite_cog_ros2/nav/src/hdl_localization/apps/./hdl_localization_app.hpp:[m[K In member function ‘[01m[Kbool hdl_localization::HdlLocalizationApp::GetClosestImuData(const rclcpp::Time&, sensor_msgs::msg::Imu_<std::allocator<void> >::SharedPtr&)[m[K’:
[119.817s] [01m[K/home/ysc/lite_cog_ros2/nav/src/hdl_localization/apps/./hdl_localization_app.hpp:372:26:[m[K [01;35m[Kwarning: [m[Kcomparison of integer expressions of different signedness: ‘[01m[Kint[m[K’ and ‘[01m[Kstd::deque<std::shared_ptr<sensor_msgs::msg::Imu_<std::allocator<void> > > >::size_type[m[K’ {aka ‘[01m[Klong unsigned int[m[K’} [[01;35m[K-Wsign-compare[m[K]
[119.818s]   372 |         for(int i = 0; [01;35m[Ki < imu_data_buffer_.size()[m[K; i++){
[119.819s]       |                        [01;35m[K~~^~~~~~~~~~~~~~~~~~~~~~~~~[m[K
[120.158s] [01m[K/home/ysc/lite_cog_ros2/nav/src/hdl_localization/apps/./hdl_localization_app.hpp:[m[K In member function ‘[01m[Kbool hdl_localization::HdlLocalizationApp::Relocalize(std::shared_ptr<rmw_request_id_t>, std::shared_ptr<std_srvs::srv::Empty_Request_<std::allocator<void> > >, std::shared_ptr<std_srvs::srv::Empty_Response_<std::allocator<void> > >)[m[K’:
[120.158s] [01m[K/home/ysc/lite_cog_ros2/nav/src/hdl_localization/apps/./hdl_localization_app.hpp:566:56:[m[K [01;35m[Kwarning: [m[Kunused parameter ‘[01m[Kreq[m[K’ [[01;35m[K-Wunused-parameter[m[K]
[120.159s]   566 |         [01;35m[Kstd::shared_ptr<std_srvs::srv::Empty::Request> req[m[K,
[120.159s]       |         [01;35m[K~~~~~~~~~~~~~~~~~~~~~~~~~~~~~~~~~~~~~~~~~~~~~~~^~~[m[K
[120.160s] [01m[K/home/ysc/lite_cog_ros2/nav/src/hdl_localization/apps/./hdl_localization_app.hpp:567:57:[m[K [01;35m[Kwarning: [m[Kunused parameter ‘[01m[Kres[m[K’ [[01;35m[K-Wunused-parameter[m[K]
[120.160s]   567 |         [01;35m[Kstd::shared_ptr<std_srvs::srv::Empty::Response> res[m[K)
[120.161s]       |         [01;35m[K~~~~~~~~~~~~~~~~~~~~~~~~~~~~~~~~~~~~~~~~~~~~~~~~^~~[m[K
[120.439s] [01m[K/home/ysc/lite_cog_ros2/nav/src/hdl_localization/apps/./hdl_localization_app.hpp:[m[K In member function ‘[01m[Kvoid hdl_localization::HdlLocalizationApp::TimerCallback()[m[K’:
[120.439s] [01m[K/home/ysc/lite_cog_ros2/nav/src/hdl_localization/apps/./hdl_localization_app.hpp:812:27:[m[K [01;35m[Kwarning: [m[Kcomparison of integer expressions of different signedness: ‘[01m[Kint[m[K’ and ‘[01m[Kstd::deque<double>::size_type[m[K’ {aka ‘[01m[Klong unsigned int[m[K’} [[01;35m[K-Wsign-compare[m[K]
[120.440s]   812 |             for(int i=0; [01;35m[Ki<ms_deque_.size()[m[K; i++){
[120.441s]       |                          [01;35m[K~^~~~~~~~~~~~~~~~~[m[K
[213.808s] [01m[K/home/ysc/lite_cog_ros2/nav/src/hdl_localization/apps/./hdl_localization_app.hpp:815:24:[m[K [01;35m[Kwarning: [m[K‘[01m[Ktotal_ms[m[K’ may be used uninitialized in this function [[01;35m[K-Wmaybe-uninitialized[m[K]
[213.809s]   815 |             [01;35m[Kaverage_ms = total_ms / ms_deque_.size()[m[K;
[213.809s]       |             [01;35m[K~~~~~~~~~~~^~~~~~~~~~~~~~~~~~~~~~~~~~~~~[m[K
[267.361s] [100%] [32m[1mLinking CXX executable hdl_localization_composition[0m
[278.338s] [100%] Built target hdl_localization_composition
[278.501s] Invoked command in '/home/ysc/lite_cog_ros2/nav/build/hdl_localization' returned '0': AMENT_PREFIX_PATH=/home/ysc/lite_cog_ros2/nav/install/hdl_global_localization:${AMENT_PREFIX_PATH} CMAKE_PREFIX_PATH=/home/ysc/lite_cog_ros2/nav/install/hdl_global_localization:/home/ysc/lite_cog_ros2/fast_gicp/install/fast_gicp:/home/ysc/lite_cog_ros2/ndt_omp/install/ndt_omp:/opt/ros/foxy LD_LIBRARY_PATH=/home/ysc/lite_cog_ros2/nav/install/hdl_global_localization/lib:/home/ysc/lite_cog_ros2/fast_gicp/install/fast_gicp/lib:/home/ysc/lite_cog_ros2/ndt_omp/install/ndt_omp/lib:/usr/local/cuda-11.4/lib64:/usr/lib/aarch64-linux-gnu/gazebo-11/plugins:/opt/ros/foxy/opt/yaml_cpp_vendor/lib:/opt/ros/foxy/opt/rviz_ogre_vendor/lib:/opt/ros/foxy/lib/aarch64-linux-gnu:/opt/ros/foxy/lib:/usr/local/cuda-11.4/lib64 PYTHONPATH=/home/ysc/lite_cog_ros2/nav/install/hdl_global_localization/lib/python3.8/site-packages:${PYTHONPATH} /usr/bin/cmake --build /home/ysc/lite_cog_ros2/nav/build/hdl_localization -- -j6 -l6
[279.257s] Invoking command in '/home/ysc/lite_cog_ros2/nav/build/hdl_localization': AMENT_PREFIX_PATH=/home/ysc/lite_cog_ros2/nav/install/hdl_global_localization:${AMENT_PREFIX_PATH} CMAKE_PREFIX_PATH=/home/ysc/lite_cog_ros2/nav/install/hdl_global_localization:/home/ysc/lite_cog_ros2/fast_gicp/install/fast_gicp:/home/ysc/lite_cog_ros2/ndt_omp/install/ndt_omp:/opt/ros/foxy LD_LIBRARY_PATH=/home/ysc/lite_cog_ros2/nav/install/hdl_global_localization/lib:/home/ysc/lite_cog_ros2/fast_gicp/install/fast_gicp/lib:/home/ysc/lite_cog_ros2/ndt_omp/install/ndt_omp/lib:/usr/local/cuda-11.4/lib64:/usr/lib/aarch64-linux-gnu/gazebo-11/plugins:/opt/ros/foxy/opt/yaml_cpp_vendor/lib:/opt/ros/foxy/opt/rviz_ogre_vendor/lib:/opt/ros/foxy/lib/aarch64-linux-gnu:/opt/ros/foxy/lib:/usr/local/cuda-11.4/lib64 PYTHONPATH=/home/ysc/lite_cog_ros2/nav/install/hdl_global_localization/lib/python3.8/site-packages:${PYTHONPATH} /usr/bin/cmake --install /home/ysc/lite_cog_ros2/nav/build/hdl_localization
[279.264s] -- Install configuration: "RELEASE"
[279.265s] -- Execute custom install script
[279.266s] -- Symlinking: /home/ysc/lite_cog_ros2/nav/install/hdl_localization/share/ament_index/resource_index/rosidl_interfaces/hdl_localization
[279.310s] -- Symlinking: /home/ysc/lite_cog_ros2/nav/install/hdl_localization/include/hdl_localization/msg/detail/scan_matching_status__functions.h
[279.382s] -- Symlinking: /home/ysc/lite_cog_ros2/nav/install/hdl_localization/include/hdl_localization/msg/detail/scan_matching_status__struct.h
[279.445s] -- Symlinking: /home/ysc/lite_cog_ros2/nav/install/hdl_localization/include/hdl_localization/msg/detail/scan_matching_status__type_support.h
[279.506s] -- Symlinking: /home/ysc/lite_cog_ros2/nav/install/hdl_localization/include/hdl_localization/msg/rosidl_generator_c__visibility_control.h
[279.573s] -- Symlinking: /home/ysc/lite_cog_ros2/nav/install/hdl_localization/include/hdl_localization/msg/scan_matching_status.h
[279.634s] -- Symlinking: /home/ysc/lite_cog_ros2/nav/install/hdl_localization/share/hdl_localization/environment/library_path.sh
[279.692s] -- Symlinking: /home/ysc/lite_cog_ros2/nav/install/hdl_localization/share/hdl_localization/environment/library_path.dsv
[279.765s] -- Symlinking: /home/ysc/lite_cog_ros2/nav/install/hdl_localization/include/hdl_localization/msg/detail/scan_matching_status__rosidl_typesupport_fastrtps_c.h
[279.825s] -- Symlinking: /home/ysc/lite_cog_ros2/nav/install/hdl_localization/include/hdl_localization/msg/rosidl_typesupport_fastrtps_c__visibility_control.h
[279.901s] -- Symlinking: /home/ysc/lite_cog_ros2/nav/install/hdl_localization/lib/libhdl_localization__rosidl_typesupport_fastrtps_c.so
[279.970s] -- Symlinking: /home/ysc/lite_cog_ros2/nav/install/hdl_localization/include/hdl_localization/msg/detail/scan_matching_status__rosidl_typesupport_fastrtps_cpp.hpp
[280.024s] -- Symlinking: /home/ysc/lite_cog_ros2/nav/install/hdl_localization/include/hdl_localization/msg/rosidl_typesupport_fastrtps_cpp__visibility_control.h
[280.078s] -- Symlinking: /home/ysc/lite_cog_ros2/nav/install/hdl_localization/lib/libhdl_localization__rosidl_typesupport_fastrtps_cpp.so
[280.148s] -- Symlinking: /home/ysc/lite_cog_ros2/nav/install/hdl_localization/include/hdl_localization/msg/detail/scan_matching_status__rosidl_typesupport_introspection_c.h
[280.215s] -- Symlinking: /home/ysc/lite_cog_ros2/nav/install/hdl_localization/include/hdl_localization/msg/rosidl_typesupport_introspection_c__visibility_control.h
[280.284s] -- Symlinking: /home/ysc/lite_cog_ros2/nav/install/hdl_localization/include/hdl_localization/msg/detail/scan_matching_status__builder.hpp
[280.341s] -- Symlinking: /home/ysc/lite_cog_ros2/nav/install/hdl_localization/include/hdl_localization/msg/detail/scan_matching_status__struct.hpp
[280.414s] -- Symlinking: /home/ysc/lite_cog_ros2/nav/install/hdl_localization/include/hdl_localization/msg/detail/scan_matching_status__traits.hpp
[280.466s] -- Symlinking: /home/ysc/lite_cog_ros2/nav/install/hdl_localization/include/hdl_localization/msg/detail/scan_matching_status__type_support.hpp
[280.528s] -- Symlinking: /home/ysc/lite_cog_ros2/nav/install/hdl_localization/include/hdl_localization/msg/rosidl_generator_cpp__visibility_control.hpp
[280.589s] -- Symlinking: /home/ysc/lite_cog_ros2/nav/install/hdl_localization/include/hdl_localization/msg/scan_matching_status.hpp
[280.667s] -- Symlinking: /home/ysc/lite_cog_ros2/nav/install/hdl_localization/include/hdl_localization/msg/detail/scan_matching_status__rosidl_typesupport_introspection_cpp.hpp
[280.729s] -- Symlinking: /home/ysc/lite_cog_ros2/nav/install/hdl_localization/share/hdl_localization/environment/pythonpath.sh
[280.785s] -- Symlinking: /home/ysc/lite_cog_ros2/nav/install/hdl_localization/share/hdl_localization/environment/pythonpath.dsv
[280.846s] -- Symlinking: /home/ysc/lite_cog_ros2/nav/install/hdl_localization/lib/python3.8/site-packages/hdl_localization/__init__.py
[280.919s] -- Symlinking: /home/ysc/lite_cog_ros2/nav/install/hdl_localization/lib/python3.8/site-packages/hdl_localization/msg/__init__.py
[280.977s] -- Symlinking: /home/ysc/lite_cog_ros2/nav/install/hdl_localization/lib/python3.8/site-packages/hdl_localization/msg/_scan_matching_status.py
[281.039s] -- Symlinking: /home/ysc/lite_cog_ros2/nav/install/hdl_localization/lib/python3.8/site-packages/hdl_localization/hdl_localization_s__rosidl_typesupport_fastrtps_c.cpython-38-aarch64-linux-gnu.so
[281.109s] -- Symlinking: /home/ysc/lite_cog_ros2/nav/install/hdl_localization/lib/python3.8/site-packages/hdl_localization/hdl_localization_s__rosidl_typesupport_introspection_c.cpython-38-aarch64-linux-gnu.so
[281.181s] -- Symlinking: /home/ysc/lite_cog_ros2/nav/install/hdl_localization/lib/python3.8/site-packages/hdl_localization/hdl_localization_s__rosidl_typesupport_c.cpython-38-aarch64-linux-gnu.so
[281.251s] -- Symlinking: /home/ysc/lite_cog_ros2/nav/install/hdl_localization/lib/libhdl_localization__python.so
[281.322s] -- Symlinking: /home/ysc/lite_cog_ros2/nav/install/hdl_localization/share/hdl_localization/msg/ScanMatchingStatus.idl
[281.378s] -- Symlinking: /home/ysc/lite_cog_ros2/nav/install/hdl_localization/share/hdl_localization/msg/ScanMatchingStatus.msg
[281.446s] -- Symlinking: /home/ysc/lite_cog_ros2/nav/install/hdl_localization/lib/hdl_localization/hdl_localization_composition
[281.510s] -- Symlinking: /home/ysc/lite_cog_ros2/nav/install/hdl_localization/share/hdl_localization/launch/__pycache__/lite_localization.launch.cpython-38.pyc
[281.569s] -- Symlinking: /home/ysc/lite_cog_ros2/nav/install/hdl_localization/share/hdl_localization/launch/lite_localization.launch.py
[281.635s] -- Symlinking: /home/ysc/lite_cog_ros2/nav/install/hdl_localization/include/hdl_localization/delta_estimater.hpp
[281.692s] -- Symlinking: /home/ysc/lite_cog_ros2/nav/install/hdl_localization/include/hdl_localization/odom_system.hpp
[281.770s] -- Symlinking: /home/ysc/lite_cog_ros2/nav/install/hdl_localization/include/hdl_localization/pose_estimator.hpp
[281.830s] -- Symlinking: /home/ysc/lite_cog_ros2/nav/install/hdl_localization/include/hdl_localization/pose_system.hpp
[281.890s] -- Symlinking: /home/ysc/lite_cog_ros2/nav/install/hdl_localization/include/kkl/alg/unscented_kalman_filter.hpp
[281.972s] -- Up-to-date symlink: /home/ysc/lite_cog_ros2/nav/install/hdl_localization/lib/hdl_localization/hdl_localization_composition
[281.975s] -- Symlinking: /home/ysc/lite_cog_ros2/nav/install/hdl_localization/share/ament_index/resource_index/package_run_dependencies/hdl_localization
[282.039s] -- Symlinking: /home/ysc/lite_cog_ros2/nav/install/hdl_localization/share/ament_index/resource_index/parent_prefix_path/hdl_localization
[282.102s] -- Symlinking: /home/ysc/lite_cog_ros2/nav/install/hdl_localization/share/hdl_localization/environment/ament_prefix_path.sh
[282.163s] -- Symlinking: /home/ysc/lite_cog_ros2/nav/install/hdl_localization/share/hdl_localization/environment/ament_prefix_path.dsv
[282.241s] -- Symlinking: /home/ysc/lite_cog_ros2/nav/install/hdl_localization/share/hdl_localization/environment/path.sh
[282.294s] -- Symlinking: /home/ysc/lite_cog_ros2/nav/install/hdl_localization/share/hdl_localization/environment/path.dsv
[282.363s] -- Symlinking: /home/ysc/lite_cog_ros2/nav/install/hdl_localization/share/hdl_localization/local_setup.bash
[282.425s] -- Symlinking: /home/ysc/lite_cog_ros2/nav/install/hdl_localization/share/hdl_localization/local_setup.sh
[282.486s] -- Symlinking: /home/ysc/lite_cog_ros2/nav/install/hdl_localization/share/hdl_localization/local_setup.zsh
[282.549s] -- Symlinking: /home/ysc/lite_cog_ros2/nav/install/hdl_localization/share/hdl_localization/local_setup.dsv
[282.611s] -- Symlinking: /home/ysc/lite_cog_ros2/nav/install/hdl_localization/share/hdl_localization/package.dsv
[282.680s] -- Symlinking: /home/ysc/lite_cog_ros2/nav/install/hdl_localization/share/ament_index/resource_index/packages/hdl_localization
[282.739s] -- Symlinking: /home/ysc/lite_cog_ros2/nav/install/hdl_localization/share/hdl_localization/cmake/rosidl_cmake-extras.cmake
[282.797s] -- Symlinking: /home/ysc/lite_cog_ros2/nav/install/hdl_localization/share/hdl_localization/cmake/ament_cmake_export_dependencies-extras.cmake
[282.861s] -- Symlinking: /home/ysc/lite_cog_ros2/nav/install/hdl_localization/share/hdl_localization/cmake/ament_cmake_export_libraries-extras.cmake
[282.931s] -- Symlinking: /home/ysc/lite_cog_ros2/nav/install/hdl_localization/share/hdl_localization/cmake/ament_cmake_export_targets-extras.cmake
[282.998s] -- Symlinking: /home/ysc/lite_cog_ros2/nav/install/hdl_localization/share/hdl_localization/cmake/ament_cmake_export_include_directories-extras.cmake
[283.061s] -- Symlinking: /home/ysc/lite_cog_ros2/nav/install/hdl_localization/share/hdl_localization/cmake/rosidl_cmake_export_typesupport_libraries-extras.cmake
[283.119s] -- Symlinking: /home/ysc/lite_cog_ros2/nav/install/hdl_localization/share/hdl_localization/cmake/rosidl_cmake_export_typesupport_targets-extras.cmake
[283.186s] -- Symlinking: /home/ysc/lite_cog_ros2/nav/install/hdl_localization/share/hdl_localization/cmake/hdl_localizationConfig.cmake
[283.253s] -- Symlinking: /home/ysc/lite_cog_ros2/nav/install/hdl_localization/share/hdl_localization/cmake/hdl_localizationConfig-version.cmake
[283.307s] -- Symlinking: /home/ysc/lite_cog_ros2/nav/install/hdl_localization/share/hdl_localization/package.xml
[283.365s] -- Installing: /home/ysc/lite_cog_ros2/nav/install/hdl_localization/lib/libhdl_localization__rosidl_generator_c.so
[283.379s] -- Set runtime path of "/home/ysc/lite_cog_ros2/nav/install/hdl_localization/lib/libhdl_localization__rosidl_generator_c.so" to ""
[283.381s] -- Installing: /home/ysc/lite_cog_ros2/nav/install/hdl_localization/lib/libhdl_localization__rosidl_typesupport_introspection_c.so
[283.383s] -- Set runtime path of "/home/ysc/lite_cog_ros2/nav/install/hdl_localization/lib/libhdl_localization__rosidl_typesupport_introspection_c.so" to ""
[283.383s] -- Installing: /home/ysc/lite_cog_ros2/nav/install/hdl_localization/lib/libhdl_localization__rosidl_typesupport_c.so
[283.386s] -- Set runtime path of "/home/ysc/lite_cog_ros2/nav/install/hdl_localization/lib/libhdl_localization__rosidl_typesupport_c.so" to ""
[283.387s] -- Installing: /home/ysc/lite_cog_ros2/nav/install/hdl_localization/lib/libhdl_localization__rosidl_typesupport_introspection_cpp.so
[283.390s] -- Set runtime path of "/home/ysc/lite_cog_ros2/nav/install/hdl_localization/lib/libhdl_localization__rosidl_typesupport_introspection_cpp.so" to ""
[283.391s] -- Installing: /home/ysc/lite_cog_ros2/nav/install/hdl_localization/lib/libhdl_localization__rosidl_typesupport_cpp.so
[283.394s] -- Set runtime path of "/home/ysc/lite_cog_ros2/nav/install/hdl_localization/lib/libhdl_localization__rosidl_typesupport_cpp.so" to ""
[283.725s] Compiling '/home/ysc/lite_cog_ros2/nav/install/hdl_localization/lib/python3.8/site-packages/hdl_localization/__init__.py'...
[283.915s] -- Installing: /home/ysc/lite_cog_ros2/nav/install/hdl_localization/share/hdl_localization/cmake/hdl_localization__rosidl_generator_cExport.cmake
[283.917s] -- Installing: /home/ysc/lite_cog_ros2/nav/install/hdl_localization/share/hdl_localization/cmake/hdl_localization__rosidl_generator_cExport-release.cmake
[283.919s] -- Installing: /home/ysc/lite_cog_ros2/nav/install/hdl_localization/share/hdl_localization/cmake/hdl_localization__rosidl_typesupport_introspection_cExport.cmake
[283.920s] -- Installing: /home/ysc/lite_cog_ros2/nav/install/hdl_localization/share/hdl_localization/cmake/hdl_localization__rosidl_typesupport_introspection_cExport-release.cmake
[283.922s] -- Installing: /home/ysc/lite_cog_ros2/nav/install/hdl_localization/share/hdl_localization/cmake/hdl_localization__rosidl_typesupport_cExport.cmake
[283.924s] -- Installing: /home/ysc/lite_cog_ros2/nav/install/hdl_localization/share/hdl_localization/cmake/hdl_localization__rosidl_typesupport_cExport-release.cmake
[283.926s] -- Installing: /home/ysc/lite_cog_ros2/nav/install/hdl_localization/share/hdl_localization/cmake/hdl_localization__rosidl_generator_cppExport.cmake
[283.928s] -- Installing: /home/ysc/lite_cog_ros2/nav/install/hdl_localization/share/hdl_localization/cmake/hdl_localization__rosidl_typesupport_introspection_cppExport.cmake
[283.930s] -- Installing: /home/ysc/lite_cog_ros2/nav/install/hdl_localization/share/hdl_localization/cmake/hdl_localization__rosidl_typesupport_introspection_cppExport-release.cmake
[283.931s] -- Installing: /home/ysc/lite_cog_ros2/nav/install/hdl_localization/share/hdl_localization/cmake/hdl_localization__rosidl_typesupport_cppExport.cmake
[283.933s] -- Installing: /home/ysc/lite_cog_ros2/nav/install/hdl_localization/share/hdl_localization/cmake/hdl_localization__rosidl_typesupport_cppExport-release.cmake
[283.951s] Invoked command in '/home/ysc/lite_cog_ros2/nav/build/hdl_localization' returned '0': AMENT_PREFIX_PATH=/home/ysc/lite_cog_ros2/nav/install/hdl_global_localization:${AMENT_PREFIX_PATH} CMAKE_PREFIX_PATH=/home/ysc/lite_cog_ros2/nav/install/hdl_global_localization:/home/ysc/lite_cog_ros2/fast_gicp/install/fast_gicp:/home/ysc/lite_cog_ros2/ndt_omp/install/ndt_omp:/opt/ros/foxy LD_LIBRARY_PATH=/home/ysc/lite_cog_ros2/nav/install/hdl_global_localization/lib:/home/ysc/lite_cog_ros2/fast_gicp/install/fast_gicp/lib:/home/ysc/lite_cog_ros2/ndt_omp/install/ndt_omp/lib:/usr/local/cuda-11.4/lib64:/usr/lib/aarch64-linux-gnu/gazebo-11/plugins:/opt/ros/foxy/opt/yaml_cpp_vendor/lib:/opt/ros/foxy/opt/rviz_ogre_vendor/lib:/opt/ros/foxy/lib/aarch64-linux-gnu:/opt/ros/foxy/lib:/usr/local/cuda-11.4/lib64 PYTHONPATH=/home/ysc/lite_cog_ros2/nav/install/hdl_global_localization/lib/python3.8/site-packages:${PYTHONPATH} /usr/bin/cmake --install /home/ysc/lite_cog_ros2/nav/build/hdl_localization
