[8.634s] Invoking command in '/home/ysc/lite_cog_ros2/nav/src/narrow_passage_controller': PYTHONPATH=/home/ysc/lite_cog_ros2/nav/src/narrow_passage_controller/build/narrow_passage_controller/prefix_override:/home/ysc/lite_cog_ros2/nav/src/narrow_passage_controller/install/narrow_passage_controller/lib/python3.8/site-packages:${PYTHONPATH} /usr/bin/python3 -W ignore:setup.py install is deprecated setup.py egg_info --egg-base build/narrow_passage_controller build --build-base /home/ysc/lite_cog_ros2/nav/src/narrow_passage_controller/build/narrow_passage_controller/build install --record /home/ysc/lite_cog_ros2/nav/src/narrow_passage_controller/build/narrow_passage_controller/install.log --install-scripts $base/lib/narrow_passage_controller --single-version-externally-managed install_data
[10.166s] running egg_info
[10.170s] writing build/narrow_passage_controller/narrow_passage_controller.egg-info/PKG-INFO
[10.318s] writing dependency_links to build/narrow_passage_controller/narrow_passage_controller.egg-info/dependency_links.txt
[10.319s] writing entry points to build/narrow_passage_controller/narrow_passage_controller.egg-info/entry_points.txt
[10.320s] writing requirements to build/narrow_passage_controller/narrow_passage_controller.egg-info/requires.txt
[10.321s] writing top-level names to build/narrow_passage_controller/narrow_passage_controller.egg-info/top_level.txt
[10.530s] reading manifest file 'build/narrow_passage_controller/narrow_passage_controller.egg-info/SOURCES.txt'
[10.679s] writing manifest file 'build/narrow_passage_controller/narrow_passage_controller.egg-info/SOURCES.txt'
[10.680s] running build
[10.681s] running build_py
[10.683s] copying narrow_passage_controller/depth_narrow_passage_node.py -> /home/ysc/lite_cog_ros2/nav/src/narrow_passage_controller/build/narrow_passage_controller/build/lib/narrow_passage_controller
[10.685s] running install
[10.691s] running install_lib
[10.849s] copying /home/ysc/lite_cog_ros2/nav/src/narrow_passage_controller/build/narrow_passage_controller/build/lib/narrow_passage_controller/depth_narrow_passage_node.py -> /home/ysc/lite_cog_ros2/nav/src/narrow_passage_controller/install/narrow_passage_controller/lib/python3.8/site-packages/narrow_passage_controller
[10.853s] byte-compiling /home/ysc/lite_cog_ros2/nav/src/narrow_passage_controller/install/narrow_passage_controller/lib/python3.8/site-packages/narrow_passage_controller/depth_narrow_passage_node.py to depth_narrow_passage_node.cpython-38.pyc
[10.871s] running install_data
[11.013s] running install_egg_info
[11.024s] removing '/home/ysc/lite_cog_ros2/nav/src/narrow_passage_controller/install/narrow_passage_controller/lib/python3.8/site-packages/narrow_passage_controller-0.0.0-py3.8.egg-info' (and everything under it)
[11.026s] Copying build/narrow_passage_controller/narrow_passage_controller.egg-info to /home/ysc/lite_cog_ros2/nav/src/narrow_passage_controller/install/narrow_passage_controller/lib/python3.8/site-packages/narrow_passage_controller-0.0.0-py3.8.egg-info
[11.174s] running install_scripts
[11.266s] Installing depth_narrow_passage_node script to /home/ysc/lite_cog_ros2/nav/src/narrow_passage_controller/install/narrow_passage_controller/lib/narrow_passage_controller
[11.411s] writing list of installed files to '/home/ysc/lite_cog_ros2/nav/src/narrow_passage_controller/build/narrow_passage_controller/install.log'
[11.529s] Invoked command in '/home/ysc/lite_cog_ros2/nav/src/narrow_passage_controller' returned '0': PYTHONPATH=/home/ysc/lite_cog_ros2/nav/src/narrow_passage_controller/build/narrow_passage_controller/prefix_override:/home/ysc/lite_cog_ros2/nav/src/narrow_passage_controller/install/narrow_passage_controller/lib/python3.8/site-packages:${PYTHONPATH} /usr/bin/python3 -W ignore:setup.py install is deprecated setup.py egg_info --egg-base build/narrow_passage_controller build --build-base /home/ysc/lite_cog_ros2/nav/src/narrow_passage_controller/build/narrow_passage_controller/build install --record /home/ysc/lite_cog_ros2/nav/src/narrow_passage_controller/build/narrow_passage_controller/install.log --install-scripts $base/lib/narrow_passage_controller --single-version-externally-managed install_data
