running egg_info
creating ../build/late_fusion/late_fusion.egg-info
writing ../build/late_fusion/late_fusion.egg-info/PKG-INFO
writing dependency_links to ../build/late_fusion/late_fusion.egg-info/dependency_links.txt
writing entry points to ../build/late_fusion/late_fusion.egg-info/entry_points.txt
writing requirements to ../build/late_fusion/late_fusion.egg-info/requires.txt
writing top-level names to ../build/late_fusion/late_fusion.egg-info/top_level.txt
writing manifest file '../build/late_fusion/late_fusion.egg-info/SOURCES.txt'
reading manifest file '../build/late_fusion/late_fusion.egg-info/SOURCES.txt'
writing manifest file '../build/late_fusion/late_fusion.egg-info/SOURCES.txt'
running build
running build_py
creating /home/ysc/lite_cog_ros2/nav/src/build/late_fusion/build
creating /home/ysc/lite_cog_ros2/nav/src/build/late_fusion/build/lib
creating /home/ysc/lite_cog_ros2/nav/src/build/late_fusion/build/lib/late_fusion
copying late_fusion/__init__.py -> /home/ysc/lite_cog_ros2/nav/src/build/late_fusion/build/lib/late_fusion
copying late_fusion/late_fusion_node.py -> /home/ysc/lite_cog_ros2/nav/src/build/late_fusion/build/lib/late_fusion
running install
running install_lib
creating /home/ysc/lite_cog_ros2/nav/src/install/late_fusion/lib/python3.8/site-packages/late_fusion
copying /home/ysc/lite_cog_ros2/nav/src/build/late_fusion/build/lib/late_fusion/__init__.py -> /home/ysc/lite_cog_ros2/nav/src/install/late_fusion/lib/python3.8/site-packages/late_fusion
copying /home/ysc/lite_cog_ros2/nav/src/build/late_fusion/build/lib/late_fusion/late_fusion_node.py -> /home/ysc/lite_cog_ros2/nav/src/install/late_fusion/lib/python3.8/site-packages/late_fusion
byte-compiling /home/ysc/lite_cog_ros2/nav/src/install/late_fusion/lib/python3.8/site-packages/late_fusion/__init__.py to __init__.cpython-38.pyc
byte-compiling /home/ysc/lite_cog_ros2/nav/src/install/late_fusion/lib/python3.8/site-packages/late_fusion/late_fusion_node.py to late_fusion_node.cpython-38.pyc
running install_data
creating /home/ysc/lite_cog_ros2/nav/src/install/late_fusion/share/ament_index
creating /home/ysc/lite_cog_ros2/nav/src/install/late_fusion/share/ament_index/resource_index
creating /home/ysc/lite_cog_ros2/nav/src/install/late_fusion/share/ament_index/resource_index/packages
copying resource/late_fusion -> /home/ysc/lite_cog_ros2/nav/src/install/late_fusion/share/ament_index/resource_index/packages
copying package.xml -> /home/ysc/lite_cog_ros2/nav/src/install/late_fusion/share/late_fusion
running install_egg_info
Copying ../build/late_fusion/late_fusion.egg-info to /home/ysc/lite_cog_ros2/nav/src/install/late_fusion/lib/python3.8/site-packages/late_fusion-0.0.1-py3.8.egg-info
running install_scripts
Installing fusion_node script to /home/ysc/lite_cog_ros2/nav/src/install/late_fusion/lib/late_fusion
writing list of installed files to '/home/ysc/lite_cog_ros2/nav/src/build/late_fusion/install.log'
