[0.101s] Invoking command in '/home/ysc/lite_cog_ros2/nav/build/hdl_localization': AMENT_PREFIX_PATH=/home/ysc/lite_cog_ros2/nav/install/hdl_global_localization:${AMENT_PREFIX_PATH} CMAKE_PREFIX_PATH=/home/ysc/lite_cog_ros2/nav/install/hdl_global_localization:/opt/ros/foxy LD_LIBRARY_PATH=/home/ysc/lite_cog_ros2/nav/install/hdl_global_localization/lib:/usr/lib/aarch64-linux-gnu/gazebo-11/plugins:/opt/ros/foxy/opt/yaml_cpp_vendor/lib:/opt/ros/foxy/opt/rviz_ogre_vendor/lib:/opt/ros/foxy/lib/aarch64-linux-gnu:/opt/ros/foxy/lib:/usr/local/cuda-11.4/lib64 PYTHONPATH=/home/ysc/lite_cog_ros2/nav/install/hdl_global_localization/lib/python3.8/site-packages:${PYTHONPATH} /usr/bin/cmake /home/ysc/lite_cog_ros2/nav/src/hdl_localization -DAMENT_CMAKE_SYMLINK_INSTALL=1 -DCMAKE_INSTALL_PREFIX=/home/ysc/lite_cog_ros2/nav/install/hdl_localization
[2.045s] -- The C compiler identification is GNU 9.4.0
[3.350s] -- The CXX compiler identification is GNU 9.4.0
[3.548s] -- Check for working C compiler: /usr/bin/cc
[4.135s] -- Check for working C compiler: /usr/bin/cc -- works
[4.313s] -- Detecting C compiler ABI info
[5.154s] -- Detecting C compiler ABI info - done
[5.390s] -- Detecting C compile features
[5.392s] -- Detecting C compile features - done
[5.412s] -- Check for working CXX compiler: /usr/bin/c++
[6.063s] -- Check for working CXX compiler: /usr/bin/c++ -- works
[6.072s] -- Detecting CXX compiler ABI info
[6.757s] -- Detecting CXX compiler ABI info - done
[6.841s] -- Detecting CXX compile features
[6.844s] -- Detecting CXX compile features - done
[6.999s] -- Found ament_cmake_auto: 0.9.12 (/opt/ros/foxy/share/ament_cmake_auto/cmake)
[7.342s] -- Found PythonInterp: /usr/bin/python3 (found suitable version "3.8.10", minimum required is "3") 
[7.343s] -- Using PYTHON_EXECUTABLE: /usr/bin/python3
[8.951s] -- Override CMake install command with custom implementation using symlinks instead of copying resources
[10.058s] -- Using all available rosidl_typesupport_c: rosidl_typesupport_fastrtps_c;rosidl_typesupport_introspection_c
[10.255s] -- Found rosidl_adapter: 1.3.1 (/opt/ros/foxy/share/rosidl_adapter/cmake)
[11.970s] -- Found OpenSSL: /usr/lib/aarch64-linux-gnu/libcrypto.so (found version "1.1.1f")  
[12.157s] -- Found FastRTPS: /opt/ros/foxy/include  
[13.729s] -- Using all available rosidl_typesupport_cpp: rosidl_typesupport_fastrtps_cpp;rosidl_typesupport_introspection_cpp
[15.915s] -- Found rmw_implementation_cmake: 1.0.4 (/opt/ros/foxy/share/rmw_implementation_cmake/cmake)
[15.927s] -- Using RMW implementation 'rmw_fastrtps_cpp' as default
[15.934s] -- Looking for pthread.h
[16.563s] -- Looking for pthread.h - found
[16.565s] -- Performing Test CMAKE_HAVE_LIBC_PTHREAD
[17.307s] -- Performing Test CMAKE_HAVE_LIBC_PTHREAD - Failed
[17.308s] -- Looking for pthread_create in pthreads
[17.997s] -- Looking for pthread_create in pthreads - not found
[17.998s] -- Looking for pthread_create in pthread
[18.701s] -- Looking for pthread_create in pthread - found
[18.708s] -- Found Threads: TRUE  
[24.856s] -- Found eigen3_cmake_module: 0.1.1 (/opt/ros/foxy/share/eigen3_cmake_module/cmake)
[25.021s] -- Found Eigen3: TRUE (found version "3.3.7") 
[28.322s] -- Checking for module 'eigen3'
[28.605s] --   Found eigen3, version 3.3.7
[29.136s] -- Found Eigen: /usr/include/eigen3 (Required is at least version "3.1") 
[29.137s] -- Eigen found (include: /usr/include/eigen3, version: 3.3.7)
[30.489s] -- Checking for module 'flann'
[30.797s] --   Found flann, version 1.9.1
[31.388s] -- Found FLANN: /usr/lib/aarch64-linux-gnu/libflann_cpp.so  
[32.330s] -- The imported target "vtkParseOGLExt" references the file
[32.331s]    "/usr/bin/vtkParseOGLExt-7.1"
[32.331s] but this file does not exist.  Possible reasons include:
[32.332s] * The file was deleted, renamed, or moved to another location.
[32.333s] * An install or uninstall procedure did not complete successfully.
[32.333s] * The installation package was faulty and contained
[32.334s]    "/usr/lib/cmake/vtk-7.1/VTKTargets.cmake"
[32.334s] but not all the files it references.
[32.335s] 
[32.338s] -- The imported target "vtkRenderingPythonTkWidgets" references the file
[32.339s]    "/usr/lib/aarch64-linux-gnu/libvtkRenderingPythonTkWidgets.so"
[32.339s] but this file does not exist.  Possible reasons include:
[32.340s] * The file was deleted, renamed, or moved to another location.
[32.340s] * An install or uninstall procedure did not complete successfully.
[32.341s] * The installation package was faulty and contained
[32.341s]    "/usr/lib/cmake/vtk-7.1/VTKTargets.cmake"
[32.342s] but not all the files it references.
[32.342s] 
[32.343s] -- The imported target "vtk" references the file
[32.347s]    "/usr/bin/vtk"
[32.348s] but this file does not exist.  Possible reasons include:
[32.349s] * The file was deleted, renamed, or moved to another location.
[32.349s] * An install or uninstall procedure did not complete successfully.
[32.350s] * The installation package was faulty and contained
[32.350s]    "/usr/lib/cmake/vtk-7.1/VTKTargets.cmake"
[32.351s] but not all the files it references.
[32.351s] 
[32.351s] -- The imported target "pvtk" references the file
[32.352s]    "/usr/bin/pvtk"
[32.352s] but this file does not exist.  Possible reasons include:
[32.353s] * The file was deleted, renamed, or moved to another location.
[32.353s] * An install or uninstall procedure did not complete successfully.
[32.353s] * The installation package was faulty and contained
[32.354s]    "/usr/lib/cmake/vtk-7.1/VTKTargets.cmake"
[32.354s] but not all the files it references.
[32.355s] 
[32.646s] -- Checking for module 'libusb-1.0'
[32.930s] --   Found libusb-1.0, version 1.0.23
[33.536s] -- Found USB_10: /usr/lib/aarch64-linux-gnu/libusb-1.0.so  
[34.382s] -- OpenNI found (include: /usr/include/ni, lib: /usr/lib/libOpenNI.so)
[35.328s] -- OpenNI2 found (include: /usr/include/openni2, lib: /usr/lib/libOpenNI2.so)
[35.411s] -- Found libusb-1.0: /usr/include  
[35.454s] -- OpenNI found (include: /usr/include/ni, lib: /usr/lib/libOpenNI.so)
[35.503s] -- OpenNI2 found (include: /usr/include/openni2, lib: /usr/lib/libOpenNI2.so)
[35.809s] -- Found Qhull: optimized;/usr/lib/aarch64-linux-gnu/libqhull.so;debug;/usr/lib/aarch64-linux-gnu/libqhull.so  
[35.810s] -- QHULL found (include: /usr/include, lib: optimized;/usr/lib/aarch64-linux-gnu/libqhull.so;debug;/usr/lib/aarch64-linux-gnu/libqhull.so)
[35.853s] -- OpenNI found (include: /usr/include/ni, lib: /usr/lib/libOpenNI.so)
[35.952s] -- Found PCL_COMMON: /usr/lib/aarch64-linux-gnu/libpcl_common.so  
[35.960s] -- Found PCL_KDTREE: /usr/lib/aarch64-linux-gnu/libpcl_kdtree.so  
[35.967s] -- Found PCL_OCTREE: /usr/lib/aarch64-linux-gnu/libpcl_octree.so  
[35.974s] -- Found PCL_SEARCH: /usr/lib/aarch64-linux-gnu/libpcl_search.so  
[35.983s] -- Found PCL_SAMPLE_CONSENSUS: /usr/lib/aarch64-linux-gnu/libpcl_sample_consensus.so  
[35.997s] -- Found PCL_FILTERS: /usr/lib/aarch64-linux-gnu/libpcl_filters.so  
[36.001s] -- Found PCL_2D: /usr/include/pcl-1.10  
[36.005s] -- Found PCL_GEOMETRY: /usr/include/pcl-1.10  
[36.013s] -- Found PCL_IO: /usr/lib/aarch64-linux-gnu/libpcl_io.so  
[36.022s] -- Found PCL_FEATURES: /usr/lib/aarch64-linux-gnu/libpcl_features.so  
[36.029s] -- Found PCL_ML: /usr/lib/aarch64-linux-gnu/libpcl_ml.so  
[36.037s] -- Found PCL_SEGMENTATION: /usr/lib/aarch64-linux-gnu/libpcl_segmentation.so  
[36.050s] -- Found PCL_VISUALIZATION: /usr/lib/aarch64-linux-gnu/libpcl_visualization.so  
[36.059s] -- Found PCL_SURFACE: /usr/lib/aarch64-linux-gnu/libpcl_surface.so  
[36.067s] -- Found PCL_REGISTRATION: /usr/lib/aarch64-linux-gnu/libpcl_registration.so  
[36.076s] -- Found PCL_KEYPOINTS: /usr/lib/aarch64-linux-gnu/libpcl_keypoints.so  
[36.087s] -- Found PCL_TRACKING: /usr/lib/aarch64-linux-gnu/libpcl_tracking.so  
[36.096s] -- Found PCL_RECOGNITION: /usr/lib/aarch64-linux-gnu/libpcl_recognition.so  
[36.107s] -- Found PCL_STEREO: /usr/lib/aarch64-linux-gnu/libpcl_stereo.so  
[36.115s] -- Found PCL_APPS: /usr/lib/aarch64-linux-gnu/libpcl_apps.so  
[36.122s] -- Found PCL_IN_HAND_SCANNER: /usr/include/pcl-1.10  
[36.301s] -- Found PCL_POINT_CLOUD_EDITOR: /usr/include/pcl-1.10  
[36.310s] -- Found PCL_OUTOFCORE: /usr/lib/aarch64-linux-gnu/libpcl_outofcore.so  
[36.317s] -- Found PCL_PEOPLE: /usr/lib/aarch64-linux-gnu/libpcl_people.so  
[42.160s] -- Found OpenMP_C: -fopenmp (found version "4.5") 
[42.967s] -- Found OpenMP_CXX: -fopenmp (found version "4.5") 
[42.970s] -- Found OpenMP: TRUE (found version "4.5")  
[43.281s] -- Found PythonInterp: /usr/bin/python3 (found version "3.8.10") 
[45.108s] -- Found ament_cmake_ros: 0.9.2 (/opt/ros/foxy/share/ament_cmake_ros/cmake)
[47.401s] -- Using all available rosidl_typesupport_c: rosidl_typesupport_fastrtps_c;rosidl_typesupport_introspection_c
[48.577s] -- Using all available rosidl_typesupport_cpp: rosidl_typesupport_fastrtps_cpp;rosidl_typesupport_introspection_cpp
[48.879s] -- Found PythonInterp: /usr/bin/python3 (found suitable version "3.8.10", minimum required is "3.5") 
[49.042s] -- Found python_cmake_module: 0.8.1 (/opt/ros/foxy/share/python_cmake_module/cmake)
[49.401s] -- Found PythonLibs: /usr/lib/aarch64-linux-gnu/libpython3.8.so (found suitable version "3.8.10", minimum required is "3.5") 
[49.402s] -- Using PYTHON_EXECUTABLE: /usr/bin/python3
[49.403s] -- Using PYTHON_INCLUDE_DIRS: /usr/include/python3.8
[49.403s] -- Using PYTHON_LIBRARIES: /usr/lib/aarch64-linux-gnu/libpython3.8.so
[49.540s] -- Found PythonExtra: .so  
[51.137s] -- Configuring done
[52.708s] -- Generating done
[52.731s] -- Build files have been written to: /home/ysc/lite_cog_ros2/nav/build/hdl_localization
[52.819s] Invoked command in '/home/ysc/lite_cog_ros2/nav/build/hdl_localization' returned '0': AMENT_PREFIX_PATH=/home/ysc/lite_cog_ros2/nav/install/hdl_global_localization:${AMENT_PREFIX_PATH} CMAKE_PREFIX_PATH=/home/ysc/lite_cog_ros2/nav/install/hdl_global_localization:/opt/ros/foxy LD_LIBRARY_PATH=/home/ysc/lite_cog_ros2/nav/install/hdl_global_localization/lib:/usr/lib/aarch64-linux-gnu/gazebo-11/plugins:/opt/ros/foxy/opt/yaml_cpp_vendor/lib:/opt/ros/foxy/opt/rviz_ogre_vendor/lib:/opt/ros/foxy/lib/aarch64-linux-gnu:/opt/ros/foxy/lib:/usr/local/cuda-11.4/lib64 PYTHONPATH=/home/ysc/lite_cog_ros2/nav/install/hdl_global_localization/lib/python3.8/site-packages:${PYTHONPATH} /usr/bin/cmake /home/ysc/lite_cog_ros2/nav/src/hdl_localization -DAMENT_CMAKE_SYMLINK_INSTALL=1 -DCMAKE_INSTALL_PREFIX=/home/ysc/lite_cog_ros2/nav/install/hdl_localization
[52.841s] Invoking command in '/home/ysc/lite_cog_ros2/nav/build/hdl_localization': AMENT_PREFIX_PATH=/home/ysc/lite_cog_ros2/nav/install/hdl_global_localization:${AMENT_PREFIX_PATH} CMAKE_PREFIX_PATH=/home/ysc/lite_cog_ros2/nav/install/hdl_global_localization:/opt/ros/foxy LD_LIBRARY_PATH=/home/ysc/lite_cog_ros2/nav/install/hdl_global_localization/lib:/usr/lib/aarch64-linux-gnu/gazebo-11/plugins:/opt/ros/foxy/opt/yaml_cpp_vendor/lib:/opt/ros/foxy/opt/rviz_ogre_vendor/lib:/opt/ros/foxy/lib/aarch64-linux-gnu:/opt/ros/foxy/lib:/usr/local/cuda-11.4/lib64 PYTHONPATH=/home/ysc/lite_cog_ros2/nav/install/hdl_global_localization/lib/python3.8/site-packages:${PYTHONPATH} /usr/bin/cmake --build /home/ysc/lite_cog_ros2/nav/build/hdl_localization -- -j6 -l6
[53.108s] [35m[1mScanning dependencies of target hdl_localization__cpp[0m
[53.119s] [  2%] [34m[1mGenerating C code for ROS interfaces[0m
[53.182s] [  5%] [34m[1mGenerating C++ code for ROS interfaces[0m
[55.218s] [  5%] Built target hdl_localization__cpp
[55.274s] [35m[1mScanning dependencies of target hdl_localization__rosidl_generator_c[0m
[55.297s] [  8%] [34m[1mGenerating C++ introspection for ROS interfaces[0m
[55.303s] [ 11%] [34m[1mGenerating C++ type support dispatch for ROS interfaces[0m
[55.314s] [ 14%] [34m[1mGenerating C++ type support for eProsima Fast-RTPS[0m
[55.498s] [ 17%] [32mBuilding C object CMakeFiles/hdl_localization__rosidl_generator_c.dir/rosidl_generator_c/hdl_localization/msg/detail/scan_matching_status__functions.c.o[0m
[55.531s] [01m[Kcc1:[m[K [01;35m[Kwarning: [m[Kcommand line option ‘[01m[K-std=c++14[m[K’ is valid for C++/ObjC++ but not for C
[56.774s] [35m[1mScanning dependencies of target hdl_localization__rosidl_typesupport_cpp[0m
[56.826s] [ 20%] [32m[1mLinking C shared library libhdl_localization__rosidl_generator_c.so[0m
[56.857s] [35m[1mScanning dependencies of target hdl_localization__rosidl_typesupport_introspection_cpp[0m
[56.905s] [ 23%] [32mBuilding CXX object CMakeFiles/hdl_localization__rosidl_typesupport_cpp.dir/rosidl_typesupport_cpp/hdl_localization/msg/scan_matching_status__type_support.cpp.o[0m
[57.052s] [35m[1mScanning dependencies of target hdl_localization__rosidl_typesupport_fastrtps_cpp[0m
[57.111s] [ 26%] [32mBuilding CXX object CMakeFiles/hdl_localization__rosidl_typesupport_introspection_cpp.dir/rosidl_typesupport_introspection_cpp/hdl_localization/msg/detail/scan_matching_status__type_support.cpp.o[0m
[57.140s] [ 26%] Built target hdl_localization__rosidl_generator_c
[57.205s] [ 29%] [32mBuilding CXX object CMakeFiles/hdl_localization__rosidl_typesupport_fastrtps_cpp.dir/rosidl_typesupport_fastrtps_cpp/hdl_localization/msg/detail/dds_fastrtps/scan_matching_status__type_support.cpp.o[0m
[57.242s] [ 32%] [34m[1mGenerating C type support dispatch for ROS interfaces[0m
[57.245s] [ 35%] [34m[1mGenerating C introspection for ROS interfaces[0m
[58.644s] [35m[1mScanning dependencies of target hdl_localization__rosidl_typesupport_c[0m
[58.805s] [ 38%] [32mBuilding CXX object CMakeFiles/hdl_localization__rosidl_typesupport_c.dir/rosidl_typesupport_c/hdl_localization/msg/scan_matching_status__type_support.cpp.o[0m
[59.139s] [35m[1mScanning dependencies of target hdl_localization__rosidl_typesupport_introspection_c[0m
[59.212s] [ 41%] [32m[1mLinking CXX shared library libhdl_localization__rosidl_typesupport_c.so[0m
[59.535s] [ 44%] [32mBuilding C object CMakeFiles/hdl_localization__rosidl_typesupport_introspection_c.dir/rosidl_typesupport_introspection_c/hdl_localization/msg/detail/scan_matching_status__type_support.c.o[0m
[59.549s] [ 44%] Built target hdl_localization__rosidl_typesupport_c
[59.581s] [01m[Kcc1:[m[K [01;35m[Kwarning: [m[Kcommand line option ‘[01m[K-std=c++14[m[K’ is valid for C++/ObjC++ but not for C
[60.178s] [ 47%] [32m[1mLinking C shared library libhdl_localization__rosidl_typesupport_introspection_c.so[0m
[60.264s] [ 50%] [32m[1mLinking CXX shared library libhdl_localization__rosidl_typesupport_cpp.so[0m
[60.488s] [ 50%] Built target hdl_localization__rosidl_typesupport_introspection_c
[60.569s] [ 50%] Built target hdl_localization__rosidl_typesupport_cpp
[61.169s] [ 52%] [32m[1mLinking CXX shared library libhdl_localization__rosidl_typesupport_introspection_cpp.so[0m
[61.636s] [ 55%] [32m[1mLinking CXX shared library libhdl_localization__rosidl_typesupport_fastrtps_cpp.so[0m
[61.673s] [ 55%] Built target hdl_localization__rosidl_typesupport_introspection_cpp
[62.135s] [ 55%] Built target hdl_localization__rosidl_typesupport_fastrtps_cpp
[62.203s] [ 58%] [34m[1mGenerating C type support for eProsima Fast-RTPS[0m
[64.080s] [35m[1mScanning dependencies of target hdl_localization__rosidl_typesupport_fastrtps_c[0m
[64.498s] [ 61%] [32mBuilding CXX object CMakeFiles/hdl_localization__rosidl_typesupport_fastrtps_c.dir/rosidl_typesupport_fastrtps_c/hdl_localization/msg/detail/scan_matching_status__type_support_c.cpp.o[0m
[67.469s] [ 64%] [32m[1mLinking CXX shared library libhdl_localization__rosidl_typesupport_fastrtps_c.so[0m
[68.018s] [ 64%] Built target hdl_localization__rosidl_typesupport_fastrtps_c
[68.084s] [35m[1mScanning dependencies of target hdl_localization[0m
[68.157s] [ 64%] Built target hdl_localization
[68.225s] [35m[1mScanning dependencies of target hdl_localization__py[0m
[68.234s] [35m[1mScanning dependencies of target hdl_localization_composition[0m
[68.297s] [ 67%] [34m[1mGenerating Python code for ROS interfaces[0m
[70.067s] [ 70%] [32mBuilding CXX object CMakeFiles/hdl_localization_composition.dir/src/hdl_localization/pose_estimator.cpp.o[0m
[70.094s] [ 73%] [32mBuilding CXX object CMakeFiles/hdl_localization_composition.dir/apps/hdl_localization_composition.cpp.o[0m
[71.345s] [ 73%] Built target hdl_localization__py
[71.416s] [35m[1mScanning dependencies of target hdl_localization__python[0m
[71.917s] [ 76%] [32mBuilding C object CMakeFiles/hdl_localization__python.dir/rosidl_generator_py/hdl_localization/msg/_scan_matching_status_s.c.o[0m
[71.954s] [01m[Kcc1:[m[K [01;35m[Kwarning: [m[Kcommand line option ‘[01m[K-std=c++14[m[K’ is valid for C++/ObjC++ but not for C
[73.394s] [ 79%] [32m[1mLinking C shared library rosidl_generator_py/hdl_localization/libhdl_localization__python.so[0m
[73.711s] [ 79%] Built target hdl_localization__python
[73.798s] [35m[1mScanning dependencies of target hdl_localization__rosidl_typesupport_fastrtps_c__pyext[0m
[73.807s] [35m[1mScanning dependencies of target hdl_localization__rosidl_typesupport_c__pyext[0m
[73.816s] [35m[1mScanning dependencies of target hdl_localization__rosidl_typesupport_introspection_c__pyext[0m
[74.034s] [ 82%] [32mBuilding C object CMakeFiles/hdl_localization__rosidl_typesupport_fastrtps_c__pyext.dir/rosidl_generator_py/hdl_localization/_hdl_localization_s.ep.rosidl_typesupport_fastrtps_c.c.o[0m
[74.054s] [ 85%] [32mBuilding C object CMakeFiles/hdl_localization__rosidl_typesupport_introspection_c__pyext.dir/rosidl_generator_py/hdl_localization/_hdl_localization_s.ep.rosidl_typesupport_introspection_c.c.o[0m
[74.079s] [01m[Kcc1:[m[K [01;35m[Kwarning: [m[Kcommand line option ‘[01m[K-std=c++14[m[K’ is valid for C++/ObjC++ but not for C
[74.098s] [01m[Kcc1:[m[K [01;35m[Kwarning: [m[Kcommand line option ‘[01m[K-std=c++14[m[K’ is valid for C++/ObjC++ but not for C
[74.102s] [ 88%] [32mBuilding C object CMakeFiles/hdl_localization__rosidl_typesupport_c__pyext.dir/rosidl_generator_py/hdl_localization/_hdl_localization_s.ep.rosidl_typesupport_c.c.o[0m
[74.147s] [01m[Kcc1:[m[K [01;35m[Kwarning: [m[Kcommand line option ‘[01m[K-std=c++14[m[K’ is valid for C++/ObjC++ but not for C
[74.942s] [ 91%] [32m[1mLinking C shared library rosidl_generator_py/hdl_localization/hdl_localization_s__rosidl_typesupport_c.cpython-38-aarch64-linux-gnu.so[0m
[75.017s] [ 94%] [32m[1mLinking C shared library rosidl_generator_py/hdl_localization/hdl_localization_s__rosidl_typesupport_introspection_c.cpython-38-aarch64-linux-gnu.so[0m
[75.018s] [ 97%] [32m[1mLinking CXX shared library rosidl_generator_py/hdl_localization/hdl_localization_s__rosidl_typesupport_fastrtps_c.cpython-38-aarch64-linux-gnu.so[0m
[75.267s] [ 97%] Built target hdl_localization__rosidl_typesupport_c__pyext
[75.367s] [ 97%] Built target hdl_localization__rosidl_typesupport_introspection_c__pyext
[75.604s] [ 97%] Built target hdl_localization__rosidl_typesupport_fastrtps_c__pyext
[85.484s] In file included from [01m[K/home/ysc/lite_cog_ros2/nav/src/hdl_localization/apps/hdl_localization_composition.cpp:2[m[K:
[85.485s] [01m[K/home/ysc/lite_cog_ros2/nav/src/hdl_localization/apps/./hdl_localization_app.hpp:25:10:[m[K [01;31m[Kfatal error: [m[Kpclomp/ndt_omp.h: No such file or directory
[85.485s]    25 | #include [01;31m[K<pclomp/ndt_omp.h>[m[K
[85.486s]       |          [01;31m[K^~~~~~~~~~~~~~~~~~[m[K
[85.487s] compilation terminated.
[85.714s] make[2]: *** [CMakeFiles/hdl_localization_composition.dir/build.make:76: CMakeFiles/hdl_localization_composition.dir/apps/hdl_localization_composition.cpp.o] Error 1
[85.715s] make[2]: *** Waiting for unfinished jobs....
[177.409s] make[1]: *** [CMakeFiles/Makefile2:326: CMakeFiles/hdl_localization_composition.dir/all] Error 2
[177.413s] make: *** [Makefile:141: all] Error 2
[177.427s] Invoked command in '/home/ysc/lite_cog_ros2/nav/build/hdl_localization' returned '2': AMENT_PREFIX_PATH=/home/ysc/lite_cog_ros2/nav/install/hdl_global_localization:${AMENT_PREFIX_PATH} CMAKE_PREFIX_PATH=/home/ysc/lite_cog_ros2/nav/install/hdl_global_localization:/opt/ros/foxy LD_LIBRARY_PATH=/home/ysc/lite_cog_ros2/nav/install/hdl_global_localization/lib:/usr/lib/aarch64-linux-gnu/gazebo-11/plugins:/opt/ros/foxy/opt/yaml_cpp_vendor/lib:/opt/ros/foxy/opt/rviz_ogre_vendor/lib:/opt/ros/foxy/lib/aarch64-linux-gnu:/opt/ros/foxy/lib:/usr/local/cuda-11.4/lib64 PYTHONPATH=/home/ysc/lite_cog_ros2/nav/install/hdl_global_localization/lib/python3.8/site-packages:${PYTHONPATH} /usr/bin/cmake --build /home/ysc/lite_cog_ros2/nav/build/hdl_localization -- -j6 -l6
