[6.995s] Invoking command in '/home/ysc/lite_cog_ros2/nav/src/narrow_passage_controller': PYTHONPATH=/home/ysc/lite_cog_ros2/nav/src/narrow_passage_controller/build/narrow_passage_controller/prefix_override:/home/ysc/lite_cog_ros2/nav/src/narrow_passage_controller/install/narrow_passage_controller/lib/python3.8/site-packages:${PYTHONPATH} /usr/bin/python3 -W ignore:setup.py install is deprecated setup.py egg_info --egg-base build/narrow_passage_controller build --build-base /home/ysc/lite_cog_ros2/nav/src/narrow_passage_controller/build/narrow_passage_controller/build install --record /home/ysc/lite_cog_ros2/nav/src/narrow_passage_controller/build/narrow_passage_controller/install.log --install-scripts $base/lib/narrow_passage_controller --single-version-externally-managed install_data
[8.618s] running egg_info
[8.624s] creating build/narrow_passage_controller/narrow_passage_controller.egg-info
[8.625s] writing build/narrow_passage_controller/narrow_passage_controller.egg-info/PKG-INFO
[8.627s] writing dependency_links to build/narrow_passage_controller/narrow_passage_controller.egg-info/dependency_links.txt
[8.628s] writing entry points to build/narrow_passage_controller/narrow_passage_controller.egg-info/entry_points.txt
[8.628s] writing requirements to build/narrow_passage_controller/narrow_passage_controller.egg-info/requires.txt
[8.629s] writing top-level names to build/narrow_passage_controller/narrow_passage_controller.egg-info/top_level.txt
[8.785s] writing manifest file 'build/narrow_passage_controller/narrow_passage_controller.egg-info/SOURCES.txt'
[8.972s] reading manifest file 'build/narrow_passage_controller/narrow_passage_controller.egg-info/SOURCES.txt'
[8.977s] writing manifest file 'build/narrow_passage_controller/narrow_passage_controller.egg-info/SOURCES.txt'
[8.978s] running build
[8.978s] running build_py
[8.979s] creating /home/ysc/lite_cog_ros2/nav/src/narrow_passage_controller/build/narrow_passage_controller/build
[8.980s] creating /home/ysc/lite_cog_ros2/nav/src/narrow_passage_controller/build/narrow_passage_controller/build/lib
[8.983s] creating /home/ysc/lite_cog_ros2/nav/src/narrow_passage_controller/build/narrow_passage_controller/build/lib/narrow_passage_controller
[8.987s] copying narrow_passage_controller/__init__.py -> /home/ysc/lite_cog_ros2/nav/src/narrow_passage_controller/build/narrow_passage_controller/build/lib/narrow_passage_controller
[8.988s] copying narrow_passage_controller/depth_narrow_passage_node.py -> /home/ysc/lite_cog_ros2/nav/src/narrow_passage_controller/build/narrow_passage_controller/build/lib/narrow_passage_controller
[8.988s] running install
[8.992s] running install_lib
[9.000s] creating /home/ysc/lite_cog_ros2/nav/src/narrow_passage_controller/install/narrow_passage_controller/lib/python3.8/site-packages/narrow_passage_controller
[9.002s] copying /home/ysc/lite_cog_ros2/nav/src/narrow_passage_controller/build/narrow_passage_controller/build/lib/narrow_passage_controller/__init__.py -> /home/ysc/lite_cog_ros2/nav/src/narrow_passage_controller/install/narrow_passage_controller/lib/python3.8/site-packages/narrow_passage_controller
[9.003s] copying /home/ysc/lite_cog_ros2/nav/src/narrow_passage_controller/build/narrow_passage_controller/build/lib/narrow_passage_controller/depth_narrow_passage_node.py -> /home/ysc/lite_cog_ros2/nav/src/narrow_passage_controller/install/narrow_passage_controller/lib/python3.8/site-packages/narrow_passage_controller
[9.006s] byte-compiling /home/ysc/lite_cog_ros2/nav/src/narrow_passage_controller/install/narrow_passage_controller/lib/python3.8/site-packages/narrow_passage_controller/__init__.py to __init__.cpython-38.pyc
[9.015s] byte-compiling /home/ysc/lite_cog_ros2/nav/src/narrow_passage_controller/install/narrow_passage_controller/lib/python3.8/site-packages/narrow_passage_controller/depth_narrow_passage_node.py to depth_narrow_passage_node.cpython-38.pyc
[9.029s] running install_data
[9.030s] creating /home/ysc/lite_cog_ros2/nav/src/narrow_passage_controller/install/narrow_passage_controller/share/ament_index
[9.031s] creating /home/ysc/lite_cog_ros2/nav/src/narrow_passage_controller/install/narrow_passage_controller/share/ament_index/resource_index
[9.031s] creating /home/ysc/lite_cog_ros2/nav/src/narrow_passage_controller/install/narrow_passage_controller/share/ament_index/resource_index/packages
[9.031s] copying resource/narrow_passage_controller -> /home/ysc/lite_cog_ros2/nav/src/narrow_passage_controller/install/narrow_passage_controller/share/ament_index/resource_index/packages
[9.032s] copying package.xml -> /home/ysc/lite_cog_ros2/nav/src/narrow_passage_controller/install/narrow_passage_controller/share/narrow_passage_controller
[9.032s] running install_egg_info
[9.040s] Copying build/narrow_passage_controller/narrow_passage_controller.egg-info to /home/ysc/lite_cog_ros2/nav/src/narrow_passage_controller/install/narrow_passage_controller/lib/python3.8/site-packages/narrow_passage_controller-0.0.0-py3.8.egg-info
[9.046s] running install_scripts
[9.145s] Installing depth_narrow_passage_node script to /home/ysc/lite_cog_ros2/nav/src/narrow_passage_controller/install/narrow_passage_controller/lib/narrow_passage_controller
[9.147s] writing list of installed files to '/home/ysc/lite_cog_ros2/nav/src/narrow_passage_controller/build/narrow_passage_controller/install.log'
[9.260s] Invoked command in '/home/ysc/lite_cog_ros2/nav/src/narrow_passage_controller' returned '0': PYTHONPATH=/home/ysc/lite_cog_ros2/nav/src/narrow_passage_controller/build/narrow_passage_controller/prefix_override:/home/ysc/lite_cog_ros2/nav/src/narrow_passage_controller/install/narrow_passage_controller/lib/python3.8/site-packages:${PYTHONPATH} /usr/bin/python3 -W ignore:setup.py install is deprecated setup.py egg_info --egg-base build/narrow_passage_controller build --build-base /home/ysc/lite_cog_ros2/nav/src/narrow_passage_controller/build/narrow_passage_controller/build install --record /home/ysc/lite_cog_ros2/nav/src/narrow_passage_controller/build/narrow_passage_controller/install.log --install-scripts $base/lib/narrow_passage_controller --single-version-externally-managed install_data
