[0.195s] colcon DEBUG Command line arguments: ['/usr/bin/colcon', 'list', '-p', '--base-paths', '/media/zox/36c0d412-c5a3-4d73-8ece-b4e01cfb90e6/home/ysc/lite_cog_ros2/nav']
[0.195s] colcon DEBUG Parsed command line arguments: Namespace(allow_overriding=[], base_paths=['/media/zox/36c0d412-c5a3-4d73-8ece-b4e01cfb90e6/home/ysc/lite_cog_ros2/nav'], build_base='build', ignore_user_meta=False, log_base=None, log_level=None, main=<bound method ListVerb.main of <colcon_package_information.verb.list.ListVerb object at 0x7fac268a5760>>, metas=['./colcon.meta'], mixin=None, mixin_files=None, mixin_verb=('list',), names_only=False, packages_above=None, packages_above_and_dependencies=None, packages_above_depth=None, packages_end=None, packages_ignore=None, packages_ignore_regex=None, packages_select=None, packages_select_build_failed=False, packages_select_by_dep=None, packages_select_regex=None, packages_select_test_failures=False, packages_skip=None, packages_skip_build_finished=False, packages_skip_by_dep=None, packages_skip_regex=None, packages_skip_test_passed=False, packages_skip_up_to=None, packages_start=None, packages_up_to=None, packages_up_to_regex=None, paths=None, paths_only=True, topological_graph=False, topological_graph_density=False, topological_graph_dot=False, topological_graph_dot_cluster=False, topological_graph_dot_include_skipped=False, topological_graph_legend=False, topological_order=False, verb_extension=<colcon_package_information.verb.list.ListVerb object at 0x7fac268a5760>, verb_name='list', verb_parser=<colcon_mixin.mixin.mixin_argument.MixinArgumentDecorator object at 0x7fac26807640>)
[0.338s] colcon.colcon_core.package_discovery Level 1 discover_packages(colcon_meta) check parameters
[0.338s] colcon.colcon_core.package_discovery Level 1 discover_packages(recursive) check parameters
[0.338s] colcon.colcon_core.package_discovery Level 1 discover_packages(ignore) check parameters
[0.339s] colcon.colcon_core.package_discovery Level 1 discover_packages(path) check parameters
[0.339s] colcon.colcon_core.package_discovery Level 1 discover_packages(recursive) discover
[0.339s] colcon.colcon_core.package_discovery INFO Crawling recursively for packages in '/media/zox/36c0d412-c5a3-4d73-8ece-b4e01cfb90e6/home/ysc/lite_cog_ros2/nav'
[0.339s] colcon.colcon_core.package_identification Level 1 _identify(/media/zox/36c0d412-c5a3-4d73-8ece-b4e01cfb90e6/home/ysc/lite_cog_ros2/nav) by extensions ['ignore', 'ignore_ament_install']
[0.339s] colcon.colcon_core.package_identification Level 1 _identify(/media/zox/36c0d412-c5a3-4d73-8ece-b4e01cfb90e6/home/ysc/lite_cog_ros2/nav) by extension 'ignore'
[0.339s] colcon.colcon_core.package_identification Level 1 _identify(/media/zox/36c0d412-c5a3-4d73-8ece-b4e01cfb90e6/home/ysc/lite_cog_ros2/nav) by extension 'ignore_ament_install'
[0.339s] colcon.colcon_core.package_identification Level 1 _identify(/media/zox/36c0d412-c5a3-4d73-8ece-b4e01cfb90e6/home/ysc/lite_cog_ros2/nav) by extensions ['colcon_pkg']
[0.339s] colcon.colcon_core.package_identification Level 1 _identify(/media/zox/36c0d412-c5a3-4d73-8ece-b4e01cfb90e6/home/ysc/lite_cog_ros2/nav) by extension 'colcon_pkg'
[0.339s] colcon.colcon_core.package_identification Level 1 _identify(/media/zox/36c0d412-c5a3-4d73-8ece-b4e01cfb90e6/home/ysc/lite_cog_ros2/nav) by extensions ['colcon_meta']
[0.339s] colcon.colcon_core.package_identification Level 1 _identify(/media/zox/36c0d412-c5a3-4d73-8ece-b4e01cfb90e6/home/ysc/lite_cog_ros2/nav) by extension 'colcon_meta'
[0.339s] colcon.colcon_core.package_identification Level 1 _identify(/media/zox/36c0d412-c5a3-4d73-8ece-b4e01cfb90e6/home/ysc/lite_cog_ros2/nav) by extensions ['ros']
[0.339s] colcon.colcon_core.package_identification Level 1 _identify(/media/zox/36c0d412-c5a3-4d73-8ece-b4e01cfb90e6/home/ysc/lite_cog_ros2/nav) by extension 'ros'
[0.348s] colcon.colcon_core.package_identification Level 1 _identify(/media/zox/36c0d412-c5a3-4d73-8ece-b4e01cfb90e6/home/ysc/lite_cog_ros2/nav) by extensions ['cmake', 'python']
[0.348s] colcon.colcon_core.package_identification Level 1 _identify(/media/zox/36c0d412-c5a3-4d73-8ece-b4e01cfb90e6/home/ysc/lite_cog_ros2/nav) by extension 'cmake'
[0.348s] colcon.colcon_core.package_identification Level 1 _identify(/media/zox/36c0d412-c5a3-4d73-8ece-b4e01cfb90e6/home/ysc/lite_cog_ros2/nav) by extension 'python'
[0.348s] colcon.colcon_core.package_identification Level 1 _identify(/media/zox/36c0d412-c5a3-4d73-8ece-b4e01cfb90e6/home/ysc/lite_cog_ros2/nav) by extensions ['python_setup_py']
[0.348s] colcon.colcon_core.package_identification Level 1 _identify(/media/zox/36c0d412-c5a3-4d73-8ece-b4e01cfb90e6/home/ysc/lite_cog_ros2/nav) by extension 'python_setup_py'
[0.349s] colcon.colcon_core.package_identification Level 1 _identify(/media/zox/36c0d412-c5a3-4d73-8ece-b4e01cfb90e6/home/ysc/lite_cog_ros2/nav/build) by extensions ['ignore', 'ignore_ament_install']
[0.349s] colcon.colcon_core.package_identification Level 1 _identify(/media/zox/36c0d412-c5a3-4d73-8ece-b4e01cfb90e6/home/ysc/lite_cog_ros2/nav/build) by extension 'ignore'
[0.349s] colcon.colcon_core.package_identification Level 1 _identify(/media/zox/36c0d412-c5a3-4d73-8ece-b4e01cfb90e6/home/ysc/lite_cog_ros2/nav/build) ignored
[0.349s] colcon.colcon_core.package_identification Level 1 _identify(/media/zox/36c0d412-c5a3-4d73-8ece-b4e01cfb90e6/home/ysc/lite_cog_ros2/nav/install) by extensions ['ignore', 'ignore_ament_install']
[0.349s] colcon.colcon_core.package_identification Level 1 _identify(/media/zox/36c0d412-c5a3-4d73-8ece-b4e01cfb90e6/home/ysc/lite_cog_ros2/nav/install) by extension 'ignore'
[0.349s] colcon.colcon_core.package_identification Level 1 _identify(/media/zox/36c0d412-c5a3-4d73-8ece-b4e01cfb90e6/home/ysc/lite_cog_ros2/nav/install) ignored
[0.349s] colcon.colcon_core.package_identification Level 1 _identify(/media/zox/36c0d412-c5a3-4d73-8ece-b4e01cfb90e6/home/ysc/lite_cog_ros2/nav/log) by extensions ['ignore', 'ignore_ament_install']
[0.349s] colcon.colcon_core.package_identification Level 1 _identify(/media/zox/36c0d412-c5a3-4d73-8ece-b4e01cfb90e6/home/ysc/lite_cog_ros2/nav/log) by extension 'ignore'
[0.349s] colcon.colcon_core.package_identification Level 1 _identify(/media/zox/36c0d412-c5a3-4d73-8ece-b4e01cfb90e6/home/ysc/lite_cog_ros2/nav/log) ignored
[0.349s] colcon.colcon_core.package_identification Level 1 _identify(/media/zox/36c0d412-c5a3-4d73-8ece-b4e01cfb90e6/home/ysc/lite_cog_ros2/nav/src) by extensions ['ignore', 'ignore_ament_install']
[0.349s] colcon.colcon_core.package_identification Level 1 _identify(/media/zox/36c0d412-c5a3-4d73-8ece-b4e01cfb90e6/home/ysc/lite_cog_ros2/nav/src) by extension 'ignore'
[0.349s] colcon.colcon_core.package_identification Level 1 _identify(/media/zox/36c0d412-c5a3-4d73-8ece-b4e01cfb90e6/home/ysc/lite_cog_ros2/nav/src) by extension 'ignore_ament_install'
[0.350s] colcon.colcon_core.package_identification Level 1 _identify(/media/zox/36c0d412-c5a3-4d73-8ece-b4e01cfb90e6/home/ysc/lite_cog_ros2/nav/src) by extensions ['colcon_pkg']
[0.350s] colcon.colcon_core.package_identification Level 1 _identify(/media/zox/36c0d412-c5a3-4d73-8ece-b4e01cfb90e6/home/ysc/lite_cog_ros2/nav/src) by extension 'colcon_pkg'
[0.350s] colcon.colcon_core.package_identification Level 1 _identify(/media/zox/36c0d412-c5a3-4d73-8ece-b4e01cfb90e6/home/ysc/lite_cog_ros2/nav/src) by extensions ['colcon_meta']
[0.350s] colcon.colcon_core.package_identification Level 1 _identify(/media/zox/36c0d412-c5a3-4d73-8ece-b4e01cfb90e6/home/ysc/lite_cog_ros2/nav/src) by extension 'colcon_meta'
[0.350s] colcon.colcon_core.package_identification Level 1 _identify(/media/zox/36c0d412-c5a3-4d73-8ece-b4e01cfb90e6/home/ysc/lite_cog_ros2/nav/src) by extensions ['ros']
[0.350s] colcon.colcon_core.package_identification Level 1 _identify(/media/zox/36c0d412-c5a3-4d73-8ece-b4e01cfb90e6/home/ysc/lite_cog_ros2/nav/src) by extension 'ros'
[0.350s] colcon.colcon_core.package_identification Level 1 _identify(/media/zox/36c0d412-c5a3-4d73-8ece-b4e01cfb90e6/home/ysc/lite_cog_ros2/nav/src) by extensions ['cmake', 'python']
[0.350s] colcon.colcon_core.package_identification Level 1 _identify(/media/zox/36c0d412-c5a3-4d73-8ece-b4e01cfb90e6/home/ysc/lite_cog_ros2/nav/src) by extension 'cmake'
[0.350s] colcon.colcon_core.package_identification Level 1 _identify(/media/zox/36c0d412-c5a3-4d73-8ece-b4e01cfb90e6/home/ysc/lite_cog_ros2/nav/src) by extension 'python'
[0.350s] colcon.colcon_core.package_identification Level 1 _identify(/media/zox/36c0d412-c5a3-4d73-8ece-b4e01cfb90e6/home/ysc/lite_cog_ros2/nav/src) by extensions ['python_setup_py']
[0.350s] colcon.colcon_core.package_identification Level 1 _identify(/media/zox/36c0d412-c5a3-4d73-8ece-b4e01cfb90e6/home/ysc/lite_cog_ros2/nav/src) by extension 'python_setup_py'
[0.350s] colcon.colcon_core.package_identification Level 1 _identify(/media/zox/36c0d412-c5a3-4d73-8ece-b4e01cfb90e6/home/ysc/lite_cog_ros2/nav/src/dr_nav2) by extensions ['ignore', 'ignore_ament_install']
[0.350s] colcon.colcon_core.package_identification Level 1 _identify(/media/zox/36c0d412-c5a3-4d73-8ece-b4e01cfb90e6/home/ysc/lite_cog_ros2/nav/src/dr_nav2) by extension 'ignore'
[0.350s] colcon.colcon_core.package_identification Level 1 _identify(/media/zox/36c0d412-c5a3-4d73-8ece-b4e01cfb90e6/home/ysc/lite_cog_ros2/nav/src/dr_nav2) by extension 'ignore_ament_install'
[0.350s] colcon.colcon_core.package_identification Level 1 _identify(/media/zox/36c0d412-c5a3-4d73-8ece-b4e01cfb90e6/home/ysc/lite_cog_ros2/nav/src/dr_nav2) by extensions ['colcon_pkg']
[0.350s] colcon.colcon_core.package_identification Level 1 _identify(/media/zox/36c0d412-c5a3-4d73-8ece-b4e01cfb90e6/home/ysc/lite_cog_ros2/nav/src/dr_nav2) by extension 'colcon_pkg'
[0.350s] colcon.colcon_core.package_identification Level 1 _identify(/media/zox/36c0d412-c5a3-4d73-8ece-b4e01cfb90e6/home/ysc/lite_cog_ros2/nav/src/dr_nav2) by extensions ['colcon_meta']
[0.350s] colcon.colcon_core.package_identification Level 1 _identify(/media/zox/36c0d412-c5a3-4d73-8ece-b4e01cfb90e6/home/ysc/lite_cog_ros2/nav/src/dr_nav2) by extension 'colcon_meta'
[0.350s] colcon.colcon_core.package_identification Level 1 _identify(/media/zox/36c0d412-c5a3-4d73-8ece-b4e01cfb90e6/home/ysc/lite_cog_ros2/nav/src/dr_nav2) by extensions ['ros']
[0.350s] colcon.colcon_core.package_identification Level 1 _identify(/media/zox/36c0d412-c5a3-4d73-8ece-b4e01cfb90e6/home/ysc/lite_cog_ros2/nav/src/dr_nav2) by extension 'ros'
[0.353s] colcon.colcon_core.package_identification DEBUG Package '/media/zox/36c0d412-c5a3-4d73-8ece-b4e01cfb90e6/home/ysc/lite_cog_ros2/nav/src/dr_nav2' with type 'ros.ament_cmake' and name 'dr_nav2'
[0.353s] colcon.colcon_core.package_identification Level 1 _identify(/media/zox/36c0d412-c5a3-4d73-8ece-b4e01cfb90e6/home/ysc/lite_cog_ros2/nav/src/hdl_global_localization) by extensions ['ignore', 'ignore_ament_install']
[0.353s] colcon.colcon_core.package_identification Level 1 _identify(/media/zox/36c0d412-c5a3-4d73-8ece-b4e01cfb90e6/home/ysc/lite_cog_ros2/nav/src/hdl_global_localization) by extension 'ignore'
[0.353s] colcon.colcon_core.package_identification Level 1 _identify(/media/zox/36c0d412-c5a3-4d73-8ece-b4e01cfb90e6/home/ysc/lite_cog_ros2/nav/src/hdl_global_localization) by extension 'ignore_ament_install'
[0.353s] colcon.colcon_core.package_identification Level 1 _identify(/media/zox/36c0d412-c5a3-4d73-8ece-b4e01cfb90e6/home/ysc/lite_cog_ros2/nav/src/hdl_global_localization) by extensions ['colcon_pkg']
[0.353s] colcon.colcon_core.package_identification Level 1 _identify(/media/zox/36c0d412-c5a3-4d73-8ece-b4e01cfb90e6/home/ysc/lite_cog_ros2/nav/src/hdl_global_localization) by extension 'colcon_pkg'
[0.353s] colcon.colcon_core.package_identification Level 1 _identify(/media/zox/36c0d412-c5a3-4d73-8ece-b4e01cfb90e6/home/ysc/lite_cog_ros2/nav/src/hdl_global_localization) by extensions ['colcon_meta']
[0.353s] colcon.colcon_core.package_identification Level 1 _identify(/media/zox/36c0d412-c5a3-4d73-8ece-b4e01cfb90e6/home/ysc/lite_cog_ros2/nav/src/hdl_global_localization) by extension 'colcon_meta'
[0.353s] colcon.colcon_core.package_identification Level 1 _identify(/media/zox/36c0d412-c5a3-4d73-8ece-b4e01cfb90e6/home/ysc/lite_cog_ros2/nav/src/hdl_global_localization) by extensions ['ros']
[0.353s] colcon.colcon_core.package_identification Level 1 _identify(/media/zox/36c0d412-c5a3-4d73-8ece-b4e01cfb90e6/home/ysc/lite_cog_ros2/nav/src/hdl_global_localization) by extension 'ros'
[0.370s] colcon.colcon_core.package_identification DEBUG Package '/media/zox/36c0d412-c5a3-4d73-8ece-b4e01cfb90e6/home/ysc/lite_cog_ros2/nav/src/hdl_global_localization' with type 'ros.ament_cmake' and name 'hdl_global_localization'
[0.370s] colcon.colcon_core.package_identification Level 1 _identify(/media/zox/36c0d412-c5a3-4d73-8ece-b4e01cfb90e6/home/ysc/lite_cog_ros2/nav/src/hdl_localization) by extensions ['ignore', 'ignore_ament_install']
[0.370s] colcon.colcon_core.package_identification Level 1 _identify(/media/zox/36c0d412-c5a3-4d73-8ece-b4e01cfb90e6/home/ysc/lite_cog_ros2/nav/src/hdl_localization) by extension 'ignore'
[0.370s] colcon.colcon_core.package_identification Level 1 _identify(/media/zox/36c0d412-c5a3-4d73-8ece-b4e01cfb90e6/home/ysc/lite_cog_ros2/nav/src/hdl_localization) by extension 'ignore_ament_install'
[0.370s] colcon.colcon_core.package_identification Level 1 _identify(/media/zox/36c0d412-c5a3-4d73-8ece-b4e01cfb90e6/home/ysc/lite_cog_ros2/nav/src/hdl_localization) by extensions ['colcon_pkg']
[0.370s] colcon.colcon_core.package_identification Level 1 _identify(/media/zox/36c0d412-c5a3-4d73-8ece-b4e01cfb90e6/home/ysc/lite_cog_ros2/nav/src/hdl_localization) by extension 'colcon_pkg'
[0.370s] colcon.colcon_core.package_identification Level 1 _identify(/media/zox/36c0d412-c5a3-4d73-8ece-b4e01cfb90e6/home/ysc/lite_cog_ros2/nav/src/hdl_localization) by extensions ['colcon_meta']
[0.370s] colcon.colcon_core.package_identification Level 1 _identify(/media/zox/36c0d412-c5a3-4d73-8ece-b4e01cfb90e6/home/ysc/lite_cog_ros2/nav/src/hdl_localization) by extension 'colcon_meta'
[0.370s] colcon.colcon_core.package_identification Level 1 _identify(/media/zox/36c0d412-c5a3-4d73-8ece-b4e01cfb90e6/home/ysc/lite_cog_ros2/nav/src/hdl_localization) by extensions ['ros']
[0.370s] colcon.colcon_core.package_identification Level 1 _identify(/media/zox/36c0d412-c5a3-4d73-8ece-b4e01cfb90e6/home/ysc/lite_cog_ros2/nav/src/hdl_localization) by extension 'ros'
[0.372s] colcon.colcon_core.package_identification DEBUG Package '/media/zox/36c0d412-c5a3-4d73-8ece-b4e01cfb90e6/home/ysc/lite_cog_ros2/nav/src/hdl_localization' with type 'ros.ament_cmake' and name 'hdl_localization'
[0.372s] colcon.colcon_core.package_identification Level 1 _identify(/media/zox/36c0d412-c5a3-4d73-8ece-b4e01cfb90e6/home/ysc/lite_cog_ros2/nav/src/sensor_test) by extensions ['ignore', 'ignore_ament_install']
[0.372s] colcon.colcon_core.package_identification Level 1 _identify(/media/zox/36c0d412-c5a3-4d73-8ece-b4e01cfb90e6/home/ysc/lite_cog_ros2/nav/src/sensor_test) by extension 'ignore'
[0.372s] colcon.colcon_core.package_identification Level 1 _identify(/media/zox/36c0d412-c5a3-4d73-8ece-b4e01cfb90e6/home/ysc/lite_cog_ros2/nav/src/sensor_test) by extension 'ignore_ament_install'
[0.372s] colcon.colcon_core.package_identification Level 1 _identify(/media/zox/36c0d412-c5a3-4d73-8ece-b4e01cfb90e6/home/ysc/lite_cog_ros2/nav/src/sensor_test) by extensions ['colcon_pkg']
[0.372s] colcon.colcon_core.package_identification Level 1 _identify(/media/zox/36c0d412-c5a3-4d73-8ece-b4e01cfb90e6/home/ysc/lite_cog_ros2/nav/src/sensor_test) by extension 'colcon_pkg'
[0.372s] colcon.colcon_core.package_identification Level 1 _identify(/media/zox/36c0d412-c5a3-4d73-8ece-b4e01cfb90e6/home/ysc/lite_cog_ros2/nav/src/sensor_test) by extensions ['colcon_meta']
[0.372s] colcon.colcon_core.package_identification Level 1 _identify(/media/zox/36c0d412-c5a3-4d73-8ece-b4e01cfb90e6/home/ysc/lite_cog_ros2/nav/src/sensor_test) by extension 'colcon_meta'
[0.372s] colcon.colcon_core.package_identification Level 1 _identify(/media/zox/36c0d412-c5a3-4d73-8ece-b4e01cfb90e6/home/ysc/lite_cog_ros2/nav/src/sensor_test) by extensions ['ros']
[0.372s] colcon.colcon_core.package_identification Level 1 _identify(/media/zox/36c0d412-c5a3-4d73-8ece-b4e01cfb90e6/home/ysc/lite_cog_ros2/nav/src/sensor_test) by extension 'ros'
[0.374s] colcon.colcon_core.package_identification DEBUG Package '/media/zox/36c0d412-c5a3-4d73-8ece-b4e01cfb90e6/home/ysc/lite_cog_ros2/nav/src/sensor_test' with type 'ros.ament_cmake' and name 'sensor_test'
[0.374s] colcon.colcon_core.package_discovery Level 1 discover_packages(recursive) using defaults
