[  2%] Built target hdl_localization__cpp
[ 11%] Built target hdl_localization__rosidl_generator_c
[ 20%] Built target hdl_localization__rosidl_typesupport_introspection_cpp
[ 29%] Built target hdl_localization__rosidl_typesupport_cpp
[ 41%] Built target hdl_localization__rosidl_typesupport_c
[ 47%] Built target hdl_localization__rosidl_typesupport_fastrtps_cpp
[ 55%] Built target hdl_localization__rosidl_typesupport_introspection_c
[ 64%] Built target hdl_localization__rosidl_typesupport_fastrtps_c
[ 64%] Built target hdl_localization
[35m[1mScanning dependencies of target hdl_localization_composition[0m
[ 67%] Built target hdl_localization__py
[ 73%] Built target hdl_localization__python
[ 79%] Built target hdl_localization__rosidl_typesupport_c__pyext
[ 85%] Built target hdl_localization__rosidl_typesupport_fastrtps_c__pyext
[ 91%] Built target hdl_localization__rosidl_typesupport_introspection_c__pyext
[ 94%] [32mBuilding CXX object CMakeFiles/hdl_localization_composition.dir/apps/hdl_localization_composition.cpp.o[0m
In file included from [01m[K/home/ysc/lite_cog_ros2/nav/src/hdl_localization/apps/hdl_localization_composition.cpp:2[m[K:
[01m[K/home/ysc/lite_cog_ros2/nav/src/hdl_localization/apps/./hdl_localization_app.hpp:[m[K In member function ‘[01m[Kbool hdl_localization::HdlLocalizationApp::GetClosestImuData(const rclcpp::Time&, sensor_msgs::msg::Imu_<std::allocator<void> >::SharedPtr&)[m[K’:
[01m[K/home/ysc/lite_cog_ros2/nav/src/hdl_localization/apps/./hdl_localization_app.hpp:365:26:[m[K [01;35m[Kwarning: [m[Kcomparison of integer expressions of different signedness: ‘[01m[Kint[m[K’ and ‘[01m[Kstd::deque<std::shared_ptr<sensor_msgs::msg::Imu_<std::allocator<void> > > >::size_type[m[K’ {aka ‘[01m[Klong unsigned int[m[K’} [[01;35m[K-Wsign-compare[m[K]
  365 |         for(int i = 0; [01;35m[Ki < imu_data_buffer_.size()[m[K; i++){
      |                        [01;35m[K~~^~~~~~~~~~~~~~~~~~~~~~~~~[m[K
[01m[K/home/ysc/lite_cog_ros2/nav/src/hdl_localization/apps/./hdl_localization_app.hpp:[m[K In member function ‘[01m[Kbool hdl_localization::HdlLocalizationApp::Relocalize(std::shared_ptr<rmw_request_id_t>, std::shared_ptr<std_srvs::srv::Empty_Request_<std::allocator<void> > >, std::shared_ptr<std_srvs::srv::Empty_Response_<std::allocator<void> > >)[m[K’:
[01m[K/home/ysc/lite_cog_ros2/nav/src/hdl_localization/apps/./hdl_localization_app.hpp:556:56:[m[K [01;35m[Kwarning: [m[Kunused parameter ‘[01m[Kreq[m[K’ [[01;35m[K-Wunused-parameter[m[K]
  556 |         [01;35m[Kstd::shared_ptr<std_srvs::srv::Empty::Request> req[m[K,
      |         [01;35m[K~~~~~~~~~~~~~~~~~~~~~~~~~~~~~~~~~~~~~~~~~~~~~~~^~~[m[K
[01m[K/home/ysc/lite_cog_ros2/nav/src/hdl_localization/apps/./hdl_localization_app.hpp:557:57:[m[K [01;35m[Kwarning: [m[Kunused parameter ‘[01m[Kres[m[K’ [[01;35m[K-Wunused-parameter[m[K]
  557 |         [01;35m[Kstd::shared_ptr<std_srvs::srv::Empty::Response> res[m[K)
      |         [01;35m[K~~~~~~~~~~~~~~~~~~~~~~~~~~~~~~~~~~~~~~~~~~~~~~~~^~~[m[K
[01m[K/home/ysc/lite_cog_ros2/nav/src/hdl_localization/apps/./hdl_localization_app.hpp:[m[K In member function ‘[01m[Kvoid hdl_localization::HdlLocalizationApp::PublishOdometry(const rclcpp::Time&, const Matrix4f&)[m[K’:
[01m[K/home/ysc/lite_cog_ros2/nav/src/hdl_localization/apps/./hdl_localization_app.hpp:716:20:[m[K [01;31m[Kerror: [m[K‘[01m[Kstruct geometry_msgs::msg::Pose_<std::allocator<void> >[m[K’ has no member named ‘[01m[Kpose[m[K’
  716 |         temp_pose2.[01;31m[Kpose[m[K.position.z = 0.0;
      |                    [01;31m[K^~~~[m[K
[01m[K/home/ysc/lite_cog_ros2/nav/src/hdl_localization/apps/./hdl_localization_app.hpp:[m[K In member function ‘[01m[Kvoid hdl_localization::HdlLocalizationApp::TimerCallback()[m[K’:
[01m[K/home/ysc/lite_cog_ros2/nav/src/hdl_localization/apps/./hdl_localization_app.hpp:790:27:[m[K [01;35m[Kwarning: [m[Kcomparison of integer expressions of different signedness: ‘[01m[Kint[m[K’ and ‘[01m[Kstd::deque<double>::size_type[m[K’ {aka ‘[01m[Klong unsigned int[m[K’} [[01;35m[K-Wsign-compare[m[K]
  790 |             for(int i=0; [01;35m[Ki<ms_deque_.size()[m[K; i++){
      |                          [01;35m[K~^~~~~~~~~~~~~~~~~[m[K
make[2]: *** [CMakeFiles/hdl_localization_composition.dir/build.make:76: CMakeFiles/hdl_localization_composition.dir/apps/hdl_localization_composition.cpp.o] Error 1
make[1]: *** [CMakeFiles/Makefile2:326: CMakeFiles/hdl_localization_composition.dir/all] Error 2
make: *** [Makefile:141: all] Error 2
