[1.559s] [34mcolcon[0m [1;30mDEBUG[0m [32mCommand line arguments: ['/usr/bin/colcon', 'build', '--symlink-install'][0m
[1.560s] [34mcolcon[0m [1;30mDEBUG[0m [32mParsed command line arguments: Namespace(allow_overriding=[], ament_cmake_args=None, base_paths=['.'], build_base='build', catkin_cmake_args=None, catkin_skip_building_tests=False, cmake_args=None, cmake_clean_cache=False, cmake_clean_first=False, cmake_force_configure=False, cmake_target=None, cmake_target_skip_unavailable=False, continue_on_error=False, event_handlers=None, executor='parallel', ignore_user_meta=False, install_base='install', log_base=None, log_level=None, main=<bound method BuildVerb.main of <colcon_core.verb.build.BuildVerb object at 0xffff964a2400>>, merge_install=False, metas=['./colcon.meta'], packages_above=None, packages_above_and_dependencies=None, packages_above_depth=None, packages_end=None, packages_ignore=None, packages_ignore_regex=None, packages_select=None, packages_select_build_failed=False, packages_select_by_dep=None, packages_select_regex=None, packages_select_test_failures=False, packages_skip=None, packages_skip_build_finished=False, packages_skip_by_dep=None, packages_skip_regex=None, packages_skip_test_passed=False, packages_skip_up_to=None, packages_start=None, packages_up_to=None, packages_up_to_regex=None, parallel_workers=6, paths=None, symlink_install=True, test_result_base=None, verb_extension=<colcon_core.verb.build.BuildVerb object at 0xffff964a2400>, verb_name='build', verb_parser=<colcon_defaults.argument_parser.defaults.DefaultArgumentsDecorator object at 0xffff964a2940>)[0m
[2.588s] [34mcolcon.colcon_core.package_discovery[0m [1;30mLevel 1[0m discover_packages(colcon_meta) check parameters
[2.588s] [34mcolcon.colcon_core.package_discovery[0m [1;30mLevel 1[0m discover_packages(recursive) check parameters
[2.588s] [34mcolcon.colcon_core.package_discovery[0m [1;30mLevel 1[0m discover_packages(ignore) check parameters
[2.589s] [34mcolcon.colcon_core.package_discovery[0m [1;30mLevel 1[0m discover_packages(path) check parameters
[2.589s] [34mcolcon.colcon_core.package_discovery[0m [1;30mLevel 1[0m discover_packages(colcon_meta) discover
[2.589s] [34mcolcon.colcon_core.package_discovery[0m [1;30mLevel 1[0m discover_packages(recursive) discover
[2.589s] [34mcolcon.colcon_core.package_discovery[0m [1;30mINFO[0m Crawling recursively for packages in '/home/ysc/lite_cog_ros2/nav'
[2.590s] [34mcolcon.colcon_core.package_identification[0m [1;30mLevel 1[0m _identify(.) by extensions ['ignore', 'ignore_ament_install']
[2.591s] [34mcolcon.colcon_core.package_identification[0m [1;30mLevel 1[0m _identify(.) by extension 'ignore'
[2.591s] [34mcolcon.colcon_core.package_identification[0m [1;30mLevel 1[0m _identify(.) by extension 'ignore_ament_install'
[2.591s] [34mcolcon.colcon_core.package_identification[0m [1;30mLevel 1[0m _identify(.) by extensions ['colcon_pkg']
[2.592s] [34mcolcon.colcon_core.package_identification[0m [1;30mLevel 1[0m _identify(.) by extension 'colcon_pkg'
[2.592s] [34mcolcon.colcon_core.package_identification[0m [1;30mLevel 1[0m _identify(.) by extensions ['colcon_meta']
[2.592s] [34mcolcon.colcon_core.package_identification[0m [1;30mLevel 1[0m _identify(.) by extension 'colcon_meta'
[2.592s] [34mcolcon.colcon_core.package_identification[0m [1;30mLevel 1[0m _identify(.) by extensions ['ros']
[2.592s] [34mcolcon.colcon_core.package_identification[0m [1;30mLevel 1[0m _identify(.) by extension 'ros'
[2.654s] [34mcolcon.colcon_core.package_identification[0m [1;30mLevel 1[0m _identify(.) by extensions ['cmake', 'python']
[2.654s] [34mcolcon.colcon_core.package_identification[0m [1;30mLevel 1[0m _identify(.) by extension 'cmake'
[2.655s] [34mcolcon.colcon_core.package_identification[0m [1;30mLevel 1[0m _identify(.) by extension 'python'
[2.655s] [34mcolcon.colcon_core.package_identification[0m [1;30mLevel 1[0m _identify(.) by extensions ['python_setup_py']
[2.655s] [34mcolcon.colcon_core.package_identification[0m [1;30mLevel 1[0m _identify(.) by extension 'python_setup_py'
[2.656s] [34mcolcon.colcon_core.package_identification[0m [1;30mLevel 1[0m _identify(build) by extensions ['ignore', 'ignore_ament_install']
[2.656s] [34mcolcon.colcon_core.package_identification[0m [1;30mLevel 1[0m _identify(build) by extension 'ignore'
[2.657s] [34mcolcon.colcon_core.package_identification[0m [1;30mLevel 1[0m _identify(build) ignored
[2.657s] [34mcolcon.colcon_core.package_identification[0m [1;30mLevel 1[0m _identify(install) by extensions ['ignore', 'ignore_ament_install']
[2.658s] [34mcolcon.colcon_core.package_identification[0m [1;30mLevel 1[0m _identify(install) by extension 'ignore'
[2.658s] [34mcolcon.colcon_core.package_identification[0m [1;30mLevel 1[0m _identify(install) ignored
[2.659s] [34mcolcon.colcon_core.package_identification[0m [1;30mLevel 1[0m _identify(log) by extensions ['ignore', 'ignore_ament_install']
[2.659s] [34mcolcon.colcon_core.package_identification[0m [1;30mLevel 1[0m _identify(log) by extension 'ignore'
[2.659s] [34mcolcon.colcon_core.package_identification[0m [1;30mLevel 1[0m _identify(log) ignored
[2.660s] [34mcolcon.colcon_core.package_identification[0m [1;30mLevel 1[0m _identify(src) by extensions ['ignore', 'ignore_ament_install']
[2.660s] [34mcolcon.colcon_core.package_identification[0m [1;30mLevel 1[0m _identify(src) by extension 'ignore'
[2.661s] [34mcolcon.colcon_core.package_identification[0m [1;30mLevel 1[0m _identify(src) by extension 'ignore_ament_install'
[2.661s] [34mcolcon.colcon_core.package_identification[0m [1;30mLevel 1[0m _identify(src) by extensions ['colcon_pkg']
[2.661s] [34mcolcon.colcon_core.package_identification[0m [1;30mLevel 1[0m _identify(src) by extension 'colcon_pkg'
[2.661s] [34mcolcon.colcon_core.package_identification[0m [1;30mLevel 1[0m _identify(src) by extensions ['colcon_meta']
[2.661s] [34mcolcon.colcon_core.package_identification[0m [1;30mLevel 1[0m _identify(src) by extension 'colcon_meta'
[2.662s] [34mcolcon.colcon_core.package_identification[0m [1;30mLevel 1[0m _identify(src) by extensions ['ros']
[2.662s] [34mcolcon.colcon_core.package_identification[0m [1;30mLevel 1[0m _identify(src) by extension 'ros'
[2.662s] [34mcolcon.colcon_core.package_identification[0m [1;30mLevel 1[0m _identify(src) by extensions ['cmake', 'python']
[2.662s] [34mcolcon.colcon_core.package_identification[0m [1;30mLevel 1[0m _identify(src) by extension 'cmake'
[2.663s] [34mcolcon.colcon_core.package_identification[0m [1;30mLevel 1[0m _identify(src) by extension 'python'
[2.663s] [34mcolcon.colcon_core.package_identification[0m [1;30mLevel 1[0m _identify(src) by extensions ['python_setup_py']
[2.663s] [34mcolcon.colcon_core.package_identification[0m [1;30mLevel 1[0m _identify(src) by extension 'python_setup_py'
[2.664s] [34mcolcon.colcon_core.package_identification[0m [1;30mLevel 1[0m _identify(src/dr_nav2) by extensions ['ignore', 'ignore_ament_install']
[2.664s] [34mcolcon.colcon_core.package_identification[0m [1;30mLevel 1[0m _identify(src/dr_nav2) by extension 'ignore'
[2.664s] [34mcolcon.colcon_core.package_identification[0m [1;30mLevel 1[0m _identify(src/dr_nav2) by extension 'ignore_ament_install'
[2.664s] [34mcolcon.colcon_core.package_identification[0m [1;30mLevel 1[0m _identify(src/dr_nav2) by extensions ['colcon_pkg']
[2.665s] [34mcolcon.colcon_core.package_identification[0m [1;30mLevel 1[0m _identify(src/dr_nav2) by extension 'colcon_pkg'
[2.665s] [34mcolcon.colcon_core.package_identification[0m [1;30mLevel 1[0m _identify(src/dr_nav2) by extensions ['colcon_meta']
[2.665s] [34mcolcon.colcon_core.package_identification[0m [1;30mLevel 1[0m _identify(src/dr_nav2) by extension 'colcon_meta'
[2.665s] [34mcolcon.colcon_core.package_identification[0m [1;30mLevel 1[0m _identify(src/dr_nav2) by extensions ['ros']
[2.665s] [34mcolcon.colcon_core.package_identification[0m [1;30mLevel 1[0m _identify(src/dr_nav2) by extension 'ros'
[2.678s] [34mcolcon.colcon_core.package_identification[0m [1;30mDEBUG[0m [32mPackage 'src/dr_nav2' with type 'ros.ament_cmake' and name 'dr_nav2'[0m
[2.679s] [34mcolcon.colcon_core.package_identification[0m [1;30mLevel 1[0m _identify(src/hdl_global_localization) by extensions ['ignore', 'ignore_ament_install']
[2.679s] [34mcolcon.colcon_core.package_identification[0m [1;30mLevel 1[0m _identify(src/hdl_global_localization) by extension 'ignore'
[2.680s] [34mcolcon.colcon_core.package_identification[0m [1;30mLevel 1[0m _identify(src/hdl_global_localization) by extension 'ignore_ament_install'
[2.680s] [34mcolcon.colcon_core.package_identification[0m [1;30mLevel 1[0m _identify(src/hdl_global_localization) by extensions ['colcon_pkg']
[2.680s] [34mcolcon.colcon_core.package_identification[0m [1;30mLevel 1[0m _identify(src/hdl_global_localization) by extension 'colcon_pkg'
[2.680s] [34mcolcon.colcon_core.package_identification[0m [1;30mLevel 1[0m _identify(src/hdl_global_localization) by extensions ['colcon_meta']
[2.681s] [34mcolcon.colcon_core.package_identification[0m [1;30mLevel 1[0m _identify(src/hdl_global_localization) by extension 'colcon_meta'
[2.681s] [34mcolcon.colcon_core.package_identification[0m [1;30mLevel 1[0m _identify(src/hdl_global_localization) by extensions ['ros']
[2.681s] [34mcolcon.colcon_core.package_identification[0m [1;30mLevel 1[0m _identify(src/hdl_global_localization) by extension 'ros'
[2.748s] [34mcolcon.colcon_core.package_identification[0m [1;30mDEBUG[0m [32mPackage 'src/hdl_global_localization' with type 'ros.ament_cmake' and name 'hdl_global_localization'[0m
[2.749s] [34mcolcon.colcon_core.package_identification[0m [1;30mLevel 1[0m _identify(src/hdl_localization) by extensions ['ignore', 'ignore_ament_install']
[2.749s] [34mcolcon.colcon_core.package_identification[0m [1;30mLevel 1[0m _identify(src/hdl_localization) by extension 'ignore'
[2.750s] [34mcolcon.colcon_core.package_identification[0m [1;30mLevel 1[0m _identify(src/hdl_localization) by extension 'ignore_ament_install'
[2.750s] [34mcolcon.colcon_core.package_identification[0m [1;30mLevel 1[0m _identify(src/hdl_localization) by extensions ['colcon_pkg']
[2.751s] [34mcolcon.colcon_core.package_identification[0m [1;30mLevel 1[0m _identify(src/hdl_localization) by extension 'colcon_pkg'
[2.751s] [34mcolcon.colcon_core.package_identification[0m [1;30mLevel 1[0m _identify(src/hdl_localization) by extensions ['colcon_meta']
[2.751s] [34mcolcon.colcon_core.package_identification[0m [1;30mLevel 1[0m _identify(src/hdl_localization) by extension 'colcon_meta'
[2.751s] [34mcolcon.colcon_core.package_identification[0m [1;30mLevel 1[0m _identify(src/hdl_localization) by extensions ['ros']
[2.751s] [34mcolcon.colcon_core.package_identification[0m [1;30mLevel 1[0m _identify(src/hdl_localization) by extension 'ros'
[2.762s] [34mcolcon.colcon_core.package_identification[0m [1;30mDEBUG[0m [32mPackage 'src/hdl_localization' with type 'ros.ament_cmake' and name 'hdl_localization'[0m
[2.763s] [34mcolcon.colcon_core.package_identification[0m [1;30mLevel 1[0m _identify(src/sensor_test) by extensions ['ignore', 'ignore_ament_install']
[2.763s] [34mcolcon.colcon_core.package_identification[0m [1;30mLevel 1[0m _identify(src/sensor_test) by extension 'ignore'
[2.763s] [34mcolcon.colcon_core.package_identification[0m [1;30mLevel 1[0m _identify(src/sensor_test) by extension 'ignore_ament_install'
[2.764s] [34mcolcon.colcon_core.package_identification[0m [1;30mLevel 1[0m _identify(src/sensor_test) by extensions ['colcon_pkg']
[2.764s] [34mcolcon.colcon_core.package_identification[0m [1;30mLevel 1[0m _identify(src/sensor_test) by extension 'colcon_pkg'
[2.764s] [34mcolcon.colcon_core.package_identification[0m [1;30mLevel 1[0m _identify(src/sensor_test) by extensions ['colcon_meta']
[2.764s] [34mcolcon.colcon_core.package_identification[0m [1;30mLevel 1[0m _identify(src/sensor_test) by extension 'colcon_meta'
[2.764s] [34mcolcon.colcon_core.package_identification[0m [1;30mLevel 1[0m _identify(src/sensor_test) by extensions ['ros']
[2.765s] [34mcolcon.colcon_core.package_identification[0m [1;30mLevel 1[0m _identify(src/sensor_test) by extension 'ros'
[2.774s] [34mcolcon.colcon_core.package_identification[0m [1;30mDEBUG[0m [32mPackage 'src/sensor_test' with type 'ros.ament_cmake' and name 'sensor_test'[0m
[2.775s] [34mcolcon.colcon_core.package_discovery[0m [1;30mLevel 1[0m discover_packages(recursive) using defaults
[2.775s] [34mcolcon.colcon_core.package_discovery[0m [1;30mLevel 1[0m discover_packages(ignore) discover
[2.775s] [34mcolcon.colcon_core.package_discovery[0m [1;30mLevel 1[0m discover_packages(ignore) using defaults
[2.775s] [34mcolcon.colcon_core.package_discovery[0m [1;30mLevel 1[0m discover_packages(path) discover
[2.776s] [34mcolcon.colcon_core.package_discovery[0m [1;30mLevel 1[0m discover_packages(path) using defaults
[2.853s] [34mcolcon.colcon_core.package_discovery[0m [1;30mLevel 1[0m discover_packages(prefix_path) check parameters
[2.853s] [34mcolcon.colcon_core.package_discovery[0m [1;30mLevel 1[0m discover_packages(prefix_path) discover
[2.864s] [34mcolcon.colcon_installed_package_information.package_discovery[0m [1;30mDEBUG[0m [32mFound 1 installed packages in /home/ysc/lite_cog_ros2/fast_gicp/install[0m
[2.867s] [34mcolcon.colcon_installed_package_information.package_discovery[0m [1;30mDEBUG[0m [32mFound 1 installed packages in /home/ysc/lite_cog_ros2/ndt_omp/install[0m
[2.869s] [34mcolcon.colcon_installed_package_information.package_discovery[0m [1;30mDEBUG[0m [32mFound 1 installed packages in /home/ysc/lite_cog_ros2/navigation2-foxy/install[0m
[2.880s] [34mcolcon.colcon_installed_package_information.package_discovery[0m [1;30mDEBUG[0m [32mFound 323 installed packages in /opt/ros/foxy[0m
[2.891s] [34mcolcon.colcon_core.package_discovery[0m [1;30mLevel 1[0m discover_packages(prefix_path) using defaults
[3.290s] [34mcolcon.colcon_core.verb[0m [1;30mLevel 5[0m set package 'dr_nav2' build argument 'cmake_args' from command line to 'None'
[3.290s] [34mcolcon.colcon_core.verb[0m [1;30mLevel 5[0m set package 'dr_nav2' build argument 'cmake_target' from command line to 'None'
[3.290s] [34mcolcon.colcon_core.verb[0m [1;30mLevel 5[0m set package 'dr_nav2' build argument 'cmake_target_skip_unavailable' from command line to 'False'
[3.291s] [34mcolcon.colcon_core.verb[0m [1;30mLevel 5[0m set package 'dr_nav2' build argument 'cmake_clean_cache' from command line to 'False'
[3.291s] [34mcolcon.colcon_core.verb[0m [1;30mLevel 5[0m set package 'dr_nav2' build argument 'cmake_clean_first' from command line to 'False'
[3.291s] [34mcolcon.colcon_core.verb[0m [1;30mLevel 5[0m set package 'dr_nav2' build argument 'cmake_force_configure' from command line to 'False'
[3.291s] [34mcolcon.colcon_core.verb[0m [1;30mLevel 5[0m set package 'dr_nav2' build argument 'ament_cmake_args' from command line to 'None'
[3.291s] [34mcolcon.colcon_core.verb[0m [1;30mLevel 5[0m set package 'dr_nav2' build argument 'catkin_cmake_args' from command line to 'None'
[3.291s] [34mcolcon.colcon_core.verb[0m [1;30mLevel 5[0m set package 'dr_nav2' build argument 'catkin_skip_building_tests' from command line to 'False'
[3.292s] [34mcolcon.colcon_core.verb[0m [1;30mDEBUG[0m [32mBuilding package 'dr_nav2' with the following arguments: {'ament_cmake_args': None, 'build_base': '/home/ysc/lite_cog_ros2/nav/build/dr_nav2', 'catkin_cmake_args': None, 'catkin_skip_building_tests': False, 'cmake_args': None, 'cmake_clean_cache': False, 'cmake_clean_first': False, 'cmake_force_configure': False, 'cmake_target': None, 'cmake_target_skip_unavailable': False, 'install_base': '/home/ysc/lite_cog_ros2/nav/install/dr_nav2', 'merge_install': False, 'path': '/home/ysc/lite_cog_ros2/nav/src/dr_nav2', 'symlink_install': True, 'test_result_base': None}[0m
[3.294s] [34mcolcon.colcon_core.verb[0m [1;30mLevel 5[0m set package 'hdl_global_localization' build argument 'cmake_args' from command line to 'None'
[3.294s] [34mcolcon.colcon_core.verb[0m [1;30mLevel 5[0m set package 'hdl_global_localization' build argument 'cmake_target' from command line to 'None'
[3.294s] [34mcolcon.colcon_core.verb[0m [1;30mLevel 5[0m set package 'hdl_global_localization' build argument 'cmake_target_skip_unavailable' from command line to 'False'
[3.295s] [34mcolcon.colcon_core.verb[0m [1;30mLevel 5[0m set package 'hdl_global_localization' build argument 'cmake_clean_cache' from command line to 'False'
[3.295s] [34mcolcon.colcon_core.verb[0m [1;30mLevel 5[0m set package 'hdl_global_localization' build argument 'cmake_clean_first' from command line to 'False'
[3.295s] [34mcolcon.colcon_core.verb[0m [1;30mLevel 5[0m set package 'hdl_global_localization' build argument 'cmake_force_configure' from command line to 'False'
[3.295s] [34mcolcon.colcon_core.verb[0m [1;30mLevel 5[0m set package 'hdl_global_localization' build argument 'ament_cmake_args' from command line to 'None'
[3.295s] [34mcolcon.colcon_core.verb[0m [1;30mLevel 5[0m set package 'hdl_global_localization' build argument 'catkin_cmake_args' from command line to 'None'
[3.295s] [34mcolcon.colcon_core.verb[0m [1;30mLevel 5[0m set package 'hdl_global_localization' build argument 'catkin_skip_building_tests' from command line to 'False'
[3.296s] [34mcolcon.colcon_core.verb[0m [1;30mDEBUG[0m [32mBuilding package 'hdl_global_localization' with the following arguments: {'ament_cmake_args': None, 'build_base': '/home/ysc/lite_cog_ros2/nav/build/hdl_global_localization', 'catkin_cmake_args': None, 'catkin_skip_building_tests': False, 'cmake_args': None, 'cmake_clean_cache': False, 'cmake_clean_first': False, 'cmake_force_configure': False, 'cmake_target': None, 'cmake_target_skip_unavailable': False, 'install_base': '/home/ysc/lite_cog_ros2/nav/install/hdl_global_localization', 'merge_install': False, 'path': '/home/ysc/lite_cog_ros2/nav/src/hdl_global_localization', 'symlink_install': True, 'test_result_base': None}[0m
[3.298s] [34mcolcon.colcon_core.verb[0m [1;30mLevel 5[0m set package 'sensor_test' build argument 'cmake_args' from command line to 'None'
[3.298s] [34mcolcon.colcon_core.verb[0m [1;30mLevel 5[0m set package 'sensor_test' build argument 'cmake_target' from command line to 'None'
[3.298s] [34mcolcon.colcon_core.verb[0m [1;30mLevel 5[0m set package 'sensor_test' build argument 'cmake_target_skip_unavailable' from command line to 'False'
[3.298s] [34mcolcon.colcon_core.verb[0m [1;30mLevel 5[0m set package 'sensor_test' build argument 'cmake_clean_cache' from command line to 'False'
[3.298s] [34mcolcon.colcon_core.verb[0m [1;30mLevel 5[0m set package 'sensor_test' build argument 'cmake_clean_first' from command line to 'False'
[3.299s] [34mcolcon.colcon_core.verb[0m [1;30mLevel 5[0m set package 'sensor_test' build argument 'cmake_force_configure' from command line to 'False'
[3.299s] [34mcolcon.colcon_core.verb[0m [1;30mLevel 5[0m set package 'sensor_test' build argument 'ament_cmake_args' from command line to 'None'
[3.299s] [34mcolcon.colcon_core.verb[0m [1;30mLevel 5[0m set package 'sensor_test' build argument 'catkin_cmake_args' from command line to 'None'
[3.299s] [34mcolcon.colcon_core.verb[0m [1;30mLevel 5[0m set package 'sensor_test' build argument 'catkin_skip_building_tests' from command line to 'False'
[3.299s] [34mcolcon.colcon_core.verb[0m [1;30mDEBUG[0m [32mBuilding package 'sensor_test' with the following arguments: {'ament_cmake_args': None, 'build_base': '/home/ysc/lite_cog_ros2/nav/build/sensor_test', 'catkin_cmake_args': None, 'catkin_skip_building_tests': False, 'cmake_args': None, 'cmake_clean_cache': False, 'cmake_clean_first': False, 'cmake_force_configure': False, 'cmake_target': None, 'cmake_target_skip_unavailable': False, 'install_base': '/home/ysc/lite_cog_ros2/nav/install/sensor_test', 'merge_install': False, 'path': '/home/ysc/lite_cog_ros2/nav/src/sensor_test', 'symlink_install': True, 'test_result_base': None}[0m
[3.301s] [34mcolcon.colcon_core.verb[0m [1;30mLevel 5[0m set package 'hdl_localization' build argument 'cmake_args' from command line to 'None'
[3.301s] [34mcolcon.colcon_core.verb[0m [1;30mLevel 5[0m set package 'hdl_localization' build argument 'cmake_target' from command line to 'None'
[3.302s] [34mcolcon.colcon_core.verb[0m [1;30mLevel 5[0m set package 'hdl_localization' build argument 'cmake_target_skip_unavailable' from command line to 'False'
[3.302s] [34mcolcon.colcon_core.verb[0m [1;30mLevel 5[0m set package 'hdl_localization' build argument 'cmake_clean_cache' from command line to 'False'
[3.302s] [34mcolcon.colcon_core.verb[0m [1;30mLevel 5[0m set package 'hdl_localization' build argument 'cmake_clean_first' from command line to 'False'
[3.302s] [34mcolcon.colcon_core.verb[0m [1;30mLevel 5[0m set package 'hdl_localization' build argument 'cmake_force_configure' from command line to 'False'
[3.302s] [34mcolcon.colcon_core.verb[0m [1;30mLevel 5[0m set package 'hdl_localization' build argument 'ament_cmake_args' from command line to 'None'
[3.302s] [34mcolcon.colcon_core.verb[0m [1;30mLevel 5[0m set package 'hdl_localization' build argument 'catkin_cmake_args' from command line to 'None'
[3.303s] [34mcolcon.colcon_core.verb[0m [1;30mLevel 5[0m set package 'hdl_localization' build argument 'catkin_skip_building_tests' from command line to 'False'
[3.303s] [34mcolcon.colcon_core.verb[0m [1;30mDEBUG[0m [32mBuilding package 'hdl_localization' with the following arguments: {'ament_cmake_args': None, 'build_base': '/home/ysc/lite_cog_ros2/nav/build/hdl_localization', 'catkin_cmake_args': None, 'catkin_skip_building_tests': False, 'cmake_args': None, 'cmake_clean_cache': False, 'cmake_clean_first': False, 'cmake_force_configure': False, 'cmake_target': None, 'cmake_target_skip_unavailable': False, 'install_base': '/home/ysc/lite_cog_ros2/nav/install/hdl_localization', 'merge_install': False, 'path': '/home/ysc/lite_cog_ros2/nav/src/hdl_localization', 'symlink_install': True, 'test_result_base': None}[0m
[3.303s] [34mcolcon.colcon_core.executor[0m [1;30mINFO[0m Executing jobs using 'parallel' executor
[3.308s] [34mcolcon.colcon_parallel_executor.executor.parallel[0m [1;30mDEBUG[0m [32mrun_until_complete[0m
[3.311s] [34mcolcon.colcon_ros.task.ament_cmake.build[0m [1;30mINFO[0m Building ROS package in '/home/ysc/lite_cog_ros2/nav/src/hdl_global_localization' with build type 'ament_cmake'
[3.312s] [34mcolcon.colcon_cmake.task.cmake.build[0m [1;30mINFO[0m Building CMake package in '/home/ysc/lite_cog_ros2/nav/src/hdl_global_localization'
[3.322s] [34mcolcon.colcon_core.plugin_system[0m [1;30mINFO[0m Skipping extension 'colcon_core.shell.bat': Not used on non-Windows systems
[3.323s] [34mcolcon.colcon_core.shell[0m [1;30mINFO[0m Skip shell extension 'powershell' for command environment: Not usable outside of PowerShell
[3.323s] [34mcolcon.colcon_core.shell[0m [1;30mDEBUG[0m [32mSkip shell extension 'dsv' for command environment[0m
[3.374s] [34mcolcon.colcon_ros.task.ament_cmake.build[0m [1;30mINFO[0m Building ROS package in '/home/ysc/lite_cog_ros2/nav/src/dr_nav2' with build type 'ament_cmake'
[3.381s] [34mcolcon.colcon_cmake.task.cmake.build[0m [1;30mINFO[0m Building CMake package in '/home/ysc/lite_cog_ros2/nav/src/dr_nav2'
[3.391s] [34mcolcon.colcon_core.shell[0m [1;30mINFO[0m Skip shell extension 'powershell' for command environment: Not usable outside of PowerShell
[3.392s] [34mcolcon.colcon_core.shell[0m [1;30mDEBUG[0m [32mSkip shell extension 'dsv' for command environment[0m
[3.437s] [34mcolcon.colcon_ros.task.ament_cmake.build[0m [1;30mINFO[0m Building ROS package in '/home/ysc/lite_cog_ros2/nav/src/sensor_test' with build type 'ament_cmake'
[3.443s] [34mcolcon.colcon_cmake.task.cmake.build[0m [1;30mINFO[0m Building CMake package in '/home/ysc/lite_cog_ros2/nav/src/sensor_test'
[3.448s] [34mcolcon.colcon_core.shell[0m [1;30mINFO[0m Skip shell extension 'powershell' for command environment: Not usable outside of PowerShell
[3.448s] [34mcolcon.colcon_core.shell[0m [1;30mDEBUG[0m [32mSkip shell extension 'dsv' for command environment[0m
[3.545s] [34mcolcon.colcon_core.event_handler.log_command[0m [1;30mDEBUG[0m [32mInvoking command in '/home/ysc/lite_cog_ros2/nav/build/hdl_global_localization': CMAKE_PREFIX_PATH=${CMAKE_PREFIX_PATH}:/opt/ros/foxy /usr/bin/cmake --build /home/ysc/lite_cog_ros2/nav/build/hdl_global_localization -- -j6 -l6[0m
[3.608s] [34mcolcon.colcon_core.event_handler.log_command[0m [1;30mDEBUG[0m [32mInvoking command in '/home/ysc/lite_cog_ros2/nav/build/dr_nav2': CMAKE_PREFIX_PATH=${CMAKE_PREFIX_PATH}:/opt/ros/foxy /usr/bin/cmake --build /home/ysc/lite_cog_ros2/nav/build/dr_nav2 -- -j6 -l6[0m
[3.715s] [34mcolcon.colcon_core.event_handler.log_command[0m [1;30mDEBUG[0m [32mInvoking command in '/home/ysc/lite_cog_ros2/nav/build/sensor_test': CMAKE_PREFIX_PATH=${CMAKE_PREFIX_PATH}:/opt/ros/foxy /usr/bin/cmake --build /home/ysc/lite_cog_ros2/nav/build/sensor_test -- -j6 -l6[0m
[3.956s] [34mcolcon.colcon_core.event_handler.log_command[0m [1;30mDEBUG[0m [32mInvoked command in '/home/ysc/lite_cog_ros2/nav/build/dr_nav2' returned '0': CMAKE_PREFIX_PATH=${CMAKE_PREFIX_PATH}:/opt/ros/foxy /usr/bin/cmake --build /home/ysc/lite_cog_ros2/nav/build/dr_nav2 -- -j6 -l6[0m
[4.393s] [34mcolcon.colcon_core.event_handler.log_command[0m [1;30mDEBUG[0m [32mInvoking command in '/home/ysc/lite_cog_ros2/nav/build/dr_nav2': CMAKE_PREFIX_PATH=${CMAKE_PREFIX_PATH}:/opt/ros/foxy /usr/bin/cmake --install /home/ysc/lite_cog_ros2/nav/build/dr_nav2[0m
[4.439s] [34mcolcon.colcon_core.event_handler.log_command[0m [1;30mDEBUG[0m [32mInvoked command in '/home/ysc/lite_cog_ros2/nav/build/sensor_test' returned '0': CMAKE_PREFIX_PATH=${CMAKE_PREFIX_PATH}:/opt/ros/foxy /usr/bin/cmake --build /home/ysc/lite_cog_ros2/nav/build/sensor_test -- -j6 -l6[0m
[4.619s] [34mcolcon.colcon_core.environment[0m [1;30mLevel 1[0m create_environment_scripts_only(dr_nav2)
[4.632s] [34mcolcon.colcon_core.event_handler.log_command[0m [1;30mDEBUG[0m [32mInvoked command in '/home/ysc/lite_cog_ros2/nav/build/dr_nav2' returned '0': CMAKE_PREFIX_PATH=${CMAKE_PREFIX_PATH}:/opt/ros/foxy /usr/bin/cmake --install /home/ysc/lite_cog_ros2/nav/build/dr_nav2[0m
[4.653s] [34mcolcon.colcon_core.environment[0m [1;30mLevel 1[0m checking '/home/ysc/lite_cog_ros2/nav/install/dr_nav2' for CMake module files
[4.658s] [34mcolcon.colcon_core.environment[0m [1;30mLevel 1[0m checking '/home/ysc/lite_cog_ros2/nav/install/dr_nav2' for CMake config files
[4.661s] [34mcolcon.colcon_core.shell[0m [1;30mLevel 1[0m create_environment_hook('dr_nav2', 'cmake_prefix_path')
[4.664s] [34mcolcon.colcon_core.shell[0m [1;30mINFO[0m Creating environment hook '/home/ysc/lite_cog_ros2/nav/install/dr_nav2/share/dr_nav2/hook/cmake_prefix_path.ps1'
[4.673s] [34mcolcon.colcon_core.shell[0m [1;30mINFO[0m Creating environment descriptor '/home/ysc/lite_cog_ros2/nav/install/dr_nav2/share/dr_nav2/hook/cmake_prefix_path.dsv'
[4.682s] [34mcolcon.colcon_core.shell[0m [1;30mINFO[0m Creating environment hook '/home/ysc/lite_cog_ros2/nav/install/dr_nav2/share/dr_nav2/hook/cmake_prefix_path.sh'
[4.692s] [34mcolcon.colcon_core.environment[0m [1;30mLevel 1[0m checking '/home/ysc/lite_cog_ros2/nav/install/dr_nav2/bin'
[4.693s] [34mcolcon.colcon_core.environment[0m [1;30mLevel 1[0m checking '/home/ysc/lite_cog_ros2/nav/install/dr_nav2/lib/pkgconfig/dr_nav2.pc'
[4.696s] [34mcolcon.colcon_core.environment[0m [1;30mLevel 1[0m checking '/home/ysc/lite_cog_ros2/nav/install/dr_nav2/lib/python3.8/site-packages'
[4.697s] [34mcolcon.colcon_core.environment[0m [1;30mLevel 1[0m checking '/home/ysc/lite_cog_ros2/nav/install/dr_nav2/bin'
[4.699s] [34mcolcon.colcon_core.shell[0m [1;30mINFO[0m Creating package script '/home/ysc/lite_cog_ros2/nav/install/dr_nav2/share/dr_nav2/package.ps1'
[4.704s] [34mcolcon.colcon_core.shell[0m [1;30mINFO[0m Creating package descriptor '/home/ysc/lite_cog_ros2/nav/install/dr_nav2/share/dr_nav2/package.dsv'
[4.707s] [34mcolcon.colcon_core.shell[0m [1;30mINFO[0m Creating package script '/home/ysc/lite_cog_ros2/nav/install/dr_nav2/share/dr_nav2/package.sh'
[4.711s] [34mcolcon.colcon_core.shell[0m [1;30mINFO[0m Creating package script '/home/ysc/lite_cog_ros2/nav/install/dr_nav2/share/dr_nav2/package.bash'
[4.716s] [34mcolcon.colcon_core.shell[0m [1;30mINFO[0m Creating package script '/home/ysc/lite_cog_ros2/nav/install/dr_nav2/share/dr_nav2/package.zsh'
[4.719s] [34mcolcon.colcon_core.environment[0m [1;30mLevel 1[0m create_file_with_runtime_dependencies(/home/ysc/lite_cog_ros2/nav/install/dr_nav2/share/colcon-core/packages/dr_nav2)
[4.760s] [34mcolcon.colcon_core.event_handler.log_command[0m [1;30mDEBUG[0m [32mInvoking command in '/home/ysc/lite_cog_ros2/nav/build/sensor_test': CMAKE_PREFIX_PATH=${CMAKE_PREFIX_PATH}:/opt/ros/foxy /usr/bin/cmake --install /home/ysc/lite_cog_ros2/nav/build/sensor_test[0m
[4.923s] [34mcolcon.colcon_core.environment[0m [1;30mLevel 1[0m create_environment_scripts_only(dr_nav2)
[4.925s] [34mcolcon.colcon_core.environment[0m [1;30mLevel 1[0m checking '/home/ysc/lite_cog_ros2/nav/install/dr_nav2' for CMake module files
[4.929s] [34mcolcon.colcon_core.environment[0m [1;30mLevel 1[0m checking '/home/ysc/lite_cog_ros2/nav/install/dr_nav2' for CMake config files
[4.932s] [34mcolcon.colcon_core.shell[0m [1;30mLevel 1[0m create_environment_hook('dr_nav2', 'cmake_prefix_path')
[4.934s] [34mcolcon.colcon_core.shell[0m [1;30mINFO[0m Creating environment hook '/home/ysc/lite_cog_ros2/nav/install/dr_nav2/share/dr_nav2/hook/cmake_prefix_path.ps1'
[4.941s] [34mcolcon.colcon_core.shell[0m [1;30mINFO[0m Creating environment descriptor '/home/ysc/lite_cog_ros2/nav/install/dr_nav2/share/dr_nav2/hook/cmake_prefix_path.dsv'
[4.946s] [34mcolcon.colcon_core.shell[0m [1;30mINFO[0m Creating environment hook '/home/ysc/lite_cog_ros2/nav/install/dr_nav2/share/dr_nav2/hook/cmake_prefix_path.sh'
[4.963s] [34mcolcon.colcon_core.environment[0m [1;30mLevel 1[0m checking '/home/ysc/lite_cog_ros2/nav/install/dr_nav2/bin'
[4.963s] [34mcolcon.colcon_core.environment[0m [1;30mLevel 1[0m checking '/home/ysc/lite_cog_ros2/nav/install/dr_nav2/lib/pkgconfig/dr_nav2.pc'
[4.966s] [34mcolcon.colcon_core.environment[0m [1;30mLevel 1[0m checking '/home/ysc/lite_cog_ros2/nav/install/dr_nav2/lib/python3.8/site-packages'
[4.973s] [34mcolcon.colcon_core.environment[0m [1;30mLevel 1[0m checking '/home/ysc/lite_cog_ros2/nav/install/dr_nav2/bin'
[4.978s] [34mcolcon.colcon_core.shell[0m [1;30mINFO[0m Creating package script '/home/ysc/lite_cog_ros2/nav/install/dr_nav2/share/dr_nav2/package.ps1'
[4.982s] [34mcolcon.colcon_core.shell[0m [1;30mINFO[0m Creating package descriptor '/home/ysc/lite_cog_ros2/nav/install/dr_nav2/share/dr_nav2/package.dsv'
[4.988s] [34mcolcon.colcon_core.shell[0m [1;30mINFO[0m Creating package script '/home/ysc/lite_cog_ros2/nav/install/dr_nav2/share/dr_nav2/package.sh'
[4.992s] [34mcolcon.colcon_core.shell[0m [1;30mINFO[0m Creating package script '/home/ysc/lite_cog_ros2/nav/install/dr_nav2/share/dr_nav2/package.bash'
[4.996s] [34mcolcon.colcon_core.shell[0m [1;30mINFO[0m Creating package script '/home/ysc/lite_cog_ros2/nav/install/dr_nav2/share/dr_nav2/package.zsh'
[4.999s] [34mcolcon.colcon_core.environment[0m [1;30mLevel 1[0m create_file_with_runtime_dependencies(/home/ysc/lite_cog_ros2/nav/install/dr_nav2/share/colcon-core/packages/dr_nav2)
[5.009s] [34mcolcon.colcon_core.environment[0m [1;30mLevel 1[0m create_environment_scripts_only(sensor_test)
[5.012s] [34mcolcon.colcon_core.event_handler.log_command[0m [1;30mDEBUG[0m [32mInvoked command in '/home/ysc/lite_cog_ros2/nav/build/sensor_test' returned '0': CMAKE_PREFIX_PATH=${CMAKE_PREFIX_PATH}:/opt/ros/foxy /usr/bin/cmake --install /home/ysc/lite_cog_ros2/nav/build/sensor_test[0m
[5.014s] [34mcolcon.colcon_core.environment[0m [1;30mLevel 1[0m checking '/home/ysc/lite_cog_ros2/nav/install/sensor_test' for CMake module files
[5.019s] [34mcolcon.colcon_core.environment[0m [1;30mLevel 1[0m checking '/home/ysc/lite_cog_ros2/nav/install/sensor_test' for CMake config files
[5.022s] [34mcolcon.colcon_core.shell[0m [1;30mLevel 1[0m create_environment_hook('sensor_test', 'cmake_prefix_path')
[5.023s] [34mcolcon.colcon_core.shell[0m [1;30mINFO[0m Creating environment hook '/home/ysc/lite_cog_ros2/nav/install/sensor_test/share/sensor_test/hook/cmake_prefix_path.ps1'
[5.026s] [34mcolcon.colcon_core.shell[0m [1;30mINFO[0m Creating environment descriptor '/home/ysc/lite_cog_ros2/nav/install/sensor_test/share/sensor_test/hook/cmake_prefix_path.dsv'
[5.028s] [34mcolcon.colcon_core.shell[0m [1;30mINFO[0m Creating environment hook '/home/ysc/lite_cog_ros2/nav/install/sensor_test/share/sensor_test/hook/cmake_prefix_path.sh'
[5.031s] [34mcolcon.colcon_core.environment[0m [1;30mLevel 1[0m checking '/home/ysc/lite_cog_ros2/nav/install/sensor_test/lib'
[5.032s] [34mcolcon.colcon_core.environment[0m [1;30mLevel 1[0m checking '/home/ysc/lite_cog_ros2/nav/install/sensor_test/bin'
[5.033s] [34mcolcon.colcon_core.environment[0m [1;30mLevel 1[0m checking '/home/ysc/lite_cog_ros2/nav/install/sensor_test/lib/pkgconfig/sensor_test.pc'
[5.035s] [34mcolcon.colcon_core.environment[0m [1;30mLevel 1[0m checking '/home/ysc/lite_cog_ros2/nav/install/sensor_test/lib/python3.8/site-packages'
[5.037s] [34mcolcon.colcon_core.environment[0m [1;30mLevel 1[0m checking '/home/ysc/lite_cog_ros2/nav/install/sensor_test/bin'
[5.039s] [34mcolcon.colcon_core.shell[0m [1;30mINFO[0m Creating package script '/home/ysc/lite_cog_ros2/nav/install/sensor_test/share/sensor_test/package.ps1'
[5.043s] [34mcolcon.colcon_core.shell[0m [1;30mINFO[0m Creating package descriptor '/home/ysc/lite_cog_ros2/nav/install/sensor_test/share/sensor_test/package.dsv'
[5.045s] [34mcolcon.colcon_core.shell[0m [1;30mINFO[0m Creating package script '/home/ysc/lite_cog_ros2/nav/install/sensor_test/share/sensor_test/package.sh'
[5.049s] [34mcolcon.colcon_core.shell[0m [1;30mINFO[0m Creating package script '/home/ysc/lite_cog_ros2/nav/install/sensor_test/share/sensor_test/package.bash'
[5.051s] [34mcolcon.colcon_core.shell[0m [1;30mINFO[0m Creating package script '/home/ysc/lite_cog_ros2/nav/install/sensor_test/share/sensor_test/package.zsh'
[5.052s] [34mcolcon.colcon_core.environment[0m [1;30mLevel 1[0m create_file_with_runtime_dependencies(/home/ysc/lite_cog_ros2/nav/install/sensor_test/share/colcon-core/packages/sensor_test)
[5.288s] [34mcolcon.colcon_core.environment[0m [1;30mLevel 1[0m create_environment_scripts_only(sensor_test)
[5.542s] [34mcolcon.colcon_core.environment[0m [1;30mLevel 1[0m checking '/home/ysc/lite_cog_ros2/nav/install/sensor_test' for CMake module files
[5.554s] [34mcolcon.colcon_core.environment[0m [1;30mLevel 1[0m checking '/home/ysc/lite_cog_ros2/nav/install/sensor_test' for CMake config files
[5.560s] [34mcolcon.colcon_core.shell[0m [1;30mLevel 1[0m create_environment_hook('sensor_test', 'cmake_prefix_path')
[5.562s] [34mcolcon.colcon_core.shell[0m [1;30mINFO[0m Creating environment hook '/home/ysc/lite_cog_ros2/nav/install/sensor_test/share/sensor_test/hook/cmake_prefix_path.ps1'
[5.567s] [34mcolcon.colcon_core.shell[0m [1;30mINFO[0m Creating environment descriptor '/home/ysc/lite_cog_ros2/nav/install/sensor_test/share/sensor_test/hook/cmake_prefix_path.dsv'
[5.570s] [34mcolcon.colcon_core.shell[0m [1;30mINFO[0m Creating environment hook '/home/ysc/lite_cog_ros2/nav/install/sensor_test/share/sensor_test/hook/cmake_prefix_path.sh'
[5.573s] [34mcolcon.colcon_core.environment[0m [1;30mLevel 1[0m checking '/home/ysc/lite_cog_ros2/nav/install/sensor_test/lib'
[5.574s] [34mcolcon.colcon_core.environment[0m [1;30mLevel 1[0m checking '/home/ysc/lite_cog_ros2/nav/install/sensor_test/bin'
[5.574s] [34mcolcon.colcon_core.environment[0m [1;30mLevel 1[0m checking '/home/ysc/lite_cog_ros2/nav/install/sensor_test/lib/pkgconfig/sensor_test.pc'
[5.576s] [34mcolcon.colcon_core.environment[0m [1;30mLevel 1[0m checking '/home/ysc/lite_cog_ros2/nav/install/sensor_test/lib/python3.8/site-packages'
[5.577s] [34mcolcon.colcon_core.environment[0m [1;30mLevel 1[0m checking '/home/ysc/lite_cog_ros2/nav/install/sensor_test/bin'
[5.579s] [34mcolcon.colcon_core.shell[0m [1;30mINFO[0m Creating package script '/home/ysc/lite_cog_ros2/nav/install/sensor_test/share/sensor_test/package.ps1'
[5.582s] [34mcolcon.colcon_core.shell[0m [1;30mINFO[0m Creating package descriptor '/home/ysc/lite_cog_ros2/nav/install/sensor_test/share/sensor_test/package.dsv'
[5.584s] [34mcolcon.colcon_core.shell[0m [1;30mINFO[0m Creating package script '/home/ysc/lite_cog_ros2/nav/install/sensor_test/share/sensor_test/package.sh'
[5.587s] [34mcolcon.colcon_core.shell[0m [1;30mINFO[0m Creating package script '/home/ysc/lite_cog_ros2/nav/install/sensor_test/share/sensor_test/package.bash'
[5.590s] [34mcolcon.colcon_core.shell[0m [1;30mINFO[0m Creating package script '/home/ysc/lite_cog_ros2/nav/install/sensor_test/share/sensor_test/package.zsh'
[5.592s] [34mcolcon.colcon_core.environment[0m [1;30mLevel 1[0m create_file_with_runtime_dependencies(/home/ysc/lite_cog_ros2/nav/install/sensor_test/share/colcon-core/packages/sensor_test)
[6.042s] [34mcolcon.colcon_core.event_handler.log_command[0m [1;30mDEBUG[0m [32mInvoked command in '/home/ysc/lite_cog_ros2/nav/build/hdl_global_localization' returned '0': CMAKE_PREFIX_PATH=${CMAKE_PREFIX_PATH}:/opt/ros/foxy /usr/bin/cmake --build /home/ysc/lite_cog_ros2/nav/build/hdl_global_localization -- -j6 -l6[0m
[7.009s] [34mcolcon.colcon_core.event_handler.log_command[0m [1;30mDEBUG[0m [32mInvoking command in '/home/ysc/lite_cog_ros2/nav/build/hdl_global_localization': CMAKE_PREFIX_PATH=${CMAKE_PREFIX_PATH}:/opt/ros/foxy /usr/bin/cmake --install /home/ysc/lite_cog_ros2/nav/build/hdl_global_localization[0m
[7.606s] [34mcolcon.colcon_core.environment[0m [1;30mLevel 1[0m create_environment_scripts_only(hdl_global_localization)
[7.610s] [34mcolcon.colcon_core.environment[0m [1;30mLevel 1[0m checking '/home/ysc/lite_cog_ros2/nav/install/hdl_global_localization' for CMake module files
[7.614s] [34mcolcon.colcon_core.event_handler.log_command[0m [1;30mDEBUG[0m [32mInvoked command in '/home/ysc/lite_cog_ros2/nav/build/hdl_global_localization' returned '0': CMAKE_PREFIX_PATH=${CMAKE_PREFIX_PATH}:/opt/ros/foxy /usr/bin/cmake --install /home/ysc/lite_cog_ros2/nav/build/hdl_global_localization[0m
[7.617s] [34mcolcon.colcon_core.environment[0m [1;30mLevel 1[0m checking '/home/ysc/lite_cog_ros2/nav/install/hdl_global_localization' for CMake config files
[7.624s] [34mcolcon.colcon_core.shell[0m [1;30mLevel 1[0m create_environment_hook('hdl_global_localization', 'cmake_prefix_path')
[7.626s] [34mcolcon.colcon_core.shell[0m [1;30mINFO[0m Creating environment hook '/home/ysc/lite_cog_ros2/nav/install/hdl_global_localization/share/hdl_global_localization/hook/cmake_prefix_path.ps1'
[7.630s] [34mcolcon.colcon_core.shell[0m [1;30mINFO[0m Creating environment descriptor '/home/ysc/lite_cog_ros2/nav/install/hdl_global_localization/share/hdl_global_localization/hook/cmake_prefix_path.dsv'
[7.633s] [34mcolcon.colcon_core.shell[0m [1;30mINFO[0m Creating environment hook '/home/ysc/lite_cog_ros2/nav/install/hdl_global_localization/share/hdl_global_localization/hook/cmake_prefix_path.sh'
[7.638s] [34mcolcon.colcon_core.environment[0m [1;30mLevel 1[0m checking '/home/ysc/lite_cog_ros2/nav/install/hdl_global_localization/lib'
[7.639s] [34mcolcon.colcon_core.shell[0m [1;30mLevel 1[0m create_environment_hook('hdl_global_localization', 'ld_library_path_lib')
[7.640s] [34mcolcon.colcon_core.shell[0m [1;30mINFO[0m Creating environment hook '/home/ysc/lite_cog_ros2/nav/install/hdl_global_localization/share/hdl_global_localization/hook/ld_library_path_lib.ps1'
[7.643s] [34mcolcon.colcon_core.shell[0m [1;30mINFO[0m Creating environment descriptor '/home/ysc/lite_cog_ros2/nav/install/hdl_global_localization/share/hdl_global_localization/hook/ld_library_path_lib.dsv'
[7.645s] [34mcolcon.colcon_core.shell[0m [1;30mINFO[0m Creating environment hook '/home/ysc/lite_cog_ros2/nav/install/hdl_global_localization/share/hdl_global_localization/hook/ld_library_path_lib.sh'
[7.647s] [34mcolcon.colcon_core.environment[0m [1;30mLevel 1[0m checking '/home/ysc/lite_cog_ros2/nav/install/hdl_global_localization/bin'
[7.647s] [34mcolcon.colcon_core.environment[0m [1;30mLevel 1[0m checking '/home/ysc/lite_cog_ros2/nav/install/hdl_global_localization/lib/pkgconfig/hdl_global_localization.pc'
[7.649s] [34mcolcon.colcon_core.environment[0m [1;30mLevel 1[0m checking '/home/ysc/lite_cog_ros2/nav/install/hdl_global_localization/lib/python3.8/site-packages'
[7.650s] [34mcolcon.colcon_core.shell[0m [1;30mLevel 1[0m create_environment_hook('hdl_global_localization', 'pythonpath')
[7.651s] [34mcolcon.colcon_core.shell[0m [1;30mINFO[0m Creating environment hook '/home/ysc/lite_cog_ros2/nav/install/hdl_global_localization/share/hdl_global_localization/hook/pythonpath.ps1'
[7.653s] [34mcolcon.colcon_core.shell[0m [1;30mINFO[0m Creating environment descriptor '/home/ysc/lite_cog_ros2/nav/install/hdl_global_localization/share/hdl_global_localization/hook/pythonpath.dsv'
[7.655s] [34mcolcon.colcon_core.shell[0m [1;30mINFO[0m Creating environment hook '/home/ysc/lite_cog_ros2/nav/install/hdl_global_localization/share/hdl_global_localization/hook/pythonpath.sh'
[7.658s] [34mcolcon.colcon_core.environment[0m [1;30mLevel 1[0m checking '/home/ysc/lite_cog_ros2/nav/install/hdl_global_localization/bin'
[7.660s] [34mcolcon.colcon_core.shell[0m [1;30mINFO[0m Creating package script '/home/ysc/lite_cog_ros2/nav/install/hdl_global_localization/share/hdl_global_localization/package.ps1'
[7.663s] [34mcolcon.colcon_core.shell[0m [1;30mINFO[0m Creating package descriptor '/home/ysc/lite_cog_ros2/nav/install/hdl_global_localization/share/hdl_global_localization/package.dsv'
[7.665s] [34mcolcon.colcon_core.shell[0m [1;30mINFO[0m Creating package script '/home/ysc/lite_cog_ros2/nav/install/hdl_global_localization/share/hdl_global_localization/package.sh'
[7.668s] [34mcolcon.colcon_core.shell[0m [1;30mINFO[0m Creating package script '/home/ysc/lite_cog_ros2/nav/install/hdl_global_localization/share/hdl_global_localization/package.bash'
[7.670s] [34mcolcon.colcon_core.shell[0m [1;30mINFO[0m Creating package script '/home/ysc/lite_cog_ros2/nav/install/hdl_global_localization/share/hdl_global_localization/package.zsh'
[7.673s] [34mcolcon.colcon_core.environment[0m [1;30mLevel 1[0m create_file_with_runtime_dependencies(/home/ysc/lite_cog_ros2/nav/install/hdl_global_localization/share/colcon-core/packages/hdl_global_localization)
[8.629s] [34mcolcon.colcon_core.environment[0m [1;30mLevel 1[0m create_environment_scripts_only(hdl_global_localization)
[8.637s] [34mcolcon.colcon_core.environment[0m [1;30mLevel 1[0m checking '/home/ysc/lite_cog_ros2/nav/install/hdl_global_localization' for CMake module files
[8.643s] [34mcolcon.colcon_core.environment[0m [1;30mLevel 1[0m checking '/home/ysc/lite_cog_ros2/nav/install/hdl_global_localization' for CMake config files
[8.648s] [34mcolcon.colcon_core.shell[0m [1;30mLevel 1[0m create_environment_hook('hdl_global_localization', 'cmake_prefix_path')
[8.649s] [34mcolcon.colcon_core.shell[0m [1;30mINFO[0m Creating environment hook '/home/ysc/lite_cog_ros2/nav/install/hdl_global_localization/share/hdl_global_localization/hook/cmake_prefix_path.ps1'
[8.653s] [34mcolcon.colcon_core.shell[0m [1;30mINFO[0m Creating environment descriptor '/home/ysc/lite_cog_ros2/nav/install/hdl_global_localization/share/hdl_global_localization/hook/cmake_prefix_path.dsv'
[8.658s] [34mcolcon.colcon_core.shell[0m [1;30mINFO[0m Creating environment hook '/home/ysc/lite_cog_ros2/nav/install/hdl_global_localization/share/hdl_global_localization/hook/cmake_prefix_path.sh'
[8.664s] [34mcolcon.colcon_core.environment[0m [1;30mLevel 1[0m checking '/home/ysc/lite_cog_ros2/nav/install/hdl_global_localization/lib'
[8.666s] [34mcolcon.colcon_core.shell[0m [1;30mLevel 1[0m create_environment_hook('hdl_global_localization', 'ld_library_path_lib')
[8.668s] [34mcolcon.colcon_core.shell[0m [1;30mINFO[0m Creating environment hook '/home/ysc/lite_cog_ros2/nav/install/hdl_global_localization/share/hdl_global_localization/hook/ld_library_path_lib.ps1'
[8.670s] [34mcolcon.colcon_core.shell[0m [1;30mINFO[0m Creating environment descriptor '/home/ysc/lite_cog_ros2/nav/install/hdl_global_localization/share/hdl_global_localization/hook/ld_library_path_lib.dsv'
[8.673s] [34mcolcon.colcon_core.shell[0m [1;30mINFO[0m Creating environment hook '/home/ysc/lite_cog_ros2/nav/install/hdl_global_localization/share/hdl_global_localization/hook/ld_library_path_lib.sh'
[8.676s] [34mcolcon.colcon_core.environment[0m [1;30mLevel 1[0m checking '/home/ysc/lite_cog_ros2/nav/install/hdl_global_localization/bin'
[8.677s] [34mcolcon.colcon_core.environment[0m [1;30mLevel 1[0m checking '/home/ysc/lite_cog_ros2/nav/install/hdl_global_localization/lib/pkgconfig/hdl_global_localization.pc'
[8.678s] [34mcolcon.colcon_core.environment[0m [1;30mLevel 1[0m checking '/home/ysc/lite_cog_ros2/nav/install/hdl_global_localization/lib/python3.8/site-packages'
[8.679s] [34mcolcon.colcon_core.shell[0m [1;30mLevel 1[0m create_environment_hook('hdl_global_localization', 'pythonpath')
[8.680s] [34mcolcon.colcon_core.shell[0m [1;30mINFO[0m Creating environment hook '/home/ysc/lite_cog_ros2/nav/install/hdl_global_localization/share/hdl_global_localization/hook/pythonpath.ps1'
[8.682s] [34mcolcon.colcon_core.shell[0m [1;30mINFO[0m Creating environment descriptor '/home/ysc/lite_cog_ros2/nav/install/hdl_global_localization/share/hdl_global_localization/hook/pythonpath.dsv'
[8.684s] [34mcolcon.colcon_core.shell[0m [1;30mINFO[0m Creating environment hook '/home/ysc/lite_cog_ros2/nav/install/hdl_global_localization/share/hdl_global_localization/hook/pythonpath.sh'
[8.686s] [34mcolcon.colcon_core.environment[0m [1;30mLevel 1[0m checking '/home/ysc/lite_cog_ros2/nav/install/hdl_global_localization/bin'
[8.688s] [34mcolcon.colcon_core.shell[0m [1;30mINFO[0m Creating package script '/home/ysc/lite_cog_ros2/nav/install/hdl_global_localization/share/hdl_global_localization/package.ps1'
[8.692s] [34mcolcon.colcon_core.shell[0m [1;30mINFO[0m Creating package descriptor '/home/ysc/lite_cog_ros2/nav/install/hdl_global_localization/share/hdl_global_localization/package.dsv'
[8.695s] [34mcolcon.colcon_core.shell[0m [1;30mINFO[0m Creating package script '/home/ysc/lite_cog_ros2/nav/install/hdl_global_localization/share/hdl_global_localization/package.sh'
[8.697s] [34mcolcon.colcon_core.shell[0m [1;30mINFO[0m Creating package script '/home/ysc/lite_cog_ros2/nav/install/hdl_global_localization/share/hdl_global_localization/package.bash'
[8.699s] [34mcolcon.colcon_core.shell[0m [1;30mINFO[0m Creating package script '/home/ysc/lite_cog_ros2/nav/install/hdl_global_localization/share/hdl_global_localization/package.zsh'
[8.701s] [34mcolcon.colcon_core.environment[0m [1;30mLevel 1[0m create_file_with_runtime_dependencies(/home/ysc/lite_cog_ros2/nav/install/hdl_global_localization/share/colcon-core/packages/hdl_global_localization)
[8.704s] [34mcolcon.colcon_ros.task.ament_cmake.build[0m [1;30mINFO[0m Building ROS package in '/home/ysc/lite_cog_ros2/nav/src/hdl_localization' with build type 'ament_cmake'
[8.705s] [34mcolcon.colcon_cmake.task.cmake.build[0m [1;30mINFO[0m Building CMake package in '/home/ysc/lite_cog_ros2/nav/src/hdl_localization'
[8.706s] [34mcolcon.colcon_core.shell[0m [1;30mINFO[0m Skip shell extension 'powershell' for command environment: Not usable outside of PowerShell
[8.708s] [34mcolcon.colcon_core.shell[0m [1;30mDEBUG[0m [32mSkip shell extension 'dsv' for command environment[0m
[8.821s] [34mcolcon.colcon_core.event_handler.log_command[0m [1;30mDEBUG[0m [32mInvoking command in '/home/ysc/lite_cog_ros2/nav/build/hdl_localization': AMENT_PREFIX_PATH=/home/ysc/lite_cog_ros2/nav/install/hdl_global_localization:${AMENT_PREFIX_PATH} CMAKE_PREFIX_PATH=/home/ysc/lite_cog_ros2/nav/install/hdl_global_localization:/home/ysc/lite_cog_ros2/navigation2-foxy/install/nav2_costmap_2d:/home/ysc/lite_cog_ros2/fast_gicp/install/fast_gicp:/home/ysc/lite_cog_ros2/ndt_omp/install/ndt_omp:/opt/ros/foxy LD_LIBRARY_PATH=/home/ysc/lite_cog_ros2/nav/install/hdl_global_localization/lib:/home/ysc/lite_cog_ros2/navigation2-foxy/install/nav2_costmap_2d/lib:/home/ysc/lite_cog_ros2/fast_gicp/install/fast_gicp/lib:/home/ysc/lite_cog_ros2/ndt_omp/install/ndt_omp/lib:/usr/lib/aarch64-linux-gnu/gazebo-11/plugins:/opt/ros/foxy/opt/yaml_cpp_vendor/lib:/opt/ros/foxy/opt/rviz_ogre_vendor/lib:/opt/ros/foxy/lib/aarch64-linux-gnu:/opt/ros/foxy/lib:/usr/local/cuda-11.4/lib64 PYTHONPATH=/home/ysc/lite_cog_ros2/nav/install/hdl_global_localization/lib/python3.8/site-packages:${PYTHONPATH} /usr/bin/cmake /home/ysc/lite_cog_ros2/nav/src/hdl_localization -DAMENT_CMAKE_SYMLINK_INSTALL=1 -DCMAKE_INSTALL_PREFIX=/home/ysc/lite_cog_ros2/nav/install/hdl_localization[0m
[37.525s] [34mcolcon.colcon_core.event_handler.log_command[0m [1;30mDEBUG[0m [32mInvoked command in '/home/ysc/lite_cog_ros2/nav/build/hdl_localization' returned '0': AMENT_PREFIX_PATH=/home/ysc/lite_cog_ros2/nav/install/hdl_global_localization:${AMENT_PREFIX_PATH} CMAKE_PREFIX_PATH=/home/ysc/lite_cog_ros2/nav/install/hdl_global_localization:/home/ysc/lite_cog_ros2/navigation2-foxy/install/nav2_costmap_2d:/home/ysc/lite_cog_ros2/fast_gicp/install/fast_gicp:/home/ysc/lite_cog_ros2/ndt_omp/install/ndt_omp:/opt/ros/foxy LD_LIBRARY_PATH=/home/ysc/lite_cog_ros2/nav/install/hdl_global_localization/lib:/home/ysc/lite_cog_ros2/navigation2-foxy/install/nav2_costmap_2d/lib:/home/ysc/lite_cog_ros2/fast_gicp/install/fast_gicp/lib:/home/ysc/lite_cog_ros2/ndt_omp/install/ndt_omp/lib:/usr/lib/aarch64-linux-gnu/gazebo-11/plugins:/opt/ros/foxy/opt/yaml_cpp_vendor/lib:/opt/ros/foxy/opt/rviz_ogre_vendor/lib:/opt/ros/foxy/lib/aarch64-linux-gnu:/opt/ros/foxy/lib:/usr/local/cuda-11.4/lib64 PYTHONPATH=/home/ysc/lite_cog_ros2/nav/install/hdl_global_localization/lib/python3.8/site-packages:${PYTHONPATH} /usr/bin/cmake /home/ysc/lite_cog_ros2/nav/src/hdl_localization -DAMENT_CMAKE_SYMLINK_INSTALL=1 -DCMAKE_INSTALL_PREFIX=/home/ysc/lite_cog_ros2/nav/install/hdl_localization[0m
[37.554s] [34mcolcon.colcon_core.event_handler.log_command[0m [1;30mDEBUG[0m [32mInvoking command in '/home/ysc/lite_cog_ros2/nav/build/hdl_localization': AMENT_PREFIX_PATH=/home/ysc/lite_cog_ros2/nav/install/hdl_global_localization:${AMENT_PREFIX_PATH} CMAKE_PREFIX_PATH=/home/ysc/lite_cog_ros2/nav/install/hdl_global_localization:/home/ysc/lite_cog_ros2/navigation2-foxy/install/nav2_costmap_2d:/home/ysc/lite_cog_ros2/fast_gicp/install/fast_gicp:/home/ysc/lite_cog_ros2/ndt_omp/install/ndt_omp:/opt/ros/foxy LD_LIBRARY_PATH=/home/ysc/lite_cog_ros2/nav/install/hdl_global_localization/lib:/home/ysc/lite_cog_ros2/navigation2-foxy/install/nav2_costmap_2d/lib:/home/ysc/lite_cog_ros2/fast_gicp/install/fast_gicp/lib:/home/ysc/lite_cog_ros2/ndt_omp/install/ndt_omp/lib:/usr/lib/aarch64-linux-gnu/gazebo-11/plugins:/opt/ros/foxy/opt/yaml_cpp_vendor/lib:/opt/ros/foxy/opt/rviz_ogre_vendor/lib:/opt/ros/foxy/lib/aarch64-linux-gnu:/opt/ros/foxy/lib:/usr/local/cuda-11.4/lib64 PYTHONPATH=/home/ysc/lite_cog_ros2/nav/install/hdl_global_localization/lib/python3.8/site-packages:${PYTHONPATH} /usr/bin/cmake --build /home/ysc/lite_cog_ros2/nav/build/hdl_localization -- -j6 -l6[0m
[252.300s] [34mcolcon.colcon_core.event_handler.log_command[0m [1;30mDEBUG[0m [32mInvoked command in '/home/ysc/lite_cog_ros2/nav/build/hdl_localization' returned '0': AMENT_PREFIX_PATH=/home/ysc/lite_cog_ros2/nav/install/hdl_global_localization:${AMENT_PREFIX_PATH} CMAKE_PREFIX_PATH=/home/ysc/lite_cog_ros2/nav/install/hdl_global_localization:/home/ysc/lite_cog_ros2/navigation2-foxy/install/nav2_costmap_2d:/home/ysc/lite_cog_ros2/fast_gicp/install/fast_gicp:/home/ysc/lite_cog_ros2/ndt_omp/install/ndt_omp:/opt/ros/foxy LD_LIBRARY_PATH=/home/ysc/lite_cog_ros2/nav/install/hdl_global_localization/lib:/home/ysc/lite_cog_ros2/navigation2-foxy/install/nav2_costmap_2d/lib:/home/ysc/lite_cog_ros2/fast_gicp/install/fast_gicp/lib:/home/ysc/lite_cog_ros2/ndt_omp/install/ndt_omp/lib:/usr/lib/aarch64-linux-gnu/gazebo-11/plugins:/opt/ros/foxy/opt/yaml_cpp_vendor/lib:/opt/ros/foxy/opt/rviz_ogre_vendor/lib:/opt/ros/foxy/lib/aarch64-linux-gnu:/opt/ros/foxy/lib:/usr/local/cuda-11.4/lib64 PYTHONPATH=/home/ysc/lite_cog_ros2/nav/install/hdl_global_localization/lib/python3.8/site-packages:${PYTHONPATH} /usr/bin/cmake --build /home/ysc/lite_cog_ros2/nav/build/hdl_localization -- -j6 -l6[0m
[252.840s] [34mcolcon.colcon_core.event_handler.log_command[0m [1;30mDEBUG[0m [32mInvoking command in '/home/ysc/lite_cog_ros2/nav/build/hdl_localization': AMENT_PREFIX_PATH=/home/ysc/lite_cog_ros2/nav/install/hdl_global_localization:${AMENT_PREFIX_PATH} CMAKE_PREFIX_PATH=/home/ysc/lite_cog_ros2/nav/install/hdl_global_localization:/home/ysc/lite_cog_ros2/navigation2-foxy/install/nav2_costmap_2d:/home/ysc/lite_cog_ros2/fast_gicp/install/fast_gicp:/home/ysc/lite_cog_ros2/ndt_omp/install/ndt_omp:/opt/ros/foxy LD_LIBRARY_PATH=/home/ysc/lite_cog_ros2/nav/install/hdl_global_localization/lib:/home/ysc/lite_cog_ros2/navigation2-foxy/install/nav2_costmap_2d/lib:/home/ysc/lite_cog_ros2/fast_gicp/install/fast_gicp/lib:/home/ysc/lite_cog_ros2/ndt_omp/install/ndt_omp/lib:/usr/lib/aarch64-linux-gnu/gazebo-11/plugins:/opt/ros/foxy/opt/yaml_cpp_vendor/lib:/opt/ros/foxy/opt/rviz_ogre_vendor/lib:/opt/ros/foxy/lib/aarch64-linux-gnu:/opt/ros/foxy/lib:/usr/local/cuda-11.4/lib64 PYTHONPATH=/home/ysc/lite_cog_ros2/nav/install/hdl_global_localization/lib/python3.8/site-packages:${PYTHONPATH} /usr/bin/cmake --install /home/ysc/lite_cog_ros2/nav/build/hdl_localization[0m
[257.609s] [34mcolcon.colcon_core.environment[0m [1;30mLevel 1[0m create_environment_scripts_only(hdl_localization)
[257.621s] [34mcolcon.colcon_core.environment[0m [1;30mLevel 1[0m checking '/home/ysc/lite_cog_ros2/nav/install/hdl_localization' for CMake module files
[257.631s] [34mcolcon.colcon_core.event_handler.log_command[0m [1;30mDEBUG[0m [32mInvoked command in '/home/ysc/lite_cog_ros2/nav/build/hdl_localization' returned '0': AMENT_PREFIX_PATH=/home/ysc/lite_cog_ros2/nav/install/hdl_global_localization:${AMENT_PREFIX_PATH} CMAKE_PREFIX_PATH=/home/ysc/lite_cog_ros2/nav/install/hdl_global_localization:/home/ysc/lite_cog_ros2/navigation2-foxy/install/nav2_costmap_2d:/home/ysc/lite_cog_ros2/fast_gicp/install/fast_gicp:/home/ysc/lite_cog_ros2/ndt_omp/install/ndt_omp:/opt/ros/foxy LD_LIBRARY_PATH=/home/ysc/lite_cog_ros2/nav/install/hdl_global_localization/lib:/home/ysc/lite_cog_ros2/navigation2-foxy/install/nav2_costmap_2d/lib:/home/ysc/lite_cog_ros2/fast_gicp/install/fast_gicp/lib:/home/ysc/lite_cog_ros2/ndt_omp/install/ndt_omp/lib:/usr/lib/aarch64-linux-gnu/gazebo-11/plugins:/opt/ros/foxy/opt/yaml_cpp_vendor/lib:/opt/ros/foxy/opt/rviz_ogre_vendor/lib:/opt/ros/foxy/lib/aarch64-linux-gnu:/opt/ros/foxy/lib:/usr/local/cuda-11.4/lib64 PYTHONPATH=/home/ysc/lite_cog_ros2/nav/install/hdl_global_localization/lib/python3.8/site-packages:${PYTHONPATH} /usr/bin/cmake --install /home/ysc/lite_cog_ros2/nav/build/hdl_localization[0m
[257.637s] [34mcolcon.colcon_core.environment[0m [1;30mLevel 1[0m checking '/home/ysc/lite_cog_ros2/nav/install/hdl_localization' for CMake config files
[257.645s] [34mcolcon.colcon_core.shell[0m [1;30mLevel 1[0m create_environment_hook('hdl_localization', 'cmake_prefix_path')
[257.649s] [34mcolcon.colcon_core.shell[0m [1;30mINFO[0m Creating environment hook '/home/ysc/lite_cog_ros2/nav/install/hdl_localization/share/hdl_localization/hook/cmake_prefix_path.ps1'
[257.652s] [34mcolcon.colcon_core.shell[0m [1;30mINFO[0m Creating environment descriptor '/home/ysc/lite_cog_ros2/nav/install/hdl_localization/share/hdl_localization/hook/cmake_prefix_path.dsv'
[257.654s] [34mcolcon.colcon_core.shell[0m [1;30mINFO[0m Creating environment hook '/home/ysc/lite_cog_ros2/nav/install/hdl_localization/share/hdl_localization/hook/cmake_prefix_path.sh'
[257.657s] [34mcolcon.colcon_core.environment[0m [1;30mLevel 1[0m checking '/home/ysc/lite_cog_ros2/nav/install/hdl_localization/lib'
[257.657s] [34mcolcon.colcon_core.shell[0m [1;30mLevel 1[0m create_environment_hook('hdl_localization', 'ld_library_path_lib')
[257.659s] [34mcolcon.colcon_core.shell[0m [1;30mINFO[0m Creating environment hook '/home/ysc/lite_cog_ros2/nav/install/hdl_localization/share/hdl_localization/hook/ld_library_path_lib.ps1'
[257.661s] [34mcolcon.colcon_core.shell[0m [1;30mINFO[0m Creating environment descriptor '/home/ysc/lite_cog_ros2/nav/install/hdl_localization/share/hdl_localization/hook/ld_library_path_lib.dsv'
[257.662s] [34mcolcon.colcon_core.shell[0m [1;30mINFO[0m Creating environment hook '/home/ysc/lite_cog_ros2/nav/install/hdl_localization/share/hdl_localization/hook/ld_library_path_lib.sh'
[257.664s] [34mcolcon.colcon_core.environment[0m [1;30mLevel 1[0m checking '/home/ysc/lite_cog_ros2/nav/install/hdl_localization/bin'
[257.664s] [34mcolcon.colcon_core.environment[0m [1;30mLevel 1[0m checking '/home/ysc/lite_cog_ros2/nav/install/hdl_localization/lib/pkgconfig/hdl_localization.pc'
[257.666s] [34mcolcon.colcon_core.environment[0m [1;30mLevel 1[0m checking '/home/ysc/lite_cog_ros2/nav/install/hdl_localization/lib/python3.8/site-packages'
[257.666s] [34mcolcon.colcon_core.shell[0m [1;30mLevel 1[0m create_environment_hook('hdl_localization', 'pythonpath')
[257.667s] [34mcolcon.colcon_core.shell[0m [1;30mINFO[0m Creating environment hook '/home/ysc/lite_cog_ros2/nav/install/hdl_localization/share/hdl_localization/hook/pythonpath.ps1'
[257.669s] [34mcolcon.colcon_core.shell[0m [1;30mINFO[0m Creating environment descriptor '/home/ysc/lite_cog_ros2/nav/install/hdl_localization/share/hdl_localization/hook/pythonpath.dsv'
[257.670s] [34mcolcon.colcon_core.shell[0m [1;30mINFO[0m Creating environment hook '/home/ysc/lite_cog_ros2/nav/install/hdl_localization/share/hdl_localization/hook/pythonpath.sh'
[257.672s] [34mcolcon.colcon_core.environment[0m [1;30mLevel 1[0m checking '/home/ysc/lite_cog_ros2/nav/install/hdl_localization/bin'
[257.675s] [34mcolcon.colcon_core.shell[0m [1;30mINFO[0m Creating package script '/home/ysc/lite_cog_ros2/nav/install/hdl_localization/share/hdl_localization/package.ps1'
[257.678s] [34mcolcon.colcon_core.shell[0m [1;30mINFO[0m Creating package descriptor '/home/ysc/lite_cog_ros2/nav/install/hdl_localization/share/hdl_localization/package.dsv'
[257.681s] [34mcolcon.colcon_core.shell[0m [1;30mINFO[0m Creating package script '/home/ysc/lite_cog_ros2/nav/install/hdl_localization/share/hdl_localization/package.sh'
[257.684s] [34mcolcon.colcon_core.shell[0m [1;30mINFO[0m Creating package script '/home/ysc/lite_cog_ros2/nav/install/hdl_localization/share/hdl_localization/package.bash'
[257.687s] [34mcolcon.colcon_core.shell[0m [1;30mINFO[0m Creating package script '/home/ysc/lite_cog_ros2/nav/install/hdl_localization/share/hdl_localization/package.zsh'
[257.689s] [34mcolcon.colcon_core.environment[0m [1;30mLevel 1[0m create_file_with_runtime_dependencies(/home/ysc/lite_cog_ros2/nav/install/hdl_localization/share/colcon-core/packages/hdl_localization)
[258.204s] [34mcolcon.colcon_core.environment[0m [1;30mLevel 1[0m create_environment_scripts_only(hdl_localization)
[258.207s] [34mcolcon.colcon_core.environment[0m [1;30mLevel 1[0m checking '/home/ysc/lite_cog_ros2/nav/install/hdl_localization' for CMake module files
[258.214s] [34mcolcon.colcon_core.environment[0m [1;30mLevel 1[0m checking '/home/ysc/lite_cog_ros2/nav/install/hdl_localization' for CMake config files
[258.221s] [34mcolcon.colcon_core.shell[0m [1;30mLevel 1[0m create_environment_hook('hdl_localization', 'cmake_prefix_path')
[258.223s] [34mcolcon.colcon_core.shell[0m [1;30mINFO[0m Creating environment hook '/home/ysc/lite_cog_ros2/nav/install/hdl_localization/share/hdl_localization/hook/cmake_prefix_path.ps1'
[258.227s] [34mcolcon.colcon_core.shell[0m [1;30mINFO[0m Creating environment descriptor '/home/ysc/lite_cog_ros2/nav/install/hdl_localization/share/hdl_localization/hook/cmake_prefix_path.dsv'
[258.232s] [34mcolcon.colcon_core.shell[0m [1;30mINFO[0m Creating environment hook '/home/ysc/lite_cog_ros2/nav/install/hdl_localization/share/hdl_localization/hook/cmake_prefix_path.sh'
[258.237s] [34mcolcon.colcon_core.environment[0m [1;30mLevel 1[0m checking '/home/ysc/lite_cog_ros2/nav/install/hdl_localization/lib'
[258.238s] [34mcolcon.colcon_core.shell[0m [1;30mLevel 1[0m create_environment_hook('hdl_localization', 'ld_library_path_lib')
[258.239s] [34mcolcon.colcon_core.shell[0m [1;30mINFO[0m Creating environment hook '/home/ysc/lite_cog_ros2/nav/install/hdl_localization/share/hdl_localization/hook/ld_library_path_lib.ps1'
[258.242s] [34mcolcon.colcon_core.shell[0m [1;30mINFO[0m Creating environment descriptor '/home/ysc/lite_cog_ros2/nav/install/hdl_localization/share/hdl_localization/hook/ld_library_path_lib.dsv'
[258.244s] [34mcolcon.colcon_core.shell[0m [1;30mINFO[0m Creating environment hook '/home/ysc/lite_cog_ros2/nav/install/hdl_localization/share/hdl_localization/hook/ld_library_path_lib.sh'
[258.246s] [34mcolcon.colcon_core.environment[0m [1;30mLevel 1[0m checking '/home/ysc/lite_cog_ros2/nav/install/hdl_localization/bin'
[258.247s] [34mcolcon.colcon_core.environment[0m [1;30mLevel 1[0m checking '/home/ysc/lite_cog_ros2/nav/install/hdl_localization/lib/pkgconfig/hdl_localization.pc'
[258.249s] [34mcolcon.colcon_core.environment[0m [1;30mLevel 1[0m checking '/home/ysc/lite_cog_ros2/nav/install/hdl_localization/lib/python3.8/site-packages'
[258.251s] [34mcolcon.colcon_core.shell[0m [1;30mLevel 1[0m create_environment_hook('hdl_localization', 'pythonpath')
[258.254s] [34mcolcon.colcon_core.shell[0m [1;30mINFO[0m Creating environment hook '/home/ysc/lite_cog_ros2/nav/install/hdl_localization/share/hdl_localization/hook/pythonpath.ps1'
[258.258s] [34mcolcon.colcon_core.shell[0m [1;30mINFO[0m Creating environment descriptor '/home/ysc/lite_cog_ros2/nav/install/hdl_localization/share/hdl_localization/hook/pythonpath.dsv'
[258.260s] [34mcolcon.colcon_core.shell[0m [1;30mINFO[0m Creating environment hook '/home/ysc/lite_cog_ros2/nav/install/hdl_localization/share/hdl_localization/hook/pythonpath.sh'
[258.263s] [34mcolcon.colcon_core.environment[0m [1;30mLevel 1[0m checking '/home/ysc/lite_cog_ros2/nav/install/hdl_localization/bin'
[258.266s] [34mcolcon.colcon_core.shell[0m [1;30mINFO[0m Creating package script '/home/ysc/lite_cog_ros2/nav/install/hdl_localization/share/hdl_localization/package.ps1'
[258.270s] [34mcolcon.colcon_core.shell[0m [1;30mINFO[0m Creating package descriptor '/home/ysc/lite_cog_ros2/nav/install/hdl_localization/share/hdl_localization/package.dsv'
[258.274s] [34mcolcon.colcon_core.shell[0m [1;30mINFO[0m Creating package script '/home/ysc/lite_cog_ros2/nav/install/hdl_localization/share/hdl_localization/package.sh'
[258.277s] [34mcolcon.colcon_core.shell[0m [1;30mINFO[0m Creating package script '/home/ysc/lite_cog_ros2/nav/install/hdl_localization/share/hdl_localization/package.bash'
[258.282s] [34mcolcon.colcon_core.shell[0m [1;30mINFO[0m Creating package script '/home/ysc/lite_cog_ros2/nav/install/hdl_localization/share/hdl_localization/package.zsh'
[258.285s] [34mcolcon.colcon_core.environment[0m [1;30mLevel 1[0m create_file_with_runtime_dependencies(/home/ysc/lite_cog_ros2/nav/install/hdl_localization/share/colcon-core/packages/hdl_localization)
[258.288s] [34mcolcon.colcon_parallel_executor.executor.parallel[0m [1;30mDEBUG[0m [32mclosing loop[0m
[258.291s] [34mcolcon.colcon_parallel_executor.executor.parallel[0m [1;30mDEBUG[0m [32mloop closed[0m
[258.293s] [34mcolcon.colcon_parallel_executor.executor.parallel[0m [1;30mDEBUG[0m [32mrun_until_complete finished with '0'[0m
[258.296s] [34mcolcon.colcon_core.event_reactor[0m [1;30mDEBUG[0m [32mjoining thread[0m
[258.397s] [34mcolcon.colcon_core.plugin_system[0m [1;30mINFO[0m Skipping extension 'colcon_notification.desktop_notification.terminal_notifier': Not used on non-Darwin systems
[258.398s] [34mcolcon.colcon_core.plugin_system[0m [1;30mINFO[0m Skipping extension 'colcon_notification.desktop_notification.win32': Not used on non-Windows systems
[258.398s] [34mcolcon.colcon_notification.desktop_notification[0m [1;30mINFO[0m Sending desktop notification using 'notify2'
[258.498s] [34mcolcon.colcon_core.event_reactor[0m [1;30mDEBUG[0m [32mjoined thread[0m
[258.500s] [34mcolcon.colcon_core.shell[0m [1;30mINFO[0m Creating prefix script '/home/ysc/lite_cog_ros2/nav/install/local_setup.ps1'
[258.504s] [34mcolcon.colcon_core.shell[0m [1;30mINFO[0m Creating prefix util module '/home/ysc/lite_cog_ros2/nav/install/_local_setup_util_ps1.py'
[258.515s] [34mcolcon.colcon_core.shell[0m [1;30mINFO[0m Creating prefix chain script '/home/ysc/lite_cog_ros2/nav/install/setup.ps1'
[258.523s] [34mcolcon.colcon_core.shell[0m [1;30mINFO[0m Creating prefix script '/home/ysc/lite_cog_ros2/nav/install/local_setup.sh'
[258.526s] [34mcolcon.colcon_core.shell[0m [1;30mINFO[0m Creating prefix util module '/home/ysc/lite_cog_ros2/nav/install/_local_setup_util_sh.py'
[258.528s] [34mcolcon.colcon_core.shell[0m [1;30mINFO[0m Creating prefix chain script '/home/ysc/lite_cog_ros2/nav/install/setup.sh'
[258.535s] [34mcolcon.colcon_core.shell[0m [1;30mINFO[0m Creating prefix script '/home/ysc/lite_cog_ros2/nav/install/local_setup.bash'
[258.537s] [34mcolcon.colcon_core.shell[0m [1;30mINFO[0m Creating prefix chain script '/home/ysc/lite_cog_ros2/nav/install/setup.bash'
[258.544s] [34mcolcon.colcon_core.shell[0m [1;30mINFO[0m Creating prefix script '/home/ysc/lite_cog_ros2/nav/install/local_setup.zsh'
[258.547s] [34mcolcon.colcon_core.shell[0m [1;30mINFO[0m Creating prefix chain script '/home/ysc/lite_cog_ros2/nav/install/setup.zsh'
