[5.812s] Invoking command in '/home/ysc/lite_cog_ros2/nav/src/narrow_passage_controller': PYTHONPATH=/home/ysc/lite_cog_ros2/nav/src/narrow_passage_controller/build/narrow_passage_controller/prefix_override:/home/ysc/lite_cog_ros2/nav/src/narrow_passage_controller/install/narrow_passage_controller/lib/python3.8/site-packages:${PYTHONPATH} /usr/bin/python3 -W ignore:setup.py install is deprecated setup.py egg_info --egg-base build/narrow_passage_controller build --build-base /home/ysc/lite_cog_ros2/nav/src/narrow_passage_controller/build/narrow_passage_controller/build install --record /home/ysc/lite_cog_ros2/nav/src/narrow_passage_controller/build/narrow_passage_controller/install.log --install-scripts $base/lib/narrow_passage_controller --single-version-externally-managed install_data
[8.122s] running egg_info
[8.125s] writing build/narrow_passage_controller/narrow_passage_controller.egg-info/PKG-INFO
[8.127s] writing dependency_links to build/narrow_passage_controller/narrow_passage_controller.egg-info/dependency_links.txt
[8.129s] writing entry points to build/narrow_passage_controller/narrow_passage_controller.egg-info/entry_points.txt
[8.130s] writing requirements to build/narrow_passage_controller/narrow_passage_controller.egg-info/requires.txt
[8.133s] writing top-level names to build/narrow_passage_controller/narrow_passage_controller.egg-info/top_level.txt
[8.360s] reading manifest file 'build/narrow_passage_controller/narrow_passage_controller.egg-info/SOURCES.txt'
[8.511s] writing manifest file 'build/narrow_passage_controller/narrow_passage_controller.egg-info/SOURCES.txt'
[8.512s] running build
[8.512s] running build_py
[8.513s] copying narrow_passage_controller/depth_narrow_passage_node.py -> /home/ysc/lite_cog_ros2/nav/src/narrow_passage_controller/build/narrow_passage_controller/build/lib/narrow_passage_controller
[8.522s] running install
[8.528s] running install_lib
[8.536s] copying /home/ysc/lite_cog_ros2/nav/src/narrow_passage_controller/build/narrow_passage_controller/build/lib/narrow_passage_controller/depth_narrow_passage_node.py -> /home/ysc/lite_cog_ros2/nav/src/narrow_passage_controller/install/narrow_passage_controller/lib/python3.8/site-packages/narrow_passage_controller
[8.685s] byte-compiling /home/ysc/lite_cog_ros2/nav/src/narrow_passage_controller/install/narrow_passage_controller/lib/python3.8/site-packages/narrow_passage_controller/depth_narrow_passage_node.py to depth_narrow_passage_node.cpython-38.pyc
[8.714s] running install_data
[8.719s] running install_egg_info
[8.732s] removing '/home/ysc/lite_cog_ros2/nav/src/narrow_passage_controller/install/narrow_passage_controller/lib/python3.8/site-packages/narrow_passage_controller-0.0.0-py3.8.egg-info' (and everything under it)
[8.863s] Copying build/narrow_passage_controller/narrow_passage_controller.egg-info to /home/ysc/lite_cog_ros2/nav/src/narrow_passage_controller/install/narrow_passage_controller/lib/python3.8/site-packages/narrow_passage_controller-0.0.0-py3.8.egg-info
[9.020s] running install_scripts
[9.153s] Installing depth_narrow_passage_node script to /home/ysc/lite_cog_ros2/nav/src/narrow_passage_controller/install/narrow_passage_controller/lib/narrow_passage_controller
[9.157s] writing list of installed files to '/home/ysc/lite_cog_ros2/nav/src/narrow_passage_controller/build/narrow_passage_controller/install.log'
[9.440s] Invoked command in '/home/ysc/lite_cog_ros2/nav/src/narrow_passage_controller' returned '0': PYTHONPATH=/home/ysc/lite_cog_ros2/nav/src/narrow_passage_controller/build/narrow_passage_controller/prefix_override:/home/ysc/lite_cog_ros2/nav/src/narrow_passage_controller/install/narrow_passage_controller/lib/python3.8/site-packages:${PYTHONPATH} /usr/bin/python3 -W ignore:setup.py install is deprecated setup.py egg_info --egg-base build/narrow_passage_controller build --build-base /home/ysc/lite_cog_ros2/nav/src/narrow_passage_controller/build/narrow_passage_controller/build install --record /home/ysc/lite_cog_ros2/nav/src/narrow_passage_controller/build/narrow_passage_controller/install.log --install-scripts $base/lib/narrow_passage_controller --single-version-externally-managed install_data
