[0.110s] Invoking command in '/home/ysc/lite_cog_ros2/nav/build/hdl_localization': AMENT_PREFIX_PATH=/home/ysc/lite_cog_ros2/nav/install/hdl_global_localization:${AMENT_PREFIX_PATH} CMAKE_PREFIX_PATH=/home/ysc/lite_cog_ros2/nav/install/hdl_global_localization:/home/ysc/lite_cog_ros2/ndt_omp/install/ndt_omp:/opt/ros/foxy LD_LIBRARY_PATH=/home/ysc/lite_cog_ros2/nav/install/hdl_global_localization/lib:/home/ysc/lite_cog_ros2/ndt_omp/install/ndt_omp/lib:/usr/lib/aarch64-linux-gnu/gazebo-11/plugins:/opt/ros/foxy/opt/yaml_cpp_vendor/lib:/opt/ros/foxy/opt/rviz_ogre_vendor/lib:/opt/ros/foxy/lib/aarch64-linux-gnu:/opt/ros/foxy/lib:/usr/local/cuda-11.4/lib64 PYTHONPATH=/home/ysc/lite_cog_ros2/nav/install/hdl_global_localization/lib/python3.8/site-packages:${PYTHONPATH} /usr/bin/cmake /home/ysc/lite_cog_ros2/nav/src/hdl_localization -DAMENT_CMAKE_SYMLINK_INSTALL=1 -DCMAKE_INSTALL_PREFIX=/home/ysc/lite_cog_ros2/nav/install/hdl_localization
[0.500s] -- The C compiler identification is GNU 9.4.0
[0.863s] -- The CXX compiler identification is GNU 9.4.0
[0.893s] -- Check for working C compiler: /usr/bin/cc
[1.358s] -- Check for working C compiler: /usr/bin/cc -- works
[1.363s] -- Detecting C compiler ABI info
[1.819s] -- Detecting C compiler ABI info - done
[1.884s] -- Detecting C compile features
[1.885s] -- Detecting C compile features - done
[1.901s] -- Check for working CXX compiler: /usr/bin/c++
[2.502s] -- Check for working CXX compiler: /usr/bin/c++ -- works
[2.510s] -- Detecting CXX compiler ABI info
[3.123s] -- Detecting CXX compiler ABI info - done
[3.189s] -- Detecting CXX compile features
[3.191s] -- Detecting CXX compile features - done
[3.204s] -- Found ament_cmake_auto: 0.9.12 (/opt/ros/foxy/share/ament_cmake_auto/cmake)
[3.361s] -- Found PythonInterp: /usr/bin/python3 (found suitable version "3.8.10", minimum required is "3") 
[3.362s] -- Using PYTHON_EXECUTABLE: /usr/bin/python3
[4.544s] -- Override CMake install command with custom implementation using symlinks instead of copying resources
[5.051s] -- Using all available rosidl_typesupport_c: rosidl_typesupport_fastrtps_c;rosidl_typesupport_introspection_c
[5.094s] -- Found rosidl_adapter: 1.3.1 (/opt/ros/foxy/share/rosidl_adapter/cmake)
[6.065s] -- Found OpenSSL: /usr/lib/aarch64-linux-gnu/libcrypto.so (found version "1.1.1f")  
[6.243s] -- Found FastRTPS: /opt/ros/foxy/include  
[6.757s] -- Using all available rosidl_typesupport_cpp: rosidl_typesupport_fastrtps_cpp;rosidl_typesupport_introspection_cpp
[7.295s] -- Found rmw_implementation_cmake: 1.0.4 (/opt/ros/foxy/share/rmw_implementation_cmake/cmake)
[7.303s] -- Using RMW implementation 'rmw_fastrtps_cpp' as default
[7.309s] -- Looking for pthread.h
[7.871s] -- Looking for pthread.h - found
[7.873s] -- Performing Test CMAKE_HAVE_LIBC_PTHREAD
[8.596s] -- Performing Test CMAKE_HAVE_LIBC_PTHREAD - Failed
[8.598s] -- Looking for pthread_create in pthreads
[9.143s] -- Looking for pthread_create in pthreads - not found
[9.144s] -- Looking for pthread_create in pthread
[9.639s] -- Looking for pthread_create in pthread - found
[9.655s] -- Found Threads: TRUE  
[12.570s] -- Found eigen3_cmake_module: 0.1.1 (/opt/ros/foxy/share/eigen3_cmake_module/cmake)
[12.591s] -- Found Eigen3: TRUE (found version "3.3.7") 
[14.182s] -- Checking for module 'eigen3'
[14.315s] --   Found eigen3, version 3.3.7
[14.724s] -- Found Eigen: /usr/include/eigen3 (Required is at least version "3.1") 
[14.725s] -- Eigen found (include: /usr/include/eigen3, version: 3.3.7)
[15.155s] -- Checking for module 'flann'
[15.310s] --   Found flann, version 1.9.1
[15.763s] -- Found FLANN: /usr/lib/aarch64-linux-gnu/libflann_cpp.so  
[16.140s] -- The imported target "vtkParseOGLExt" references the file
[16.141s]    "/usr/bin/vtkParseOGLExt-7.1"
[16.142s] but this file does not exist.  Possible reasons include:
[16.143s] * The file was deleted, renamed, or moved to another location.
[16.143s] * An install or uninstall procedure did not complete successfully.
[16.144s] * The installation package was faulty and contained
[16.144s]    "/usr/lib/cmake/vtk-7.1/VTKTargets.cmake"
[16.145s] but not all the files it references.
[16.147s] 
[16.147s] -- The imported target "vtkRenderingPythonTkWidgets" references the file
[16.148s]    "/usr/lib/aarch64-linux-gnu/libvtkRenderingPythonTkWidgets.so"
[16.148s] but this file does not exist.  Possible reasons include:
[16.149s] * The file was deleted, renamed, or moved to another location.
[16.149s] * An install or uninstall procedure did not complete successfully.
[16.149s] * The installation package was faulty and contained
[16.151s]    "/usr/lib/cmake/vtk-7.1/VTKTargets.cmake"
[16.151s] but not all the files it references.
[16.152s] 
[16.152s] -- The imported target "vtk" references the file
[16.153s]    "/usr/bin/vtk"
[16.153s] but this file does not exist.  Possible reasons include:
[16.154s] * The file was deleted, renamed, or moved to another location.
[16.154s] * An install or uninstall procedure did not complete successfully.
[16.154s] * The installation package was faulty and contained
[16.155s]    "/usr/lib/cmake/vtk-7.1/VTKTargets.cmake"
[16.155s] but not all the files it references.
[16.156s] 
[16.156s] -- The imported target "pvtk" references the file
[16.157s]    "/usr/bin/pvtk"
[16.157s] but this file does not exist.  Possible reasons include:
[16.157s] * The file was deleted, renamed, or moved to another location.
[16.158s] * An install or uninstall procedure did not complete successfully.
[16.158s] * The installation package was faulty and contained
[16.159s]    "/usr/lib/cmake/vtk-7.1/VTKTargets.cmake"
[16.159s] but not all the files it references.
[16.160s] 
[16.272s] -- Checking for module 'libusb-1.0'
[16.412s] --   Found libusb-1.0, version 1.0.23
[16.824s] -- Found USB_10: /usr/lib/aarch64-linux-gnu/libusb-1.0.so  
[17.443s] -- OpenNI found (include: /usr/include/ni, lib: /usr/lib/libOpenNI.so)
[18.055s] -- OpenNI2 found (include: /usr/include/openni2, lib: /usr/lib/libOpenNI2.so)
[18.139s] -- Found libusb-1.0: /usr/include  
[18.187s] -- OpenNI found (include: /usr/include/ni, lib: /usr/lib/libOpenNI.so)
[18.230s] -- OpenNI2 found (include: /usr/include/openni2, lib: /usr/lib/libOpenNI2.so)
[18.399s] -- Found Qhull: optimized;/usr/lib/aarch64-linux-gnu/libqhull.so;debug;/usr/lib/aarch64-linux-gnu/libqhull.so  
[18.400s] -- QHULL found (include: /usr/include, lib: optimized;/usr/lib/aarch64-linux-gnu/libqhull.so;debug;/usr/lib/aarch64-linux-gnu/libqhull.so)
[18.446s] -- OpenNI found (include: /usr/include/ni, lib: /usr/lib/libOpenNI.so)
[18.539s] -- Found PCL_COMMON: /usr/lib/aarch64-linux-gnu/libpcl_common.so  
[18.547s] -- Found PCL_KDTREE: /usr/lib/aarch64-linux-gnu/libpcl_kdtree.so  
[18.554s] -- Found PCL_OCTREE: /usr/lib/aarch64-linux-gnu/libpcl_octree.so  
[18.561s] -- Found PCL_SEARCH: /usr/lib/aarch64-linux-gnu/libpcl_search.so  
[18.569s] -- Found PCL_SAMPLE_CONSENSUS: /usr/lib/aarch64-linux-gnu/libpcl_sample_consensus.so  
[18.576s] -- Found PCL_FILTERS: /usr/lib/aarch64-linux-gnu/libpcl_filters.so  
[18.579s] -- Found PCL_2D: /usr/include/pcl-1.10  
[18.582s] -- Found PCL_GEOMETRY: /usr/include/pcl-1.10  
[18.589s] -- Found PCL_IO: /usr/lib/aarch64-linux-gnu/libpcl_io.so  
[18.599s] -- Found PCL_FEATURES: /usr/lib/aarch64-linux-gnu/libpcl_features.so  
[18.609s] -- Found PCL_ML: /usr/lib/aarch64-linux-gnu/libpcl_ml.so  
[18.619s] -- Found PCL_SEGMENTATION: /usr/lib/aarch64-linux-gnu/libpcl_segmentation.so  
[18.629s] -- Found PCL_VISUALIZATION: /usr/lib/aarch64-linux-gnu/libpcl_visualization.so  
[18.638s] -- Found PCL_SURFACE: /usr/lib/aarch64-linux-gnu/libpcl_surface.so  
[18.646s] -- Found PCL_REGISTRATION: /usr/lib/aarch64-linux-gnu/libpcl_registration.so  
[18.654s] -- Found PCL_KEYPOINTS: /usr/lib/aarch64-linux-gnu/libpcl_keypoints.so  
[18.662s] -- Found PCL_TRACKING: /usr/lib/aarch64-linux-gnu/libpcl_tracking.so  
[18.670s] -- Found PCL_RECOGNITION: /usr/lib/aarch64-linux-gnu/libpcl_recognition.so  
[18.680s] -- Found PCL_STEREO: /usr/lib/aarch64-linux-gnu/libpcl_stereo.so  
[18.688s] -- Found PCL_APPS: /usr/lib/aarch64-linux-gnu/libpcl_apps.so  
[18.695s] -- Found PCL_IN_HAND_SCANNER: /usr/include/pcl-1.10  
[18.698s] -- Found PCL_POINT_CLOUD_EDITOR: /usr/include/pcl-1.10  
[18.709s] -- Found PCL_OUTOFCORE: /usr/lib/aarch64-linux-gnu/libpcl_outofcore.so  
[18.719s] -- Found PCL_PEOPLE: /usr/lib/aarch64-linux-gnu/libpcl_people.so  
[23.020s] -- Found OpenMP_C: -fopenmp (found version "4.5") 
[23.685s] -- Found OpenMP_CXX: -fopenmp (found version "4.5") 
[23.688s] -- Found OpenMP: TRUE (found version "4.5")  
[23.836s] -- Found PythonInterp: /usr/bin/python3 (found version "3.8.10") 
[24.640s] -- Found ament_cmake_ros: 0.9.2 (/opt/ros/foxy/share/ament_cmake_ros/cmake)
[26.223s] -- Using all available rosidl_typesupport_c: rosidl_typesupport_fastrtps_c;rosidl_typesupport_introspection_c
[26.858s] -- Using all available rosidl_typesupport_cpp: rosidl_typesupport_fastrtps_cpp;rosidl_typesupport_introspection_cpp
[27.021s] -- Found PythonInterp: /usr/bin/python3 (found suitable version "3.8.10", minimum required is "3.5") 
[27.030s] -- Found python_cmake_module: 0.8.1 (/opt/ros/foxy/share/python_cmake_module/cmake)
[27.190s] -- Found PythonLibs: /usr/lib/aarch64-linux-gnu/libpython3.8.so (found suitable version "3.8.10", minimum required is "3.5") 
[27.191s] -- Using PYTHON_EXECUTABLE: /usr/bin/python3
[27.191s] -- Using PYTHON_INCLUDE_DIRS: /usr/include/python3.8
[27.192s] -- Using PYTHON_LIBRARIES: /usr/lib/aarch64-linux-gnu/libpython3.8.so
[27.319s] -- Found PythonExtra: .so  
[28.211s] -- Configuring done
[29.251s] -- Generating done
[29.276s] -- Build files have been written to: /home/ysc/lite_cog_ros2/nav/build/hdl_localization
[29.365s] Invoked command in '/home/ysc/lite_cog_ros2/nav/build/hdl_localization' returned '0': AMENT_PREFIX_PATH=/home/ysc/lite_cog_ros2/nav/install/hdl_global_localization:${AMENT_PREFIX_PATH} CMAKE_PREFIX_PATH=/home/ysc/lite_cog_ros2/nav/install/hdl_global_localization:/home/ysc/lite_cog_ros2/ndt_omp/install/ndt_omp:/opt/ros/foxy LD_LIBRARY_PATH=/home/ysc/lite_cog_ros2/nav/install/hdl_global_localization/lib:/home/ysc/lite_cog_ros2/ndt_omp/install/ndt_omp/lib:/usr/lib/aarch64-linux-gnu/gazebo-11/plugins:/opt/ros/foxy/opt/yaml_cpp_vendor/lib:/opt/ros/foxy/opt/rviz_ogre_vendor/lib:/opt/ros/foxy/lib/aarch64-linux-gnu:/opt/ros/foxy/lib:/usr/local/cuda-11.4/lib64 PYTHONPATH=/home/ysc/lite_cog_ros2/nav/install/hdl_global_localization/lib/python3.8/site-packages:${PYTHONPATH} /usr/bin/cmake /home/ysc/lite_cog_ros2/nav/src/hdl_localization -DAMENT_CMAKE_SYMLINK_INSTALL=1 -DCMAKE_INSTALL_PREFIX=/home/ysc/lite_cog_ros2/nav/install/hdl_localization
[29.398s] Invoking command in '/home/ysc/lite_cog_ros2/nav/build/hdl_localization': AMENT_PREFIX_PATH=/home/ysc/lite_cog_ros2/nav/install/hdl_global_localization:${AMENT_PREFIX_PATH} CMAKE_PREFIX_PATH=/home/ysc/lite_cog_ros2/nav/install/hdl_global_localization:/home/ysc/lite_cog_ros2/ndt_omp/install/ndt_omp:/opt/ros/foxy LD_LIBRARY_PATH=/home/ysc/lite_cog_ros2/nav/install/hdl_global_localization/lib:/home/ysc/lite_cog_ros2/ndt_omp/install/ndt_omp/lib:/usr/lib/aarch64-linux-gnu/gazebo-11/plugins:/opt/ros/foxy/opt/yaml_cpp_vendor/lib:/opt/ros/foxy/opt/rviz_ogre_vendor/lib:/opt/ros/foxy/lib/aarch64-linux-gnu:/opt/ros/foxy/lib:/usr/local/cuda-11.4/lib64 PYTHONPATH=/home/ysc/lite_cog_ros2/nav/install/hdl_global_localization/lib/python3.8/site-packages:${PYTHONPATH} /usr/bin/cmake --build /home/ysc/lite_cog_ros2/nav/build/hdl_localization -- -j6 -l6
[29.669s] [35m[1mScanning dependencies of target hdl_localization__cpp[0m
[29.670s] [  2%] [34m[1mGenerating C code for ROS interfaces[0m
[29.743s] [  5%] [34m[1mGenerating C++ code for ROS interfaces[0m
[30.912s] [35m[1mScanning dependencies of target hdl_localization__rosidl_generator_c[0m
[31.042s] [  8%] [32mBuilding C object CMakeFiles/hdl_localization__rosidl_generator_c.dir/rosidl_generator_c/hdl_localization/msg/detail/scan_matching_status__functions.c.o[0m
[31.050s] [  8%] Built target hdl_localization__cpp
[31.094s] [01m[Kcc1:[m[K [01;35m[Kwarning: [m[Kcommand line option ‘[01m[K-std=c++14[m[K’ is valid for C++/ObjC++ but not for C
[31.125s] [ 11%] [34m[1mGenerating C++ type support for eProsima Fast-RTPS[0m
[31.129s] [ 14%] [34m[1mGenerating C++ type support dispatch for ROS interfaces[0m
[31.140s] [ 17%] [34m[1mGenerating C++ introspection for ROS interfaces[0m
[31.944s] [ 20%] [32m[1mLinking C shared library libhdl_localization__rosidl_generator_c.so[0m
[32.322s] [ 20%] Built target hdl_localization__rosidl_generator_c
[32.387s] [35m[1mScanning dependencies of target hdl_localization__rosidl_typesupport_fastrtps_cpp[0m
[32.418s] [ 23%] [34m[1mGenerating C type support dispatch for ROS interfaces[0m
[32.435s] [ 26%] [34m[1mGenerating C introspection for ROS interfaces[0m
[32.546s] [35m[1mScanning dependencies of target hdl_localization__rosidl_typesupport_introspection_cpp[0m
[32.593s] [ 29%] [32mBuilding CXX object CMakeFiles/hdl_localization__rosidl_typesupport_fastrtps_cpp.dir/rosidl_typesupport_fastrtps_cpp/hdl_localization/msg/detail/dds_fastrtps/scan_matching_status__type_support.cpp.o[0m
[32.745s] [ 32%] [32mBuilding CXX object CMakeFiles/hdl_localization__rosidl_typesupport_introspection_cpp.dir/rosidl_typesupport_introspection_cpp/hdl_localization/msg/detail/scan_matching_status__type_support.cpp.o[0m
[32.750s] [35m[1mScanning dependencies of target hdl_localization__rosidl_typesupport_cpp[0m
[32.894s] [ 35%] [32mBuilding CXX object CMakeFiles/hdl_localization__rosidl_typesupport_cpp.dir/rosidl_typesupport_cpp/hdl_localization/msg/scan_matching_status__type_support.cpp.o[0m
[33.713s] [35m[1mScanning dependencies of target hdl_localization__rosidl_typesupport_c[0m
[33.837s] [35m[1mScanning dependencies of target hdl_localization__rosidl_typesupport_introspection_c[0m
[33.893s] [ 38%] [32mBuilding CXX object CMakeFiles/hdl_localization__rosidl_typesupport_c.dir/rosidl_typesupport_c/hdl_localization/msg/scan_matching_status__type_support.cpp.o[0m
[34.065s] [ 41%] [32mBuilding C object CMakeFiles/hdl_localization__rosidl_typesupport_introspection_c.dir/rosidl_typesupport_introspection_c/hdl_localization/msg/detail/scan_matching_status__type_support.c.o[0m
[34.121s] [01m[Kcc1:[m[K [01;35m[Kwarning: [m[Kcommand line option ‘[01m[K-std=c++14[m[K’ is valid for C++/ObjC++ but not for C
[34.388s] [ 44%] [32m[1mLinking CXX shared library libhdl_localization__rosidl_typesupport_c.so[0m
[34.707s] [ 47%] [32m[1mLinking C shared library libhdl_localization__rosidl_typesupport_introspection_c.so[0m
[34.829s] [ 47%] Built target hdl_localization__rosidl_typesupport_c
[35.028s] [ 47%] Built target hdl_localization__rosidl_typesupport_introspection_c
[35.038s] [ 50%] [32m[1mLinking CXX shared library libhdl_localization__rosidl_typesupport_cpp.so[0m
[35.525s] [ 50%] Built target hdl_localization__rosidl_typesupport_cpp
[36.154s] [ 52%] [32m[1mLinking CXX shared library libhdl_localization__rosidl_typesupport_introspection_cpp.so[0m
[36.561s] [ 52%] Built target hdl_localization__rosidl_typesupport_introspection_cpp
[36.730s] [ 55%] [32m[1mLinking CXX shared library libhdl_localization__rosidl_typesupport_fastrtps_cpp.so[0m
[37.195s] [ 55%] Built target hdl_localization__rosidl_typesupport_fastrtps_cpp
[37.276s] [ 58%] [34m[1mGenerating C type support for eProsima Fast-RTPS[0m
[38.472s] [35m[1mScanning dependencies of target hdl_localization__rosidl_typesupport_fastrtps_c[0m
[38.591s] [ 61%] [32mBuilding CXX object CMakeFiles/hdl_localization__rosidl_typesupport_fastrtps_c.dir/rosidl_typesupport_fastrtps_c/hdl_localization/msg/detail/scan_matching_status__type_support_c.cpp.o[0m
[40.861s] [ 64%] [32m[1mLinking CXX shared library libhdl_localization__rosidl_typesupport_fastrtps_c.so[0m
[41.366s] [ 64%] Built target hdl_localization__rosidl_typesupport_fastrtps_c
[41.434s] [35m[1mScanning dependencies of target hdl_localization[0m
[41.504s] [ 64%] Built target hdl_localization
[41.571s] [35m[1mScanning dependencies of target hdl_localization_composition[0m
[41.572s] [35m[1mScanning dependencies of target hdl_localization__py[0m
[41.654s] [ 67%] [34m[1mGenerating Python code for ROS interfaces[0m
[42.984s] [ 70%] [32mBuilding CXX object CMakeFiles/hdl_localization_composition.dir/src/hdl_localization/pose_estimator.cpp.o[0m
[43.009s] [ 73%] [32mBuilding CXX object CMakeFiles/hdl_localization_composition.dir/apps/hdl_localization_composition.cpp.o[0m
[43.662s] [ 73%] Built target hdl_localization__py
[43.754s] [35m[1mScanning dependencies of target hdl_localization__python[0m
[43.925s] [ 76%] [32mBuilding C object CMakeFiles/hdl_localization__python.dir/rosidl_generator_py/hdl_localization/msg/_scan_matching_status_s.c.o[0m
[43.964s] [01m[Kcc1:[m[K [01;35m[Kwarning: [m[Kcommand line option ‘[01m[K-std=c++14[m[K’ is valid for C++/ObjC++ but not for C
[45.127s] [ 79%] [32m[1mLinking C shared library rosidl_generator_py/hdl_localization/libhdl_localization__python.so[0m
[45.443s] [ 79%] Built target hdl_localization__python
[45.595s] [35m[1mScanning dependencies of target hdl_localization__rosidl_typesupport_c__pyext[0m
[45.673s] [35m[1mScanning dependencies of target hdl_localization__rosidl_typesupport_introspection_c__pyext[0m
[45.683s] [35m[1mScanning dependencies of target hdl_localization__rosidl_typesupport_fastrtps_c__pyext[0m
[45.906s] [ 82%] [32mBuilding C object CMakeFiles/hdl_localization__rosidl_typesupport_introspection_c__pyext.dir/rosidl_generator_py/hdl_localization/_hdl_localization_s.ep.rosidl_typesupport_introspection_c.c.o[0m
[45.913s] [ 85%] [32mBuilding C object CMakeFiles/hdl_localization__rosidl_typesupport_c__pyext.dir/rosidl_generator_py/hdl_localization/_hdl_localization_s.ep.rosidl_typesupport_c.c.o[0m
[45.917s] [ 88%] [32mBuilding C object CMakeFiles/hdl_localization__rosidl_typesupport_fastrtps_c__pyext.dir/rosidl_generator_py/hdl_localization/_hdl_localization_s.ep.rosidl_typesupport_fastrtps_c.c.o[0m
[45.947s] [01m[Kcc1:[m[K [01;35m[Kwarning: [m[Kcommand line option ‘[01m[K-std=c++14[m[K’ is valid for C++/ObjC++ but not for C
[45.958s] [01m[Kcc1:[m[K [01;35m[Kwarning: [m[Kcommand line option ‘[01m[K-std=c++14[m[K’ is valid for C++/ObjC++ but not for C
[45.971s] [01m[Kcc1:[m[K [01;35m[Kwarning: [m[Kcommand line option ‘[01m[K-std=c++14[m[K’ is valid for C++/ObjC++ but not for C
[46.895s] [ 91%] [32m[1mLinking C shared library rosidl_generator_py/hdl_localization/hdl_localization_s__rosidl_typesupport_introspection_c.cpython-38-aarch64-linux-gnu.so[0m
[46.931s] [ 94%] [32m[1mLinking CXX shared library rosidl_generator_py/hdl_localization/hdl_localization_s__rosidl_typesupport_fastrtps_c.cpython-38-aarch64-linux-gnu.so[0m
[47.063s] [ 97%] [32m[1mLinking C shared library rosidl_generator_py/hdl_localization/hdl_localization_s__rosidl_typesupport_c.cpython-38-aarch64-linux-gnu.so[0m
[47.361s] [ 97%] Built target hdl_localization__rosidl_typesupport_introspection_c__pyext
[47.535s] [ 97%] Built target hdl_localization__rosidl_typesupport_c__pyext
[47.796s] [ 97%] Built target hdl_localization__rosidl_typesupport_fastrtps_c__pyext
[53.128s] In file included from [01m[K/home/ysc/lite_cog_ros2/nav/src/hdl_localization/apps/hdl_localization_composition.cpp:2[m[K:
[53.139s] [01m[K/home/ysc/lite_cog_ros2/nav/src/hdl_localization/apps/./hdl_localization_app.hpp:26:10:[m[K [01;31m[Kfatal error: [m[Kfast_gicp/ndt/ndt_cuda.hpp: No such file or directory
[53.141s]    26 | #include [01;31m[K<fast_gicp/ndt/ndt_cuda.hpp>[m[K
[53.144s]       |          [01;31m[K^~~~~~~~~~~~~~~~~~~~~~~~~~~~[m[K
[53.146s] compilation terminated.
[53.366s] make[2]: *** [CMakeFiles/hdl_localization_composition.dir/build.make:76: CMakeFiles/hdl_localization_composition.dir/apps/hdl_localization_composition.cpp.o] Error 1
[53.368s] make[2]: *** Waiting for unfinished jobs....
[142.476s] make[1]: *** [CMakeFiles/Makefile2:326: CMakeFiles/hdl_localization_composition.dir/all] Error 2
[142.479s] make: *** [Makefile:141: all] Error 2
[142.496s] Invoked command in '/home/ysc/lite_cog_ros2/nav/build/hdl_localization' returned '2': AMENT_PREFIX_PATH=/home/ysc/lite_cog_ros2/nav/install/hdl_global_localization:${AMENT_PREFIX_PATH} CMAKE_PREFIX_PATH=/home/ysc/lite_cog_ros2/nav/install/hdl_global_localization:/home/ysc/lite_cog_ros2/ndt_omp/install/ndt_omp:/opt/ros/foxy LD_LIBRARY_PATH=/home/ysc/lite_cog_ros2/nav/install/hdl_global_localization/lib:/home/ysc/lite_cog_ros2/ndt_omp/install/ndt_omp/lib:/usr/lib/aarch64-linux-gnu/gazebo-11/plugins:/opt/ros/foxy/opt/yaml_cpp_vendor/lib:/opt/ros/foxy/opt/rviz_ogre_vendor/lib:/opt/ros/foxy/lib/aarch64-linux-gnu:/opt/ros/foxy/lib:/usr/local/cuda-11.4/lib64 PYTHONPATH=/home/ysc/lite_cog_ros2/nav/install/hdl_global_localization/lib/python3.8/site-packages:${PYTHONPATH} /usr/bin/cmake --build /home/ysc/lite_cog_ros2/nav/build/hdl_localization -- -j6 -l6
