[7.388s] Invoking command in '/home/ysc/lite_cog_ros2/nav/src/narrow_passage_controller': PYTHONPATH=/home/ysc/lite_cog_ros2/nav/src/build/narrow_passage_controller/prefix_override:/home/ysc/lite_cog_ros2/nav/src/install/narrow_passage_controller/lib/python3.8/site-packages:${PYTHONPATH} /usr/bin/python3 -W ignore:setup.py install is deprecated setup.py egg_info --egg-base ../build/narrow_passage_controller build --build-base /home/ysc/lite_cog_ros2/nav/src/build/narrow_passage_controller/build install --record /home/ysc/lite_cog_ros2/nav/src/build/narrow_passage_controller/install.log --install-scripts $base/lib/narrow_passage_controller --single-version-externally-managed install_data
[8.850s] running egg_info
[8.851s] creating ../build/narrow_passage_controller/narrow_passage_controller.egg-info
[8.852s] writing ../build/narrow_passage_controller/narrow_passage_controller.egg-info/PKG-INFO
[8.855s] writing dependency_links to ../build/narrow_passage_controller/narrow_passage_controller.egg-info/dependency_links.txt
[8.856s] writing entry points to ../build/narrow_passage_controller/narrow_passage_controller.egg-info/entry_points.txt
[8.856s] writing requirements to ../build/narrow_passage_controller/narrow_passage_controller.egg-info/requires.txt
[8.857s] writing top-level names to ../build/narrow_passage_controller/narrow_passage_controller.egg-info/top_level.txt
[9.016s] writing manifest file '../build/narrow_passage_controller/narrow_passage_controller.egg-info/SOURCES.txt'
[9.194s] reading manifest file '../build/narrow_passage_controller/narrow_passage_controller.egg-info/SOURCES.txt'
[9.199s] writing manifest file '../build/narrow_passage_controller/narrow_passage_controller.egg-info/SOURCES.txt'
[9.204s] running build
[9.205s] running build_py
[9.206s] creating /home/ysc/lite_cog_ros2/nav/src/build/narrow_passage_controller/build
[9.207s] creating /home/ysc/lite_cog_ros2/nav/src/build/narrow_passage_controller/build/lib
[9.207s] creating /home/ysc/lite_cog_ros2/nav/src/build/narrow_passage_controller/build/lib/narrow_passage_controller
[9.208s] copying narrow_passage_controller/__init__.py -> /home/ysc/lite_cog_ros2/nav/src/build/narrow_passage_controller/build/lib/narrow_passage_controller
[9.209s] copying narrow_passage_controller/depth_narrow_passage_node.py -> /home/ysc/lite_cog_ros2/nav/src/build/narrow_passage_controller/build/lib/narrow_passage_controller
[9.214s] running install
[9.225s] running install_lib
[9.232s] creating /home/ysc/lite_cog_ros2/nav/src/install/narrow_passage_controller/lib/python3.8/site-packages/narrow_passage_controller
[9.233s] copying /home/ysc/lite_cog_ros2/nav/src/build/narrow_passage_controller/build/lib/narrow_passage_controller/__init__.py -> /home/ysc/lite_cog_ros2/nav/src/install/narrow_passage_controller/lib/python3.8/site-packages/narrow_passage_controller
[9.234s] copying /home/ysc/lite_cog_ros2/nav/src/build/narrow_passage_controller/build/lib/narrow_passage_controller/depth_narrow_passage_node.py -> /home/ysc/lite_cog_ros2/nav/src/install/narrow_passage_controller/lib/python3.8/site-packages/narrow_passage_controller
[9.238s] byte-compiling /home/ysc/lite_cog_ros2/nav/src/install/narrow_passage_controller/lib/python3.8/site-packages/narrow_passage_controller/__init__.py to __init__.cpython-38.pyc
[9.245s] byte-compiling /home/ysc/lite_cog_ros2/nav/src/install/narrow_passage_controller/lib/python3.8/site-packages/narrow_passage_controller/depth_narrow_passage_node.py to depth_narrow_passage_node.cpython-38.pyc
[9.262s] running install_data
[9.263s] creating /home/ysc/lite_cog_ros2/nav/src/install/narrow_passage_controller/share/ament_index
[9.264s] creating /home/ysc/lite_cog_ros2/nav/src/install/narrow_passage_controller/share/ament_index/resource_index
[9.264s] creating /home/ysc/lite_cog_ros2/nav/src/install/narrow_passage_controller/share/ament_index/resource_index/packages
[9.265s] copying resource/narrow_passage_controller -> /home/ysc/lite_cog_ros2/nav/src/install/narrow_passage_controller/share/ament_index/resource_index/packages
[9.266s] copying package.xml -> /home/ysc/lite_cog_ros2/nav/src/install/narrow_passage_controller/share/narrow_passage_controller
[9.266s] running install_egg_info
[9.278s] Copying ../build/narrow_passage_controller/narrow_passage_controller.egg-info to /home/ysc/lite_cog_ros2/nav/src/install/narrow_passage_controller/lib/python3.8/site-packages/narrow_passage_controller-0.0.0-py3.8.egg-info
[9.287s] running install_scripts
[9.413s] Installing depth_narrow_passage_node script to /home/ysc/lite_cog_ros2/nav/src/install/narrow_passage_controller/lib/narrow_passage_controller
[9.417s] writing list of installed files to '/home/ysc/lite_cog_ros2/nav/src/build/narrow_passage_controller/install.log'
[9.530s] Invoked command in '/home/ysc/lite_cog_ros2/nav/src/narrow_passage_controller' returned '0': PYTHONPATH=/home/ysc/lite_cog_ros2/nav/src/build/narrow_passage_controller/prefix_override:/home/ysc/lite_cog_ros2/nav/src/install/narrow_passage_controller/lib/python3.8/site-packages:${PYTHONPATH} /usr/bin/python3 -W ignore:setup.py install is deprecated setup.py egg_info --egg-base ../build/narrow_passage_controller build --build-base /home/ysc/lite_cog_ros2/nav/src/build/narrow_passage_controller/build install --record /home/ysc/lite_cog_ros2/nav/src/build/narrow_passage_controller/install.log --install-scripts $base/lib/narrow_passage_controller --single-version-externally-managed install_data
