[1.465s] [34mcolcon[0m [1;30mDEBUG[0m [32mCommand line arguments: ['/usr/bin/colcon', 'build', '--packages-select', 'narrow_passage_controller'][0m
[1.467s] [34mcolcon[0m [1;30mDEBUG[0m [32mParsed command line arguments: Namespace(allow_overriding=[], ament_cmake_args=None, base_paths=['.'], build_base='build', catkin_cmake_args=None, catkin_skip_building_tests=False, cmake_args=None, cmake_clean_cache=False, cmake_clean_first=False, cmake_force_configure=False, cmake_target=None, cmake_target_skip_unavailable=False, continue_on_error=False, event_handlers=None, executor='parallel', ignore_user_meta=False, install_base='install', log_base=None, log_level=None, main=<bound method BuildVerb.main of <colcon_core.verb.build.BuildVerb object at 0xffff8e47d5e0>>, merge_install=False, metas=['./colcon.meta'], packages_above=None, packages_above_and_dependencies=None, packages_above_depth=None, packages_end=None, packages_ignore=None, packages_ignore_regex=None, packages_select=['narrow_passage_controller'], packages_select_build_failed=False, packages_select_by_dep=None, packages_select_regex=None, packages_select_test_failures=False, packages_skip=None, packages_skip_build_finished=False, packages_skip_by_dep=None, packages_skip_regex=None, packages_skip_test_passed=False, packages_skip_up_to=None, packages_start=None, packages_up_to=None, packages_up_to_regex=None, parallel_workers=6, paths=None, symlink_install=False, test_result_base=None, verb_extension=<colcon_core.verb.build.BuildVerb object at 0xffff8e47d5e0>, verb_name='build', verb_parser=<colcon_defaults.argument_parser.defaults.DefaultArgumentsDecorator object at 0xffff8e47db20>)[0m
[2.609s] [34mcolcon.colcon_core.package_discovery[0m [1;30mLevel 1[0m discover_packages(colcon_meta) check parameters
[2.610s] [34mcolcon.colcon_core.package_discovery[0m [1;30mLevel 1[0m discover_packages(recursive) check parameters
[2.610s] [34mcolcon.colcon_core.package_discovery[0m [1;30mLevel 1[0m discover_packages(ignore) check parameters
[2.610s] [34mcolcon.colcon_core.package_discovery[0m [1;30mLevel 1[0m discover_packages(path) check parameters
[2.611s] [34mcolcon.colcon_core.package_discovery[0m [1;30mLevel 1[0m discover_packages(colcon_meta) discover
[2.611s] [34mcolcon.colcon_core.package_discovery[0m [1;30mLevel 1[0m discover_packages(recursive) discover
[2.611s] [34mcolcon.colcon_core.package_discovery[0m [1;30mINFO[0m Crawling recursively for packages in '/home/ysc/lite_cog_ros2/nav/src'
[2.612s] [34mcolcon.colcon_core.package_identification[0m [1;30mLevel 1[0m _identify(.) by extensions ['ignore', 'ignore_ament_install']
[2.613s] [34mcolcon.colcon_core.package_identification[0m [1;30mLevel 1[0m _identify(.) by extension 'ignore'
[2.613s] [34mcolcon.colcon_core.package_identification[0m [1;30mLevel 1[0m _identify(.) by extension 'ignore_ament_install'
[2.613s] [34mcolcon.colcon_core.package_identification[0m [1;30mLevel 1[0m _identify(.) by extensions ['colcon_pkg']
[2.613s] [34mcolcon.colcon_core.package_identification[0m [1;30mLevel 1[0m _identify(.) by extension 'colcon_pkg'
[2.614s] [34mcolcon.colcon_core.package_identification[0m [1;30mLevel 1[0m _identify(.) by extensions ['colcon_meta']
[2.614s] [34mcolcon.colcon_core.package_identification[0m [1;30mLevel 1[0m _identify(.) by extension 'colcon_meta'
[2.614s] [34mcolcon.colcon_core.package_identification[0m [1;30mLevel 1[0m _identify(.) by extensions ['ros']
[2.614s] [34mcolcon.colcon_core.package_identification[0m [1;30mLevel 1[0m _identify(.) by extension 'ros'
[2.678s] [34mcolcon.colcon_core.package_identification[0m [1;30mLevel 1[0m _identify(.) by extensions ['cmake', 'python']
[2.678s] [34mcolcon.colcon_core.package_identification[0m [1;30mLevel 1[0m _identify(.) by extension 'cmake'
[2.679s] [34mcolcon.colcon_core.package_identification[0m [1;30mLevel 1[0m _identify(.) by extension 'python'
[2.679s] [34mcolcon.colcon_core.package_identification[0m [1;30mLevel 1[0m _identify(.) by extensions ['python_setup_py']
[2.679s] [34mcolcon.colcon_core.package_identification[0m [1;30mLevel 1[0m _identify(.) by extension 'python_setup_py'
[2.680s] [34mcolcon.colcon_core.package_identification[0m [1;30mLevel 1[0m _identify(build) by extensions ['ignore', 'ignore_ament_install']
[2.681s] [34mcolcon.colcon_core.package_identification[0m [1;30mLevel 1[0m _identify(build) by extension 'ignore'
[2.681s] [34mcolcon.colcon_core.package_identification[0m [1;30mLevel 1[0m _identify(build) ignored
[2.682s] [34mcolcon.colcon_core.package_identification[0m [1;30mLevel 1[0m _identify(dr_nav2) by extensions ['ignore', 'ignore_ament_install']
[2.683s] [34mcolcon.colcon_core.package_identification[0m [1;30mLevel 1[0m _identify(dr_nav2) by extension 'ignore'
[2.683s] [34mcolcon.colcon_core.package_identification[0m [1;30mLevel 1[0m _identify(dr_nav2) by extension 'ignore_ament_install'
[2.683s] [34mcolcon.colcon_core.package_identification[0m [1;30mLevel 1[0m _identify(dr_nav2) by extensions ['colcon_pkg']
[2.683s] [34mcolcon.colcon_core.package_identification[0m [1;30mLevel 1[0m _identify(dr_nav2) by extension 'colcon_pkg'
[2.684s] [34mcolcon.colcon_core.package_identification[0m [1;30mLevel 1[0m _identify(dr_nav2) by extensions ['colcon_meta']
[2.684s] [34mcolcon.colcon_core.package_identification[0m [1;30mLevel 1[0m _identify(dr_nav2) by extension 'colcon_meta'
[2.684s] [34mcolcon.colcon_core.package_identification[0m [1;30mLevel 1[0m _identify(dr_nav2) by extensions ['ros']
[2.684s] [34mcolcon.colcon_core.package_identification[0m [1;30mLevel 1[0m _identify(dr_nav2) by extension 'ros'
[2.698s] [34mcolcon.colcon_core.package_identification[0m [1;30mDEBUG[0m [32mPackage 'dr_nav2' with type 'ros.ament_cmake' and name 'dr_nav2'[0m
[2.699s] [34mcolcon.colcon_core.package_identification[0m [1;30mLevel 1[0m _identify(hdl_global_localization) by extensions ['ignore', 'ignore_ament_install']
[2.700s] [34mcolcon.colcon_core.package_identification[0m [1;30mLevel 1[0m _identify(hdl_global_localization) by extension 'ignore'
[2.700s] [34mcolcon.colcon_core.package_identification[0m [1;30mLevel 1[0m _identify(hdl_global_localization) by extension 'ignore_ament_install'
[2.700s] [34mcolcon.colcon_core.package_identification[0m [1;30mLevel 1[0m _identify(hdl_global_localization) by extensions ['colcon_pkg']
[2.701s] [34mcolcon.colcon_core.package_identification[0m [1;30mLevel 1[0m _identify(hdl_global_localization) by extension 'colcon_pkg'
[2.701s] [34mcolcon.colcon_core.package_identification[0m [1;30mLevel 1[0m _identify(hdl_global_localization) by extensions ['colcon_meta']
[2.701s] [34mcolcon.colcon_core.package_identification[0m [1;30mLevel 1[0m _identify(hdl_global_localization) by extension 'colcon_meta'
[2.701s] [34mcolcon.colcon_core.package_identification[0m [1;30mLevel 1[0m _identify(hdl_global_localization) by extensions ['ros']
[2.702s] [34mcolcon.colcon_core.package_identification[0m [1;30mLevel 1[0m _identify(hdl_global_localization) by extension 'ros'
[2.778s] [34mcolcon.colcon_core.package_identification[0m [1;30mDEBUG[0m [32mPackage 'hdl_global_localization' with type 'ros.ament_cmake' and name 'hdl_global_localization'[0m
[2.779s] [34mcolcon.colcon_core.package_identification[0m [1;30mLevel 1[0m _identify(hdl_localization) by extensions ['ignore', 'ignore_ament_install']
[2.779s] [34mcolcon.colcon_core.package_identification[0m [1;30mLevel 1[0m _identify(hdl_localization) by extension 'ignore'
[2.780s] [34mcolcon.colcon_core.package_identification[0m [1;30mLevel 1[0m _identify(hdl_localization) by extension 'ignore_ament_install'
[2.780s] [34mcolcon.colcon_core.package_identification[0m [1;30mLevel 1[0m _identify(hdl_localization) by extensions ['colcon_pkg']
[2.780s] [34mcolcon.colcon_core.package_identification[0m [1;30mLevel 1[0m _identify(hdl_localization) by extension 'colcon_pkg'
[2.781s] [34mcolcon.colcon_core.package_identification[0m [1;30mLevel 1[0m _identify(hdl_localization) by extensions ['colcon_meta']
[2.781s] [34mcolcon.colcon_core.package_identification[0m [1;30mLevel 1[0m _identify(hdl_localization) by extension 'colcon_meta'
[2.781s] [34mcolcon.colcon_core.package_identification[0m [1;30mLevel 1[0m _identify(hdl_localization) by extensions ['ros']
[2.782s] [34mcolcon.colcon_core.package_identification[0m [1;30mLevel 1[0m _identify(hdl_localization) by extension 'ros'
[2.793s] [34mcolcon.colcon_core.package_identification[0m [1;30mDEBUG[0m [32mPackage 'hdl_localization' with type 'ros.ament_cmake' and name 'hdl_localization'[0m
[2.794s] [34mcolcon.colcon_core.package_identification[0m [1;30mLevel 1[0m _identify(install) by extensions ['ignore', 'ignore_ament_install']
[2.795s] [34mcolcon.colcon_core.package_identification[0m [1;30mLevel 1[0m _identify(install) by extension 'ignore'
[2.795s] [34mcolcon.colcon_core.package_identification[0m [1;30mLevel 1[0m _identify(install) ignored
[2.795s] [34mcolcon.colcon_core.package_identification[0m [1;30mLevel 1[0m _identify(late_fusion) by extensions ['ignore', 'ignore_ament_install']
[2.796s] [34mcolcon.colcon_core.package_identification[0m [1;30mLevel 1[0m _identify(late_fusion) by extension 'ignore'
[2.796s] [34mcolcon.colcon_core.package_identification[0m [1;30mLevel 1[0m _identify(late_fusion) by extension 'ignore_ament_install'
[2.797s] [34mcolcon.colcon_core.package_identification[0m [1;30mLevel 1[0m _identify(late_fusion) by extensions ['colcon_pkg']
[2.797s] [34mcolcon.colcon_core.package_identification[0m [1;30mLevel 1[0m _identify(late_fusion) by extension 'colcon_pkg'
[2.797s] [34mcolcon.colcon_core.package_identification[0m [1;30mLevel 1[0m _identify(late_fusion) by extensions ['colcon_meta']
[2.797s] [34mcolcon.colcon_core.package_identification[0m [1;30mLevel 1[0m _identify(late_fusion) by extension 'colcon_meta'
[2.797s] [34mcolcon.colcon_core.package_identification[0m [1;30mLevel 1[0m _identify(late_fusion) by extensions ['ros']
[2.798s] [34mcolcon.colcon_core.package_identification[0m [1;30mLevel 1[0m _identify(late_fusion) by extension 'ros'
[2.801s] [34mcolcon.colcon_core.package_identification[0m [1;30mDEBUG[0m [32mPackage 'late_fusion' with type 'ros.ament_python' and name 'late_fusion'[0m
[2.802s] [34mcolcon.colcon_core.package_identification[0m [1;30mLevel 1[0m _identify(log) by extensions ['ignore', 'ignore_ament_install']
[2.802s] [34mcolcon.colcon_core.package_identification[0m [1;30mLevel 1[0m _identify(log) by extension 'ignore'
[2.803s] [34mcolcon.colcon_core.package_identification[0m [1;30mLevel 1[0m _identify(log) ignored
[2.803s] [34mcolcon.colcon_core.package_identification[0m [1;30mLevel 1[0m _identify(narrow_passage_controller) by extensions ['ignore', 'ignore_ament_install']
[2.804s] [34mcolcon.colcon_core.package_identification[0m [1;30mLevel 1[0m _identify(narrow_passage_controller) by extension 'ignore'
[2.804s] [34mcolcon.colcon_core.package_identification[0m [1;30mLevel 1[0m _identify(narrow_passage_controller) by extension 'ignore_ament_install'
[2.804s] [34mcolcon.colcon_core.package_identification[0m [1;30mLevel 1[0m _identify(narrow_passage_controller) by extensions ['colcon_pkg']
[2.805s] [34mcolcon.colcon_core.package_identification[0m [1;30mLevel 1[0m _identify(narrow_passage_controller) by extension 'colcon_pkg'
[2.805s] [34mcolcon.colcon_core.package_identification[0m [1;30mLevel 1[0m _identify(narrow_passage_controller) by extensions ['colcon_meta']
[2.805s] [34mcolcon.colcon_core.package_identification[0m [1;30mLevel 1[0m _identify(narrow_passage_controller) by extension 'colcon_meta'
[2.805s] [34mcolcon.colcon_core.package_identification[0m [1;30mLevel 1[0m _identify(narrow_passage_controller) by extensions ['ros']
[2.805s] [34mcolcon.colcon_core.package_identification[0m [1;30mLevel 1[0m _identify(narrow_passage_controller) by extension 'ros'
[2.809s] [34mcolcon.colcon_core.package_identification[0m [1;30mDEBUG[0m [32mPackage 'narrow_passage_controller' with type 'ros.ament_python' and name 'narrow_passage_controller'[0m
[2.810s] [34mcolcon.colcon_core.package_identification[0m [1;30mLevel 1[0m _identify(sensor_test) by extensions ['ignore', 'ignore_ament_install']
[2.811s] [34mcolcon.colcon_core.package_identification[0m [1;30mLevel 1[0m _identify(sensor_test) by extension 'ignore'
[2.811s] [34mcolcon.colcon_core.package_identification[0m [1;30mLevel 1[0m _identify(sensor_test) by extension 'ignore_ament_install'
[2.811s] [34mcolcon.colcon_core.package_identification[0m [1;30mLevel 1[0m _identify(sensor_test) by extensions ['colcon_pkg']
[2.811s] [34mcolcon.colcon_core.package_identification[0m [1;30mLevel 1[0m _identify(sensor_test) by extension 'colcon_pkg'
[2.812s] [34mcolcon.colcon_core.package_identification[0m [1;30mLevel 1[0m _identify(sensor_test) by extensions ['colcon_meta']
[2.812s] [34mcolcon.colcon_core.package_identification[0m [1;30mLevel 1[0m _identify(sensor_test) by extension 'colcon_meta'
[2.812s] [34mcolcon.colcon_core.package_identification[0m [1;30mLevel 1[0m _identify(sensor_test) by extensions ['ros']
[2.812s] [34mcolcon.colcon_core.package_identification[0m [1;30mLevel 1[0m _identify(sensor_test) by extension 'ros'
[2.824s] [34mcolcon.colcon_core.package_identification[0m [1;30mDEBUG[0m [32mPackage 'sensor_test' with type 'ros.ament_cmake' and name 'sensor_test'[0m
[2.824s] [34mcolcon.colcon_core.package_discovery[0m [1;30mLevel 1[0m discover_packages(recursive) using defaults
[2.825s] [34mcolcon.colcon_core.package_discovery[0m [1;30mLevel 1[0m discover_packages(ignore) discover
[2.825s] [34mcolcon.colcon_core.package_discovery[0m [1;30mLevel 1[0m discover_packages(ignore) using defaults
[2.825s] [34mcolcon.colcon_core.package_discovery[0m [1;30mLevel 1[0m discover_packages(path) discover
[2.825s] [34mcolcon.colcon_core.package_discovery[0m [1;30mLevel 1[0m discover_packages(path) using defaults
[2.921s] [34mcolcon.colcon_core.package_selection[0m [1;30mINFO[0m Skipping not selected package 'dr_nav2' in 'dr_nav2'
[2.921s] [34mcolcon.colcon_core.package_selection[0m [1;30mINFO[0m Skipping not selected package 'hdl_global_localization' in 'hdl_global_localization'
[2.921s] [34mcolcon.colcon_core.package_selection[0m [1;30mINFO[0m Skipping not selected package 'late_fusion' in 'late_fusion'
[2.922s] [34mcolcon.colcon_core.package_selection[0m [1;30mINFO[0m Skipping not selected package 'sensor_test' in 'sensor_test'
[2.922s] [34mcolcon.colcon_core.package_selection[0m [1;30mINFO[0m Skipping not selected package 'hdl_localization' in 'hdl_localization'
[2.924s] [34mcolcon.colcon_core.package_discovery[0m [1;30mLevel 1[0m discover_packages(prefix_path) check parameters
[2.924s] [34mcolcon.colcon_core.package_discovery[0m [1;30mLevel 1[0m discover_packages(prefix_path) discover
[2.942s] [34mcolcon.colcon_installed_package_information.package_discovery[0m [1;30mDEBUG[0m [32mFound 324 installed packages in /opt/ros/foxy[0m
[2.954s] [34mcolcon.colcon_core.package_discovery[0m [1;30mLevel 1[0m discover_packages(prefix_path) using defaults
[3.380s] [34mcolcon.colcon_core.verb[0m [1;30mLevel 5[0m set package 'narrow_passage_controller' build argument 'cmake_args' from command line to 'None'
[3.380s] [34mcolcon.colcon_core.verb[0m [1;30mLevel 5[0m set package 'narrow_passage_controller' build argument 'cmake_target' from command line to 'None'
[3.380s] [34mcolcon.colcon_core.verb[0m [1;30mLevel 5[0m set package 'narrow_passage_controller' build argument 'cmake_target_skip_unavailable' from command line to 'False'
[3.381s] [34mcolcon.colcon_core.verb[0m [1;30mLevel 5[0m set package 'narrow_passage_controller' build argument 'cmake_clean_cache' from command line to 'False'
[3.381s] [34mcolcon.colcon_core.verb[0m [1;30mLevel 5[0m set package 'narrow_passage_controller' build argument 'cmake_clean_first' from command line to 'False'
[3.381s] [34mcolcon.colcon_core.verb[0m [1;30mLevel 5[0m set package 'narrow_passage_controller' build argument 'cmake_force_configure' from command line to 'False'
[3.381s] [34mcolcon.colcon_core.verb[0m [1;30mLevel 5[0m set package 'narrow_passage_controller' build argument 'ament_cmake_args' from command line to 'None'
[3.381s] [34mcolcon.colcon_core.verb[0m [1;30mLevel 5[0m set package 'narrow_passage_controller' build argument 'catkin_cmake_args' from command line to 'None'
[3.381s] [34mcolcon.colcon_core.verb[0m [1;30mLevel 5[0m set package 'narrow_passage_controller' build argument 'catkin_skip_building_tests' from command line to 'False'
[3.382s] [34mcolcon.colcon_core.verb[0m [1;30mDEBUG[0m [32mBuilding package 'narrow_passage_controller' with the following arguments: {'ament_cmake_args': None, 'build_base': '/home/ysc/lite_cog_ros2/nav/src/build/narrow_passage_controller', 'catkin_cmake_args': None, 'catkin_skip_building_tests': False, 'cmake_args': None, 'cmake_clean_cache': False, 'cmake_clean_first': False, 'cmake_force_configure': False, 'cmake_target': None, 'cmake_target_skip_unavailable': False, 'install_base': '/home/ysc/lite_cog_ros2/nav/src/install/narrow_passage_controller', 'merge_install': False, 'path': '/home/ysc/lite_cog_ros2/nav/src/narrow_passage_controller', 'symlink_install': False, 'test_result_base': None}[0m
[3.383s] [34mcolcon.colcon_core.executor[0m [1;30mINFO[0m Executing jobs using 'parallel' executor
[3.388s] [34mcolcon.colcon_parallel_executor.executor.parallel[0m [1;30mDEBUG[0m [32mrun_until_complete[0m
[3.390s] [34mcolcon.colcon_ros.task.ament_python.build[0m [1;30mINFO[0m Building ROS package in '/home/ysc/lite_cog_ros2/nav/src/narrow_passage_controller' with build type 'ament_python'
[3.390s] [34mcolcon.colcon_core.shell[0m [1;30mLevel 1[0m create_environment_hook('narrow_passage_controller', 'ament_prefix_path')
[3.404s] [34mcolcon.colcon_core.plugin_system[0m [1;30mINFO[0m Skipping extension 'colcon_core.shell.bat': Not used on non-Windows systems
[3.405s] [34mcolcon.colcon_core.shell[0m [1;30mINFO[0m Creating environment hook '/home/ysc/lite_cog_ros2/nav/src/install/narrow_passage_controller/share/narrow_passage_controller/hook/ament_prefix_path.ps1'
[3.551s] [34mcolcon.colcon_core.shell[0m [1;30mINFO[0m Creating environment descriptor '/home/ysc/lite_cog_ros2/nav/src/install/narrow_passage_controller/share/narrow_passage_controller/hook/ament_prefix_path.dsv'
[3.556s] [34mcolcon.colcon_core.shell[0m [1;30mINFO[0m Creating environment hook '/home/ysc/lite_cog_ros2/nav/src/install/narrow_passage_controller/share/narrow_passage_controller/hook/ament_prefix_path.sh'
[3.564s] [34mcolcon.colcon_core.shell[0m [1;30mINFO[0m Skip shell extension 'powershell' for command environment: Not usable outside of PowerShell
[3.565s] [34mcolcon.colcon_core.shell[0m [1;30mDEBUG[0m [32mSkip shell extension 'dsv' for command environment[0m
[5.520s] [34mcolcon.colcon_core.task.python.build[0m [1;30mINFO[0m Building Python package in '/home/ysc/lite_cog_ros2/nav/src/narrow_passage_controller'
[5.526s] [34mcolcon.colcon_core.shell[0m [1;30mINFO[0m Skip shell extension 'powershell' for command environment: Not usable outside of PowerShell
[5.526s] [34mcolcon.colcon_core.shell[0m [1;30mDEBUG[0m [32mSkip shell extension 'dsv' for command environment[0m
[10.781s] [34mcolcon.colcon_core.event_handler.log_command[0m [1;30mDEBUG[0m [32mInvoking command in '/home/ysc/lite_cog_ros2/nav/src/narrow_passage_controller': PYTHONPATH=/home/ysc/lite_cog_ros2/nav/src/build/narrow_passage_controller/prefix_override:/home/ysc/lite_cog_ros2/nav/src/install/narrow_passage_controller/lib/python3.8/site-packages:${PYTHONPATH} /usr/bin/python3 -W ignore:setup.py install is deprecated setup.py egg_info --egg-base ../build/narrow_passage_controller build --build-base /home/ysc/lite_cog_ros2/nav/src/build/narrow_passage_controller/build install --record /home/ysc/lite_cog_ros2/nav/src/build/narrow_passage_controller/install.log --install-scripts $base/lib/narrow_passage_controller --single-version-externally-managed install_data[0m
[12.923s] [34mcolcon.colcon_core.event_handler.log_command[0m [1;30mDEBUG[0m [32mInvoked command in '/home/ysc/lite_cog_ros2/nav/src/narrow_passage_controller' returned '0': PYTHONPATH=/home/ysc/lite_cog_ros2/nav/src/build/narrow_passage_controller/prefix_override:/home/ysc/lite_cog_ros2/nav/src/install/narrow_passage_controller/lib/python3.8/site-packages:${PYTHONPATH} /usr/bin/python3 -W ignore:setup.py install is deprecated setup.py egg_info --egg-base ../build/narrow_passage_controller build --build-base /home/ysc/lite_cog_ros2/nav/src/build/narrow_passage_controller/build install --record /home/ysc/lite_cog_ros2/nav/src/build/narrow_passage_controller/install.log --install-scripts $base/lib/narrow_passage_controller --single-version-externally-managed install_data[0m
[13.091s] [34mcolcon.colcon_core.environment[0m [1;30mLevel 1[0m checking '/home/ysc/lite_cog_ros2/nav/src/install/narrow_passage_controller' for CMake module files
[13.094s] [34mcolcon.colcon_core.environment[0m [1;30mLevel 1[0m checking '/home/ysc/lite_cog_ros2/nav/src/install/narrow_passage_controller' for CMake config files
[13.100s] [34mcolcon.colcon_core.environment[0m [1;30mLevel 1[0m checking '/home/ysc/lite_cog_ros2/nav/src/install/narrow_passage_controller/lib'
[13.101s] [34mcolcon.colcon_core.environment[0m [1;30mLevel 1[0m checking '/home/ysc/lite_cog_ros2/nav/src/install/narrow_passage_controller/bin'
[13.102s] [34mcolcon.colcon_core.environment[0m [1;30mLevel 1[0m checking '/home/ysc/lite_cog_ros2/nav/src/install/narrow_passage_controller/lib/pkgconfig/narrow_passage_controller.pc'
[13.103s] [34mcolcon.colcon_core.environment[0m [1;30mLevel 1[0m checking '/home/ysc/lite_cog_ros2/nav/src/install/narrow_passage_controller/lib/python3.8/site-packages'
[13.104s] [34mcolcon.colcon_core.shell[0m [1;30mLevel 1[0m create_environment_hook('narrow_passage_controller', 'pythonpath')
[13.106s] [34mcolcon.colcon_core.shell[0m [1;30mINFO[0m Creating environment hook '/home/ysc/lite_cog_ros2/nav/src/install/narrow_passage_controller/share/narrow_passage_controller/hook/pythonpath.ps1'
[13.110s] [34mcolcon.colcon_core.shell[0m [1;30mINFO[0m Creating environment descriptor '/home/ysc/lite_cog_ros2/nav/src/install/narrow_passage_controller/share/narrow_passage_controller/hook/pythonpath.dsv'
[13.113s] [34mcolcon.colcon_core.shell[0m [1;30mINFO[0m Creating environment hook '/home/ysc/lite_cog_ros2/nav/src/install/narrow_passage_controller/share/narrow_passage_controller/hook/pythonpath.sh'
[13.116s] [34mcolcon.colcon_core.environment[0m [1;30mLevel 1[0m checking '/home/ysc/lite_cog_ros2/nav/src/install/narrow_passage_controller/bin'
[13.116s] [34mcolcon.colcon_core.environment[0m [1;30mLevel 1[0m create_environment_scripts_only(narrow_passage_controller)
[13.118s] [34mcolcon.colcon_core.shell[0m [1;30mINFO[0m Creating package script '/home/ysc/lite_cog_ros2/nav/src/install/narrow_passage_controller/share/narrow_passage_controller/package.ps1'
[13.264s] [34mcolcon.colcon_core.shell[0m [1;30mINFO[0m Creating package descriptor '/home/ysc/lite_cog_ros2/nav/src/install/narrow_passage_controller/share/narrow_passage_controller/package.dsv'
[13.268s] [34mcolcon.colcon_core.shell[0m [1;30mINFO[0m Creating package script '/home/ysc/lite_cog_ros2/nav/src/install/narrow_passage_controller/share/narrow_passage_controller/package.sh'
[13.273s] [34mcolcon.colcon_core.shell[0m [1;30mINFO[0m Creating package script '/home/ysc/lite_cog_ros2/nav/src/install/narrow_passage_controller/share/narrow_passage_controller/package.bash'
[13.278s] [34mcolcon.colcon_core.shell[0m [1;30mINFO[0m Creating package script '/home/ysc/lite_cog_ros2/nav/src/install/narrow_passage_controller/share/narrow_passage_controller/package.zsh'
[13.282s] [34mcolcon.colcon_core.environment[0m [1;30mLevel 1[0m create_file_with_runtime_dependencies(/home/ysc/lite_cog_ros2/nav/src/install/narrow_passage_controller/share/colcon-core/packages/narrow_passage_controller)
[13.284s] [34mcolcon.colcon_parallel_executor.executor.parallel[0m [1;30mDEBUG[0m [32mclosing loop[0m
[13.288s] [34mcolcon.colcon_parallel_executor.executor.parallel[0m [1;30mDEBUG[0m [32mloop closed[0m
[13.289s] [34mcolcon.colcon_parallel_executor.executor.parallel[0m [1;30mDEBUG[0m [32mrun_until_complete finished with '0'[0m
[13.289s] [34mcolcon.colcon_core.event_reactor[0m [1;30mDEBUG[0m [32mjoining thread[0m
[13.318s] [34mcolcon.colcon_core.plugin_system[0m [1;30mINFO[0m Skipping extension 'colcon_notification.desktop_notification.terminal_notifier': Not used on non-Darwin systems
[13.319s] [34mcolcon.colcon_core.plugin_system[0m [1;30mINFO[0m Skipping extension 'colcon_notification.desktop_notification.win32': Not used on non-Windows systems
[13.320s] [34mcolcon.colcon_notification.desktop_notification[0m [1;30mINFO[0m Sending desktop notification using 'notify2'
[13.431s] [34mcolcon.colcon_core.event_reactor[0m [1;30mDEBUG[0m [32mjoined thread[0m
[13.434s] [34mcolcon.colcon_core.shell[0m [1;30mINFO[0m Creating prefix script '/home/ysc/lite_cog_ros2/nav/src/install/local_setup.ps1'
[13.439s] [34mcolcon.colcon_core.shell[0m [1;30mINFO[0m Creating prefix util module '/home/ysc/lite_cog_ros2/nav/src/install/_local_setup_util_ps1.py'
[13.448s] [34mcolcon.colcon_core.shell[0m [1;30mINFO[0m Creating prefix chain script '/home/ysc/lite_cog_ros2/nav/src/install/setup.ps1'
[13.454s] [34mcolcon.colcon_core.shell[0m [1;30mINFO[0m Creating prefix script '/home/ysc/lite_cog_ros2/nav/src/install/local_setup.sh'
[13.457s] [34mcolcon.colcon_core.shell[0m [1;30mINFO[0m Creating prefix util module '/home/ysc/lite_cog_ros2/nav/src/install/_local_setup_util_sh.py'
[13.461s] [34mcolcon.colcon_core.shell[0m [1;30mINFO[0m Creating prefix chain script '/home/ysc/lite_cog_ros2/nav/src/install/setup.sh'
[13.465s] [34mcolcon.colcon_core.shell[0m [1;30mINFO[0m Creating prefix script '/home/ysc/lite_cog_ros2/nav/src/install/local_setup.bash'
[13.468s] [34mcolcon.colcon_core.shell[0m [1;30mINFO[0m Creating prefix chain script '/home/ysc/lite_cog_ros2/nav/src/install/setup.bash'
[13.473s] [34mcolcon.colcon_core.shell[0m [1;30mINFO[0m Creating prefix script '/home/ysc/lite_cog_ros2/nav/src/install/local_setup.zsh'
[13.476s] [34mcolcon.colcon_core.shell[0m [1;30mINFO[0m Creating prefix chain script '/home/ysc/lite_cog_ros2/nav/src/install/setup.zsh'
