[0.113s] Invoking command in '/home/ysc/lite_cog_ros2/nav/build/hdl_localization': AMENT_PREFIX_PATH=/home/ysc/lite_cog_ros2/nav/install/hdl_global_localization:${AMENT_PREFIX_PATH} CMAKE_PREFIX_PATH=/home/ysc/lite_cog_ros2/nav/install/hdl_global_localization:/opt/ros/foxy LD_LIBRARY_PATH=/home/ysc/lite_cog_ros2/nav/install/hdl_global_localization/lib:/usr/lib/aarch64-linux-gnu/gazebo-11/plugins:/opt/ros/foxy/opt/yaml_cpp_vendor/lib:/opt/ros/foxy/opt/rviz_ogre_vendor/lib:/opt/ros/foxy/lib/aarch64-linux-gnu:/opt/ros/foxy/lib:/usr/local/cuda-11.4/lib64 PYTHONPATH=/home/ysc/lite_cog_ros2/nav/install/hdl_global_localization/lib/python3.8/site-packages:${PYTHONPATH} /usr/bin/cmake /home/ysc/lite_cog_ros2/nav/src/hdl_localization -DAMENT_CMAKE_SYMLINK_INSTALL=1 -DCMAKE_INSTALL_PREFIX=/home/ysc/lite_cog_ros2/nav/install/hdl_localization
[1.391s] -- The C compiler identification is GNU 9.4.0
[2.001s] -- The CXX compiler identification is GNU 9.4.0
[2.185s] -- Check for working C compiler: /usr/bin/cc
[2.888s] -- Check for working C compiler: /usr/bin/cc -- works
[3.092s] -- Detecting C compiler ABI info
[4.005s] -- Detecting C compiler ABI info - done
[4.251s] -- Detecting C compile features
[4.254s] -- Detecting C compile features - done
[4.277s] -- Check for working CXX compiler: /usr/bin/c++
[5.031s] -- Check for working CXX compiler: /usr/bin/c++ -- works
[5.039s] -- Detecting CXX compiler ABI info
[5.754s] -- Detecting CXX compiler ABI info - done
[5.841s] -- Detecting CXX compile features
[5.843s] -- Detecting CXX compile features - done
[6.001s] -- Found ament_cmake_auto: 0.9.12 (/opt/ros/foxy/share/ament_cmake_auto/cmake)
[6.395s] -- Found PythonInterp: /usr/bin/python3 (found suitable version "3.8.10", minimum required is "3") 
[6.395s] -- Using PYTHON_EXECUTABLE: /usr/bin/python3
[8.292s] -- Override CMake install command with custom implementation using symlinks instead of copying resources
[9.017s] -- Using all available rosidl_typesupport_c: rosidl_typesupport_fastrtps_c;rosidl_typesupport_introspection_c
[9.354s] -- Found rosidl_adapter: 1.3.1 (/opt/ros/foxy/share/rosidl_adapter/cmake)
[11.011s] -- Found OpenSSL: /usr/lib/aarch64-linux-gnu/libcrypto.so (found version "1.1.1f")  
[11.324s] -- Found FastRTPS: /opt/ros/foxy/include  
[12.874s] -- Using all available rosidl_typesupport_cpp: rosidl_typesupport_fastrtps_cpp;rosidl_typesupport_introspection_cpp
[14.973s] -- Found rmw_implementation_cmake: 1.0.4 (/opt/ros/foxy/share/rmw_implementation_cmake/cmake)
[14.987s] -- Using RMW implementation 'rmw_fastrtps_cpp' as default
[14.995s] -- Looking for pthread.h
[15.602s] -- Looking for pthread.h - found
[15.604s] -- Performing Test CMAKE_HAVE_LIBC_PTHREAD
[16.322s] -- Performing Test CMAKE_HAVE_LIBC_PTHREAD - Failed
[16.324s] -- Looking for pthread_create in pthreads
[17.008s] -- Looking for pthread_create in pthreads - not found
[17.010s] -- Looking for pthread_create in pthread
[17.483s] -- Looking for pthread_create in pthread - found
[17.499s] -- Found Threads: TRUE  
[23.863s] -- Found eigen3_cmake_module: 0.1.1 (/opt/ros/foxy/share/eigen3_cmake_module/cmake)
[24.023s] -- Found Eigen3: TRUE (found version "3.3.7") 
[27.199s] -- Checking for module 'eigen3'
[27.482s] --   Found eigen3, version 3.3.7
[27.904s] -- Found Eigen: /usr/include/eigen3 (Required is at least version "3.1") 
[27.906s] -- Eigen found (include: /usr/include/eigen3, version: 3.3.7)
[28.563s] -- Checking for module 'flann'
[28.854s] --   Found flann, version 1.9.1
[29.301s] -- Found FLANN: /usr/lib/aarch64-linux-gnu/libflann_cpp.so  
[30.310s] -- The imported target "vtkParseOGLExt" references the file
[30.311s]    "/usr/bin/vtkParseOGLExt-7.1"
[30.311s] but this file does not exist.  Possible reasons include:
[30.312s] * The file was deleted, renamed, or moved to another location.
[30.312s] * An install or uninstall procedure did not complete successfully.
[30.312s] * The installation package was faulty and contained
[30.313s]    "/usr/lib/cmake/vtk-7.1/VTKTargets.cmake"
[30.313s] but not all the files it references.
[30.314s] 
[30.319s] -- The imported target "vtkRenderingPythonTkWidgets" references the file
[30.322s]    "/usr/lib/aarch64-linux-gnu/libvtkRenderingPythonTkWidgets.so"
[30.323s] but this file does not exist.  Possible reasons include:
[30.324s] * The file was deleted, renamed, or moved to another location.
[30.325s] * An install or uninstall procedure did not complete successfully.
[30.325s] * The installation package was faulty and contained
[30.326s]    "/usr/lib/cmake/vtk-7.1/VTKTargets.cmake"
[30.327s] but not all the files it references.
[30.327s] 
[30.329s] -- The imported target "vtk" references the file
[30.330s]    "/usr/bin/vtk"
[30.332s] but this file does not exist.  Possible reasons include:
[30.332s] * The file was deleted, renamed, or moved to another location.
[30.333s] * An install or uninstall procedure did not complete successfully.
[30.333s] * The installation package was faulty and contained
[30.334s]    "/usr/lib/cmake/vtk-7.1/VTKTargets.cmake"
[30.334s] but not all the files it references.
[30.335s] 
[30.335s] -- The imported target "pvtk" references the file
[30.336s]    "/usr/bin/pvtk"
[30.336s] but this file does not exist.  Possible reasons include:
[30.337s] * The file was deleted, renamed, or moved to another location.
[30.337s] * An install or uninstall procedure did not complete successfully.
[30.338s] * The installation package was faulty and contained
[30.338s]    "/usr/lib/cmake/vtk-7.1/VTKTargets.cmake"
[30.339s] but not all the files it references.
[30.339s] 
[30.647s] -- Checking for module 'libusb-1.0'
[30.933s] --   Found libusb-1.0, version 1.0.23
[31.497s] -- Found USB_10: /usr/lib/aarch64-linux-gnu/libusb-1.0.so  
[32.225s] -- OpenNI found (include: /usr/include/ni, lib: /usr/lib/libOpenNI.so)
[33.129s] -- OpenNI2 found (include: /usr/include/openni2, lib: /usr/lib/libOpenNI2.so)
[33.224s] -- Found libusb-1.0: /usr/include  
[33.265s] -- OpenNI found (include: /usr/include/ni, lib: /usr/lib/libOpenNI.so)
[33.303s] -- OpenNI2 found (include: /usr/include/openni2, lib: /usr/lib/libOpenNI2.so)
[33.652s] -- Found Qhull: optimized;/usr/lib/aarch64-linux-gnu/libqhull.so;debug;/usr/lib/aarch64-linux-gnu/libqhull.so  
[33.653s] -- QHULL found (include: /usr/include, lib: optimized;/usr/lib/aarch64-linux-gnu/libqhull.so;debug;/usr/lib/aarch64-linux-gnu/libqhull.so)
[33.693s] -- OpenNI found (include: /usr/include/ni, lib: /usr/lib/libOpenNI.so)
[33.779s] -- Found PCL_COMMON: /usr/lib/aarch64-linux-gnu/libpcl_common.so  
[33.786s] -- Found PCL_KDTREE: /usr/lib/aarch64-linux-gnu/libpcl_kdtree.so  
[33.793s] -- Found PCL_OCTREE: /usr/lib/aarch64-linux-gnu/libpcl_octree.so  
[33.802s] -- Found PCL_SEARCH: /usr/lib/aarch64-linux-gnu/libpcl_search.so  
[33.809s] -- Found PCL_SAMPLE_CONSENSUS: /usr/lib/aarch64-linux-gnu/libpcl_sample_consensus.so  
[33.816s] -- Found PCL_FILTERS: /usr/lib/aarch64-linux-gnu/libpcl_filters.so  
[33.819s] -- Found PCL_2D: /usr/include/pcl-1.10  
[33.822s] -- Found PCL_GEOMETRY: /usr/include/pcl-1.10  
[33.829s] -- Found PCL_IO: /usr/lib/aarch64-linux-gnu/libpcl_io.so  
[33.836s] -- Found PCL_FEATURES: /usr/lib/aarch64-linux-gnu/libpcl_features.so  
[33.844s] -- Found PCL_ML: /usr/lib/aarch64-linux-gnu/libpcl_ml.so  
[33.850s] -- Found PCL_SEGMENTATION: /usr/lib/aarch64-linux-gnu/libpcl_segmentation.so  
[33.858s] -- Found PCL_VISUALIZATION: /usr/lib/aarch64-linux-gnu/libpcl_visualization.so  
[33.865s] -- Found PCL_SURFACE: /usr/lib/aarch64-linux-gnu/libpcl_surface.so  
[33.873s] -- Found PCL_REGISTRATION: /usr/lib/aarch64-linux-gnu/libpcl_registration.so  
[33.880s] -- Found PCL_KEYPOINTS: /usr/lib/aarch64-linux-gnu/libpcl_keypoints.so  
[33.888s] -- Found PCL_TRACKING: /usr/lib/aarch64-linux-gnu/libpcl_tracking.so  
[33.896s] -- Found PCL_RECOGNITION: /usr/lib/aarch64-linux-gnu/libpcl_recognition.so  
[33.907s] -- Found PCL_STEREO: /usr/lib/aarch64-linux-gnu/libpcl_stereo.so  
[33.912s] -- Found PCL_APPS: /usr/lib/aarch64-linux-gnu/libpcl_apps.so  
[33.919s] -- Found PCL_IN_HAND_SCANNER: /usr/include/pcl-1.10  
[34.063s] -- Found PCL_POINT_CLOUD_EDITOR: /usr/include/pcl-1.10  
[34.071s] -- Found PCL_OUTOFCORE: /usr/lib/aarch64-linux-gnu/libpcl_outofcore.so  
[34.079s] -- Found PCL_PEOPLE: /usr/lib/aarch64-linux-gnu/libpcl_people.so  
[39.439s] -- Found OpenMP_C: -fopenmp (found version "4.5") 
[40.153s] -- Found OpenMP_CXX: -fopenmp (found version "4.5") 
[40.156s] -- Found OpenMP: TRUE (found version "4.5")  
[40.474s] -- Found PythonInterp: /usr/bin/python3 (found version "3.8.10") 
[42.456s] -- Found ament_cmake_ros: 0.9.2 (/opt/ros/foxy/share/ament_cmake_ros/cmake)
[44.788s] -- Using all available rosidl_typesupport_c: rosidl_typesupport_fastrtps_c;rosidl_typesupport_introspection_c
[46.068s] -- Using all available rosidl_typesupport_cpp: rosidl_typesupport_fastrtps_cpp;rosidl_typesupport_introspection_cpp
[46.367s] -- Found PythonInterp: /usr/bin/python3 (found suitable version "3.8.10", minimum required is "3.5") 
[46.517s] -- Found python_cmake_module: 0.8.1 (/opt/ros/foxy/share/python_cmake_module/cmake)
[47.010s] -- Found PythonLibs: /usr/lib/aarch64-linux-gnu/libpython3.8.so (found suitable version "3.8.10", minimum required is "3.5") 
[47.011s] -- Using PYTHON_EXECUTABLE: /usr/bin/python3
[47.012s] -- Using PYTHON_INCLUDE_DIRS: /usr/include/python3.8
[47.012s] -- Using PYTHON_LIBRARIES: /usr/lib/aarch64-linux-gnu/libpython3.8.so
[47.159s] -- Found PythonExtra: .so  
[48.742s] -- Configuring done
[49.552s] -- Generating done
[49.574s] -- Build files have been written to: /home/ysc/lite_cog_ros2/nav/build/hdl_localization
[49.672s] Invoked command in '/home/ysc/lite_cog_ros2/nav/build/hdl_localization' returned '0': AMENT_PREFIX_PATH=/home/ysc/lite_cog_ros2/nav/install/hdl_global_localization:${AMENT_PREFIX_PATH} CMAKE_PREFIX_PATH=/home/ysc/lite_cog_ros2/nav/install/hdl_global_localization:/opt/ros/foxy LD_LIBRARY_PATH=/home/ysc/lite_cog_ros2/nav/install/hdl_global_localization/lib:/usr/lib/aarch64-linux-gnu/gazebo-11/plugins:/opt/ros/foxy/opt/yaml_cpp_vendor/lib:/opt/ros/foxy/opt/rviz_ogre_vendor/lib:/opt/ros/foxy/lib/aarch64-linux-gnu:/opt/ros/foxy/lib:/usr/local/cuda-11.4/lib64 PYTHONPATH=/home/ysc/lite_cog_ros2/nav/install/hdl_global_localization/lib/python3.8/site-packages:${PYTHONPATH} /usr/bin/cmake /home/ysc/lite_cog_ros2/nav/src/hdl_localization -DAMENT_CMAKE_SYMLINK_INSTALL=1 -DCMAKE_INSTALL_PREFIX=/home/ysc/lite_cog_ros2/nav/install/hdl_localization
[49.696s] Invoking command in '/home/ysc/lite_cog_ros2/nav/build/hdl_localization': AMENT_PREFIX_PATH=/home/ysc/lite_cog_ros2/nav/install/hdl_global_localization:${AMENT_PREFIX_PATH} CMAKE_PREFIX_PATH=/home/ysc/lite_cog_ros2/nav/install/hdl_global_localization:/opt/ros/foxy LD_LIBRARY_PATH=/home/ysc/lite_cog_ros2/nav/install/hdl_global_localization/lib:/usr/lib/aarch64-linux-gnu/gazebo-11/plugins:/opt/ros/foxy/opt/yaml_cpp_vendor/lib:/opt/ros/foxy/opt/rviz_ogre_vendor/lib:/opt/ros/foxy/lib/aarch64-linux-gnu:/opt/ros/foxy/lib:/usr/local/cuda-11.4/lib64 PYTHONPATH=/home/ysc/lite_cog_ros2/nav/install/hdl_global_localization/lib/python3.8/site-packages:${PYTHONPATH} /usr/bin/cmake --build /home/ysc/lite_cog_ros2/nav/build/hdl_localization -- -j6 -l6
[49.973s] [35m[1mScanning dependencies of target hdl_localization__cpp[0m
[49.974s] [  2%] [34m[1mGenerating C code for ROS interfaces[0m
[50.044s] [  5%] [34m[1mGenerating C++ code for ROS interfaces[0m
[52.095s] [  5%] Built target hdl_localization__cpp
[52.096s] [35m[1mScanning dependencies of target hdl_localization__rosidl_generator_c[0m
[52.172s] [  8%] [34m[1mGenerating C++ type support for eProsima Fast-RTPS[0m
[52.177s] [ 11%] [34m[1mGenerating C++ type support dispatch for ROS interfaces[0m
[52.187s] [ 14%] [34m[1mGenerating C++ introspection for ROS interfaces[0m
[52.348s] [ 17%] [32mBuilding C object CMakeFiles/hdl_localization__rosidl_generator_c.dir/rosidl_generator_c/hdl_localization/msg/detail/scan_matching_status__functions.c.o[0m
[52.387s] [01m[Kcc1:[m[K [01;35m[Kwarning: [m[Kcommand line option ‘[01m[K-std=c++14[m[K’ is valid for C++/ObjC++ but not for C
[53.243s] [ 20%] [32m[1mLinking C shared library libhdl_localization__rosidl_generator_c.so[0m
[53.528s] [ 20%] Built target hdl_localization__rosidl_generator_c
[53.620s] [ 23%] [34m[1mGenerating C introspection for ROS interfaces[0m
[53.650s] [ 26%] [34m[1mGenerating C type support dispatch for ROS interfaces[0m
[53.722s] [35m[1mScanning dependencies of target hdl_localization__rosidl_typesupport_cpp[0m
[53.863s] [35m[1mScanning dependencies of target hdl_localization__rosidl_typesupport_introspection_cpp[0m
[53.869s] [ 29%] [32mBuilding CXX object CMakeFiles/hdl_localization__rosidl_typesupport_cpp.dir/rosidl_typesupport_cpp/hdl_localization/msg/scan_matching_status__type_support.cpp.o[0m
[53.999s] [ 32%] [32mBuilding CXX object CMakeFiles/hdl_localization__rosidl_typesupport_introspection_cpp.dir/rosidl_typesupport_introspection_cpp/hdl_localization/msg/detail/scan_matching_status__type_support.cpp.o[0m
[54.040s] [35m[1mScanning dependencies of target hdl_localization__rosidl_typesupport_fastrtps_cpp[0m
[54.392s] [ 35%] [32mBuilding CXX object CMakeFiles/hdl_localization__rosidl_typesupport_fastrtps_cpp.dir/rosidl_typesupport_fastrtps_cpp/hdl_localization/msg/detail/dds_fastrtps/scan_matching_status__type_support.cpp.o[0m
[55.187s] [35m[1mScanning dependencies of target hdl_localization__rosidl_typesupport_c[0m
[55.535s] [35m[1mScanning dependencies of target hdl_localization__rosidl_typesupport_introspection_c[0m
[55.626s] [ 38%] [32mBuilding CXX object CMakeFiles/hdl_localization__rosidl_typesupport_c.dir/rosidl_typesupport_c/hdl_localization/msg/scan_matching_status__type_support.cpp.o[0m
[55.688s] [ 41%] [32mBuilding C object CMakeFiles/hdl_localization__rosidl_typesupport_introspection_c.dir/rosidl_typesupport_introspection_c/hdl_localization/msg/detail/scan_matching_status__type_support.c.o[0m
[55.751s] [01m[Kcc1:[m[K [01;35m[Kwarning: [m[Kcommand line option ‘[01m[K-std=c++14[m[K’ is valid for C++/ObjC++ but not for C
[56.105s] [ 44%] [32m[1mLinking CXX shared library libhdl_localization__rosidl_typesupport_cpp.so[0m
[56.109s] [ 47%] [32m[1mLinking CXX shared library libhdl_localization__rosidl_typesupport_c.so[0m
[56.264s] [ 50%] [32m[1mLinking C shared library libhdl_localization__rosidl_typesupport_introspection_c.so[0m
[56.455s] [ 50%] Built target hdl_localization__rosidl_typesupport_cpp
[56.535s] [ 50%] Built target hdl_localization__rosidl_typesupport_c
[56.543s] [ 50%] Built target hdl_localization__rosidl_typesupport_introspection_c
[57.707s] [ 52%] [32m[1mLinking CXX shared library libhdl_localization__rosidl_typesupport_introspection_cpp.so[0m
[58.113s] [ 52%] Built target hdl_localization__rosidl_typesupport_introspection_cpp
[58.273s] [ 55%] [32m[1mLinking CXX shared library libhdl_localization__rosidl_typesupport_fastrtps_cpp.so[0m
[58.860s] [ 55%] Built target hdl_localization__rosidl_typesupport_fastrtps_cpp
[58.934s] [ 58%] [34m[1mGenerating C type support for eProsima Fast-RTPS[0m
[60.636s] [35m[1mScanning dependencies of target hdl_localization__rosidl_typesupport_fastrtps_c[0m
[61.041s] [ 61%] [32mBuilding CXX object CMakeFiles/hdl_localization__rosidl_typesupport_fastrtps_c.dir/rosidl_typesupport_fastrtps_c/hdl_localization/msg/detail/scan_matching_status__type_support_c.cpp.o[0m
[63.447s] [ 64%] [32m[1mLinking CXX shared library libhdl_localization__rosidl_typesupport_fastrtps_c.so[0m
[63.906s] [ 64%] Built target hdl_localization__rosidl_typesupport_fastrtps_c
[63.969s] [35m[1mScanning dependencies of target hdl_localization[0m
[64.035s] [ 64%] Built target hdl_localization
[64.097s] [35m[1mScanning dependencies of target hdl_localization__py[0m
[64.100s] [35m[1mScanning dependencies of target hdl_localization_composition[0m
[64.165s] [ 67%] [34m[1mGenerating Python code for ROS interfaces[0m
[66.049s] [ 70%] [32mBuilding CXX object CMakeFiles/hdl_localization_composition.dir/src/hdl_localization/pose_estimator.cpp.o[0m
[66.084s] [ 73%] [32mBuilding CXX object CMakeFiles/hdl_localization_composition.dir/apps/hdl_localization_composition.cpp.o[0m
[66.557s] [ 73%] Built target hdl_localization__py
[66.789s] [35m[1mScanning dependencies of target hdl_localization__python[0m
[67.188s] [ 76%] [32mBuilding C object CMakeFiles/hdl_localization__python.dir/rosidl_generator_py/hdl_localization/msg/_scan_matching_status_s.c.o[0m
[67.244s] [01m[Kcc1:[m[K [01;35m[Kwarning: [m[Kcommand line option ‘[01m[K-std=c++14[m[K’ is valid for C++/ObjC++ but not for C
[68.922s] [ 79%] [32m[1mLinking C shared library rosidl_generator_py/hdl_localization/libhdl_localization__python.so[0m
[69.236s] [ 79%] Built target hdl_localization__python
[69.323s] [35m[1mScanning dependencies of target hdl_localization__rosidl_typesupport_fastrtps_c__pyext[0m
[69.350s] [35m[1mScanning dependencies of target hdl_localization__rosidl_typesupport_introspection_c__pyext[0m
[69.398s] [35m[1mScanning dependencies of target hdl_localization__rosidl_typesupport_c__pyext[0m
[69.626s] [ 82%] [32mBuilding C object CMakeFiles/hdl_localization__rosidl_typesupport_c__pyext.dir/rosidl_generator_py/hdl_localization/_hdl_localization_s.ep.rosidl_typesupport_c.c.o[0m
[69.644s] [ 85%] [32mBuilding C object CMakeFiles/hdl_localization__rosidl_typesupport_introspection_c__pyext.dir/rosidl_generator_py/hdl_localization/_hdl_localization_s.ep.rosidl_typesupport_introspection_c.c.o[0m
[69.646s] [ 88%] [32mBuilding C object CMakeFiles/hdl_localization__rosidl_typesupport_fastrtps_c__pyext.dir/rosidl_generator_py/hdl_localization/_hdl_localization_s.ep.rosidl_typesupport_fastrtps_c.c.o[0m
[69.663s] [01m[Kcc1:[m[K [01;35m[Kwarning: [m[Kcommand line option ‘[01m[K-std=c++14[m[K’ is valid for C++/ObjC++ but not for C
[69.702s] [01m[Kcc1:[m[K [01;35m[Kwarning: [m[Kcommand line option ‘[01m[K-std=c++14[m[K’ is valid for C++/ObjC++ but not for C
[69.720s] [01m[Kcc1:[m[K [01;35m[Kwarning: [m[Kcommand line option ‘[01m[K-std=c++14[m[K’ is valid for C++/ObjC++ but not for C
[70.440s] [ 91%] [32m[1mLinking C shared library rosidl_generator_py/hdl_localization/hdl_localization_s__rosidl_typesupport_c.cpython-38-aarch64-linux-gnu.so[0m
[70.717s] [ 94%] [32m[1mLinking C shared library rosidl_generator_py/hdl_localization/hdl_localization_s__rosidl_typesupport_introspection_c.cpython-38-aarch64-linux-gnu.so[0m
[70.866s] [ 94%] Built target hdl_localization__rosidl_typesupport_c__pyext
[70.973s] [ 97%] [32m[1mLinking CXX shared library rosidl_generator_py/hdl_localization/hdl_localization_s__rosidl_typesupport_fastrtps_c.cpython-38-aarch64-linux-gnu.so[0m
[71.099s] [ 97%] Built target hdl_localization__rosidl_typesupport_introspection_c__pyext
[71.485s] [ 97%] Built target hdl_localization__rosidl_typesupport_fastrtps_c__pyext
[74.620s] In file included from [01m[K/home/ysc/lite_cog_ros2/nav/src/hdl_localization/apps/hdl_localization_composition.cpp:2[m[K:
[74.621s] [01m[K/home/ysc/lite_cog_ros2/nav/src/hdl_localization/apps/./hdl_localization_app.hpp:25:10:[m[K [01;31m[Kfatal error: [m[Kpclomp/ndt_omp.h: No such file or directory
[74.621s]    25 | #include [01;31m[K<pclomp/ndt_omp.h>[m[K
[74.622s]       |          [01;31m[K^~~~~~~~~~~~~~~~~~[m[K
[74.622s] compilation terminated.
[74.847s] make[2]: *** [CMakeFiles/hdl_localization_composition.dir/build.make:76: CMakeFiles/hdl_localization_composition.dir/apps/hdl_localization_composition.cpp.o] Error 1
[74.847s] make[2]: *** Waiting for unfinished jobs....
[160.991s] make[1]: *** [CMakeFiles/Makefile2:326: CMakeFiles/hdl_localization_composition.dir/all] Error 2
[160.993s] make: *** [Makefile:141: all] Error 2
[161.027s] Invoked command in '/home/ysc/lite_cog_ros2/nav/build/hdl_localization' returned '2': AMENT_PREFIX_PATH=/home/ysc/lite_cog_ros2/nav/install/hdl_global_localization:${AMENT_PREFIX_PATH} CMAKE_PREFIX_PATH=/home/ysc/lite_cog_ros2/nav/install/hdl_global_localization:/opt/ros/foxy LD_LIBRARY_PATH=/home/ysc/lite_cog_ros2/nav/install/hdl_global_localization/lib:/usr/lib/aarch64-linux-gnu/gazebo-11/plugins:/opt/ros/foxy/opt/yaml_cpp_vendor/lib:/opt/ros/foxy/opt/rviz_ogre_vendor/lib:/opt/ros/foxy/lib/aarch64-linux-gnu:/opt/ros/foxy/lib:/usr/local/cuda-11.4/lib64 PYTHONPATH=/home/ysc/lite_cog_ros2/nav/install/hdl_global_localization/lib/python3.8/site-packages:${PYTHONPATH} /usr/bin/cmake --build /home/ysc/lite_cog_ros2/nav/build/hdl_localization -- -j6 -l6
