[9.101s] Invoking command in '/home/ysc/lite_cog_ros2/nav/src/narrow_passage_controller': PYTHONPATH=/home/ysc/lite_cog_ros2/nav/src/build/narrow_passage_controller/prefix_override:/home/ysc/lite_cog_ros2/nav/src/install/narrow_passage_controller/lib/python3.8/site-packages:${PYTHONPATH} /usr/bin/python3 -W ignore:setup.py install is deprecated setup.py egg_info --egg-base ../build/narrow_passage_controller build --build-base /home/ysc/lite_cog_ros2/nav/src/build/narrow_passage_controller/build install --record /home/ysc/lite_cog_ros2/nav/src/build/narrow_passage_controller/install.log --install-scripts $base/lib/narrow_passage_controller --single-version-externally-managed install_data
[11.751s] running egg_info
[11.755s] writing ../build/narrow_passage_controller/narrow_passage_controller.egg-info/PKG-INFO
[11.849s] writing dependency_links to ../build/narrow_passage_controller/narrow_passage_controller.egg-info/dependency_links.txt
[11.859s] writing entry points to ../build/narrow_passage_controller/narrow_passage_controller.egg-info/entry_points.txt
[11.860s] writing requirements to ../build/narrow_passage_controller/narrow_passage_controller.egg-info/requires.txt
[11.861s] writing top-level names to ../build/narrow_passage_controller/narrow_passage_controller.egg-info/top_level.txt
[12.242s] reading manifest file '../build/narrow_passage_controller/narrow_passage_controller.egg-info/SOURCES.txt'
[12.249s] writing manifest file '../build/narrow_passage_controller/narrow_passage_controller.egg-info/SOURCES.txt'
[12.250s] running build
[12.250s] running build_py
[12.269s] running install
[12.269s] running install_lib
[12.283s] running install_data
[12.285s] running install_egg_info
[12.293s] removing '/home/ysc/lite_cog_ros2/nav/src/install/narrow_passage_controller/lib/python3.8/site-packages/narrow_passage_controller-0.0.0-py3.8.egg-info' (and everything under it)
[12.295s] Copying ../build/narrow_passage_controller/narrow_passage_controller.egg-info to /home/ysc/lite_cog_ros2/nav/src/install/narrow_passage_controller/lib/python3.8/site-packages/narrow_passage_controller-0.0.0-py3.8.egg-info
[12.319s] running install_scripts
[12.437s] Installing depth_narrow_passage_node script to /home/ysc/lite_cog_ros2/nav/src/install/narrow_passage_controller/lib/narrow_passage_controller
[12.448s] writing list of installed files to '/home/ysc/lite_cog_ros2/nav/src/build/narrow_passage_controller/install.log'
[12.673s] Invoked command in '/home/ysc/lite_cog_ros2/nav/src/narrow_passage_controller' returned '0': PYTHONPATH=/home/ysc/lite_cog_ros2/nav/src/build/narrow_passage_controller/prefix_override:/home/ysc/lite_cog_ros2/nav/src/install/narrow_passage_controller/lib/python3.8/site-packages:${PYTHONPATH} /usr/bin/python3 -W ignore:setup.py install is deprecated setup.py egg_info --egg-base ../build/narrow_passage_controller build --build-base /home/ysc/lite_cog_ros2/nav/src/build/narrow_passage_controller/build install --record /home/ysc/lite_cog_ros2/nav/src/build/narrow_passage_controller/install.log --install-scripts $base/lib/narrow_passage_controller --single-version-externally-managed install_data
