[1.307s] [34mcolcon[0m [1;30mDEBUG[0m [32mCommand line arguments: ['/usr/bin/colcon', 'build', '--symlink-install'][0m
[1.308s] [34mcolcon[0m [1;30mDEBUG[0m [32mParsed command line arguments: Namespace(allow_overriding=[], ament_cmake_args=None, base_paths=['.'], build_base='build', catkin_cmake_args=None, catkin_skip_building_tests=False, cmake_args=None, cmake_clean_cache=False, cmake_clean_first=False, cmake_force_configure=False, cmake_target=None, cmake_target_skip_unavailable=False, continue_on_error=False, event_handlers=None, executor='parallel', ignore_user_meta=False, install_base='install', log_base=None, log_level=None, main=<bound method BuildVerb.main of <colcon_core.verb.build.BuildVerb object at 0xffffad204400>>, merge_install=False, metas=['./colcon.meta'], packages_above=None, packages_above_and_dependencies=None, packages_above_depth=None, packages_end=None, packages_ignore=None, packages_ignore_regex=None, packages_select=None, packages_select_build_failed=False, packages_select_by_dep=None, packages_select_regex=None, packages_select_test_failures=False, packages_skip=None, packages_skip_build_finished=False, packages_skip_by_dep=None, packages_skip_regex=None, packages_skip_test_passed=False, packages_skip_up_to=None, packages_start=None, packages_up_to=None, packages_up_to_regex=None, parallel_workers=6, paths=None, symlink_install=True, test_result_base=None, verb_extension=<colcon_core.verb.build.BuildVerb object at 0xffffad204400>, verb_name='build', verb_parser=<colcon_defaults.argument_parser.defaults.DefaultArgumentsDecorator object at 0xffffad204940>)[0m
[2.309s] [34mcolcon.colcon_core.package_discovery[0m [1;30mLevel 1[0m discover_packages(colcon_meta) check parameters
[2.309s] [34mcolcon.colcon_core.package_discovery[0m [1;30mLevel 1[0m discover_packages(recursive) check parameters
[2.310s] [34mcolcon.colcon_core.package_discovery[0m [1;30mLevel 1[0m discover_packages(ignore) check parameters
[2.310s] [34mcolcon.colcon_core.package_discovery[0m [1;30mLevel 1[0m discover_packages(path) check parameters
[2.310s] [34mcolcon.colcon_core.package_discovery[0m [1;30mLevel 1[0m discover_packages(colcon_meta) discover
[2.310s] [34mcolcon.colcon_core.package_discovery[0m [1;30mLevel 1[0m discover_packages(recursive) discover
[2.311s] [34mcolcon.colcon_core.package_discovery[0m [1;30mINFO[0m Crawling recursively for packages in '/home/ysc/lite_cog_ros2/nav'
[2.311s] [34mcolcon.colcon_core.package_identification[0m [1;30mLevel 1[0m _identify(.) by extensions ['ignore', 'ignore_ament_install']
[2.312s] [34mcolcon.colcon_core.package_identification[0m [1;30mLevel 1[0m _identify(.) by extension 'ignore'
[2.312s] [34mcolcon.colcon_core.package_identification[0m [1;30mLevel 1[0m _identify(.) by extension 'ignore_ament_install'
[2.312s] [34mcolcon.colcon_core.package_identification[0m [1;30mLevel 1[0m _identify(.) by extensions ['colcon_pkg']
[2.313s] [34mcolcon.colcon_core.package_identification[0m [1;30mLevel 1[0m _identify(.) by extension 'colcon_pkg'
[2.313s] [34mcolcon.colcon_core.package_identification[0m [1;30mLevel 1[0m _identify(.) by extensions ['colcon_meta']
[2.313s] [34mcolcon.colcon_core.package_identification[0m [1;30mLevel 1[0m _identify(.) by extension 'colcon_meta'
[2.313s] [34mcolcon.colcon_core.package_identification[0m [1;30mLevel 1[0m _identify(.) by extensions ['ros']
[2.313s] [34mcolcon.colcon_core.package_identification[0m [1;30mLevel 1[0m _identify(.) by extension 'ros'
[2.373s] [34mcolcon.colcon_core.package_identification[0m [1;30mLevel 1[0m _identify(.) by extensions ['cmake', 'python']
[2.373s] [34mcolcon.colcon_core.package_identification[0m [1;30mLevel 1[0m _identify(.) by extension 'cmake'
[2.374s] [34mcolcon.colcon_core.package_identification[0m [1;30mLevel 1[0m _identify(.) by extension 'python'
[2.374s] [34mcolcon.colcon_core.package_identification[0m [1;30mLevel 1[0m _identify(.) by extensions ['python_setup_py']
[2.374s] [34mcolcon.colcon_core.package_identification[0m [1;30mLevel 1[0m _identify(.) by extension 'python_setup_py'
[2.375s] [34mcolcon.colcon_core.package_identification[0m [1;30mLevel 1[0m _identify(build) by extensions ['ignore', 'ignore_ament_install']
[2.375s] [34mcolcon.colcon_core.package_identification[0m [1;30mLevel 1[0m _identify(build) by extension 'ignore'
[2.376s] [34mcolcon.colcon_core.package_identification[0m [1;30mLevel 1[0m _identify(build) ignored
[2.377s] [34mcolcon.colcon_core.package_identification[0m [1;30mLevel 1[0m _identify(install) by extensions ['ignore', 'ignore_ament_install']
[2.377s] [34mcolcon.colcon_core.package_identification[0m [1;30mLevel 1[0m _identify(install) by extension 'ignore'
[2.377s] [34mcolcon.colcon_core.package_identification[0m [1;30mLevel 1[0m _identify(install) ignored
[2.378s] [34mcolcon.colcon_core.package_identification[0m [1;30mLevel 1[0m _identify(log) by extensions ['ignore', 'ignore_ament_install']
[2.379s] [34mcolcon.colcon_core.package_identification[0m [1;30mLevel 1[0m _identify(log) by extension 'ignore'
[2.379s] [34mcolcon.colcon_core.package_identification[0m [1;30mLevel 1[0m _identify(log) ignored
[2.380s] [34mcolcon.colcon_core.package_identification[0m [1;30mLevel 1[0m _identify(src) by extensions ['ignore', 'ignore_ament_install']
[2.380s] [34mcolcon.colcon_core.package_identification[0m [1;30mLevel 1[0m _identify(src) by extension 'ignore'
[2.380s] [34mcolcon.colcon_core.package_identification[0m [1;30mLevel 1[0m _identify(src) by extension 'ignore_ament_install'
[2.381s] [34mcolcon.colcon_core.package_identification[0m [1;30mLevel 1[0m _identify(src) by extensions ['colcon_pkg']
[2.381s] [34mcolcon.colcon_core.package_identification[0m [1;30mLevel 1[0m _identify(src) by extension 'colcon_pkg'
[2.381s] [34mcolcon.colcon_core.package_identification[0m [1;30mLevel 1[0m _identify(src) by extensions ['colcon_meta']
[2.381s] [34mcolcon.colcon_core.package_identification[0m [1;30mLevel 1[0m _identify(src) by extension 'colcon_meta'
[2.382s] [34mcolcon.colcon_core.package_identification[0m [1;30mLevel 1[0m _identify(src) by extensions ['ros']
[2.382s] [34mcolcon.colcon_core.package_identification[0m [1;30mLevel 1[0m _identify(src) by extension 'ros'
[2.382s] [34mcolcon.colcon_core.package_identification[0m [1;30mLevel 1[0m _identify(src) by extensions ['cmake', 'python']
[2.382s] [34mcolcon.colcon_core.package_identification[0m [1;30mLevel 1[0m _identify(src) by extension 'cmake'
[2.383s] [34mcolcon.colcon_core.package_identification[0m [1;30mLevel 1[0m _identify(src) by extension 'python'
[2.383s] [34mcolcon.colcon_core.package_identification[0m [1;30mLevel 1[0m _identify(src) by extensions ['python_setup_py']
[2.383s] [34mcolcon.colcon_core.package_identification[0m [1;30mLevel 1[0m _identify(src) by extension 'python_setup_py'
[2.384s] [34mcolcon.colcon_core.package_identification[0m [1;30mLevel 1[0m _identify(src/dr_nav2) by extensions ['ignore', 'ignore_ament_install']
[2.384s] [34mcolcon.colcon_core.package_identification[0m [1;30mLevel 1[0m _identify(src/dr_nav2) by extension 'ignore'
[2.384s] [34mcolcon.colcon_core.package_identification[0m [1;30mLevel 1[0m _identify(src/dr_nav2) by extension 'ignore_ament_install'
[2.385s] [34mcolcon.colcon_core.package_identification[0m [1;30mLevel 1[0m _identify(src/dr_nav2) by extensions ['colcon_pkg']
[2.385s] [34mcolcon.colcon_core.package_identification[0m [1;30mLevel 1[0m _identify(src/dr_nav2) by extension 'colcon_pkg'
[2.385s] [34mcolcon.colcon_core.package_identification[0m [1;30mLevel 1[0m _identify(src/dr_nav2) by extensions ['colcon_meta']
[2.385s] [34mcolcon.colcon_core.package_identification[0m [1;30mLevel 1[0m _identify(src/dr_nav2) by extension 'colcon_meta'
[2.385s] [34mcolcon.colcon_core.package_identification[0m [1;30mLevel 1[0m _identify(src/dr_nav2) by extensions ['ros']
[2.386s] [34mcolcon.colcon_core.package_identification[0m [1;30mLevel 1[0m _identify(src/dr_nav2) by extension 'ros'
[2.396s] [34mcolcon.colcon_core.package_identification[0m [1;30mDEBUG[0m [32mPackage 'src/dr_nav2' with type 'ros.ament_cmake' and name 'dr_nav2'[0m
[2.397s] [34mcolcon.colcon_core.package_identification[0m [1;30mLevel 1[0m _identify(src/hdl_global_localization) by extensions ['ignore', 'ignore_ament_install']
[2.398s] [34mcolcon.colcon_core.package_identification[0m [1;30mLevel 1[0m _identify(src/hdl_global_localization) by extension 'ignore'
[2.398s] [34mcolcon.colcon_core.package_identification[0m [1;30mLevel 1[0m _identify(src/hdl_global_localization) by extension 'ignore_ament_install'
[2.398s] [34mcolcon.colcon_core.package_identification[0m [1;30mLevel 1[0m _identify(src/hdl_global_localization) by extensions ['colcon_pkg']
[2.398s] [34mcolcon.colcon_core.package_identification[0m [1;30mLevel 1[0m _identify(src/hdl_global_localization) by extension 'colcon_pkg'
[2.399s] [34mcolcon.colcon_core.package_identification[0m [1;30mLevel 1[0m _identify(src/hdl_global_localization) by extensions ['colcon_meta']
[2.399s] [34mcolcon.colcon_core.package_identification[0m [1;30mLevel 1[0m _identify(src/hdl_global_localization) by extension 'colcon_meta'
[2.399s] [34mcolcon.colcon_core.package_identification[0m [1;30mLevel 1[0m _identify(src/hdl_global_localization) by extensions ['ros']
[2.399s] [34mcolcon.colcon_core.package_identification[0m [1;30mLevel 1[0m _identify(src/hdl_global_localization) by extension 'ros'
[2.466s] [34mcolcon.colcon_core.package_identification[0m [1;30mDEBUG[0m [32mPackage 'src/hdl_global_localization' with type 'ros.ament_cmake' and name 'hdl_global_localization'[0m
[2.468s] [34mcolcon.colcon_core.package_identification[0m [1;30mLevel 1[0m _identify(src/hdl_localization) by extensions ['ignore', 'ignore_ament_install']
[2.468s] [34mcolcon.colcon_core.package_identification[0m [1;30mLevel 1[0m _identify(src/hdl_localization) by extension 'ignore'
[2.469s] [34mcolcon.colcon_core.package_identification[0m [1;30mLevel 1[0m _identify(src/hdl_localization) by extension 'ignore_ament_install'
[2.469s] [34mcolcon.colcon_core.package_identification[0m [1;30mLevel 1[0m _identify(src/hdl_localization) by extensions ['colcon_pkg']
[2.469s] [34mcolcon.colcon_core.package_identification[0m [1;30mLevel 1[0m _identify(src/hdl_localization) by extension 'colcon_pkg'
[2.469s] [34mcolcon.colcon_core.package_identification[0m [1;30mLevel 1[0m _identify(src/hdl_localization) by extensions ['colcon_meta']
[2.470s] [34mcolcon.colcon_core.package_identification[0m [1;30mLevel 1[0m _identify(src/hdl_localization) by extension 'colcon_meta'
[2.470s] [34mcolcon.colcon_core.package_identification[0m [1;30mLevel 1[0m _identify(src/hdl_localization) by extensions ['ros']
[2.470s] [34mcolcon.colcon_core.package_identification[0m [1;30mLevel 1[0m _identify(src/hdl_localization) by extension 'ros'
[2.480s] [34mcolcon.colcon_core.package_identification[0m [1;30mDEBUG[0m [32mPackage 'src/hdl_localization' with type 'ros.ament_cmake' and name 'hdl_localization'[0m
[2.481s] [34mcolcon.colcon_core.package_identification[0m [1;30mLevel 1[0m _identify(src/sensor_test) by extensions ['ignore', 'ignore_ament_install']
[2.481s] [34mcolcon.colcon_core.package_identification[0m [1;30mLevel 1[0m _identify(src/sensor_test) by extension 'ignore'
[2.482s] [34mcolcon.colcon_core.package_identification[0m [1;30mLevel 1[0m _identify(src/sensor_test) by extension 'ignore_ament_install'
[2.482s] [34mcolcon.colcon_core.package_identification[0m [1;30mLevel 1[0m _identify(src/sensor_test) by extensions ['colcon_pkg']
[2.482s] [34mcolcon.colcon_core.package_identification[0m [1;30mLevel 1[0m _identify(src/sensor_test) by extension 'colcon_pkg'
[2.482s] [34mcolcon.colcon_core.package_identification[0m [1;30mLevel 1[0m _identify(src/sensor_test) by extensions ['colcon_meta']
[2.483s] [34mcolcon.colcon_core.package_identification[0m [1;30mLevel 1[0m _identify(src/sensor_test) by extension 'colcon_meta'
[2.483s] [34mcolcon.colcon_core.package_identification[0m [1;30mLevel 1[0m _identify(src/sensor_test) by extensions ['ros']
[2.483s] [34mcolcon.colcon_core.package_identification[0m [1;30mLevel 1[0m _identify(src/sensor_test) by extension 'ros'
[2.492s] [34mcolcon.colcon_core.package_identification[0m [1;30mDEBUG[0m [32mPackage 'src/sensor_test' with type 'ros.ament_cmake' and name 'sensor_test'[0m
[2.493s] [34mcolcon.colcon_core.package_discovery[0m [1;30mLevel 1[0m discover_packages(recursive) using defaults
[2.493s] [34mcolcon.colcon_core.package_discovery[0m [1;30mLevel 1[0m discover_packages(ignore) discover
[2.493s] [34mcolcon.colcon_core.package_discovery[0m [1;30mLevel 1[0m discover_packages(ignore) using defaults
[2.493s] [34mcolcon.colcon_core.package_discovery[0m [1;30mLevel 1[0m discover_packages(path) discover
[2.494s] [34mcolcon.colcon_core.package_discovery[0m [1;30mLevel 1[0m discover_packages(path) using defaults
[2.567s] [34mcolcon.colcon_core.package_discovery[0m [1;30mLevel 1[0m discover_packages(prefix_path) check parameters
[2.567s] [34mcolcon.colcon_core.package_discovery[0m [1;30mLevel 1[0m discover_packages(prefix_path) discover
[2.606s] [34mcolcon.colcon_installed_package_information.package_discovery[0m [1;30mDEBUG[0m [32mFound 1 installed packages in /home/ysc/lite_cog_ros2/ndt_omp/install[0m
[2.617s] [34mcolcon.colcon_installed_package_information.package_discovery[0m [1;30mDEBUG[0m [32mFound 323 installed packages in /opt/ros/foxy[0m
[2.628s] [34mcolcon.colcon_core.package_discovery[0m [1;30mLevel 1[0m discover_packages(prefix_path) using defaults
[3.177s] [34mcolcon.colcon_core.verb[0m [1;30mLevel 5[0m set package 'dr_nav2' build argument 'cmake_args' from command line to 'None'
[3.177s] [34mcolcon.colcon_core.verb[0m [1;30mLevel 5[0m set package 'dr_nav2' build argument 'cmake_target' from command line to 'None'
[3.177s] [34mcolcon.colcon_core.verb[0m [1;30mLevel 5[0m set package 'dr_nav2' build argument 'cmake_target_skip_unavailable' from command line to 'False'
[3.178s] [34mcolcon.colcon_core.verb[0m [1;30mLevel 5[0m set package 'dr_nav2' build argument 'cmake_clean_cache' from command line to 'False'
[3.178s] [34mcolcon.colcon_core.verb[0m [1;30mLevel 5[0m set package 'dr_nav2' build argument 'cmake_clean_first' from command line to 'False'
[3.178s] [34mcolcon.colcon_core.verb[0m [1;30mLevel 5[0m set package 'dr_nav2' build argument 'cmake_force_configure' from command line to 'False'
[3.178s] [34mcolcon.colcon_core.verb[0m [1;30mLevel 5[0m set package 'dr_nav2' build argument 'ament_cmake_args' from command line to 'None'
[3.179s] [34mcolcon.colcon_core.verb[0m [1;30mLevel 5[0m set package 'dr_nav2' build argument 'catkin_cmake_args' from command line to 'None'
[3.179s] [34mcolcon.colcon_core.verb[0m [1;30mLevel 5[0m set package 'dr_nav2' build argument 'catkin_skip_building_tests' from command line to 'False'
[3.180s] [34mcolcon.colcon_core.verb[0m [1;30mDEBUG[0m [32mBuilding package 'dr_nav2' with the following arguments: {'ament_cmake_args': None, 'build_base': '/home/ysc/lite_cog_ros2/nav/build/dr_nav2', 'catkin_cmake_args': None, 'catkin_skip_building_tests': False, 'cmake_args': None, 'cmake_clean_cache': False, 'cmake_clean_first': False, 'cmake_force_configure': False, 'cmake_target': None, 'cmake_target_skip_unavailable': False, 'install_base': '/home/ysc/lite_cog_ros2/nav/install/dr_nav2', 'merge_install': False, 'path': '/home/ysc/lite_cog_ros2/nav/src/dr_nav2', 'symlink_install': True, 'test_result_base': None}[0m
[3.182s] [34mcolcon.colcon_core.verb[0m [1;30mLevel 5[0m set package 'hdl_global_localization' build argument 'cmake_args' from command line to 'None'
[3.183s] [34mcolcon.colcon_core.verb[0m [1;30mLevel 5[0m set package 'hdl_global_localization' build argument 'cmake_target' from command line to 'None'
[3.183s] [34mcolcon.colcon_core.verb[0m [1;30mLevel 5[0m set package 'hdl_global_localization' build argument 'cmake_target_skip_unavailable' from command line to 'False'
[3.183s] [34mcolcon.colcon_core.verb[0m [1;30mLevel 5[0m set package 'hdl_global_localization' build argument 'cmake_clean_cache' from command line to 'False'
[3.183s] [34mcolcon.colcon_core.verb[0m [1;30mLevel 5[0m set package 'hdl_global_localization' build argument 'cmake_clean_first' from command line to 'False'
[3.183s] [34mcolcon.colcon_core.verb[0m [1;30mLevel 5[0m set package 'hdl_global_localization' build argument 'cmake_force_configure' from command line to 'False'
[3.183s] [34mcolcon.colcon_core.verb[0m [1;30mLevel 5[0m set package 'hdl_global_localization' build argument 'ament_cmake_args' from command line to 'None'
[3.184s] [34mcolcon.colcon_core.verb[0m [1;30mLevel 5[0m set package 'hdl_global_localization' build argument 'catkin_cmake_args' from command line to 'None'
[3.184s] [34mcolcon.colcon_core.verb[0m [1;30mLevel 5[0m set package 'hdl_global_localization' build argument 'catkin_skip_building_tests' from command line to 'False'
[3.184s] [34mcolcon.colcon_core.verb[0m [1;30mDEBUG[0m [32mBuilding package 'hdl_global_localization' with the following arguments: {'ament_cmake_args': None, 'build_base': '/home/ysc/lite_cog_ros2/nav/build/hdl_global_localization', 'catkin_cmake_args': None, 'catkin_skip_building_tests': False, 'cmake_args': None, 'cmake_clean_cache': False, 'cmake_clean_first': False, 'cmake_force_configure': False, 'cmake_target': None, 'cmake_target_skip_unavailable': False, 'install_base': '/home/ysc/lite_cog_ros2/nav/install/hdl_global_localization', 'merge_install': False, 'path': '/home/ysc/lite_cog_ros2/nav/src/hdl_global_localization', 'symlink_install': True, 'test_result_base': None}[0m
[3.186s] [34mcolcon.colcon_core.verb[0m [1;30mLevel 5[0m set package 'sensor_test' build argument 'cmake_args' from command line to 'None'
[3.187s] [34mcolcon.colcon_core.verb[0m [1;30mLevel 5[0m set package 'sensor_test' build argument 'cmake_target' from command line to 'None'
[3.187s] [34mcolcon.colcon_core.verb[0m [1;30mLevel 5[0m set package 'sensor_test' build argument 'cmake_target_skip_unavailable' from command line to 'False'
[3.187s] [34mcolcon.colcon_core.verb[0m [1;30mLevel 5[0m set package 'sensor_test' build argument 'cmake_clean_cache' from command line to 'False'
[3.187s] [34mcolcon.colcon_core.verb[0m [1;30mLevel 5[0m set package 'sensor_test' build argument 'cmake_clean_first' from command line to 'False'
[3.187s] [34mcolcon.colcon_core.verb[0m [1;30mLevel 5[0m set package 'sensor_test' build argument 'cmake_force_configure' from command line to 'False'
[3.187s] [34mcolcon.colcon_core.verb[0m [1;30mLevel 5[0m set package 'sensor_test' build argument 'ament_cmake_args' from command line to 'None'
[3.187s] [34mcolcon.colcon_core.verb[0m [1;30mLevel 5[0m set package 'sensor_test' build argument 'catkin_cmake_args' from command line to 'None'
[3.188s] [34mcolcon.colcon_core.verb[0m [1;30mLevel 5[0m set package 'sensor_test' build argument 'catkin_skip_building_tests' from command line to 'False'
[3.188s] [34mcolcon.colcon_core.verb[0m [1;30mDEBUG[0m [32mBuilding package 'sensor_test' with the following arguments: {'ament_cmake_args': None, 'build_base': '/home/ysc/lite_cog_ros2/nav/build/sensor_test', 'catkin_cmake_args': None, 'catkin_skip_building_tests': False, 'cmake_args': None, 'cmake_clean_cache': False, 'cmake_clean_first': False, 'cmake_force_configure': False, 'cmake_target': None, 'cmake_target_skip_unavailable': False, 'install_base': '/home/ysc/lite_cog_ros2/nav/install/sensor_test', 'merge_install': False, 'path': '/home/ysc/lite_cog_ros2/nav/src/sensor_test', 'symlink_install': True, 'test_result_base': None}[0m
[3.190s] [34mcolcon.colcon_core.verb[0m [1;30mLevel 5[0m set package 'hdl_localization' build argument 'cmake_args' from command line to 'None'
[3.190s] [34mcolcon.colcon_core.verb[0m [1;30mLevel 5[0m set package 'hdl_localization' build argument 'cmake_target' from command line to 'None'
[3.190s] [34mcolcon.colcon_core.verb[0m [1;30mLevel 5[0m set package 'hdl_localization' build argument 'cmake_target_skip_unavailable' from command line to 'False'
[3.190s] [34mcolcon.colcon_core.verb[0m [1;30mLevel 5[0m set package 'hdl_localization' build argument 'cmake_clean_cache' from command line to 'False'
[3.191s] [34mcolcon.colcon_core.verb[0m [1;30mLevel 5[0m set package 'hdl_localization' build argument 'cmake_clean_first' from command line to 'False'
[3.191s] [34mcolcon.colcon_core.verb[0m [1;30mLevel 5[0m set package 'hdl_localization' build argument 'cmake_force_configure' from command line to 'False'
[3.191s] [34mcolcon.colcon_core.verb[0m [1;30mLevel 5[0m set package 'hdl_localization' build argument 'ament_cmake_args' from command line to 'None'
[3.191s] [34mcolcon.colcon_core.verb[0m [1;30mLevel 5[0m set package 'hdl_localization' build argument 'catkin_cmake_args' from command line to 'None'
[3.191s] [34mcolcon.colcon_core.verb[0m [1;30mLevel 5[0m set package 'hdl_localization' build argument 'catkin_skip_building_tests' from command line to 'False'
[3.191s] [34mcolcon.colcon_core.verb[0m [1;30mDEBUG[0m [32mBuilding package 'hdl_localization' with the following arguments: {'ament_cmake_args': None, 'build_base': '/home/ysc/lite_cog_ros2/nav/build/hdl_localization', 'catkin_cmake_args': None, 'catkin_skip_building_tests': False, 'cmake_args': None, 'cmake_clean_cache': False, 'cmake_clean_first': False, 'cmake_force_configure': False, 'cmake_target': None, 'cmake_target_skip_unavailable': False, 'install_base': '/home/ysc/lite_cog_ros2/nav/install/hdl_localization', 'merge_install': False, 'path': '/home/ysc/lite_cog_ros2/nav/src/hdl_localization', 'symlink_install': True, 'test_result_base': None}[0m
[3.192s] [34mcolcon.colcon_core.executor[0m [1;30mINFO[0m Executing jobs using 'parallel' executor
[3.197s] [34mcolcon.colcon_parallel_executor.executor.parallel[0m [1;30mDEBUG[0m [32mrun_until_complete[0m
[3.199s] [34mcolcon.colcon_ros.task.ament_cmake.build[0m [1;30mINFO[0m Building ROS package in '/home/ysc/lite_cog_ros2/nav/src/hdl_global_localization' with build type 'ament_cmake'
[3.200s] [34mcolcon.colcon_cmake.task.cmake.build[0m [1;30mINFO[0m Building CMake package in '/home/ysc/lite_cog_ros2/nav/src/hdl_global_localization'
[3.212s] [34mcolcon.colcon_core.plugin_system[0m [1;30mINFO[0m Skipping extension 'colcon_core.shell.bat': Not used on non-Windows systems
[3.213s] [34mcolcon.colcon_core.shell[0m [1;30mINFO[0m Skip shell extension 'powershell' for command environment: Not usable outside of PowerShell
[3.213s] [34mcolcon.colcon_core.shell[0m [1;30mDEBUG[0m [32mSkip shell extension 'dsv' for command environment[0m
[3.252s] [34mcolcon.colcon_ros.task.ament_cmake.build[0m [1;30mINFO[0m Building ROS package in '/home/ysc/lite_cog_ros2/nav/src/dr_nav2' with build type 'ament_cmake'
[3.255s] [34mcolcon.colcon_cmake.task.cmake.build[0m [1;30mINFO[0m Building CMake package in '/home/ysc/lite_cog_ros2/nav/src/dr_nav2'
[3.259s] [34mcolcon.colcon_core.shell[0m [1;30mINFO[0m Skip shell extension 'powershell' for command environment: Not usable outside of PowerShell
[3.259s] [34mcolcon.colcon_core.shell[0m [1;30mDEBUG[0m [32mSkip shell extension 'dsv' for command environment[0m
[3.324s] [34mcolcon.colcon_ros.task.ament_cmake.build[0m [1;30mINFO[0m Building ROS package in '/home/ysc/lite_cog_ros2/nav/src/sensor_test' with build type 'ament_cmake'
[3.328s] [34mcolcon.colcon_cmake.task.cmake.build[0m [1;30mINFO[0m Building CMake package in '/home/ysc/lite_cog_ros2/nav/src/sensor_test'
[3.336s] [34mcolcon.colcon_core.shell[0m [1;30mINFO[0m Skip shell extension 'powershell' for command environment: Not usable outside of PowerShell
[3.339s] [34mcolcon.colcon_core.shell[0m [1;30mDEBUG[0m [32mSkip shell extension 'dsv' for command environment[0m
[3.446s] [34mcolcon.colcon_core.event_handler.log_command[0m [1;30mDEBUG[0m [32mInvoking command in '/home/ysc/lite_cog_ros2/nav/build/hdl_global_localization': CMAKE_PREFIX_PATH=${CMAKE_PREFIX_PATH}:/opt/ros/foxy /usr/bin/cmake --build /home/ysc/lite_cog_ros2/nav/build/hdl_global_localization -- -j6 -l6[0m
[3.514s] [34mcolcon.colcon_core.event_handler.log_command[0m [1;30mDEBUG[0m [32mInvoking command in '/home/ysc/lite_cog_ros2/nav/build/dr_nav2': CMAKE_PREFIX_PATH=${CMAKE_PREFIX_PATH}:/opt/ros/foxy /usr/bin/cmake --build /home/ysc/lite_cog_ros2/nav/build/dr_nav2 -- -j6 -l6[0m
[3.582s] [34mcolcon.colcon_core.event_handler.log_command[0m [1;30mDEBUG[0m [32mInvoking command in '/home/ysc/lite_cog_ros2/nav/build/sensor_test': CMAKE_PREFIX_PATH=${CMAKE_PREFIX_PATH}:/opt/ros/foxy /usr/bin/cmake --build /home/ysc/lite_cog_ros2/nav/build/sensor_test -- -j6 -l6[0m
[3.815s] [34mcolcon.colcon_core.event_handler.log_command[0m [1;30mDEBUG[0m [32mInvoked command in '/home/ysc/lite_cog_ros2/nav/build/dr_nav2' returned '0': CMAKE_PREFIX_PATH=${CMAKE_PREFIX_PATH}:/opt/ros/foxy /usr/bin/cmake --build /home/ysc/lite_cog_ros2/nav/build/dr_nav2 -- -j6 -l6[0m
[4.236s] [34mcolcon.colcon_core.event_handler.log_command[0m [1;30mDEBUG[0m [32mInvoking command in '/home/ysc/lite_cog_ros2/nav/build/dr_nav2': CMAKE_PREFIX_PATH=${CMAKE_PREFIX_PATH}:/opt/ros/foxy /usr/bin/cmake --install /home/ysc/lite_cog_ros2/nav/build/dr_nav2[0m
[4.305s] [34mcolcon.colcon_core.event_handler.log_command[0m [1;30mDEBUG[0m [32mInvoked command in '/home/ysc/lite_cog_ros2/nav/build/sensor_test' returned '0': CMAKE_PREFIX_PATH=${CMAKE_PREFIX_PATH}:/opt/ros/foxy /usr/bin/cmake --build /home/ysc/lite_cog_ros2/nav/build/sensor_test -- -j6 -l6[0m
[4.518s] [34mcolcon.colcon_core.environment[0m [1;30mLevel 1[0m create_environment_scripts_only(dr_nav2)
[4.524s] [34mcolcon.colcon_core.event_handler.log_command[0m [1;30mDEBUG[0m [32mInvoked command in '/home/ysc/lite_cog_ros2/nav/build/dr_nav2' returned '0': CMAKE_PREFIX_PATH=${CMAKE_PREFIX_PATH}:/opt/ros/foxy /usr/bin/cmake --install /home/ysc/lite_cog_ros2/nav/build/dr_nav2[0m
[4.546s] [34mcolcon.colcon_core.environment[0m [1;30mLevel 1[0m checking '/home/ysc/lite_cog_ros2/nav/install/dr_nav2' for CMake module files
[4.552s] [34mcolcon.colcon_core.environment[0m [1;30mLevel 1[0m checking '/home/ysc/lite_cog_ros2/nav/install/dr_nav2' for CMake config files
[4.555s] [34mcolcon.colcon_core.shell[0m [1;30mLevel 1[0m create_environment_hook('dr_nav2', 'cmake_prefix_path')
[4.558s] [34mcolcon.colcon_core.shell[0m [1;30mINFO[0m Creating environment hook '/home/ysc/lite_cog_ros2/nav/install/dr_nav2/share/dr_nav2/hook/cmake_prefix_path.ps1'
[4.562s] [34mcolcon.colcon_core.shell[0m [1;30mINFO[0m Creating environment descriptor '/home/ysc/lite_cog_ros2/nav/install/dr_nav2/share/dr_nav2/hook/cmake_prefix_path.dsv'
[4.567s] [34mcolcon.colcon_core.shell[0m [1;30mINFO[0m Creating environment hook '/home/ysc/lite_cog_ros2/nav/install/dr_nav2/share/dr_nav2/hook/cmake_prefix_path.sh'
[4.574s] [34mcolcon.colcon_core.environment[0m [1;30mLevel 1[0m checking '/home/ysc/lite_cog_ros2/nav/install/dr_nav2/bin'
[4.575s] [34mcolcon.colcon_core.environment[0m [1;30mLevel 1[0m checking '/home/ysc/lite_cog_ros2/nav/install/dr_nav2/lib/pkgconfig/dr_nav2.pc'
[4.578s] [34mcolcon.colcon_core.environment[0m [1;30mLevel 1[0m checking '/home/ysc/lite_cog_ros2/nav/install/dr_nav2/lib/python3.8/site-packages'
[4.581s] [34mcolcon.colcon_core.environment[0m [1;30mLevel 1[0m checking '/home/ysc/lite_cog_ros2/nav/install/dr_nav2/bin'
[4.587s] [34mcolcon.colcon_core.shell[0m [1;30mINFO[0m Creating package script '/home/ysc/lite_cog_ros2/nav/install/dr_nav2/share/dr_nav2/package.ps1'
[4.597s] [34mcolcon.colcon_core.shell[0m [1;30mINFO[0m Creating package descriptor '/home/ysc/lite_cog_ros2/nav/install/dr_nav2/share/dr_nav2/package.dsv'
[4.600s] [34mcolcon.colcon_core.shell[0m [1;30mINFO[0m Creating package script '/home/ysc/lite_cog_ros2/nav/install/dr_nav2/share/dr_nav2/package.sh'
[4.609s] [34mcolcon.colcon_core.shell[0m [1;30mINFO[0m Creating package script '/home/ysc/lite_cog_ros2/nav/install/dr_nav2/share/dr_nav2/package.bash'
[4.615s] [34mcolcon.colcon_core.shell[0m [1;30mINFO[0m Creating package script '/home/ysc/lite_cog_ros2/nav/install/dr_nav2/share/dr_nav2/package.zsh'
[4.619s] [34mcolcon.colcon_core.environment[0m [1;30mLevel 1[0m create_file_with_runtime_dependencies(/home/ysc/lite_cog_ros2/nav/install/dr_nav2/share/colcon-core/packages/dr_nav2)
[4.654s] [34mcolcon.colcon_core.event_handler.log_command[0m [1;30mDEBUG[0m [32mInvoking command in '/home/ysc/lite_cog_ros2/nav/build/sensor_test': CMAKE_PREFIX_PATH=${CMAKE_PREFIX_PATH}:/opt/ros/foxy /usr/bin/cmake --install /home/ysc/lite_cog_ros2/nav/build/sensor_test[0m
[4.829s] [34mcolcon.colcon_core.environment[0m [1;30mLevel 1[0m create_environment_scripts_only(dr_nav2)
[4.832s] [34mcolcon.colcon_core.environment[0m [1;30mLevel 1[0m checking '/home/ysc/lite_cog_ros2/nav/install/dr_nav2' for CMake module files
[4.838s] [34mcolcon.colcon_core.environment[0m [1;30mLevel 1[0m checking '/home/ysc/lite_cog_ros2/nav/install/dr_nav2' for CMake config files
[4.844s] [34mcolcon.colcon_core.shell[0m [1;30mLevel 1[0m create_environment_hook('dr_nav2', 'cmake_prefix_path')
[4.846s] [34mcolcon.colcon_core.shell[0m [1;30mINFO[0m Creating environment hook '/home/ysc/lite_cog_ros2/nav/install/dr_nav2/share/dr_nav2/hook/cmake_prefix_path.ps1'
[4.852s] [34mcolcon.colcon_core.shell[0m [1;30mINFO[0m Creating environment descriptor '/home/ysc/lite_cog_ros2/nav/install/dr_nav2/share/dr_nav2/hook/cmake_prefix_path.dsv'
[4.860s] [34mcolcon.colcon_core.shell[0m [1;30mINFO[0m Creating environment hook '/home/ysc/lite_cog_ros2/nav/install/dr_nav2/share/dr_nav2/hook/cmake_prefix_path.sh'
[4.870s] [34mcolcon.colcon_core.environment[0m [1;30mLevel 1[0m checking '/home/ysc/lite_cog_ros2/nav/install/dr_nav2/bin'
[4.871s] [34mcolcon.colcon_core.environment[0m [1;30mLevel 1[0m checking '/home/ysc/lite_cog_ros2/nav/install/dr_nav2/lib/pkgconfig/dr_nav2.pc'
[4.875s] [34mcolcon.colcon_core.environment[0m [1;30mLevel 1[0m checking '/home/ysc/lite_cog_ros2/nav/install/dr_nav2/lib/python3.8/site-packages'
[4.886s] [34mcolcon.colcon_core.environment[0m [1;30mLevel 1[0m checking '/home/ysc/lite_cog_ros2/nav/install/dr_nav2/bin'
[4.889s] [34mcolcon.colcon_core.shell[0m [1;30mINFO[0m Creating package script '/home/ysc/lite_cog_ros2/nav/install/dr_nav2/share/dr_nav2/package.ps1'
[4.894s] [34mcolcon.colcon_core.shell[0m [1;30mINFO[0m Creating package descriptor '/home/ysc/lite_cog_ros2/nav/install/dr_nav2/share/dr_nav2/package.dsv'
[4.898s] [34mcolcon.colcon_core.shell[0m [1;30mINFO[0m Creating package script '/home/ysc/lite_cog_ros2/nav/install/dr_nav2/share/dr_nav2/package.sh'
[4.901s] [34mcolcon.colcon_core.shell[0m [1;30mINFO[0m Creating package script '/home/ysc/lite_cog_ros2/nav/install/dr_nav2/share/dr_nav2/package.bash'
[4.904s] [34mcolcon.colcon_core.shell[0m [1;30mINFO[0m Creating package script '/home/ysc/lite_cog_ros2/nav/install/dr_nav2/share/dr_nav2/package.zsh'
[4.907s] [34mcolcon.colcon_core.environment[0m [1;30mLevel 1[0m create_file_with_runtime_dependencies(/home/ysc/lite_cog_ros2/nav/install/dr_nav2/share/colcon-core/packages/dr_nav2)
[4.924s] [34mcolcon.colcon_core.environment[0m [1;30mLevel 1[0m create_environment_scripts_only(sensor_test)
[4.927s] [34mcolcon.colcon_core.event_handler.log_command[0m [1;30mDEBUG[0m [32mInvoked command in '/home/ysc/lite_cog_ros2/nav/build/sensor_test' returned '0': CMAKE_PREFIX_PATH=${CMAKE_PREFIX_PATH}:/opt/ros/foxy /usr/bin/cmake --install /home/ysc/lite_cog_ros2/nav/build/sensor_test[0m
[4.932s] [34mcolcon.colcon_core.environment[0m [1;30mLevel 1[0m checking '/home/ysc/lite_cog_ros2/nav/install/sensor_test' for CMake module files
[4.937s] [34mcolcon.colcon_core.environment[0m [1;30mLevel 1[0m checking '/home/ysc/lite_cog_ros2/nav/install/sensor_test' for CMake config files
[4.940s] [34mcolcon.colcon_core.shell[0m [1;30mLevel 1[0m create_environment_hook('sensor_test', 'cmake_prefix_path')
[4.943s] [34mcolcon.colcon_core.shell[0m [1;30mINFO[0m Creating environment hook '/home/ysc/lite_cog_ros2/nav/install/sensor_test/share/sensor_test/hook/cmake_prefix_path.ps1'
[4.947s] [34mcolcon.colcon_core.shell[0m [1;30mINFO[0m Creating environment descriptor '/home/ysc/lite_cog_ros2/nav/install/sensor_test/share/sensor_test/hook/cmake_prefix_path.dsv'
[4.951s] [34mcolcon.colcon_core.shell[0m [1;30mINFO[0m Creating environment hook '/home/ysc/lite_cog_ros2/nav/install/sensor_test/share/sensor_test/hook/cmake_prefix_path.sh'
[4.955s] [34mcolcon.colcon_core.environment[0m [1;30mLevel 1[0m checking '/home/ysc/lite_cog_ros2/nav/install/sensor_test/lib'
[4.958s] [34mcolcon.colcon_core.environment[0m [1;30mLevel 1[0m checking '/home/ysc/lite_cog_ros2/nav/install/sensor_test/bin'
[4.958s] [34mcolcon.colcon_core.environment[0m [1;30mLevel 1[0m checking '/home/ysc/lite_cog_ros2/nav/install/sensor_test/lib/pkgconfig/sensor_test.pc'
[4.960s] [34mcolcon.colcon_core.environment[0m [1;30mLevel 1[0m checking '/home/ysc/lite_cog_ros2/nav/install/sensor_test/lib/python3.8/site-packages'
[4.962s] [34mcolcon.colcon_core.environment[0m [1;30mLevel 1[0m checking '/home/ysc/lite_cog_ros2/nav/install/sensor_test/bin'
[4.964s] [34mcolcon.colcon_core.shell[0m [1;30mINFO[0m Creating package script '/home/ysc/lite_cog_ros2/nav/install/sensor_test/share/sensor_test/package.ps1'
[4.967s] [34mcolcon.colcon_core.shell[0m [1;30mINFO[0m Creating package descriptor '/home/ysc/lite_cog_ros2/nav/install/sensor_test/share/sensor_test/package.dsv'
[4.970s] [34mcolcon.colcon_core.shell[0m [1;30mINFO[0m Creating package script '/home/ysc/lite_cog_ros2/nav/install/sensor_test/share/sensor_test/package.sh'
[4.974s] [34mcolcon.colcon_core.shell[0m [1;30mINFO[0m Creating package script '/home/ysc/lite_cog_ros2/nav/install/sensor_test/share/sensor_test/package.bash'
[4.977s] [34mcolcon.colcon_core.shell[0m [1;30mINFO[0m Creating package script '/home/ysc/lite_cog_ros2/nav/install/sensor_test/share/sensor_test/package.zsh'
[4.980s] [34mcolcon.colcon_core.environment[0m [1;30mLevel 1[0m create_file_with_runtime_dependencies(/home/ysc/lite_cog_ros2/nav/install/sensor_test/share/colcon-core/packages/sensor_test)
[5.199s] [34mcolcon.colcon_core.environment[0m [1;30mLevel 1[0m create_environment_scripts_only(sensor_test)
[5.203s] [34mcolcon.colcon_core.environment[0m [1;30mLevel 1[0m checking '/home/ysc/lite_cog_ros2/nav/install/sensor_test' for CMake module files
[5.207s] [34mcolcon.colcon_core.environment[0m [1;30mLevel 1[0m checking '/home/ysc/lite_cog_ros2/nav/install/sensor_test' for CMake config files
[5.211s] [34mcolcon.colcon_core.shell[0m [1;30mLevel 1[0m create_environment_hook('sensor_test', 'cmake_prefix_path')
[5.214s] [34mcolcon.colcon_core.shell[0m [1;30mINFO[0m Creating environment hook '/home/ysc/lite_cog_ros2/nav/install/sensor_test/share/sensor_test/hook/cmake_prefix_path.ps1'
[5.218s] [34mcolcon.colcon_core.shell[0m [1;30mINFO[0m Creating environment descriptor '/home/ysc/lite_cog_ros2/nav/install/sensor_test/share/sensor_test/hook/cmake_prefix_path.dsv'
[5.223s] [34mcolcon.colcon_core.shell[0m [1;30mINFO[0m Creating environment hook '/home/ysc/lite_cog_ros2/nav/install/sensor_test/share/sensor_test/hook/cmake_prefix_path.sh'
[5.227s] [34mcolcon.colcon_core.environment[0m [1;30mLevel 1[0m checking '/home/ysc/lite_cog_ros2/nav/install/sensor_test/lib'
[5.228s] [34mcolcon.colcon_core.environment[0m [1;30mLevel 1[0m checking '/home/ysc/lite_cog_ros2/nav/install/sensor_test/bin'
[5.230s] [34mcolcon.colcon_core.environment[0m [1;30mLevel 1[0m checking '/home/ysc/lite_cog_ros2/nav/install/sensor_test/lib/pkgconfig/sensor_test.pc'
[5.234s] [34mcolcon.colcon_core.environment[0m [1;30mLevel 1[0m checking '/home/ysc/lite_cog_ros2/nav/install/sensor_test/lib/python3.8/site-packages'
[5.235s] [34mcolcon.colcon_core.environment[0m [1;30mLevel 1[0m checking '/home/ysc/lite_cog_ros2/nav/install/sensor_test/bin'
[5.238s] [34mcolcon.colcon_core.shell[0m [1;30mINFO[0m Creating package script '/home/ysc/lite_cog_ros2/nav/install/sensor_test/share/sensor_test/package.ps1'
[5.245s] [34mcolcon.colcon_core.shell[0m [1;30mINFO[0m Creating package descriptor '/home/ysc/lite_cog_ros2/nav/install/sensor_test/share/sensor_test/package.dsv'
[5.250s] [34mcolcon.colcon_core.shell[0m [1;30mINFO[0m Creating package script '/home/ysc/lite_cog_ros2/nav/install/sensor_test/share/sensor_test/package.sh'
[5.254s] [34mcolcon.colcon_core.shell[0m [1;30mINFO[0m Creating package script '/home/ysc/lite_cog_ros2/nav/install/sensor_test/share/sensor_test/package.bash'
[5.258s] [34mcolcon.colcon_core.shell[0m [1;30mINFO[0m Creating package script '/home/ysc/lite_cog_ros2/nav/install/sensor_test/share/sensor_test/package.zsh'
[5.262s] [34mcolcon.colcon_core.environment[0m [1;30mLevel 1[0m create_file_with_runtime_dependencies(/home/ysc/lite_cog_ros2/nav/install/sensor_test/share/colcon-core/packages/sensor_test)
[5.513s] [34mcolcon.colcon_core.event_handler.log_command[0m [1;30mDEBUG[0m [32mInvoked command in '/home/ysc/lite_cog_ros2/nav/build/hdl_global_localization' returned '0': CMAKE_PREFIX_PATH=${CMAKE_PREFIX_PATH}:/opt/ros/foxy /usr/bin/cmake --build /home/ysc/lite_cog_ros2/nav/build/hdl_global_localization -- -j6 -l6[0m
[6.346s] [34mcolcon.colcon_core.event_handler.log_command[0m [1;30mDEBUG[0m [32mInvoking command in '/home/ysc/lite_cog_ros2/nav/build/hdl_global_localization': CMAKE_PREFIX_PATH=${CMAKE_PREFIX_PATH}:/opt/ros/foxy /usr/bin/cmake --install /home/ysc/lite_cog_ros2/nav/build/hdl_global_localization[0m
[6.898s] [34mcolcon.colcon_core.environment[0m [1;30mLevel 1[0m create_environment_scripts_only(hdl_global_localization)
[6.902s] [34mcolcon.colcon_core.environment[0m [1;30mLevel 1[0m checking '/home/ysc/lite_cog_ros2/nav/install/hdl_global_localization' for CMake module files
[6.907s] [34mcolcon.colcon_core.event_handler.log_command[0m [1;30mDEBUG[0m [32mInvoked command in '/home/ysc/lite_cog_ros2/nav/build/hdl_global_localization' returned '0': CMAKE_PREFIX_PATH=${CMAKE_PREFIX_PATH}:/opt/ros/foxy /usr/bin/cmake --install /home/ysc/lite_cog_ros2/nav/build/hdl_global_localization[0m
[6.911s] [34mcolcon.colcon_core.environment[0m [1;30mLevel 1[0m checking '/home/ysc/lite_cog_ros2/nav/install/hdl_global_localization' for CMake config files
[6.916s] [34mcolcon.colcon_core.shell[0m [1;30mLevel 1[0m create_environment_hook('hdl_global_localization', 'cmake_prefix_path')
[6.919s] [34mcolcon.colcon_core.shell[0m [1;30mINFO[0m Creating environment hook '/home/ysc/lite_cog_ros2/nav/install/hdl_global_localization/share/hdl_global_localization/hook/cmake_prefix_path.ps1'
[6.923s] [34mcolcon.colcon_core.shell[0m [1;30mINFO[0m Creating environment descriptor '/home/ysc/lite_cog_ros2/nav/install/hdl_global_localization/share/hdl_global_localization/hook/cmake_prefix_path.dsv'
[6.925s] [34mcolcon.colcon_core.shell[0m [1;30mINFO[0m Creating environment hook '/home/ysc/lite_cog_ros2/nav/install/hdl_global_localization/share/hdl_global_localization/hook/cmake_prefix_path.sh'
[6.930s] [34mcolcon.colcon_core.environment[0m [1;30mLevel 1[0m checking '/home/ysc/lite_cog_ros2/nav/install/hdl_global_localization/lib'
[6.930s] [34mcolcon.colcon_core.shell[0m [1;30mLevel 1[0m create_environment_hook('hdl_global_localization', 'ld_library_path_lib')
[6.932s] [34mcolcon.colcon_core.shell[0m [1;30mINFO[0m Creating environment hook '/home/ysc/lite_cog_ros2/nav/install/hdl_global_localization/share/hdl_global_localization/hook/ld_library_path_lib.ps1'
[6.934s] [34mcolcon.colcon_core.shell[0m [1;30mINFO[0m Creating environment descriptor '/home/ysc/lite_cog_ros2/nav/install/hdl_global_localization/share/hdl_global_localization/hook/ld_library_path_lib.dsv'
[6.936s] [34mcolcon.colcon_core.shell[0m [1;30mINFO[0m Creating environment hook '/home/ysc/lite_cog_ros2/nav/install/hdl_global_localization/share/hdl_global_localization/hook/ld_library_path_lib.sh'
[6.938s] [34mcolcon.colcon_core.environment[0m [1;30mLevel 1[0m checking '/home/ysc/lite_cog_ros2/nav/install/hdl_global_localization/bin'
[6.938s] [34mcolcon.colcon_core.environment[0m [1;30mLevel 1[0m checking '/home/ysc/lite_cog_ros2/nav/install/hdl_global_localization/lib/pkgconfig/hdl_global_localization.pc'
[6.940s] [34mcolcon.colcon_core.environment[0m [1;30mLevel 1[0m checking '/home/ysc/lite_cog_ros2/nav/install/hdl_global_localization/lib/python3.8/site-packages'
[6.941s] [34mcolcon.colcon_core.shell[0m [1;30mLevel 1[0m create_environment_hook('hdl_global_localization', 'pythonpath')
[6.942s] [34mcolcon.colcon_core.shell[0m [1;30mINFO[0m Creating environment hook '/home/ysc/lite_cog_ros2/nav/install/hdl_global_localization/share/hdl_global_localization/hook/pythonpath.ps1'
[6.945s] [34mcolcon.colcon_core.shell[0m [1;30mINFO[0m Creating environment descriptor '/home/ysc/lite_cog_ros2/nav/install/hdl_global_localization/share/hdl_global_localization/hook/pythonpath.dsv'
[6.947s] [34mcolcon.colcon_core.shell[0m [1;30mINFO[0m Creating environment hook '/home/ysc/lite_cog_ros2/nav/install/hdl_global_localization/share/hdl_global_localization/hook/pythonpath.sh'
[6.950s] [34mcolcon.colcon_core.environment[0m [1;30mLevel 1[0m checking '/home/ysc/lite_cog_ros2/nav/install/hdl_global_localization/bin'
[6.953s] [34mcolcon.colcon_core.shell[0m [1;30mINFO[0m Creating package script '/home/ysc/lite_cog_ros2/nav/install/hdl_global_localization/share/hdl_global_localization/package.ps1'
[6.957s] [34mcolcon.colcon_core.shell[0m [1;30mINFO[0m Creating package descriptor '/home/ysc/lite_cog_ros2/nav/install/hdl_global_localization/share/hdl_global_localization/package.dsv'
[6.960s] [34mcolcon.colcon_core.shell[0m [1;30mINFO[0m Creating package script '/home/ysc/lite_cog_ros2/nav/install/hdl_global_localization/share/hdl_global_localization/package.sh'
[6.963s] [34mcolcon.colcon_core.shell[0m [1;30mINFO[0m Creating package script '/home/ysc/lite_cog_ros2/nav/install/hdl_global_localization/share/hdl_global_localization/package.bash'
[6.965s] [34mcolcon.colcon_core.shell[0m [1;30mINFO[0m Creating package script '/home/ysc/lite_cog_ros2/nav/install/hdl_global_localization/share/hdl_global_localization/package.zsh'
[6.969s] [34mcolcon.colcon_core.environment[0m [1;30mLevel 1[0m create_file_with_runtime_dependencies(/home/ysc/lite_cog_ros2/nav/install/hdl_global_localization/share/colcon-core/packages/hdl_global_localization)
[7.772s] [34mcolcon.colcon_core.environment[0m [1;30mLevel 1[0m create_environment_scripts_only(hdl_global_localization)
[7.775s] [34mcolcon.colcon_core.environment[0m [1;30mLevel 1[0m checking '/home/ysc/lite_cog_ros2/nav/install/hdl_global_localization' for CMake module files
[7.780s] [34mcolcon.colcon_core.environment[0m [1;30mLevel 1[0m checking '/home/ysc/lite_cog_ros2/nav/install/hdl_global_localization' for CMake config files
[7.784s] [34mcolcon.colcon_core.shell[0m [1;30mLevel 1[0m create_environment_hook('hdl_global_localization', 'cmake_prefix_path')
[7.785s] [34mcolcon.colcon_core.shell[0m [1;30mINFO[0m Creating environment hook '/home/ysc/lite_cog_ros2/nav/install/hdl_global_localization/share/hdl_global_localization/hook/cmake_prefix_path.ps1'
[7.789s] [34mcolcon.colcon_core.shell[0m [1;30mINFO[0m Creating environment descriptor '/home/ysc/lite_cog_ros2/nav/install/hdl_global_localization/share/hdl_global_localization/hook/cmake_prefix_path.dsv'
[7.793s] [34mcolcon.colcon_core.shell[0m [1;30mINFO[0m Creating environment hook '/home/ysc/lite_cog_ros2/nav/install/hdl_global_localization/share/hdl_global_localization/hook/cmake_prefix_path.sh'
[7.797s] [34mcolcon.colcon_core.environment[0m [1;30mLevel 1[0m checking '/home/ysc/lite_cog_ros2/nav/install/hdl_global_localization/lib'
[7.798s] [34mcolcon.colcon_core.shell[0m [1;30mLevel 1[0m create_environment_hook('hdl_global_localization', 'ld_library_path_lib')
[7.799s] [34mcolcon.colcon_core.shell[0m [1;30mINFO[0m Creating environment hook '/home/ysc/lite_cog_ros2/nav/install/hdl_global_localization/share/hdl_global_localization/hook/ld_library_path_lib.ps1'
[7.801s] [34mcolcon.colcon_core.shell[0m [1;30mINFO[0m Creating environment descriptor '/home/ysc/lite_cog_ros2/nav/install/hdl_global_localization/share/hdl_global_localization/hook/ld_library_path_lib.dsv'
[7.804s] [34mcolcon.colcon_core.shell[0m [1;30mINFO[0m Creating environment hook '/home/ysc/lite_cog_ros2/nav/install/hdl_global_localization/share/hdl_global_localization/hook/ld_library_path_lib.sh'
[7.807s] [34mcolcon.colcon_core.environment[0m [1;30mLevel 1[0m checking '/home/ysc/lite_cog_ros2/nav/install/hdl_global_localization/bin'
[7.808s] [34mcolcon.colcon_core.environment[0m [1;30mLevel 1[0m checking '/home/ysc/lite_cog_ros2/nav/install/hdl_global_localization/lib/pkgconfig/hdl_global_localization.pc'
[7.809s] [34mcolcon.colcon_core.environment[0m [1;30mLevel 1[0m checking '/home/ysc/lite_cog_ros2/nav/install/hdl_global_localization/lib/python3.8/site-packages'
[7.810s] [34mcolcon.colcon_core.shell[0m [1;30mLevel 1[0m create_environment_hook('hdl_global_localization', 'pythonpath')
[7.811s] [34mcolcon.colcon_core.shell[0m [1;30mINFO[0m Creating environment hook '/home/ysc/lite_cog_ros2/nav/install/hdl_global_localization/share/hdl_global_localization/hook/pythonpath.ps1'
[7.814s] [34mcolcon.colcon_core.shell[0m [1;30mINFO[0m Creating environment descriptor '/home/ysc/lite_cog_ros2/nav/install/hdl_global_localization/share/hdl_global_localization/hook/pythonpath.dsv'
[7.816s] [34mcolcon.colcon_core.shell[0m [1;30mINFO[0m Creating environment hook '/home/ysc/lite_cog_ros2/nav/install/hdl_global_localization/share/hdl_global_localization/hook/pythonpath.sh'
[7.819s] [34mcolcon.colcon_core.environment[0m [1;30mLevel 1[0m checking '/home/ysc/lite_cog_ros2/nav/install/hdl_global_localization/bin'
[7.824s] [34mcolcon.colcon_core.shell[0m [1;30mINFO[0m Creating package script '/home/ysc/lite_cog_ros2/nav/install/hdl_global_localization/share/hdl_global_localization/package.ps1'
[7.831s] [34mcolcon.colcon_core.shell[0m [1;30mINFO[0m Creating package descriptor '/home/ysc/lite_cog_ros2/nav/install/hdl_global_localization/share/hdl_global_localization/package.dsv'
[7.835s] [34mcolcon.colcon_core.shell[0m [1;30mINFO[0m Creating package script '/home/ysc/lite_cog_ros2/nav/install/hdl_global_localization/share/hdl_global_localization/package.sh'
[7.838s] [34mcolcon.colcon_core.shell[0m [1;30mINFO[0m Creating package script '/home/ysc/lite_cog_ros2/nav/install/hdl_global_localization/share/hdl_global_localization/package.bash'
[7.842s] [34mcolcon.colcon_core.shell[0m [1;30mINFO[0m Creating package script '/home/ysc/lite_cog_ros2/nav/install/hdl_global_localization/share/hdl_global_localization/package.zsh'
[7.845s] [34mcolcon.colcon_core.environment[0m [1;30mLevel 1[0m create_file_with_runtime_dependencies(/home/ysc/lite_cog_ros2/nav/install/hdl_global_localization/share/colcon-core/packages/hdl_global_localization)
[7.849s] [34mcolcon.colcon_ros.task.ament_cmake.build[0m [1;30mINFO[0m Building ROS package in '/home/ysc/lite_cog_ros2/nav/src/hdl_localization' with build type 'ament_cmake'
[7.860s] [34mcolcon.colcon_cmake.task.cmake.build[0m [1;30mINFO[0m Building CMake package in '/home/ysc/lite_cog_ros2/nav/src/hdl_localization'
[7.863s] [34mcolcon.colcon_core.shell[0m [1;30mINFO[0m Skip shell extension 'powershell' for command environment: Not usable outside of PowerShell
[7.864s] [34mcolcon.colcon_core.shell[0m [1;30mDEBUG[0m [32mSkip shell extension 'dsv' for command environment[0m
[8.002s] [34mcolcon.colcon_core.event_handler.log_command[0m [1;30mDEBUG[0m [32mInvoking command in '/home/ysc/lite_cog_ros2/nav/build/hdl_localization': AMENT_PREFIX_PATH=/home/ysc/lite_cog_ros2/nav/install/hdl_global_localization:${AMENT_PREFIX_PATH} CMAKE_PREFIX_PATH=/home/ysc/lite_cog_ros2/nav/install/hdl_global_localization:/home/ysc/lite_cog_ros2/ndt_omp/install/ndt_omp:/opt/ros/foxy LD_LIBRARY_PATH=/home/ysc/lite_cog_ros2/nav/install/hdl_global_localization/lib:/home/ysc/lite_cog_ros2/ndt_omp/install/ndt_omp/lib:/usr/lib/aarch64-linux-gnu/gazebo-11/plugins:/opt/ros/foxy/opt/yaml_cpp_vendor/lib:/opt/ros/foxy/opt/rviz_ogre_vendor/lib:/opt/ros/foxy/lib/aarch64-linux-gnu:/opt/ros/foxy/lib:/usr/local/cuda-11.4/lib64 PYTHONPATH=/home/ysc/lite_cog_ros2/nav/install/hdl_global_localization/lib/python3.8/site-packages:${PYTHONPATH} /usr/bin/cmake --build /home/ysc/lite_cog_ros2/nav/build/hdl_localization -- -j6 -l6[0m
[17.506s] [34mcolcon.colcon_core.event_handler.log_command[0m [1;30mDEBUG[0m [32mInvoked command in '/home/ysc/lite_cog_ros2/nav/build/hdl_localization' returned '2': AMENT_PREFIX_PATH=/home/ysc/lite_cog_ros2/nav/install/hdl_global_localization:${AMENT_PREFIX_PATH} CMAKE_PREFIX_PATH=/home/ysc/lite_cog_ros2/nav/install/hdl_global_localization:/home/ysc/lite_cog_ros2/ndt_omp/install/ndt_omp:/opt/ros/foxy LD_LIBRARY_PATH=/home/ysc/lite_cog_ros2/nav/install/hdl_global_localization/lib:/home/ysc/lite_cog_ros2/ndt_omp/install/ndt_omp/lib:/usr/lib/aarch64-linux-gnu/gazebo-11/plugins:/opt/ros/foxy/opt/yaml_cpp_vendor/lib:/opt/ros/foxy/opt/rviz_ogre_vendor/lib:/opt/ros/foxy/lib/aarch64-linux-gnu:/opt/ros/foxy/lib:/usr/local/cuda-11.4/lib64 PYTHONPATH=/home/ysc/lite_cog_ros2/nav/install/hdl_global_localization/lib/python3.8/site-packages:${PYTHONPATH} /usr/bin/cmake --build /home/ysc/lite_cog_ros2/nav/build/hdl_localization -- -j6 -l6[0m
[17.974s] [34mcolcon.colcon_core.environment[0m [1;30mLevel 1[0m create_environment_scripts_only(hdl_localization)
[17.977s] [34mcolcon.colcon_core.environment[0m [1;30mLevel 1[0m checking '/home/ysc/lite_cog_ros2/nav/install/hdl_localization' for CMake module files
[17.980s] [34mcolcon.colcon_core.environment[0m [1;30mLevel 1[0m checking '/home/ysc/lite_cog_ros2/nav/install/hdl_localization' for CMake config files
[17.983s] [34mcolcon.colcon_core.environment[0m [1;30mLevel 1[0m checking '/home/ysc/lite_cog_ros2/nav/install/hdl_localization/bin'
[17.983s] [34mcolcon.colcon_core.environment[0m [1;30mLevel 1[0m checking '/home/ysc/lite_cog_ros2/nav/install/hdl_localization/lib/pkgconfig/hdl_localization.pc'
[17.985s] [34mcolcon.colcon_core.environment[0m [1;30mLevel 1[0m checking '/home/ysc/lite_cog_ros2/nav/install/hdl_localization/lib/python3.8/site-packages'
[17.986s] [34mcolcon.colcon_core.environment[0m [1;30mLevel 1[0m checking '/home/ysc/lite_cog_ros2/nav/install/hdl_localization/bin'
[17.988s] [34mcolcon.colcon_core.shell[0m [1;30mINFO[0m Creating package script '/home/ysc/lite_cog_ros2/nav/install/hdl_localization/share/hdl_localization/package.ps1'
[17.992s] [34mcolcon.colcon_core.shell[0m [1;30mINFO[0m Creating package descriptor '/home/ysc/lite_cog_ros2/nav/install/hdl_localization/share/hdl_localization/package.dsv'
[17.995s] [34mcolcon.colcon_core.shell[0m [1;30mINFO[0m Creating package script '/home/ysc/lite_cog_ros2/nav/install/hdl_localization/share/hdl_localization/package.sh'
[17.997s] [34mcolcon.colcon_core.shell[0m [1;30mINFO[0m Creating package script '/home/ysc/lite_cog_ros2/nav/install/hdl_localization/share/hdl_localization/package.bash'
[17.999s] [34mcolcon.colcon_core.shell[0m [1;30mINFO[0m Creating package script '/home/ysc/lite_cog_ros2/nav/install/hdl_localization/share/hdl_localization/package.zsh'
[18.002s] [34mcolcon.colcon_core.environment[0m [1;30mLevel 1[0m create_file_with_runtime_dependencies(/home/ysc/lite_cog_ros2/nav/install/hdl_localization/share/colcon-core/packages/hdl_localization)
[18.015s] [34mcolcon.colcon_parallel_executor.executor.parallel[0m [1;30mDEBUG[0m [32mclosing loop[0m
[18.016s] [34mcolcon.colcon_parallel_executor.executor.parallel[0m [1;30mDEBUG[0m [32mloop closed[0m
[18.017s] [34mcolcon.colcon_parallel_executor.executor.parallel[0m [1;30mDEBUG[0m [32mrun_until_complete finished with '2'[0m
[18.018s] [34mcolcon.colcon_core.event_reactor[0m [1;30mDEBUG[0m [32mjoining thread[0m
[18.057s] [34mcolcon.colcon_core.plugin_system[0m [1;30mINFO[0m Skipping extension 'colcon_notification.desktop_notification.terminal_notifier': Not used on non-Darwin systems
[18.058s] [34mcolcon.colcon_core.plugin_system[0m [1;30mINFO[0m Skipping extension 'colcon_notification.desktop_notification.win32': Not used on non-Windows systems
[18.058s] [34mcolcon.colcon_notification.desktop_notification[0m [1;30mINFO[0m Sending desktop notification using 'notify2'
[18.175s] [34mcolcon.colcon_core.event_reactor[0m [1;30mDEBUG[0m [32mjoined thread[0m
[18.178s] [34mcolcon.colcon_core.shell[0m [1;30mINFO[0m Creating prefix script '/home/ysc/lite_cog_ros2/nav/install/local_setup.ps1'
[18.183s] [34mcolcon.colcon_core.shell[0m [1;30mINFO[0m Creating prefix util module '/home/ysc/lite_cog_ros2/nav/install/_local_setup_util_ps1.py'
[18.195s] [34mcolcon.colcon_core.shell[0m [1;30mINFO[0m Creating prefix chain script '/home/ysc/lite_cog_ros2/nav/install/setup.ps1'
[18.207s] [34mcolcon.colcon_core.shell[0m [1;30mINFO[0m Creating prefix script '/home/ysc/lite_cog_ros2/nav/install/local_setup.sh'
[18.212s] [34mcolcon.colcon_core.shell[0m [1;30mINFO[0m Creating prefix util module '/home/ysc/lite_cog_ros2/nav/install/_local_setup_util_sh.py'
[18.219s] [34mcolcon.colcon_core.shell[0m [1;30mINFO[0m Creating prefix chain script '/home/ysc/lite_cog_ros2/nav/install/setup.sh'
[18.233s] [34mcolcon.colcon_core.shell[0m [1;30mINFO[0m Creating prefix script '/home/ysc/lite_cog_ros2/nav/install/local_setup.bash'
[18.238s] [34mcolcon.colcon_core.shell[0m [1;30mINFO[0m Creating prefix chain script '/home/ysc/lite_cog_ros2/nav/install/setup.bash'
[18.248s] [34mcolcon.colcon_core.shell[0m [1;30mINFO[0m Creating prefix script '/home/ysc/lite_cog_ros2/nav/install/local_setup.zsh'
[18.251s] [34mcolcon.colcon_core.shell[0m [1;30mINFO[0m Creating prefix chain script '/home/ysc/lite_cog_ros2/nav/install/setup.zsh'
