/home/ysc/lite_cog_ros2/nav/src/narrow_passage_controller/install/narrow_passage_controller/lib/python3.8/site-packages/cmd_vel_safety_arbiter.py
/home/ysc/lite_cog_ros2/nav/src/narrow_passage_controller/install/narrow_passage_controller/lib/python3.8/site-packages/cmd_vel_safety_fusion.py
/home/ysc/lite_cog_ros2/nav/src/narrow_passage_controller/install/narrow_passage_controller/lib/python3.8/site-packages/narrow_passage_controller/__init__.py
/home/ysc/lite_cog_ros2/nav/src/narrow_passage_controller/install/narrow_passage_controller/lib/python3.8/site-packages/narrow_passage_controller/depth_narrow_passage_node.py
/home/ysc/lite_cog_ros2/nav/src/narrow_passage_controller/install/narrow_passage_controller/lib/python3.8/site-packages/__pycache__/cmd_vel_safety_arbiter.cpython-38.pyc
/home/ysc/lite_cog_ros2/nav/src/narrow_passage_controller/install/narrow_passage_controller/lib/python3.8/site-packages/__pycache__/cmd_vel_safety_fusion.cpython-38.pyc
/home/ysc/lite_cog_ros2/nav/src/narrow_passage_controller/install/narrow_passage_controller/lib/python3.8/site-packages/narrow_passage_controller/__pycache__/__init__.cpython-38.pyc
/home/ysc/lite_cog_ros2/nav/src/narrow_passage_controller/install/narrow_passage_controller/lib/python3.8/site-packages/narrow_passage_controller/__pycache__/depth_narrow_passage_node.cpython-38.pyc
/home/ysc/lite_cog_ros2/nav/src/narrow_passage_controller/install/narrow_passage_controller/share/ament_index/resource_index/packages/narrow_passage_controller
/home/ysc/lite_cog_ros2/nav/src/narrow_passage_controller/install/narrow_passage_controller/share/narrow_passage_controller/package.xml
/home/ysc/lite_cog_ros2/nav/src/narrow_passage_controller/install/narrow_passage_controller/lib/python3.8/site-packages/narrow_passage_controller-0.0.0-py3.8.egg-info/PKG-INFO
/home/ysc/lite_cog_ros2/nav/src/narrow_passage_controller/install/narrow_passage_controller/lib/python3.8/site-packages/narrow_passage_controller-0.0.0-py3.8.egg-info/entry_points.txt
/home/ysc/lite_cog_ros2/nav/src/narrow_passage_controller/install/narrow_passage_controller/lib/python3.8/site-packages/narrow_passage_controller-0.0.0-py3.8.egg-info/dependency_links.txt
/home/ysc/lite_cog_ros2/nav/src/narrow_passage_controller/install/narrow_passage_controller/lib/python3.8/site-packages/narrow_passage_controller-0.0.0-py3.8.egg-info/requires.txt
/home/ysc/lite_cog_ros2/nav/src/narrow_passage_controller/install/narrow_passage_controller/lib/python3.8/site-packages/narrow_passage_controller-0.0.0-py3.8.egg-info/top_level.txt
/home/ysc/lite_cog_ros2/nav/src/narrow_passage_controller/install/narrow_passage_controller/lib/python3.8/site-packages/narrow_passage_controller-0.0.0-py3.8.egg-info/SOURCES.txt
/home/ysc/lite_cog_ros2/nav/src/narrow_passage_controller/install/narrow_passage_controller/lib/python3.8/site-packages/narrow_passage_controller-0.0.0-py3.8.egg-info/zip-safe
/home/ysc/lite_cog_ros2/nav/src/narrow_passage_controller/install/narrow_passage_controller/lib/narrow_passage_controller/cmd_vel_safety_arbiter
/home/ysc/lite_cog_ros2/nav/src/narrow_passage_controller/install/narrow_passage_controller/lib/narrow_passage_controller/cmd_vel_safety_fusion
/home/ysc/lite_cog_ros2/nav/src/narrow_passage_controller/install/narrow_passage_controller/lib/narrow_passage_controller/depth_narrow_passage_node
