[0.081s] Invoking command in '/home/ysc/lite_cog_ros2/nav/build/hdl_localization': AMENT_PREFIX_PATH=/home/ysc/lite_cog_ros2/nav/install/hdl_global_localization:${AMENT_PREFIX_PATH} CMAKE_PREFIX_PATH=/home/ysc/lite_cog_ros2/nav/install/hdl_global_localization:/opt/ros/foxy LD_LIBRARY_PATH=/home/ysc/lite_cog_ros2/nav/install/hdl_global_localization/lib:/usr/lib/aarch64-linux-gnu/gazebo-11/plugins:/opt/ros/foxy/opt/yaml_cpp_vendor/lib:/opt/ros/foxy/opt/rviz_ogre_vendor/lib:/opt/ros/foxy/lib/aarch64-linux-gnu:/opt/ros/foxy/lib:/usr/local/cuda-11.4/lib64 PYTHONPATH=/home/ysc/lite_cog_ros2/nav/install/hdl_global_localization/lib/python3.8/site-packages:${PYTHONPATH} /usr/bin/cmake /home/ysc/lite_cog_ros2/nav/src/hdl_localization -DAMENT_CMAKE_SYMLINK_INSTALL=1 -DCMAKE_INSTALL_PREFIX=/home/ysc/lite_cog_ros2/nav/install/hdl_localization
[1.560s] -- The C compiler identification is GNU 9.4.0
[2.342s] -- The CXX compiler identification is GNU 9.4.0
[2.526s] -- Check for working C compiler: /usr/bin/cc
[3.101s] -- Check for working C compiler: /usr/bin/cc -- works
[3.267s] -- Detecting C compiler ABI info
[4.018s] -- Detecting C compiler ABI info - done
[4.242s] -- Detecting C compile features
[4.245s] -- Detecting C compile features - done
[4.264s] -- Check for working CXX compiler: /usr/bin/c++
[4.882s] -- Check for working CXX compiler: /usr/bin/c++ -- works
[4.889s] -- Detecting CXX compiler ABI info
[5.558s] -- Detecting CXX compiler ABI info - done
[5.639s] -- Detecting CXX compile features
[5.642s] -- Detecting CXX compile features - done
[5.798s] -- Found ament_cmake_auto: 0.9.12 (/opt/ros/foxy/share/ament_cmake_auto/cmake)
[6.149s] -- Found PythonInterp: /usr/bin/python3 (found suitable version "3.8.10", minimum required is "3") 
[6.149s] -- Using PYTHON_EXECUTABLE: /usr/bin/python3
[7.748s] -- Override CMake install command with custom implementation using symlinks instead of copying resources
[8.568s] -- Using all available rosidl_typesupport_c: rosidl_typesupport_fastrtps_c;rosidl_typesupport_introspection_c
[8.761s] -- Found rosidl_adapter: 1.3.1 (/opt/ros/foxy/share/rosidl_adapter/cmake)
[10.263s] -- Found OpenSSL: /usr/lib/aarch64-linux-gnu/libcrypto.so (found version "1.1.1f")  
[10.460s] -- Found FastRTPS: /opt/ros/foxy/include  
[12.185s] -- Using all available rosidl_typesupport_cpp: rosidl_typesupport_fastrtps_cpp;rosidl_typesupport_introspection_cpp
[14.639s] -- Found rmw_implementation_cmake: 1.0.4 (/opt/ros/foxy/share/rmw_implementation_cmake/cmake)
[14.651s] -- Using RMW implementation 'rmw_fastrtps_cpp' as default
[14.659s] -- Looking for pthread.h
[15.283s] -- Looking for pthread.h - found
[15.285s] -- Performing Test CMAKE_HAVE_LIBC_PTHREAD
[16.011s] -- Performing Test CMAKE_HAVE_LIBC_PTHREAD - Failed
[16.013s] -- Looking for pthread_create in pthreads
[16.749s] -- Looking for pthread_create in pthreads - not found
[16.750s] -- Looking for pthread_create in pthread
[17.320s] -- Looking for pthread_create in pthread - found
[17.329s] -- Found Threads: TRUE  
[23.731s] -- Found eigen3_cmake_module: 0.1.1 (/opt/ros/foxy/share/eigen3_cmake_module/cmake)
[23.896s] -- Found Eigen3: TRUE (found version "3.3.7") 
[26.952s] -- Checking for module 'eigen3'
[27.227s] --   Found eigen3, version 3.3.7
[27.678s] -- Found Eigen: /usr/include/eigen3 (Required is at least version "3.1") 
[27.678s] -- Eigen found (include: /usr/include/eigen3, version: 3.3.7)
[28.339s] -- Checking for module 'flann'
[28.637s] --   Found flann, version 1.9.1
[29.085s] -- Found FLANN: /usr/lib/aarch64-linux-gnu/libflann_cpp.so  
[29.992s] -- The imported target "vtkParseOGLExt" references the file
[29.992s]    "/usr/bin/vtkParseOGLExt-7.1"
[29.993s] but this file does not exist.  Possible reasons include:
[29.994s] * The file was deleted, renamed, or moved to another location.
[29.994s] * An install or uninstall procedure did not complete successfully.
[29.995s] * The installation package was faulty and contained
[29.995s]    "/usr/lib/cmake/vtk-7.1/VTKTargets.cmake"
[29.995s] but not all the files it references.
[29.996s] 
[29.999s] -- The imported target "vtkRenderingPythonTkWidgets" references the file
[30.000s]    "/usr/lib/aarch64-linux-gnu/libvtkRenderingPythonTkWidgets.so"
[30.000s] but this file does not exist.  Possible reasons include:
[30.001s] * The file was deleted, renamed, or moved to another location.
[30.001s] * An install or uninstall procedure did not complete successfully.
[30.002s] * The installation package was faulty and contained
[30.002s]    "/usr/lib/cmake/vtk-7.1/VTKTargets.cmake"
[30.003s] but not all the files it references.
[30.003s] 
[30.005s] -- The imported target "vtk" references the file
[30.005s]    "/usr/bin/vtk"
[30.006s] but this file does not exist.  Possible reasons include:
[30.006s] * The file was deleted, renamed, or moved to another location.
[30.006s] * An install or uninstall procedure did not complete successfully.
[30.007s] * The installation package was faulty and contained
[30.007s]    "/usr/lib/cmake/vtk-7.1/VTKTargets.cmake"
[30.010s] but not all the files it references.
[30.011s] 
[30.011s] -- The imported target "pvtk" references the file
[30.012s]    "/usr/bin/pvtk"
[30.012s] but this file does not exist.  Possible reasons include:
[30.013s] * The file was deleted, renamed, or moved to another location.
[30.013s] * An install or uninstall procedure did not complete successfully.
[30.014s] * The installation package was faulty and contained
[30.014s]    "/usr/lib/cmake/vtk-7.1/VTKTargets.cmake"
[30.015s] but not all the files it references.
[30.015s] 
[30.308s] -- Checking for module 'libusb-1.0'
[30.588s] --   Found libusb-1.0, version 1.0.23
[31.184s] -- Found USB_10: /usr/lib/aarch64-linux-gnu/libusb-1.0.so  
[31.870s] -- OpenNI found (include: /usr/include/ni, lib: /usr/lib/libOpenNI.so)
[32.806s] -- OpenNI2 found (include: /usr/include/openni2, lib: /usr/lib/libOpenNI2.so)
[32.885s] -- Found libusb-1.0: /usr/include  
[32.937s] -- OpenNI found (include: /usr/include/ni, lib: /usr/lib/libOpenNI.so)
[32.979s] -- OpenNI2 found (include: /usr/include/openni2, lib: /usr/lib/libOpenNI2.so)
[33.307s] -- Found Qhull: optimized;/usr/lib/aarch64-linux-gnu/libqhull.so;debug;/usr/lib/aarch64-linux-gnu/libqhull.so  
[33.308s] -- QHULL found (include: /usr/include, lib: optimized;/usr/lib/aarch64-linux-gnu/libqhull.so;debug;/usr/lib/aarch64-linux-gnu/libqhull.so)
[33.349s] -- OpenNI found (include: /usr/include/ni, lib: /usr/lib/libOpenNI.so)
[33.422s] -- Found PCL_COMMON: /usr/lib/aarch64-linux-gnu/libpcl_common.so  
[33.431s] -- Found PCL_KDTREE: /usr/lib/aarch64-linux-gnu/libpcl_kdtree.so  
[33.439s] -- Found PCL_OCTREE: /usr/lib/aarch64-linux-gnu/libpcl_octree.so  
[33.446s] -- Found PCL_SEARCH: /usr/lib/aarch64-linux-gnu/libpcl_search.so  
[33.453s] -- Found PCL_SAMPLE_CONSENSUS: /usr/lib/aarch64-linux-gnu/libpcl_sample_consensus.so  
[33.458s] -- Found PCL_FILTERS: /usr/lib/aarch64-linux-gnu/libpcl_filters.so  
[33.461s] -- Found PCL_2D: /usr/include/pcl-1.10  
[33.464s] -- Found PCL_GEOMETRY: /usr/include/pcl-1.10  
[33.470s] -- Found PCL_IO: /usr/lib/aarch64-linux-gnu/libpcl_io.so  
[33.476s] -- Found PCL_FEATURES: /usr/lib/aarch64-linux-gnu/libpcl_features.so  
[33.483s] -- Found PCL_ML: /usr/lib/aarch64-linux-gnu/libpcl_ml.so  
[33.489s] -- Found PCL_SEGMENTATION: /usr/lib/aarch64-linux-gnu/libpcl_segmentation.so  
[33.496s] -- Found PCL_VISUALIZATION: /usr/lib/aarch64-linux-gnu/libpcl_visualization.so  
[33.505s] -- Found PCL_SURFACE: /usr/lib/aarch64-linux-gnu/libpcl_surface.so  
[33.512s] -- Found PCL_REGISTRATION: /usr/lib/aarch64-linux-gnu/libpcl_registration.so  
[33.520s] -- Found PCL_KEYPOINTS: /usr/lib/aarch64-linux-gnu/libpcl_keypoints.so  
[33.531s] -- Found PCL_TRACKING: /usr/lib/aarch64-linux-gnu/libpcl_tracking.so  
[33.537s] -- Found PCL_RECOGNITION: /usr/lib/aarch64-linux-gnu/libpcl_recognition.so  
[33.546s] -- Found PCL_STEREO: /usr/lib/aarch64-linux-gnu/libpcl_stereo.so  
[33.552s] -- Found PCL_APPS: /usr/lib/aarch64-linux-gnu/libpcl_apps.so  
[33.558s] -- Found PCL_IN_HAND_SCANNER: /usr/include/pcl-1.10  
[33.704s] -- Found PCL_POINT_CLOUD_EDITOR: /usr/include/pcl-1.10  
[33.711s] -- Found PCL_OUTOFCORE: /usr/lib/aarch64-linux-gnu/libpcl_outofcore.so  
[33.718s] -- Found PCL_PEOPLE: /usr/lib/aarch64-linux-gnu/libpcl_people.so  
[39.114s] -- Found OpenMP_C: -fopenmp (found version "4.5") 
[39.787s] -- Found OpenMP_CXX: -fopenmp (found version "4.5") 
[39.792s] -- Found OpenMP: TRUE (found version "4.5")  
[39.960s] -- Found PythonInterp: /usr/bin/python3 (found version "3.8.10") 
[41.698s] -- Found ament_cmake_ros: 0.9.2 (/opt/ros/foxy/share/ament_cmake_ros/cmake)
[44.176s] -- Using all available rosidl_typesupport_c: rosidl_typesupport_fastrtps_c;rosidl_typesupport_introspection_c
[45.385s] -- Using all available rosidl_typesupport_cpp: rosidl_typesupport_fastrtps_cpp;rosidl_typesupport_introspection_cpp
[45.684s] -- Found PythonInterp: /usr/bin/python3 (found suitable version "3.8.10", minimum required is "3.5") 
[45.849s] -- Found python_cmake_module: 0.8.1 (/opt/ros/foxy/share/python_cmake_module/cmake)
[46.334s] -- Found PythonLibs: /usr/lib/aarch64-linux-gnu/libpython3.8.so (found suitable version "3.8.10", minimum required is "3.5") 
[46.334s] -- Using PYTHON_EXECUTABLE: /usr/bin/python3
[46.335s] -- Using PYTHON_INCLUDE_DIRS: /usr/include/python3.8
[46.335s] -- Using PYTHON_LIBRARIES: /usr/lib/aarch64-linux-gnu/libpython3.8.so
[46.493s] -- Found PythonExtra: .so  
[48.102s] -- Configuring done
[49.194s] -- Generating done
[49.220s] -- Build files have been written to: /home/ysc/lite_cog_ros2/nav/build/hdl_localization
[49.320s] Invoked command in '/home/ysc/lite_cog_ros2/nav/build/hdl_localization' returned '0': AMENT_PREFIX_PATH=/home/ysc/lite_cog_ros2/nav/install/hdl_global_localization:${AMENT_PREFIX_PATH} CMAKE_PREFIX_PATH=/home/ysc/lite_cog_ros2/nav/install/hdl_global_localization:/opt/ros/foxy LD_LIBRARY_PATH=/home/ysc/lite_cog_ros2/nav/install/hdl_global_localization/lib:/usr/lib/aarch64-linux-gnu/gazebo-11/plugins:/opt/ros/foxy/opt/yaml_cpp_vendor/lib:/opt/ros/foxy/opt/rviz_ogre_vendor/lib:/opt/ros/foxy/lib/aarch64-linux-gnu:/opt/ros/foxy/lib:/usr/local/cuda-11.4/lib64 PYTHONPATH=/home/ysc/lite_cog_ros2/nav/install/hdl_global_localization/lib/python3.8/site-packages:${PYTHONPATH} /usr/bin/cmake /home/ysc/lite_cog_ros2/nav/src/hdl_localization -DAMENT_CMAKE_SYMLINK_INSTALL=1 -DCMAKE_INSTALL_PREFIX=/home/ysc/lite_cog_ros2/nav/install/hdl_localization
[49.333s] Invoking command in '/home/ysc/lite_cog_ros2/nav/build/hdl_localization': AMENT_PREFIX_PATH=/home/ysc/lite_cog_ros2/nav/install/hdl_global_localization:${AMENT_PREFIX_PATH} CMAKE_PREFIX_PATH=/home/ysc/lite_cog_ros2/nav/install/hdl_global_localization:/opt/ros/foxy LD_LIBRARY_PATH=/home/ysc/lite_cog_ros2/nav/install/hdl_global_localization/lib:/usr/lib/aarch64-linux-gnu/gazebo-11/plugins:/opt/ros/foxy/opt/yaml_cpp_vendor/lib:/opt/ros/foxy/opt/rviz_ogre_vendor/lib:/opt/ros/foxy/lib/aarch64-linux-gnu:/opt/ros/foxy/lib:/usr/local/cuda-11.4/lib64 PYTHONPATH=/home/ysc/lite_cog_ros2/nav/install/hdl_global_localization/lib/python3.8/site-packages:${PYTHONPATH} /usr/bin/cmake --build /home/ysc/lite_cog_ros2/nav/build/hdl_localization -- -j6 -l6
[49.634s] [35m[1mScanning dependencies of target hdl_localization__cpp[0m
[49.652s] [  2%] [34m[1mGenerating C code for ROS interfaces[0m
[49.703s] [  5%] [34m[1mGenerating C++ code for ROS interfaces[0m
[51.729s] [35m[1mScanning dependencies of target hdl_localization__rosidl_generator_c[0m
[51.762s] [  5%] Built target hdl_localization__cpp
[51.833s] [  8%] [34m[1mGenerating C++ introspection for ROS interfaces[0m
[51.844s] [ 11%] [34m[1mGenerating C++ type support for eProsima Fast-RTPS[0m
[51.850s] [ 14%] [34m[1mGenerating C++ type support dispatch for ROS interfaces[0m
[51.989s] [ 17%] [32mBuilding C object CMakeFiles/hdl_localization__rosidl_generator_c.dir/rosidl_generator_c/hdl_localization/msg/detail/scan_matching_status__functions.c.o[0m
[52.116s] [01m[Kcc1:[m[K [01;35m[Kwarning: [m[Kcommand line option ‘[01m[K-std=c++14[m[K’ is valid for C++/ObjC++ but not for C
[52.851s] [ 20%] [32m[1mLinking C shared library libhdl_localization__rosidl_generator_c.so[0m
[53.175s] [ 20%] Built target hdl_localization__rosidl_generator_c
[53.252s] [ 23%] [34m[1mGenerating C type support dispatch for ROS interfaces[0m
[53.259s] [ 26%] [34m[1mGenerating C introspection for ROS interfaces[0m
[53.426s] [35m[1mScanning dependencies of target hdl_localization__rosidl_typesupport_cpp[0m
[53.570s] [35m[1mScanning dependencies of target hdl_localization__rosidl_typesupport_fastrtps_cpp[0m
[53.626s] [35m[1mScanning dependencies of target hdl_localization__rosidl_typesupport_introspection_cpp[0m
[53.645s] [ 29%] [32mBuilding CXX object CMakeFiles/hdl_localization__rosidl_typesupport_cpp.dir/rosidl_typesupport_cpp/hdl_localization/msg/scan_matching_status__type_support.cpp.o[0m
[53.821s] [ 32%] [32mBuilding CXX object CMakeFiles/hdl_localization__rosidl_typesupport_introspection_cpp.dir/rosidl_typesupport_introspection_cpp/hdl_localization/msg/detail/scan_matching_status__type_support.cpp.o[0m
[53.845s] [ 35%] [32mBuilding CXX object CMakeFiles/hdl_localization__rosidl_typesupport_fastrtps_cpp.dir/rosidl_typesupport_fastrtps_cpp/hdl_localization/msg/detail/dds_fastrtps/scan_matching_status__type_support.cpp.o[0m
[54.872s] [35m[1mScanning dependencies of target hdl_localization__rosidl_typesupport_c[0m
[55.127s] [ 38%] [32mBuilding CXX object CMakeFiles/hdl_localization__rosidl_typesupport_c.dir/rosidl_typesupport_c/hdl_localization/msg/scan_matching_status__type_support.cpp.o[0m
[55.477s] [35m[1mScanning dependencies of target hdl_localization__rosidl_typesupport_introspection_c[0m
[55.566s] [ 41%] [32m[1mLinking CXX shared library libhdl_localization__rosidl_typesupport_c.so[0m
[55.777s] [ 44%] [32mBuilding C object CMakeFiles/hdl_localization__rosidl_typesupport_introspection_c.dir/rosidl_typesupport_introspection_c/hdl_localization/msg/detail/scan_matching_status__type_support.c.o[0m
[55.812s] [01m[Kcc1:[m[K [01;35m[Kwarning: [m[Kcommand line option ‘[01m[K-std=c++14[m[K’ is valid for C++/ObjC++ but not for C
[55.877s] [ 47%] [32m[1mLinking CXX shared library libhdl_localization__rosidl_typesupport_cpp.so[0m
[55.953s] [ 47%] Built target hdl_localization__rosidl_typesupport_c
[56.201s] [ 50%] [32m[1mLinking C shared library libhdl_localization__rosidl_typesupport_introspection_c.so[0m
[56.231s] [ 50%] Built target hdl_localization__rosidl_typesupport_cpp
[56.448s] [ 50%] Built target hdl_localization__rosidl_typesupport_introspection_c
[57.502s] [ 52%] [32m[1mLinking CXX shared library libhdl_localization__rosidl_typesupport_introspection_cpp.so[0m
[57.926s] [ 52%] Built target hdl_localization__rosidl_typesupport_introspection_cpp
[58.689s] [ 55%] [32m[1mLinking CXX shared library libhdl_localization__rosidl_typesupport_fastrtps_cpp.so[0m
[59.294s] [ 55%] Built target hdl_localization__rosidl_typesupport_fastrtps_cpp
[59.379s] [ 58%] [34m[1mGenerating C type support for eProsima Fast-RTPS[0m
[61.143s] [35m[1mScanning dependencies of target hdl_localization__rosidl_typesupport_fastrtps_c[0m
[61.562s] [ 61%] [32mBuilding CXX object CMakeFiles/hdl_localization__rosidl_typesupport_fastrtps_c.dir/rosidl_typesupport_fastrtps_c/hdl_localization/msg/detail/scan_matching_status__type_support_c.cpp.o[0m
[63.996s] [ 64%] [32m[1mLinking CXX shared library libhdl_localization__rosidl_typesupport_fastrtps_c.so[0m
[64.496s] [ 64%] Built target hdl_localization__rosidl_typesupport_fastrtps_c
[64.566s] [35m[1mScanning dependencies of target hdl_localization[0m
[64.644s] [ 64%] Built target hdl_localization
[64.709s] [35m[1mScanning dependencies of target hdl_localization__py[0m
[64.711s] [35m[1mScanning dependencies of target hdl_localization_composition[0m
[64.785s] [ 67%] [34m[1mGenerating Python code for ROS interfaces[0m
[66.695s] [ 70%] [32mBuilding CXX object CMakeFiles/hdl_localization_composition.dir/src/hdl_localization/pose_estimator.cpp.o[0m
[66.732s] [ 73%] [32mBuilding CXX object CMakeFiles/hdl_localization_composition.dir/apps/hdl_localization_composition.cpp.o[0m
[67.084s] [ 73%] Built target hdl_localization__py
[67.166s] [35m[1mScanning dependencies of target hdl_localization__python[0m
[67.445s] [ 76%] [32mBuilding C object CMakeFiles/hdl_localization__python.dir/rosidl_generator_py/hdl_localization/msg/_scan_matching_status_s.c.o[0m
[67.488s] [01m[Kcc1:[m[K [01;35m[Kwarning: [m[Kcommand line option ‘[01m[K-std=c++14[m[K’ is valid for C++/ObjC++ but not for C
[69.150s] [ 79%] [32m[1mLinking C shared library rosidl_generator_py/hdl_localization/libhdl_localization__python.so[0m
[69.465s] [ 79%] Built target hdl_localization__python
[69.560s] [35m[1mScanning dependencies of target hdl_localization__rosidl_typesupport_c__pyext[0m
[69.597s] [35m[1mScanning dependencies of target hdl_localization__rosidl_typesupport_fastrtps_c__pyext[0m
[69.634s] [35m[1mScanning dependencies of target hdl_localization__rosidl_typesupport_introspection_c__pyext[0m
[69.811s] [ 82%] [32mBuilding C object CMakeFiles/hdl_localization__rosidl_typesupport_introspection_c__pyext.dir/rosidl_generator_py/hdl_localization/_hdl_localization_s.ep.rosidl_typesupport_introspection_c.c.o[0m
[69.837s] [ 85%] [32mBuilding C object CMakeFiles/hdl_localization__rosidl_typesupport_fastrtps_c__pyext.dir/rosidl_generator_py/hdl_localization/_hdl_localization_s.ep.rosidl_typesupport_fastrtps_c.c.o[0m
[69.850s] [01m[Kcc1:[m[K [01;35m[Kwarning: [m[Kcommand line option ‘[01m[K-std=c++14[m[K’ is valid for C++/ObjC++ but not for C
[69.854s] [ 88%] [32mBuilding C object CMakeFiles/hdl_localization__rosidl_typesupport_c__pyext.dir/rosidl_generator_py/hdl_localization/_hdl_localization_s.ep.rosidl_typesupport_c.c.o[0m
[69.871s] [01m[Kcc1:[m[K [01;35m[Kwarning: [m[Kcommand line option ‘[01m[K-std=c++14[m[K’ is valid for C++/ObjC++ but not for C
[69.905s] [01m[Kcc1:[m[K [01;35m[Kwarning: [m[Kcommand line option ‘[01m[K-std=c++14[m[K’ is valid for C++/ObjC++ but not for C
[70.636s] [ 91%] [32m[1mLinking CXX shared library rosidl_generator_py/hdl_localization/hdl_localization_s__rosidl_typesupport_fastrtps_c.cpython-38-aarch64-linux-gnu.so[0m
[70.974s] [ 94%] [32m[1mLinking C shared library rosidl_generator_py/hdl_localization/hdl_localization_s__rosidl_typesupport_introspection_c.cpython-38-aarch64-linux-gnu.so[0m
[71.114s] [ 97%] [32m[1mLinking C shared library rosidl_generator_py/hdl_localization/hdl_localization_s__rosidl_typesupport_c.cpython-38-aarch64-linux-gnu.so[0m
[71.293s] [ 97%] Built target hdl_localization__rosidl_typesupport_fastrtps_c__pyext
[71.381s] [ 97%] Built target hdl_localization__rosidl_typesupport_introspection_c__pyext
[71.430s] [ 97%] Built target hdl_localization__rosidl_typesupport_c__pyext
[75.854s] In file included from [01m[K/home/ysc/lite_cog_ros2/nav/src/hdl_localization/apps/hdl_localization_composition.cpp:2[m[K:
[75.854s] [01m[K/home/ysc/lite_cog_ros2/nav/src/hdl_localization/apps/./hdl_localization_app.hpp:25:10:[m[K [01;31m[Kfatal error: [m[Kpclomp/ndt_omp.h: No such file or directory
[75.855s]    25 | #include [01;31m[K<pclomp/ndt_omp.h>[m[K
[75.856s]       |          [01;31m[K^~~~~~~~~~~~~~~~~~[m[K
[75.856s] compilation terminated.
[76.083s] make[2]: *** [CMakeFiles/hdl_localization_composition.dir/build.make:76: CMakeFiles/hdl_localization_composition.dir/apps/hdl_localization_composition.cpp.o] Error 1
[76.083s] make[2]: *** Waiting for unfinished jobs....
[167.622s] make[1]: *** [CMakeFiles/Makefile2:326: CMakeFiles/hdl_localization_composition.dir/all] Error 2
[167.634s] make: *** [Makefile:141: all] Error 2
[167.653s] Invoked command in '/home/ysc/lite_cog_ros2/nav/build/hdl_localization' returned '2': AMENT_PREFIX_PATH=/home/ysc/lite_cog_ros2/nav/install/hdl_global_localization:${AMENT_PREFIX_PATH} CMAKE_PREFIX_PATH=/home/ysc/lite_cog_ros2/nav/install/hdl_global_localization:/opt/ros/foxy LD_LIBRARY_PATH=/home/ysc/lite_cog_ros2/nav/install/hdl_global_localization/lib:/usr/lib/aarch64-linux-gnu/gazebo-11/plugins:/opt/ros/foxy/opt/yaml_cpp_vendor/lib:/opt/ros/foxy/opt/rviz_ogre_vendor/lib:/opt/ros/foxy/lib/aarch64-linux-gnu:/opt/ros/foxy/lib:/usr/local/cuda-11.4/lib64 PYTHONPATH=/home/ysc/lite_cog_ros2/nav/install/hdl_global_localization/lib/python3.8/site-packages:${PYTHONPATH} /usr/bin/cmake --build /home/ysc/lite_cog_ros2/nav/build/hdl_localization -- -j6 -l6
