[5.962s] [34mcolcon[0m [1;30mDEBUG[0m [32mCommand line arguments: ['/usr/bin/colcon', 'build', '--packages-select', 'narrow_passage_controller'][0m
[5.963s] [34mcolcon[0m [1;30mDEBUG[0m [32mParsed command line arguments: Namespace(allow_overriding=[], ament_cmake_args=None, base_paths=['.'], build_base='build', catkin_cmake_args=None, catkin_skip_building_tests=False, cmake_args=None, cmake_clean_cache=False, cmake_clean_first=False, cmake_force_configure=False, cmake_target=None, cmake_target_skip_unavailable=False, continue_on_error=False, event_handlers=None, executor='parallel', ignore_user_meta=False, install_base='install', log_base=None, log_level=None, main=<bound method BuildVerb.main of <colcon_core.verb.build.BuildVerb object at 0xffff84f727c0>>, merge_install=False, metas=['./colcon.meta'], packages_above=None, packages_above_and_dependencies=None, packages_above_depth=None, packages_end=None, packages_ignore=None, packages_ignore_regex=None, packages_select=['narrow_passage_controller'], packages_select_build_failed=False, packages_select_by_dep=None, packages_select_regex=None, packages_select_test_failures=False, packages_skip=None, packages_skip_build_finished=False, packages_skip_by_dep=None, packages_skip_regex=None, packages_skip_test_passed=False, packages_skip_up_to=None, packages_start=None, packages_up_to=None, packages_up_to_regex=None, parallel_workers=6, paths=None, symlink_install=False, test_result_base=None, verb_extension=<colcon_core.verb.build.BuildVerb object at 0xffff84f727c0>, verb_name='build', verb_parser=<colcon_defaults.argument_parser.defaults.DefaultArgumentsDecorator object at 0xffff84f72d30>)[0m
[7.928s] [34mcolcon.colcon_core.package_discovery[0m [1;30mLevel 1[0m discover_packages(colcon_meta) check parameters
[7.930s] [34mcolcon.colcon_core.package_discovery[0m [1;30mLevel 1[0m discover_packages(recursive) check parameters
[7.930s] [34mcolcon.colcon_core.package_discovery[0m [1;30mLevel 1[0m discover_packages(ignore) check parameters
[7.930s] [34mcolcon.colcon_core.package_discovery[0m [1;30mLevel 1[0m discover_packages(path) check parameters
[7.930s] [34mcolcon.colcon_core.package_discovery[0m [1;30mLevel 1[0m discover_packages(colcon_meta) discover
[7.931s] [34mcolcon.colcon_core.package_discovery[0m [1;30mLevel 1[0m discover_packages(recursive) discover
[7.931s] [34mcolcon.colcon_core.package_discovery[0m [1;30mINFO[0m Crawling recursively for packages in '/home/ysc/lite_cog_ros2/nav/src'
[7.932s] [34mcolcon.colcon_core.package_identification[0m [1;30mLevel 1[0m _identify(.) by extensions ['ignore', 'ignore_ament_install']
[7.932s] [34mcolcon.colcon_core.package_identification[0m [1;30mLevel 1[0m _identify(.) by extension 'ignore'
[7.933s] [34mcolcon.colcon_core.package_identification[0m [1;30mLevel 1[0m _identify(.) by extension 'ignore_ament_install'
[7.933s] [34mcolcon.colcon_core.package_identification[0m [1;30mLevel 1[0m _identify(.) by extensions ['colcon_pkg']
[7.933s] [34mcolcon.colcon_core.package_identification[0m [1;30mLevel 1[0m _identify(.) by extension 'colcon_pkg'
[7.934s] [34mcolcon.colcon_core.package_identification[0m [1;30mLevel 1[0m _identify(.) by extensions ['colcon_meta']
[7.934s] [34mcolcon.colcon_core.package_identification[0m [1;30mLevel 1[0m _identify(.) by extension 'colcon_meta'
[7.934s] [34mcolcon.colcon_core.package_identification[0m [1;30mLevel 1[0m _identify(.) by extensions ['ros']
[7.934s] [34mcolcon.colcon_core.package_identification[0m [1;30mLevel 1[0m _identify(.) by extension 'ros'
[8.007s] [34mcolcon.colcon_core.package_identification[0m [1;30mLevel 1[0m _identify(.) by extensions ['cmake', 'python']
[8.007s] [34mcolcon.colcon_core.package_identification[0m [1;30mLevel 1[0m _identify(.) by extension 'cmake'
[8.007s] [34mcolcon.colcon_core.package_identification[0m [1;30mLevel 1[0m _identify(.) by extension 'python'
[8.008s] [34mcolcon.colcon_core.package_identification[0m [1;30mLevel 1[0m _identify(.) by extensions ['python_setup_py']
[8.008s] [34mcolcon.colcon_core.package_identification[0m [1;30mLevel 1[0m _identify(.) by extension 'python_setup_py'
[8.010s] [34mcolcon.colcon_core.package_identification[0m [1;30mLevel 1[0m _identify(build) by extensions ['ignore', 'ignore_ament_install']
[8.011s] [34mcolcon.colcon_core.package_identification[0m [1;30mLevel 1[0m _identify(build) by extension 'ignore'
[8.012s] [34mcolcon.colcon_core.package_identification[0m [1;30mLevel 1[0m _identify(build) ignored
[8.013s] [34mcolcon.colcon_core.package_identification[0m [1;30mLevel 1[0m _identify(dr_nav2) by extensions ['ignore', 'ignore_ament_install']
[8.013s] [34mcolcon.colcon_core.package_identification[0m [1;30mLevel 1[0m _identify(dr_nav2) by extension 'ignore'
[8.014s] [34mcolcon.colcon_core.package_identification[0m [1;30mLevel 1[0m _identify(dr_nav2) by extension 'ignore_ament_install'
[8.014s] [34mcolcon.colcon_core.package_identification[0m [1;30mLevel 1[0m _identify(dr_nav2) by extensions ['colcon_pkg']
[8.015s] [34mcolcon.colcon_core.package_identification[0m [1;30mLevel 1[0m _identify(dr_nav2) by extension 'colcon_pkg'
[8.015s] [34mcolcon.colcon_core.package_identification[0m [1;30mLevel 1[0m _identify(dr_nav2) by extensions ['colcon_meta']
[8.015s] [34mcolcon.colcon_core.package_identification[0m [1;30mLevel 1[0m _identify(dr_nav2) by extension 'colcon_meta'
[8.015s] [34mcolcon.colcon_core.package_identification[0m [1;30mLevel 1[0m _identify(dr_nav2) by extensions ['ros']
[8.016s] [34mcolcon.colcon_core.package_identification[0m [1;30mLevel 1[0m _identify(dr_nav2) by extension 'ros'
[8.172s] [34mcolcon.colcon_core.package_identification[0m [1;30mDEBUG[0m [32mPackage 'dr_nav2' with type 'ros.ament_cmake' and name 'dr_nav2'[0m
[8.173s] [34mcolcon.colcon_core.package_identification[0m [1;30mLevel 1[0m _identify(hdl_global_localization) by extensions ['ignore', 'ignore_ament_install']
[8.174s] [34mcolcon.colcon_core.package_identification[0m [1;30mLevel 1[0m _identify(hdl_global_localization) by extension 'ignore'
[8.174s] [34mcolcon.colcon_core.package_identification[0m [1;30mLevel 1[0m _identify(hdl_global_localization) by extension 'ignore_ament_install'
[8.175s] [34mcolcon.colcon_core.package_identification[0m [1;30mLevel 1[0m _identify(hdl_global_localization) by extensions ['colcon_pkg']
[8.175s] [34mcolcon.colcon_core.package_identification[0m [1;30mLevel 1[0m _identify(hdl_global_localization) by extension 'colcon_pkg'
[8.175s] [34mcolcon.colcon_core.package_identification[0m [1;30mLevel 1[0m _identify(hdl_global_localization) by extensions ['colcon_meta']
[8.176s] [34mcolcon.colcon_core.package_identification[0m [1;30mLevel 1[0m _identify(hdl_global_localization) by extension 'colcon_meta'
[8.176s] [34mcolcon.colcon_core.package_identification[0m [1;30mLevel 1[0m _identify(hdl_global_localization) by extensions ['ros']
[8.176s] [34mcolcon.colcon_core.package_identification[0m [1;30mLevel 1[0m _identify(hdl_global_localization) by extension 'ros'
[8.393s] [34mcolcon.colcon_core.package_identification[0m [1;30mDEBUG[0m [32mPackage 'hdl_global_localization' with type 'ros.ament_cmake' and name 'hdl_global_localization'[0m
[8.395s] [34mcolcon.colcon_core.package_identification[0m [1;30mLevel 1[0m _identify(hdl_localization) by extensions ['ignore', 'ignore_ament_install']
[8.395s] [34mcolcon.colcon_core.package_identification[0m [1;30mLevel 1[0m _identify(hdl_localization) by extension 'ignore'
[8.396s] [34mcolcon.colcon_core.package_identification[0m [1;30mLevel 1[0m _identify(hdl_localization) by extension 'ignore_ament_install'
[8.396s] [34mcolcon.colcon_core.package_identification[0m [1;30mLevel 1[0m _identify(hdl_localization) by extensions ['colcon_pkg']
[8.396s] [34mcolcon.colcon_core.package_identification[0m [1;30mLevel 1[0m _identify(hdl_localization) by extension 'colcon_pkg'
[8.397s] [34mcolcon.colcon_core.package_identification[0m [1;30mLevel 1[0m _identify(hdl_localization) by extensions ['colcon_meta']
[8.397s] [34mcolcon.colcon_core.package_identification[0m [1;30mLevel 1[0m _identify(hdl_localization) by extension 'colcon_meta'
[8.397s] [34mcolcon.colcon_core.package_identification[0m [1;30mLevel 1[0m _identify(hdl_localization) by extensions ['ros']
[8.398s] [34mcolcon.colcon_core.package_identification[0m [1;30mLevel 1[0m _identify(hdl_localization) by extension 'ros'
[8.412s] [34mcolcon.colcon_core.package_identification[0m [1;30mDEBUG[0m [32mPackage 'hdl_localization' with type 'ros.ament_cmake' and name 'hdl_localization'[0m
[8.414s] [34mcolcon.colcon_core.package_identification[0m [1;30mLevel 1[0m _identify(install) by extensions ['ignore', 'ignore_ament_install']
[8.414s] [34mcolcon.colcon_core.package_identification[0m [1;30mLevel 1[0m _identify(install) by extension 'ignore'
[8.415s] [34mcolcon.colcon_core.package_identification[0m [1;30mLevel 1[0m _identify(install) ignored
[8.559s] [34mcolcon.colcon_core.package_identification[0m [1;30mLevel 1[0m _identify(late_fusion) by extensions ['ignore', 'ignore_ament_install']
[8.561s] [34mcolcon.colcon_core.package_identification[0m [1;30mLevel 1[0m _identify(late_fusion) by extension 'ignore'
[8.562s] [34mcolcon.colcon_core.package_identification[0m [1;30mLevel 1[0m _identify(late_fusion) by extension 'ignore_ament_install'
[8.562s] [34mcolcon.colcon_core.package_identification[0m [1;30mLevel 1[0m _identify(late_fusion) by extensions ['colcon_pkg']
[8.563s] [34mcolcon.colcon_core.package_identification[0m [1;30mLevel 1[0m _identify(late_fusion) by extension 'colcon_pkg'
[8.563s] [34mcolcon.colcon_core.package_identification[0m [1;30mLevel 1[0m _identify(late_fusion) by extensions ['colcon_meta']
[8.563s] [34mcolcon.colcon_core.package_identification[0m [1;30mLevel 1[0m _identify(late_fusion) by extension 'colcon_meta'
[8.564s] [34mcolcon.colcon_core.package_identification[0m [1;30mLevel 1[0m _identify(late_fusion) by extensions ['ros']
[8.564s] [34mcolcon.colcon_core.package_identification[0m [1;30mLevel 1[0m _identify(late_fusion) by extension 'ros'
[8.568s] [34mcolcon.colcon_core.package_identification[0m [1;30mDEBUG[0m [32mPackage 'late_fusion' with type 'ros.ament_python' and name 'late_fusion'[0m
[8.570s] [34mcolcon.colcon_core.package_identification[0m [1;30mLevel 1[0m _identify(log) by extensions ['ignore', 'ignore_ament_install']
[8.570s] [34mcolcon.colcon_core.package_identification[0m [1;30mLevel 1[0m _identify(log) by extension 'ignore'
[8.575s] [34mcolcon.colcon_core.package_identification[0m [1;30mLevel 1[0m _identify(log) ignored
[8.585s] [34mcolcon.colcon_core.package_identification[0m [1;30mLevel 1[0m _identify(narrow_passage_controller) by extensions ['ignore', 'ignore_ament_install']
[8.586s] [34mcolcon.colcon_core.package_identification[0m [1;30mLevel 1[0m _identify(narrow_passage_controller) by extension 'ignore'
[8.587s] [34mcolcon.colcon_core.package_identification[0m [1;30mLevel 1[0m _identify(narrow_passage_controller) by extension 'ignore_ament_install'
[8.587s] [34mcolcon.colcon_core.package_identification[0m [1;30mLevel 1[0m _identify(narrow_passage_controller) by extensions ['colcon_pkg']
[8.587s] [34mcolcon.colcon_core.package_identification[0m [1;30mLevel 1[0m _identify(narrow_passage_controller) by extension 'colcon_pkg'
[8.588s] [34mcolcon.colcon_core.package_identification[0m [1;30mLevel 1[0m _identify(narrow_passage_controller) by extensions ['colcon_meta']
[8.588s] [34mcolcon.colcon_core.package_identification[0m [1;30mLevel 1[0m _identify(narrow_passage_controller) by extension 'colcon_meta'
[8.589s] [34mcolcon.colcon_core.package_identification[0m [1;30mLevel 1[0m _identify(narrow_passage_controller) by extensions ['ros']
[8.590s] [34mcolcon.colcon_core.package_identification[0m [1;30mLevel 1[0m _identify(narrow_passage_controller) by extension 'ros'
[8.595s] [34mcolcon.colcon_core.package_identification[0m [1;30mDEBUG[0m [32mPackage 'narrow_passage_controller' with type 'ros.ament_python' and name 'narrow_passage_controller'[0m
[8.597s] [34mcolcon.colcon_core.package_identification[0m [1;30mLevel 1[0m _identify(sensor_test) by extensions ['ignore', 'ignore_ament_install']
[8.598s] [34mcolcon.colcon_core.package_identification[0m [1;30mLevel 1[0m _identify(sensor_test) by extension 'ignore'
[8.598s] [34mcolcon.colcon_core.package_identification[0m [1;30mLevel 1[0m _identify(sensor_test) by extension 'ignore_ament_install'
[8.599s] [34mcolcon.colcon_core.package_identification[0m [1;30mLevel 1[0m _identify(sensor_test) by extensions ['colcon_pkg']
[8.599s] [34mcolcon.colcon_core.package_identification[0m [1;30mLevel 1[0m _identify(sensor_test) by extension 'colcon_pkg'
[8.600s] [34mcolcon.colcon_core.package_identification[0m [1;30mLevel 1[0m _identify(sensor_test) by extensions ['colcon_meta']
[8.600s] [34mcolcon.colcon_core.package_identification[0m [1;30mLevel 1[0m _identify(sensor_test) by extension 'colcon_meta'
[8.600s] [34mcolcon.colcon_core.package_identification[0m [1;30mLevel 1[0m _identify(sensor_test) by extensions ['ros']
[8.600s] [34mcolcon.colcon_core.package_identification[0m [1;30mLevel 1[0m _identify(sensor_test) by extension 'ros'
[8.612s] [34mcolcon.colcon_core.package_identification[0m [1;30mDEBUG[0m [32mPackage 'sensor_test' with type 'ros.ament_cmake' and name 'sensor_test'[0m
[8.613s] [34mcolcon.colcon_core.package_discovery[0m [1;30mLevel 1[0m discover_packages(recursive) using defaults
[8.613s] [34mcolcon.colcon_core.package_discovery[0m [1;30mLevel 1[0m discover_packages(ignore) discover
[8.613s] [34mcolcon.colcon_core.package_discovery[0m [1;30mLevel 1[0m discover_packages(ignore) using defaults
[8.615s] [34mcolcon.colcon_core.package_discovery[0m [1;30mLevel 1[0m discover_packages(path) discover
[8.615s] [34mcolcon.colcon_core.package_discovery[0m [1;30mLevel 1[0m discover_packages(path) using defaults
[9.308s] [34mcolcon.colcon_core.package_selection[0m [1;30mINFO[0m Skipping not selected package 'dr_nav2' in 'dr_nav2'
[9.309s] [34mcolcon.colcon_core.package_selection[0m [1;30mINFO[0m Skipping not selected package 'hdl_global_localization' in 'hdl_global_localization'
[9.309s] [34mcolcon.colcon_core.package_selection[0m [1;30mINFO[0m Skipping not selected package 'late_fusion' in 'late_fusion'
[9.309s] [34mcolcon.colcon_core.package_selection[0m [1;30mINFO[0m Skipping not selected package 'sensor_test' in 'sensor_test'
[9.309s] [34mcolcon.colcon_core.package_selection[0m [1;30mINFO[0m Skipping not selected package 'hdl_localization' in 'hdl_localization'
[9.314s] [34mcolcon.colcon_core.package_discovery[0m [1;30mLevel 1[0m discover_packages(prefix_path) check parameters
[9.314s] [34mcolcon.colcon_core.package_discovery[0m [1;30mLevel 1[0m discover_packages(prefix_path) discover
[9.354s] [34mcolcon.colcon_installed_package_information.package_discovery[0m [1;30mDEBUG[0m [32mFound 6 installed packages in /home/ysc/lite_cog_ros2/nav/src/install[0m
[9.368s] [34mcolcon.colcon_installed_package_information.package_discovery[0m [1;30mDEBUG[0m [32mFound 324 installed packages in /opt/ros/foxy[0m
[9.385s] [34mcolcon.colcon_core.package_discovery[0m [1;30mLevel 1[0m discover_packages(prefix_path) using defaults
[10.861s] [34mcolcon.colcon_core.verb[0m [1;30mLevel 5[0m set package 'narrow_passage_controller' build argument 'cmake_args' from command line to 'None'
[10.861s] [34mcolcon.colcon_core.verb[0m [1;30mLevel 5[0m set package 'narrow_passage_controller' build argument 'cmake_target' from command line to 'None'
[10.861s] [34mcolcon.colcon_core.verb[0m [1;30mLevel 5[0m set package 'narrow_passage_controller' build argument 'cmake_target_skip_unavailable' from command line to 'False'
[10.862s] [34mcolcon.colcon_core.verb[0m [1;30mLevel 5[0m set package 'narrow_passage_controller' build argument 'cmake_clean_cache' from command line to 'False'
[10.862s] [34mcolcon.colcon_core.verb[0m [1;30mLevel 5[0m set package 'narrow_passage_controller' build argument 'cmake_clean_first' from command line to 'False'
[10.862s] [34mcolcon.colcon_core.verb[0m [1;30mLevel 5[0m set package 'narrow_passage_controller' build argument 'cmake_force_configure' from command line to 'False'
[10.862s] [34mcolcon.colcon_core.verb[0m [1;30mLevel 5[0m set package 'narrow_passage_controller' build argument 'ament_cmake_args' from command line to 'None'
[10.862s] [34mcolcon.colcon_core.verb[0m [1;30mLevel 5[0m set package 'narrow_passage_controller' build argument 'catkin_cmake_args' from command line to 'None'
[10.863s] [34mcolcon.colcon_core.verb[0m [1;30mLevel 5[0m set package 'narrow_passage_controller' build argument 'catkin_skip_building_tests' from command line to 'False'
[10.863s] [34mcolcon.colcon_core.verb[0m [1;30mDEBUG[0m [32mBuilding package 'narrow_passage_controller' with the following arguments: {'ament_cmake_args': None, 'build_base': '/home/ysc/lite_cog_ros2/nav/src/build/narrow_passage_controller', 'catkin_cmake_args': None, 'catkin_skip_building_tests': False, 'cmake_args': None, 'cmake_clean_cache': False, 'cmake_clean_first': False, 'cmake_force_configure': False, 'cmake_target': None, 'cmake_target_skip_unavailable': False, 'install_base': '/home/ysc/lite_cog_ros2/nav/src/install/narrow_passage_controller', 'merge_install': False, 'path': '/home/ysc/lite_cog_ros2/nav/src/narrow_passage_controller', 'symlink_install': False, 'test_result_base': None}[0m
[10.864s] [34mcolcon.colcon_core.executor[0m [1;30mINFO[0m Executing jobs using 'parallel' executor
[10.871s] [34mcolcon.colcon_parallel_executor.executor.parallel[0m [1;30mDEBUG[0m [32mrun_until_complete[0m
[10.872s] [34mcolcon.colcon_ros.task.ament_python.build[0m [1;30mINFO[0m Building ROS package in '/home/ysc/lite_cog_ros2/nav/src/narrow_passage_controller' with build type 'ament_python'
[10.874s] [34mcolcon.colcon_core.shell[0m [1;30mLevel 1[0m create_environment_hook('narrow_passage_controller', 'ament_prefix_path')
[11.050s] [34mcolcon.colcon_core.plugin_system[0m [1;30mINFO[0m Skipping extension 'colcon_core.shell.bat': Not used on non-Windows systems
[11.051s] [34mcolcon.colcon_core.shell[0m [1;30mINFO[0m Creating environment hook '/home/ysc/lite_cog_ros2/nav/src/install/narrow_passage_controller/share/narrow_passage_controller/hook/ament_prefix_path.ps1'
[11.060s] [34mcolcon.colcon_core.shell[0m [1;30mINFO[0m Creating environment descriptor '/home/ysc/lite_cog_ros2/nav/src/install/narrow_passage_controller/share/narrow_passage_controller/hook/ament_prefix_path.dsv'
[11.065s] [34mcolcon.colcon_core.shell[0m [1;30mINFO[0m Creating environment hook '/home/ysc/lite_cog_ros2/nav/src/install/narrow_passage_controller/share/narrow_passage_controller/hook/ament_prefix_path.sh'
[11.070s] [34mcolcon.colcon_core.shell[0m [1;30mINFO[0m Skip shell extension 'powershell' for command environment: Not usable outside of PowerShell
[11.070s] [34mcolcon.colcon_core.shell[0m [1;30mDEBUG[0m [32mSkip shell extension 'dsv' for command environment[0m
[13.219s] [34mcolcon.colcon_core.task.python.build[0m [1;30mINFO[0m Building Python package in '/home/ysc/lite_cog_ros2/nav/src/narrow_passage_controller'
[13.225s] [34mcolcon.colcon_core.shell[0m [1;30mINFO[0m Skip shell extension 'powershell' for command environment: Not usable outside of PowerShell
[13.225s] [34mcolcon.colcon_core.shell[0m [1;30mDEBUG[0m [32mSkip shell extension 'dsv' for command environment[0m
[19.525s] [34mcolcon.colcon_core.event_handler.log_command[0m [1;30mDEBUG[0m [32mInvoking command in '/home/ysc/lite_cog_ros2/nav/src/narrow_passage_controller': PYTHONPATH=/home/ysc/lite_cog_ros2/nav/src/build/narrow_passage_controller/prefix_override:/home/ysc/lite_cog_ros2/nav/src/install/narrow_passage_controller/lib/python3.8/site-packages:${PYTHONPATH} /usr/bin/python3 -W ignore:setup.py install is deprecated setup.py egg_info --egg-base ../build/narrow_passage_controller build --build-base /home/ysc/lite_cog_ros2/nav/src/build/narrow_passage_controller/build install --record /home/ysc/lite_cog_ros2/nav/src/build/narrow_passage_controller/install.log --install-scripts $base/lib/narrow_passage_controller --single-version-externally-managed install_data[0m
[22.207s] [34mcolcon.colcon_core.event_handler.log_command[0m [1;30mDEBUG[0m [32mInvoked command in '/home/ysc/lite_cog_ros2/nav/src/narrow_passage_controller' returned '0': PYTHONPATH=/home/ysc/lite_cog_ros2/nav/src/build/narrow_passage_controller/prefix_override:/home/ysc/lite_cog_ros2/nav/src/install/narrow_passage_controller/lib/python3.8/site-packages:${PYTHONPATH} /usr/bin/python3 -W ignore:setup.py install is deprecated setup.py egg_info --egg-base ../build/narrow_passage_controller build --build-base /home/ysc/lite_cog_ros2/nav/src/build/narrow_passage_controller/build install --record /home/ysc/lite_cog_ros2/nav/src/build/narrow_passage_controller/install.log --install-scripts $base/lib/narrow_passage_controller --single-version-externally-managed install_data[0m
[22.381s] [34mcolcon.colcon_core.environment[0m [1;30mLevel 1[0m checking '/home/ysc/lite_cog_ros2/nav/src/install/narrow_passage_controller' for CMake module files
[22.385s] [34mcolcon.colcon_core.environment[0m [1;30mLevel 1[0m checking '/home/ysc/lite_cog_ros2/nav/src/install/narrow_passage_controller' for CMake config files
[22.392s] [34mcolcon.colcon_core.environment[0m [1;30mLevel 1[0m checking '/home/ysc/lite_cog_ros2/nav/src/install/narrow_passage_controller/lib'
[22.394s] [34mcolcon.colcon_core.environment[0m [1;30mLevel 1[0m checking '/home/ysc/lite_cog_ros2/nav/src/install/narrow_passage_controller/bin'
[22.394s] [34mcolcon.colcon_core.environment[0m [1;30mLevel 1[0m checking '/home/ysc/lite_cog_ros2/nav/src/install/narrow_passage_controller/lib/pkgconfig/narrow_passage_controller.pc'
[22.396s] [34mcolcon.colcon_core.environment[0m [1;30mLevel 1[0m checking '/home/ysc/lite_cog_ros2/nav/src/install/narrow_passage_controller/lib/python3.8/site-packages'
[22.397s] [34mcolcon.colcon_core.shell[0m [1;30mLevel 1[0m create_environment_hook('narrow_passage_controller', 'pythonpath')
[22.399s] [34mcolcon.colcon_core.shell[0m [1;30mINFO[0m Creating environment hook '/home/ysc/lite_cog_ros2/nav/src/install/narrow_passage_controller/share/narrow_passage_controller/hook/pythonpath.ps1'
[22.403s] [34mcolcon.colcon_core.shell[0m [1;30mINFO[0m Creating environment descriptor '/home/ysc/lite_cog_ros2/nav/src/install/narrow_passage_controller/share/narrow_passage_controller/hook/pythonpath.dsv'
[22.407s] [34mcolcon.colcon_core.shell[0m [1;30mINFO[0m Creating environment hook '/home/ysc/lite_cog_ros2/nav/src/install/narrow_passage_controller/share/narrow_passage_controller/hook/pythonpath.sh'
[22.413s] [34mcolcon.colcon_core.environment[0m [1;30mLevel 1[0m checking '/home/ysc/lite_cog_ros2/nav/src/install/narrow_passage_controller/bin'
[22.413s] [34mcolcon.colcon_core.environment[0m [1;30mLevel 1[0m create_environment_scripts_only(narrow_passage_controller)
[22.416s] [34mcolcon.colcon_core.shell[0m [1;30mINFO[0m Creating package script '/home/ysc/lite_cog_ros2/nav/src/install/narrow_passage_controller/share/narrow_passage_controller/package.ps1'
[22.420s] [34mcolcon.colcon_core.shell[0m [1;30mINFO[0m Creating package descriptor '/home/ysc/lite_cog_ros2/nav/src/install/narrow_passage_controller/share/narrow_passage_controller/package.dsv'
[22.425s] [34mcolcon.colcon_core.shell[0m [1;30mINFO[0m Creating package script '/home/ysc/lite_cog_ros2/nav/src/install/narrow_passage_controller/share/narrow_passage_controller/package.sh'
[22.435s] [34mcolcon.colcon_core.shell[0m [1;30mINFO[0m Creating package script '/home/ysc/lite_cog_ros2/nav/src/install/narrow_passage_controller/share/narrow_passage_controller/package.bash'
[22.439s] [34mcolcon.colcon_core.shell[0m [1;30mINFO[0m Creating package script '/home/ysc/lite_cog_ros2/nav/src/install/narrow_passage_controller/share/narrow_passage_controller/package.zsh'
[22.443s] [34mcolcon.colcon_core.environment[0m [1;30mLevel 1[0m create_file_with_runtime_dependencies(/home/ysc/lite_cog_ros2/nav/src/install/narrow_passage_controller/share/colcon-core/packages/narrow_passage_controller)
[22.551s] [34mcolcon.colcon_parallel_executor.executor.parallel[0m [1;30mDEBUG[0m [32mclosing loop[0m
[22.552s] [34mcolcon.colcon_parallel_executor.executor.parallel[0m [1;30mDEBUG[0m [32mloop closed[0m
[22.553s] [34mcolcon.colcon_parallel_executor.executor.parallel[0m [1;30mDEBUG[0m [32mrun_until_complete finished with '0'[0m
[22.554s] [34mcolcon.colcon_core.event_reactor[0m [1;30mDEBUG[0m [32mjoining thread[0m
[22.593s] [34mcolcon.colcon_core.plugin_system[0m [1;30mINFO[0m Skipping extension 'colcon_notification.desktop_notification.terminal_notifier': Not used on non-Darwin systems
[22.594s] [34mcolcon.colcon_core.plugin_system[0m [1;30mINFO[0m Skipping extension 'colcon_notification.desktop_notification.win32': Not used on non-Windows systems
[22.594s] [34mcolcon.colcon_notification.desktop_notification[0m [1;30mINFO[0m Sending desktop notification using 'notify2'
[22.742s] [34mcolcon.colcon_core.event_reactor[0m [1;30mDEBUG[0m [32mjoined thread[0m
[22.744s] [34mcolcon.colcon_core.shell[0m [1;30mINFO[0m Creating prefix script '/home/ysc/lite_cog_ros2/nav/src/install/local_setup.ps1'
[22.749s] [34mcolcon.colcon_core.shell[0m [1;30mINFO[0m Creating prefix util module '/home/ysc/lite_cog_ros2/nav/src/install/_local_setup_util_ps1.py'
[22.760s] [34mcolcon.colcon_core.shell[0m [1;30mINFO[0m Creating prefix chain script '/home/ysc/lite_cog_ros2/nav/src/install/setup.ps1'
[22.773s] [34mcolcon.colcon_core.shell[0m [1;30mINFO[0m Creating prefix script '/home/ysc/lite_cog_ros2/nav/src/install/local_setup.sh'
[22.778s] [34mcolcon.colcon_core.shell[0m [1;30mINFO[0m Creating prefix util module '/home/ysc/lite_cog_ros2/nav/src/install/_local_setup_util_sh.py'
[22.782s] [34mcolcon.colcon_core.shell[0m [1;30mINFO[0m Creating prefix chain script '/home/ysc/lite_cog_ros2/nav/src/install/setup.sh'
[22.794s] [34mcolcon.colcon_core.shell[0m [1;30mINFO[0m Creating prefix script '/home/ysc/lite_cog_ros2/nav/src/install/local_setup.bash'
[22.798s] [34mcolcon.colcon_core.shell[0m [1;30mINFO[0m Creating prefix chain script '/home/ysc/lite_cog_ros2/nav/src/install/setup.bash'
[22.809s] [34mcolcon.colcon_core.shell[0m [1;30mINFO[0m Creating prefix script '/home/ysc/lite_cog_ros2/nav/src/install/local_setup.zsh'
[22.813s] [34mcolcon.colcon_core.shell[0m [1;30mINFO[0m Creating prefix chain script '/home/ysc/lite_cog_ros2/nav/src/install/setup.zsh'
