[0.338s] Invoking command in '/home/ysc/lite_cog_ros2/nav/build/dr_nav2': CMAKE_PREFIX_PATH=/opt/ros/foxy /usr/bin/cmake /home/ysc/lite_cog_ros2/nav/src/dr_nav2 -DAMENT_CMAKE_SYMLINK_INSTALL=1 -DCMAKE_INSTALL_PREFIX=/home/ysc/lite_cog_ros2/nav/install/dr_nav2
[2.347s] -- The C compiler identification is GNU 9.4.0
[3.642s] -- The CXX compiler identification is GNU 9.4.0
[3.818s] -- Check for working C compiler: /usr/bin/cc
[4.631s] -- Check for working C compiler: /usr/bin/cc -- works
[4.761s] -- Detecting C compiler ABI info
[5.602s] -- Detecting C compiler ABI info - done
[5.833s] -- Detecting C compile features
[5.836s] -- Detecting C compile features - done
[5.858s] -- Check for working CXX compiler: /usr/bin/c++
[6.581s] -- Check for working CXX compiler: /usr/bin/c++ -- works
[6.587s] -- Detecting CXX compiler ABI info
[7.272s] -- Detecting CXX compiler ABI info - done
[7.384s] -- Detecting CXX compile features
[7.390s] -- Detecting CXX compile features - done
[7.509s] -- Found ament_cmake_auto: 0.9.12 (/opt/ros/foxy/share/ament_cmake_auto/cmake)
[7.794s] -- Found PythonInterp: /usr/bin/python3 (found suitable version "3.8.10", minimum required is "3") 
[7.795s] -- Using PYTHON_EXECUTABLE: /usr/bin/python3
[9.399s] -- Override CMake install command with custom implementation using symlinks instead of copying resources
[10.064s] -- Configuring done
[10.079s] -- Generating done
[10.086s] -- Build files have been written to: /home/ysc/lite_cog_ros2/nav/build/dr_nav2
[10.130s] Invoked command in '/home/ysc/lite_cog_ros2/nav/build/dr_nav2' returned '0': CMAKE_PREFIX_PATH=/opt/ros/foxy /usr/bin/cmake /home/ysc/lite_cog_ros2/nav/src/dr_nav2 -DAMENT_CMAKE_SYMLINK_INSTALL=1 -DCMAKE_INSTALL_PREFIX=/home/ysc/lite_cog_ros2/nav/install/dr_nav2
[10.148s] Invoking command in '/home/ysc/lite_cog_ros2/nav/build/dr_nav2': CMAKE_PREFIX_PATH=/opt/ros/foxy /usr/bin/cmake --build /home/ysc/lite_cog_ros2/nav/build/dr_nav2 -- -j6 -l6
[10.559s] Invoked command in '/home/ysc/lite_cog_ros2/nav/build/dr_nav2' returned '0': CMAKE_PREFIX_PATH=/opt/ros/foxy /usr/bin/cmake --build /home/ysc/lite_cog_ros2/nav/build/dr_nav2 -- -j6 -l6
[10.807s] Invoking command in '/home/ysc/lite_cog_ros2/nav/build/dr_nav2': CMAKE_PREFIX_PATH=/opt/ros/foxy /usr/bin/cmake --install /home/ysc/lite_cog_ros2/nav/build/dr_nav2
[10.872s] -- Install configuration: ""
[10.873s] -- Execute custom install script
[10.878s] -- Symlinking: /home/ysc/lite_cog_ros2/nav/install/dr_nav2/share/dr_nav2/config/lite_nav2.yaml
[10.938s] -- Symlinking: /home/ysc/lite_cog_ros2/nav/install/dr_nav2/share/dr_nav2/launch/dr_nav2.launch.py
[10.998s] -- Symlinking: /home/ysc/lite_cog_ros2/nav/install/dr_nav2/share/dr_nav2/rviz/dr_nav2.rviz
[11.071s] -- Symlinking: /home/ysc/lite_cog_ros2/nav/install/dr_nav2/share/ament_index/resource_index/package_run_dependencies/dr_nav2
[11.132s] -- Symlinking: /home/ysc/lite_cog_ros2/nav/install/dr_nav2/share/ament_index/resource_index/parent_prefix_path/dr_nav2
[11.199s] -- Symlinking: /home/ysc/lite_cog_ros2/nav/install/dr_nav2/share/dr_nav2/environment/ament_prefix_path.sh
[11.274s] -- Symlinking: /home/ysc/lite_cog_ros2/nav/install/dr_nav2/share/dr_nav2/environment/ament_prefix_path.dsv
[11.342s] -- Symlinking: /home/ysc/lite_cog_ros2/nav/install/dr_nav2/share/dr_nav2/environment/path.sh
[11.415s] -- Symlinking: /home/ysc/lite_cog_ros2/nav/install/dr_nav2/share/dr_nav2/environment/path.dsv
[11.484s] -- Symlinking: /home/ysc/lite_cog_ros2/nav/install/dr_nav2/share/dr_nav2/local_setup.bash
[11.549s] -- Symlinking: /home/ysc/lite_cog_ros2/nav/install/dr_nav2/share/dr_nav2/local_setup.sh
[11.608s] -- Symlinking: /home/ysc/lite_cog_ros2/nav/install/dr_nav2/share/dr_nav2/local_setup.zsh
[11.674s] -- Symlinking: /home/ysc/lite_cog_ros2/nav/install/dr_nav2/share/dr_nav2/local_setup.dsv
[11.736s] -- Symlinking: /home/ysc/lite_cog_ros2/nav/install/dr_nav2/share/dr_nav2/package.dsv
[11.801s] -- Symlinking: /home/ysc/lite_cog_ros2/nav/install/dr_nav2/share/ament_index/resource_index/packages/dr_nav2
[11.866s] -- Symlinking: /home/ysc/lite_cog_ros2/nav/install/dr_nav2/share/dr_nav2/cmake/dr_nav2Config.cmake
[11.922s] -- Symlinking: /home/ysc/lite_cog_ros2/nav/install/dr_nav2/share/dr_nav2/cmake/dr_nav2Config-version.cmake
[11.989s] -- Symlinking: /home/ysc/lite_cog_ros2/nav/install/dr_nav2/share/dr_nav2/package.xml
[12.064s] Invoked command in '/home/ysc/lite_cog_ros2/nav/build/dr_nav2' returned '0': CMAKE_PREFIX_PATH=/opt/ros/foxy /usr/bin/cmake --install /home/ysc/lite_cog_ros2/nav/build/dr_nav2
