[1.366s] [34mcolcon[0m [1;30mDEBUG[0m [32mCommand line arguments: ['/usr/bin/colcon', 'build', '--symlink-install', '--packages-select', 'hdl_localization'][0m
[1.367s] [34mcolcon[0m [1;30mDEBUG[0m [32mParsed command line arguments: Namespace(allow_overriding=[], ament_cmake_args=None, base_paths=['.'], build_base='build', catkin_cmake_args=None, catkin_skip_building_tests=False, cmake_args=None, cmake_clean_cache=False, cmake_clean_first=False, cmake_force_configure=False, cmake_target=None, cmake_target_skip_unavailable=False, continue_on_error=False, event_handlers=None, executor='parallel', ignore_user_meta=False, install_base='install', log_base=None, log_level=None, main=<bound method BuildVerb.main of <colcon_core.verb.build.BuildVerb object at 0xffffa1f0f460>>, merge_install=False, metas=['./colcon.meta'], packages_above=None, packages_above_and_dependencies=None, packages_above_depth=None, packages_end=None, packages_ignore=None, packages_ignore_regex=None, packages_select=['hdl_localization'], packages_select_build_failed=False, packages_select_by_dep=None, packages_select_regex=None, packages_select_test_failures=False, packages_skip=None, packages_skip_build_finished=False, packages_skip_by_dep=None, packages_skip_regex=None, packages_skip_test_passed=False, packages_skip_up_to=None, packages_start=None, packages_up_to=None, packages_up_to_regex=None, parallel_workers=6, paths=None, symlink_install=True, test_result_base=None, verb_extension=<colcon_core.verb.build.BuildVerb object at 0xffffa1f0f460>, verb_name='build', verb_parser=<colcon_defaults.argument_parser.defaults.DefaultArgumentsDecorator object at 0xffffa1f0f9a0>)[0m
[2.414s] [34mcolcon.colcon_core.package_discovery[0m [1;30mLevel 1[0m discover_packages(colcon_meta) check parameters
[2.415s] [34mcolcon.colcon_core.package_discovery[0m [1;30mLevel 1[0m discover_packages(recursive) check parameters
[2.415s] [34mcolcon.colcon_core.package_discovery[0m [1;30mLevel 1[0m discover_packages(ignore) check parameters
[2.415s] [34mcolcon.colcon_core.package_discovery[0m [1;30mLevel 1[0m discover_packages(path) check parameters
[2.415s] [34mcolcon.colcon_core.package_discovery[0m [1;30mLevel 1[0m discover_packages(colcon_meta) discover
[2.415s] [34mcolcon.colcon_core.package_discovery[0m [1;30mLevel 1[0m discover_packages(recursive) discover
[2.416s] [34mcolcon.colcon_core.package_discovery[0m [1;30mINFO[0m Crawling recursively for packages in '/home/ysc/lite_cog_ros2/nav'
[2.416s] [34mcolcon.colcon_core.package_identification[0m [1;30mLevel 1[0m _identify(.) by extensions ['ignore', 'ignore_ament_install']
[2.417s] [34mcolcon.colcon_core.package_identification[0m [1;30mLevel 1[0m _identify(.) by extension 'ignore'
[2.417s] [34mcolcon.colcon_core.package_identification[0m [1;30mLevel 1[0m _identify(.) by extension 'ignore_ament_install'
[2.418s] [34mcolcon.colcon_core.package_identification[0m [1;30mLevel 1[0m _identify(.) by extensions ['colcon_pkg']
[2.418s] [34mcolcon.colcon_core.package_identification[0m [1;30mLevel 1[0m _identify(.) by extension 'colcon_pkg'
[2.418s] [34mcolcon.colcon_core.package_identification[0m [1;30mLevel 1[0m _identify(.) by extensions ['colcon_meta']
[2.418s] [34mcolcon.colcon_core.package_identification[0m [1;30mLevel 1[0m _identify(.) by extension 'colcon_meta'
[2.419s] [34mcolcon.colcon_core.package_identification[0m [1;30mLevel 1[0m _identify(.) by extensions ['ros']
[2.419s] [34mcolcon.colcon_core.package_identification[0m [1;30mLevel 1[0m _identify(.) by extension 'ros'
[2.479s] [34mcolcon.colcon_core.package_identification[0m [1;30mLevel 1[0m _identify(.) by extensions ['cmake', 'python']
[2.480s] [34mcolcon.colcon_core.package_identification[0m [1;30mLevel 1[0m _identify(.) by extension 'cmake'
[2.480s] [34mcolcon.colcon_core.package_identification[0m [1;30mLevel 1[0m _identify(.) by extension 'python'
[2.480s] [34mcolcon.colcon_core.package_identification[0m [1;30mLevel 1[0m _identify(.) by extensions ['python_setup_py']
[2.480s] [34mcolcon.colcon_core.package_identification[0m [1;30mLevel 1[0m _identify(.) by extension 'python_setup_py'
[2.481s] [34mcolcon.colcon_core.package_identification[0m [1;30mLevel 1[0m _identify(build) by extensions ['ignore', 'ignore_ament_install']
[2.482s] [34mcolcon.colcon_core.package_identification[0m [1;30mLevel 1[0m _identify(build) by extension 'ignore'
[2.482s] [34mcolcon.colcon_core.package_identification[0m [1;30mLevel 1[0m _identify(build) ignored
[2.483s] [34mcolcon.colcon_core.package_identification[0m [1;30mLevel 1[0m _identify(install) by extensions ['ignore', 'ignore_ament_install']
[2.483s] [34mcolcon.colcon_core.package_identification[0m [1;30mLevel 1[0m _identify(install) by extension 'ignore'
[2.484s] [34mcolcon.colcon_core.package_identification[0m [1;30mLevel 1[0m _identify(install) ignored
[2.484s] [34mcolcon.colcon_core.package_identification[0m [1;30mLevel 1[0m _identify(log) by extensions ['ignore', 'ignore_ament_install']
[2.485s] [34mcolcon.colcon_core.package_identification[0m [1;30mLevel 1[0m _identify(log) by extension 'ignore'
[2.485s] [34mcolcon.colcon_core.package_identification[0m [1;30mLevel 1[0m _identify(log) ignored
[2.486s] [34mcolcon.colcon_core.package_identification[0m [1;30mLevel 1[0m _identify(src) by extensions ['ignore', 'ignore_ament_install']
[2.486s] [34mcolcon.colcon_core.package_identification[0m [1;30mLevel 1[0m _identify(src) by extension 'ignore'
[2.486s] [34mcolcon.colcon_core.package_identification[0m [1;30mLevel 1[0m _identify(src) by extension 'ignore_ament_install'
[2.487s] [34mcolcon.colcon_core.package_identification[0m [1;30mLevel 1[0m _identify(src) by extensions ['colcon_pkg']
[2.487s] [34mcolcon.colcon_core.package_identification[0m [1;30mLevel 1[0m _identify(src) by extension 'colcon_pkg'
[2.487s] [34mcolcon.colcon_core.package_identification[0m [1;30mLevel 1[0m _identify(src) by extensions ['colcon_meta']
[2.487s] [34mcolcon.colcon_core.package_identification[0m [1;30mLevel 1[0m _identify(src) by extension 'colcon_meta'
[2.487s] [34mcolcon.colcon_core.package_identification[0m [1;30mLevel 1[0m _identify(src) by extensions ['ros']
[2.488s] [34mcolcon.colcon_core.package_identification[0m [1;30mLevel 1[0m _identify(src) by extension 'ros'
[2.488s] [34mcolcon.colcon_core.package_identification[0m [1;30mLevel 1[0m _identify(src) by extensions ['cmake', 'python']
[2.488s] [34mcolcon.colcon_core.package_identification[0m [1;30mLevel 1[0m _identify(src) by extension 'cmake'
[2.488s] [34mcolcon.colcon_core.package_identification[0m [1;30mLevel 1[0m _identify(src) by extension 'python'
[2.489s] [34mcolcon.colcon_core.package_identification[0m [1;30mLevel 1[0m _identify(src) by extensions ['python_setup_py']
[2.489s] [34mcolcon.colcon_core.package_identification[0m [1;30mLevel 1[0m _identify(src) by extension 'python_setup_py'
[2.489s] [34mcolcon.colcon_core.package_identification[0m [1;30mLevel 1[0m _identify(src/dr_nav2) by extensions ['ignore', 'ignore_ament_install']
[2.490s] [34mcolcon.colcon_core.package_identification[0m [1;30mLevel 1[0m _identify(src/dr_nav2) by extension 'ignore'
[2.490s] [34mcolcon.colcon_core.package_identification[0m [1;30mLevel 1[0m _identify(src/dr_nav2) by extension 'ignore_ament_install'
[2.490s] [34mcolcon.colcon_core.package_identification[0m [1;30mLevel 1[0m _identify(src/dr_nav2) by extensions ['colcon_pkg']
[2.491s] [34mcolcon.colcon_core.package_identification[0m [1;30mLevel 1[0m _identify(src/dr_nav2) by extension 'colcon_pkg'
[2.491s] [34mcolcon.colcon_core.package_identification[0m [1;30mLevel 1[0m _identify(src/dr_nav2) by extensions ['colcon_meta']
[2.491s] [34mcolcon.colcon_core.package_identification[0m [1;30mLevel 1[0m _identify(src/dr_nav2) by extension 'colcon_meta'
[2.491s] [34mcolcon.colcon_core.package_identification[0m [1;30mLevel 1[0m _identify(src/dr_nav2) by extensions ['ros']
[2.491s] [34mcolcon.colcon_core.package_identification[0m [1;30mLevel 1[0m _identify(src/dr_nav2) by extension 'ros'
[2.502s] [34mcolcon.colcon_core.package_identification[0m [1;30mDEBUG[0m [32mPackage 'src/dr_nav2' with type 'ros.ament_cmake' and name 'dr_nav2'[0m
[2.503s] [34mcolcon.colcon_core.package_identification[0m [1;30mLevel 1[0m _identify(src/hdl_global_localization) by extensions ['ignore', 'ignore_ament_install']
[2.503s] [34mcolcon.colcon_core.package_identification[0m [1;30mLevel 1[0m _identify(src/hdl_global_localization) by extension 'ignore'
[2.504s] [34mcolcon.colcon_core.package_identification[0m [1;30mLevel 1[0m _identify(src/hdl_global_localization) by extension 'ignore_ament_install'
[2.504s] [34mcolcon.colcon_core.package_identification[0m [1;30mLevel 1[0m _identify(src/hdl_global_localization) by extensions ['colcon_pkg']
[2.504s] [34mcolcon.colcon_core.package_identification[0m [1;30mLevel 1[0m _identify(src/hdl_global_localization) by extension 'colcon_pkg'
[2.504s] [34mcolcon.colcon_core.package_identification[0m [1;30mLevel 1[0m _identify(src/hdl_global_localization) by extensions ['colcon_meta']
[2.505s] [34mcolcon.colcon_core.package_identification[0m [1;30mLevel 1[0m _identify(src/hdl_global_localization) by extension 'colcon_meta'
[2.505s] [34mcolcon.colcon_core.package_identification[0m [1;30mLevel 1[0m _identify(src/hdl_global_localization) by extensions ['ros']
[2.505s] [34mcolcon.colcon_core.package_identification[0m [1;30mLevel 1[0m _identify(src/hdl_global_localization) by extension 'ros'
[2.572s] [34mcolcon.colcon_core.package_identification[0m [1;30mDEBUG[0m [32mPackage 'src/hdl_global_localization' with type 'ros.ament_cmake' and name 'hdl_global_localization'[0m
[2.573s] [34mcolcon.colcon_core.package_identification[0m [1;30mLevel 1[0m _identify(src/hdl_localization) by extensions ['ignore', 'ignore_ament_install']
[2.573s] [34mcolcon.colcon_core.package_identification[0m [1;30mLevel 1[0m _identify(src/hdl_localization) by extension 'ignore'
[2.574s] [34mcolcon.colcon_core.package_identification[0m [1;30mLevel 1[0m _identify(src/hdl_localization) by extension 'ignore_ament_install'
[2.574s] [34mcolcon.colcon_core.package_identification[0m [1;30mLevel 1[0m _identify(src/hdl_localization) by extensions ['colcon_pkg']
[2.574s] [34mcolcon.colcon_core.package_identification[0m [1;30mLevel 1[0m _identify(src/hdl_localization) by extension 'colcon_pkg'
[2.574s] [34mcolcon.colcon_core.package_identification[0m [1;30mLevel 1[0m _identify(src/hdl_localization) by extensions ['colcon_meta']
[2.575s] [34mcolcon.colcon_core.package_identification[0m [1;30mLevel 1[0m _identify(src/hdl_localization) by extension 'colcon_meta'
[2.575s] [34mcolcon.colcon_core.package_identification[0m [1;30mLevel 1[0m _identify(src/hdl_localization) by extensions ['ros']
[2.575s] [34mcolcon.colcon_core.package_identification[0m [1;30mLevel 1[0m _identify(src/hdl_localization) by extension 'ros'
[2.586s] [34mcolcon.colcon_core.package_identification[0m [1;30mDEBUG[0m [32mPackage 'src/hdl_localization' with type 'ros.ament_cmake' and name 'hdl_localization'[0m
[2.587s] [34mcolcon.colcon_core.package_identification[0m [1;30mLevel 1[0m _identify(src/sensor_test) by extensions ['ignore', 'ignore_ament_install']
[2.588s] [34mcolcon.colcon_core.package_identification[0m [1;30mLevel 1[0m _identify(src/sensor_test) by extension 'ignore'
[2.588s] [34mcolcon.colcon_core.package_identification[0m [1;30mLevel 1[0m _identify(src/sensor_test) by extension 'ignore_ament_install'
[2.588s] [34mcolcon.colcon_core.package_identification[0m [1;30mLevel 1[0m _identify(src/sensor_test) by extensions ['colcon_pkg']
[2.589s] [34mcolcon.colcon_core.package_identification[0m [1;30mLevel 1[0m _identify(src/sensor_test) by extension 'colcon_pkg'
[2.589s] [34mcolcon.colcon_core.package_identification[0m [1;30mLevel 1[0m _identify(src/sensor_test) by extensions ['colcon_meta']
[2.589s] [34mcolcon.colcon_core.package_identification[0m [1;30mLevel 1[0m _identify(src/sensor_test) by extension 'colcon_meta'
[2.589s] [34mcolcon.colcon_core.package_identification[0m [1;30mLevel 1[0m _identify(src/sensor_test) by extensions ['ros']
[2.590s] [34mcolcon.colcon_core.package_identification[0m [1;30mLevel 1[0m _identify(src/sensor_test) by extension 'ros'
[2.600s] [34mcolcon.colcon_core.package_identification[0m [1;30mDEBUG[0m [32mPackage 'src/sensor_test' with type 'ros.ament_cmake' and name 'sensor_test'[0m
[2.600s] [34mcolcon.colcon_core.package_discovery[0m [1;30mLevel 1[0m discover_packages(recursive) using defaults
[2.600s] [34mcolcon.colcon_core.package_discovery[0m [1;30mLevel 1[0m discover_packages(ignore) discover
[2.601s] [34mcolcon.colcon_core.package_discovery[0m [1;30mLevel 1[0m discover_packages(ignore) using defaults
[2.601s] [34mcolcon.colcon_core.package_discovery[0m [1;30mLevel 1[0m discover_packages(path) discover
[2.601s] [34mcolcon.colcon_core.package_discovery[0m [1;30mLevel 1[0m discover_packages(path) using defaults
[2.673s] [34mcolcon.colcon_core.package_selection[0m [1;30mINFO[0m Skipping not selected package 'dr_nav2' in 'src/dr_nav2'
[2.674s] [34mcolcon.colcon_core.package_selection[0m [1;30mINFO[0m Skipping not selected package 'hdl_global_localization' in 'src/hdl_global_localization'
[2.674s] [34mcolcon.colcon_core.package_selection[0m [1;30mINFO[0m Skipping not selected package 'sensor_test' in 'src/sensor_test'
[2.676s] [34mcolcon.colcon_core.package_discovery[0m [1;30mLevel 1[0m discover_packages(prefix_path) check parameters
[2.676s] [34mcolcon.colcon_core.package_discovery[0m [1;30mLevel 1[0m discover_packages(prefix_path) discover
[2.695s] [34mcolcon.colcon_installed_package_information.package_discovery[0m [1;30mDEBUG[0m [32mFound 323 installed packages in /opt/ros/foxy[0m
[2.706s] [34mcolcon.colcon_core.package_discovery[0m [1;30mLevel 1[0m discover_packages(prefix_path) using defaults
[3.115s] [34mcolcon.colcon_core.verb[0m [1;30mLevel 5[0m set package 'hdl_localization' build argument 'cmake_args' from command line to 'None'
[3.116s] [34mcolcon.colcon_core.verb[0m [1;30mLevel 5[0m set package 'hdl_localization' build argument 'cmake_target' from command line to 'None'
[3.259s] [34mcolcon.colcon_core.verb[0m [1;30mLevel 5[0m set package 'hdl_localization' build argument 'cmake_target_skip_unavailable' from command line to 'False'
[3.259s] [34mcolcon.colcon_core.verb[0m [1;30mLevel 5[0m set package 'hdl_localization' build argument 'cmake_clean_cache' from command line to 'False'
[3.259s] [34mcolcon.colcon_core.verb[0m [1;30mLevel 5[0m set package 'hdl_localization' build argument 'cmake_clean_first' from command line to 'False'
[3.260s] [34mcolcon.colcon_core.verb[0m [1;30mLevel 5[0m set package 'hdl_localization' build argument 'cmake_force_configure' from command line to 'False'
[3.260s] [34mcolcon.colcon_core.verb[0m [1;30mLevel 5[0m set package 'hdl_localization' build argument 'ament_cmake_args' from command line to 'None'
[3.260s] [34mcolcon.colcon_core.verb[0m [1;30mLevel 5[0m set package 'hdl_localization' build argument 'catkin_cmake_args' from command line to 'None'
[3.260s] [34mcolcon.colcon_core.verb[0m [1;30mLevel 5[0m set package 'hdl_localization' build argument 'catkin_skip_building_tests' from command line to 'False'
[3.260s] [34mcolcon.colcon_core.verb[0m [1;30mDEBUG[0m [32mBuilding package 'hdl_localization' with the following arguments: {'ament_cmake_args': None, 'build_base': '/home/ysc/lite_cog_ros2/nav/build/hdl_localization', 'catkin_cmake_args': None, 'catkin_skip_building_tests': False, 'cmake_args': None, 'cmake_clean_cache': False, 'cmake_clean_first': False, 'cmake_force_configure': False, 'cmake_target': None, 'cmake_target_skip_unavailable': False, 'install_base': '/home/ysc/lite_cog_ros2/nav/install/hdl_localization', 'merge_install': False, 'path': '/home/ysc/lite_cog_ros2/nav/src/hdl_localization', 'symlink_install': True, 'test_result_base': None}[0m
[3.261s] [34mcolcon.colcon_core.executor[0m [1;30mINFO[0m Executing jobs using 'parallel' executor
[3.266s] [34mcolcon.colcon_parallel_executor.executor.parallel[0m [1;30mDEBUG[0m [32mrun_until_complete[0m
[3.268s] [34mcolcon.colcon_ros.task.ament_cmake.build[0m [1;30mINFO[0m Building ROS package in '/home/ysc/lite_cog_ros2/nav/src/hdl_localization' with build type 'ament_cmake'
[3.269s] [34mcolcon.colcon_cmake.task.cmake.build[0m [1;30mINFO[0m Building CMake package in '/home/ysc/lite_cog_ros2/nav/src/hdl_localization'
[3.282s] [34mcolcon.colcon_core.plugin_system[0m [1;30mINFO[0m Skipping extension 'colcon_core.shell.bat': Not used on non-Windows systems
[3.283s] [34mcolcon.colcon_core.shell[0m [1;30mINFO[0m Skip shell extension 'powershell' for command environment: Not usable outside of PowerShell
[3.283s] [34mcolcon.colcon_core.shell[0m [1;30mDEBUG[0m [32mSkip shell extension 'dsv' for command environment[0m
[3.379s] [34mcolcon.colcon_core.event_handler.log_command[0m [1;30mDEBUG[0m [32mInvoking command in '/home/ysc/lite_cog_ros2/nav/build/hdl_localization': AMENT_PREFIX_PATH=/home/ysc/lite_cog_ros2/nav/install/hdl_global_localization:${AMENT_PREFIX_PATH} CMAKE_PREFIX_PATH=/home/ysc/lite_cog_ros2/nav/install/hdl_global_localization:/opt/ros/foxy LD_LIBRARY_PATH=/home/ysc/lite_cog_ros2/nav/install/hdl_global_localization/lib:/usr/lib/aarch64-linux-gnu/gazebo-11/plugins:/opt/ros/foxy/opt/yaml_cpp_vendor/lib:/opt/ros/foxy/opt/rviz_ogre_vendor/lib:/opt/ros/foxy/lib/aarch64-linux-gnu:/opt/ros/foxy/lib:/usr/local/cuda-11.4/lib64 PYTHONPATH=/home/ysc/lite_cog_ros2/nav/install/hdl_global_localization/lib/python3.8/site-packages:${PYTHONPATH} /usr/bin/cmake /home/ysc/lite_cog_ros2/nav/src/hdl_localization -DAMENT_CMAKE_SYMLINK_INSTALL=1 -DCMAKE_INSTALL_PREFIX=/home/ysc/lite_cog_ros2/nav/install/hdl_localization[0m
[56.092s] [34mcolcon.colcon_core.event_handler.log_command[0m [1;30mDEBUG[0m [32mInvoked command in '/home/ysc/lite_cog_ros2/nav/build/hdl_localization' returned '0': AMENT_PREFIX_PATH=/home/ysc/lite_cog_ros2/nav/install/hdl_global_localization:${AMENT_PREFIX_PATH} CMAKE_PREFIX_PATH=/home/ysc/lite_cog_ros2/nav/install/hdl_global_localization:/opt/ros/foxy LD_LIBRARY_PATH=/home/ysc/lite_cog_ros2/nav/install/hdl_global_localization/lib:/usr/lib/aarch64-linux-gnu/gazebo-11/plugins:/opt/ros/foxy/opt/yaml_cpp_vendor/lib:/opt/ros/foxy/opt/rviz_ogre_vendor/lib:/opt/ros/foxy/lib/aarch64-linux-gnu:/opt/ros/foxy/lib:/usr/local/cuda-11.4/lib64 PYTHONPATH=/home/ysc/lite_cog_ros2/nav/install/hdl_global_localization/lib/python3.8/site-packages:${PYTHONPATH} /usr/bin/cmake /home/ysc/lite_cog_ros2/nav/src/hdl_localization -DAMENT_CMAKE_SYMLINK_INSTALL=1 -DCMAKE_INSTALL_PREFIX=/home/ysc/lite_cog_ros2/nav/install/hdl_localization[0m
[56.118s] [34mcolcon.colcon_core.event_handler.log_command[0m [1;30mDEBUG[0m [32mInvoking command in '/home/ysc/lite_cog_ros2/nav/build/hdl_localization': AMENT_PREFIX_PATH=/home/ysc/lite_cog_ros2/nav/install/hdl_global_localization:${AMENT_PREFIX_PATH} CMAKE_PREFIX_PATH=/home/ysc/lite_cog_ros2/nav/install/hdl_global_localization:/opt/ros/foxy LD_LIBRARY_PATH=/home/ysc/lite_cog_ros2/nav/install/hdl_global_localization/lib:/usr/lib/aarch64-linux-gnu/gazebo-11/plugins:/opt/ros/foxy/opt/yaml_cpp_vendor/lib:/opt/ros/foxy/opt/rviz_ogre_vendor/lib:/opt/ros/foxy/lib/aarch64-linux-gnu:/opt/ros/foxy/lib:/usr/local/cuda-11.4/lib64 PYTHONPATH=/home/ysc/lite_cog_ros2/nav/install/hdl_global_localization/lib/python3.8/site-packages:${PYTHONPATH} /usr/bin/cmake --build /home/ysc/lite_cog_ros2/nav/build/hdl_localization -- -j6 -l6[0m
[180.704s] [34mcolcon.colcon_core.event_handler.log_command[0m [1;30mDEBUG[0m [32mInvoked command in '/home/ysc/lite_cog_ros2/nav/build/hdl_localization' returned '2': AMENT_PREFIX_PATH=/home/ysc/lite_cog_ros2/nav/install/hdl_global_localization:${AMENT_PREFIX_PATH} CMAKE_PREFIX_PATH=/home/ysc/lite_cog_ros2/nav/install/hdl_global_localization:/opt/ros/foxy LD_LIBRARY_PATH=/home/ysc/lite_cog_ros2/nav/install/hdl_global_localization/lib:/usr/lib/aarch64-linux-gnu/gazebo-11/plugins:/opt/ros/foxy/opt/yaml_cpp_vendor/lib:/opt/ros/foxy/opt/rviz_ogre_vendor/lib:/opt/ros/foxy/lib/aarch64-linux-gnu:/opt/ros/foxy/lib:/usr/local/cuda-11.4/lib64 PYTHONPATH=/home/ysc/lite_cog_ros2/nav/install/hdl_global_localization/lib/python3.8/site-packages:${PYTHONPATH} /usr/bin/cmake --build /home/ysc/lite_cog_ros2/nav/build/hdl_localization -- -j6 -l6[0m
[181.187s] [34mcolcon.colcon_core.environment[0m [1;30mLevel 1[0m create_environment_scripts_only(hdl_localization)
[181.219s] [34mcolcon.colcon_core.environment[0m [1;30mLevel 1[0m checking '/home/ysc/lite_cog_ros2/nav/install/hdl_localization' for CMake module files
[181.222s] [34mcolcon.colcon_core.environment[0m [1;30mLevel 1[0m checking '/home/ysc/lite_cog_ros2/nav/install/hdl_localization' for CMake config files
[181.225s] [34mcolcon.colcon_core.environment[0m [1;30mLevel 1[0m checking '/home/ysc/lite_cog_ros2/nav/install/hdl_localization/bin'
[181.225s] [34mcolcon.colcon_core.environment[0m [1;30mLevel 1[0m checking '/home/ysc/lite_cog_ros2/nav/install/hdl_localization/lib/pkgconfig/hdl_localization.pc'
[181.227s] [34mcolcon.colcon_core.environment[0m [1;30mLevel 1[0m checking '/home/ysc/lite_cog_ros2/nav/install/hdl_localization/lib/python3.8/site-packages'
[181.228s] [34mcolcon.colcon_core.environment[0m [1;30mLevel 1[0m checking '/home/ysc/lite_cog_ros2/nav/install/hdl_localization/bin'
[181.230s] [34mcolcon.colcon_core.shell[0m [1;30mINFO[0m Creating package script '/home/ysc/lite_cog_ros2/nav/install/hdl_localization/share/hdl_localization/package.ps1'
[181.238s] [34mcolcon.colcon_core.shell[0m [1;30mINFO[0m Creating package descriptor '/home/ysc/lite_cog_ros2/nav/install/hdl_localization/share/hdl_localization/package.dsv'
[181.241s] [34mcolcon.colcon_core.shell[0m [1;30mINFO[0m Creating package script '/home/ysc/lite_cog_ros2/nav/install/hdl_localization/share/hdl_localization/package.sh'
[181.245s] [34mcolcon.colcon_core.shell[0m [1;30mINFO[0m Creating package script '/home/ysc/lite_cog_ros2/nav/install/hdl_localization/share/hdl_localization/package.bash'
[181.249s] [34mcolcon.colcon_core.shell[0m [1;30mINFO[0m Creating package script '/home/ysc/lite_cog_ros2/nav/install/hdl_localization/share/hdl_localization/package.zsh'
[181.253s] [34mcolcon.colcon_core.environment[0m [1;30mLevel 1[0m create_file_with_runtime_dependencies(/home/ysc/lite_cog_ros2/nav/install/hdl_localization/share/colcon-core/packages/hdl_localization)
[181.266s] [34mcolcon.colcon_parallel_executor.executor.parallel[0m [1;30mDEBUG[0m [32mclosing loop[0m
[181.268s] [34mcolcon.colcon_parallel_executor.executor.parallel[0m [1;30mDEBUG[0m [32mloop closed[0m
[181.269s] [34mcolcon.colcon_parallel_executor.executor.parallel[0m [1;30mDEBUG[0m [32mrun_until_complete finished with '2'[0m
[181.270s] [34mcolcon.colcon_core.event_reactor[0m [1;30mDEBUG[0m [32mjoining thread[0m
[181.315s] [34mcolcon.colcon_core.plugin_system[0m [1;30mINFO[0m Skipping extension 'colcon_notification.desktop_notification.terminal_notifier': Not used on non-Darwin systems
[181.316s] [34mcolcon.colcon_core.plugin_system[0m [1;30mINFO[0m Skipping extension 'colcon_notification.desktop_notification.win32': Not used on non-Windows systems
[181.316s] [34mcolcon.colcon_notification.desktop_notification[0m [1;30mINFO[0m Sending desktop notification using 'notify2'
[181.428s] [34mcolcon.colcon_core.event_reactor[0m [1;30mDEBUG[0m [32mjoined thread[0m
[181.431s] [34mcolcon.colcon_core.shell[0m [1;30mINFO[0m Creating prefix script '/home/ysc/lite_cog_ros2/nav/install/local_setup.ps1'
[181.437s] [34mcolcon.colcon_core.shell[0m [1;30mINFO[0m Creating prefix util module '/home/ysc/lite_cog_ros2/nav/install/_local_setup_util_ps1.py'
[181.443s] [34mcolcon.colcon_core.shell[0m [1;30mINFO[0m Creating prefix chain script '/home/ysc/lite_cog_ros2/nav/install/setup.ps1'
[181.448s] [34mcolcon.colcon_core.shell[0m [1;30mINFO[0m Creating prefix script '/home/ysc/lite_cog_ros2/nav/install/local_setup.sh'
[181.451s] [34mcolcon.colcon_core.shell[0m [1;30mINFO[0m Creating prefix util module '/home/ysc/lite_cog_ros2/nav/install/_local_setup_util_sh.py'
[181.454s] [34mcolcon.colcon_core.shell[0m [1;30mINFO[0m Creating prefix chain script '/home/ysc/lite_cog_ros2/nav/install/setup.sh'
[181.460s] [34mcolcon.colcon_core.shell[0m [1;30mINFO[0m Creating prefix script '/home/ysc/lite_cog_ros2/nav/install/local_setup.bash'
[181.463s] [34mcolcon.colcon_core.shell[0m [1;30mINFO[0m Creating prefix chain script '/home/ysc/lite_cog_ros2/nav/install/setup.bash'
[181.467s] [34mcolcon.colcon_core.shell[0m [1;30mINFO[0m Creating prefix script '/home/ysc/lite_cog_ros2/nav/install/local_setup.zsh'
[181.470s] [34mcolcon.colcon_core.shell[0m [1;30mINFO[0m Creating prefix chain script '/home/ysc/lite_cog_ros2/nav/install/setup.zsh'
