make: Warning: File 'Makefile' has modification time 1274 s in the future
make[1]: Warning: File 'CMakeFiles/Makefile2' has modification time 1274 s in the future
make[2]: Warning: File 'CMakeFiles/hdl_global_localization__cpp.dir/progress.make' has modification time 1274 s in the future
make[2]: Warning: File 'CMakeFiles/hdl_global_localization__rosidl_generator_c.dir/flags.make' has modification time 1273 s in the future
make[2]: Warning: File 'CMakeFiles/hdl_global_localization_engines.dir/flags.make' has modification time 1272 s in the future
make[2]: warning:  Clock skew detected.  Your build may be incomplete.
make[2]: Warning: File 'CMakeFiles/hdl_global_localization__cpp.dir/progress.make' has modification time 1273 s in the future
make[2]: warning:  Clock skew detected.  Your build may be incomplete.
make[2]: warning:  Clock skew detected.  Your build may be incomplete.
make[2]: Warning: File 'CMakeFiles/hdl_global_localization__rosidl_generator_c.dir/flags.make' has modification time 1273 s in the future
make[2]: warning:  Clock skew detected.  Your build may be incomplete.
make[2]: Warning: File 'CMakeFiles/hdl_global_localization__rosidl_typesupport_cpp.dir/flags.make' has modification time 1273 s in the future
make[2]: Warning: File 'CMakeFiles/hdl_global_localization__rosidl_typesupport_c.dir/flags.make' has modification time 1273 s in the future
make[2]: Warning: File 'CMakeFiles/hdl_global_localization__rosidl_typesupport_fastrtps_cpp.dir/flags.make' has modification time 1273 s in the future
make[2]: Warning: File 'CMakeFiles/hdl_global_localization__rosidl_typesupport_introspection_cpp.dir/flags.make' has modification time 1273 s in the future
make[2]: warning:  Clock skew detected.  Your build may be incomplete.
make[2]: Warning: File 'CMakeFiles/hdl_global_localization__rosidl_typesupport_introspection_c.dir/flags.make' has modification time 1273 s in the future
make[2]: Warning: File 'CMakeFiles/hdl_global_localization_engines.dir/flags.make' has modification time 1272 s in the future
make[2]: warning:  Clock skew detected.  Your build may be incomplete.
make[2]: warning:  Clock skew detected.  Your build may be incomplete.
make[2]: warning:  Clock skew detected.  Your build may be incomplete.
make[2]: warning:  Clock skew detected.  Your build may be incomplete.
make[2]: warning:  Clock skew detected.  Your build may be incomplete.
make[2]: warning:  Clock skew detected.  Your build may be incomplete.
make[2]: Warning: File 'CMakeFiles/hdl_global_localization__rosidl_typesupport_fastrtps_cpp.dir/flags.make' has modification time 1273 s in the future
make[2]: Warning: File 'CMakeFiles/hdl_global_localization__rosidl_typesupport_c.dir/flags.make' has modification time 1273 s in the future
make[2]: Warning: File 'CMakeFiles/hdl_global_localization__rosidl_typesupport_cpp.dir/flags.make' has modification time 1273 s in the future
make[2]: Warning: File 'CMakeFiles/hdl_global_localization__rosidl_typesupport_introspection_cpp.dir/flags.make' has modification time 1273 s in the future
make[2]: warning:  Clock skew detected.  Your build may be incomplete.
make[2]: warning:  Clock skew detected.  Your build may be incomplete.
make[2]: Warning: File 'CMakeFiles/hdl_global_localization__rosidl_typesupport_introspection_c.dir/flags.make' has modification time 1273 s in the future
make[2]: warning:  Clock skew detected.  Your build may be incomplete.
make[2]: warning:  Clock skew detected.  Your build may be incomplete.
make[2]: warning:  Clock skew detected.  Your build may be incomplete.
make[2]: Warning: File 'CMakeFiles/hdl_global_localization__rosidl_typesupport_fastrtps_c.dir/flags.make' has modification time 1273 s in the future
make[2]: warning:  Clock skew detected.  Your build may be incomplete.
make[2]: Warning: File 'CMakeFiles/hdl_global_localization__rosidl_typesupport_fastrtps_c.dir/flags.make' has modification time 1272 s in the future
make[2]: warning:  Clock skew detected.  Your build may be incomplete.
make[2]: Warning: File 'CMakeFiles/hdl_global_localization.dir/progress.make' has modification time 1272 s in the future
make[2]: warning:  Clock skew detected.  Your build may be incomplete.
make[2]: Warning: File 'CMakeFiles/hdl_global_localization.dir/progress.make' has modification time 1272 s in the future
make[2]: warning:  Clock skew detected.  Your build may be incomplete.
make[2]: Warning: File 'hdl_global_localization__py/CMakeFiles/hdl_global_localization__py.dir/progress.make' has modification time 1272 s in the future
make[2]: Warning: File 'CMakeFiles/hdl_global_localization_test.dir/flags.make' has modification time 1271 s in the future
make[2]: Warning: File 'CMakeFiles/hdl_global_localization_node.dir/flags.make' has modification time 1271 s in the future
make[2]: warning:  Clock skew detected.  Your build may be incomplete.
make[2]: Warning: File 'hdl_global_localization__py/CMakeFiles/hdl_global_localization__py.dir/progress.make' has modification time 1272 s in the future
make[2]: warning:  Clock skew detected.  Your build may be incomplete.
make[2]: warning:  Clock skew detected.  Your build may be incomplete.
make[2]: warning:  Clock skew detected.  Your build may be incomplete.
make[2]: Warning: File 'CMakeFiles/hdl_global_localization_node.dir/flags.make' has modification time 1271 s in the future
make[2]: Warning: File 'CMakeFiles/hdl_global_localization_test.dir/flags.make' has modification time 1271 s in the future
make[2]: warning:  Clock skew detected.  Your build may be incomplete.
make[2]: warning:  Clock skew detected.  Your build may be incomplete.
make[2]: Warning: File 'CMakeFiles/hdl_global_localization__python.dir/flags.make' has modification time 1271 s in the future
make[2]: warning:  Clock skew detected.  Your build may be incomplete.
make[2]: Warning: File 'CMakeFiles/hdl_global_localization__python.dir/flags.make' has modification time 1271 s in the future
make[2]: warning:  Clock skew detected.  Your build may be incomplete.
make[2]: Warning: File 'CMakeFiles/hdl_global_localization__rosidl_typesupport_c__pyext.dir/flags.make' has modification time 1270 s in the future
make[2]: Warning: File 'CMakeFiles/hdl_global_localization__rosidl_typesupport_introspection_c__pyext.dir/flags.make' has modification time 1271 s in the future
make[2]: Warning: File 'CMakeFiles/hdl_global_localization__rosidl_typesupport_fastrtps_c__pyext.dir/flags.make' has modification time 1271 s in the future
make[2]: warning:  Clock skew detected.  Your build may be incomplete.
make[2]: warning:  Clock skew detected.  Your build may be incomplete.
make[2]: warning:  Clock skew detected.  Your build may be incomplete.
make[2]: Warning: File 'CMakeFiles/hdl_global_localization__rosidl_typesupport_fastrtps_c__pyext.dir/flags.make' has modification time 1271 s in the future
make[2]: Warning: File 'CMakeFiles/hdl_global_localization__rosidl_typesupport_introspection_c__pyext.dir/flags.make' has modification time 1270 s in the future
make[2]: Warning: File 'CMakeFiles/hdl_global_localization__rosidl_typesupport_c__pyext.dir/flags.make' has modification time 1270 s in the future
make[2]: warning:  Clock skew detected.  Your build may be incomplete.
make[2]: warning:  Clock skew detected.  Your build may be incomplete.
make[2]: warning:  Clock skew detected.  Your build may be incomplete.
make[1]: warning:  Clock skew detected.  Your build may be incomplete.
make: warning:  Clock skew detected.  Your build may be incomplete.
