[0.422s] Invoking command in '/home/ysc/lite_cog_ros2/nav/build/hdl_localization': AMENT_PREFIX_PATH=/home/ysc/lite_cog_ros2/nav/install/hdl_global_localization:${AMENT_PREFIX_PATH} CMAKE_PREFIX_PATH=/home/ysc/lite_cog_ros2/nav/install/hdl_global_localization:/home/ysc/lite_cog_ros2/ndt_omp/install/ndt_omp:/home/ysc/lite_cog_ros2/fast_gicp/install/fast_gicp:/opt/ros/foxy LD_LIBRARY_PATH=/home/ysc/lite_cog_ros2/nav/install/hdl_global_localization/lib:/home/ysc/lite_cog_ros2/ndt_omp/install/ndt_omp/lib:/home/ysc/lite_cog_ros2/fast_gicp/install/fast_gicp/lib:/usr/lib/aarch64-linux-gnu/gazebo-11/plugins:/opt/ros/foxy/opt/yaml_cpp_vendor/lib:/opt/ros/foxy/opt/rviz_ogre_vendor/lib:/opt/ros/foxy/lib/aarch64-linux-gnu:/opt/ros/foxy/lib:/usr/local/cuda-11.4/lib64 PYTHONPATH=/home/ysc/lite_cog_ros2/nav/install/hdl_global_localization/lib/python3.8/site-packages:${PYTHONPATH} /usr/bin/cmake /home/ysc/lite_cog_ros2/nav/src/hdl_localization -DAMENT_CMAKE_SYMLINK_INSTALL=1 -DCMAKE_INSTALL_PREFIX=/home/ysc/lite_cog_ros2/nav/install/hdl_localization
[2.790s] -- The C compiler identification is GNU 9.4.0
[4.259s] -- The CXX compiler identification is GNU 9.4.0
[4.503s] -- Check for working C compiler: /usr/bin/cc
[5.261s] -- Check for working C compiler: /usr/bin/cc -- works
[5.409s] -- Detecting C compiler ABI info
[6.175s] -- Detecting C compiler ABI info - done
[6.411s] -- Detecting C compile features
[6.414s] -- Detecting C compile features - done
[6.433s] -- Check for working CXX compiler: /usr/bin/c++
[7.115s] -- Check for working CXX compiler: /usr/bin/c++ -- works
[7.127s] -- Detecting CXX compiler ABI info
[7.814s] -- Detecting CXX compiler ABI info - done
[7.899s] -- Detecting CXX compile features
[7.902s] -- Detecting CXX compile features - done
[8.061s] -- Found ament_cmake_auto: 0.9.12 (/opt/ros/foxy/share/ament_cmake_auto/cmake)
[8.415s] -- Found PythonInterp: /usr/bin/python3 (found suitable version "3.8.10", minimum required is "3") 
[8.417s] -- Using PYTHON_EXECUTABLE: /usr/bin/python3
[10.258s] -- Override CMake install command with custom implementation using symlinks instead of copying resources
[11.334s] -- Using all available rosidl_typesupport_c: rosidl_typesupport_fastrtps_c;rosidl_typesupport_introspection_c
[11.538s] -- Found rosidl_adapter: 1.3.1 (/opt/ros/foxy/share/rosidl_adapter/cmake)
[13.395s] -- Found OpenSSL: /usr/lib/aarch64-linux-gnu/libcrypto.so (found version "1.1.1f")  
[13.575s] -- Found FastRTPS: /opt/ros/foxy/include  
[15.380s] -- Using all available rosidl_typesupport_cpp: rosidl_typesupport_fastrtps_cpp;rosidl_typesupport_introspection_cpp
[18.177s] -- Found rmw_implementation_cmake: 1.0.4 (/opt/ros/foxy/share/rmw_implementation_cmake/cmake)
[18.189s] -- Using RMW implementation 'rmw_fastrtps_cpp' as default
[18.201s] -- Looking for pthread.h
[18.837s] -- Looking for pthread.h - found
[18.839s] -- Performing Test CMAKE_HAVE_LIBC_PTHREAD
[19.594s] -- Performing Test CMAKE_HAVE_LIBC_PTHREAD - Failed
[19.595s] -- Looking for pthread_create in pthreads
[20.270s] -- Looking for pthread_create in pthreads - not found
[20.271s] -- Looking for pthread_create in pthread
[20.891s] -- Looking for pthread_create in pthread - found
[20.899s] -- Found Threads: TRUE  
[27.602s] -- Found eigen3_cmake_module: 0.1.1 (/opt/ros/foxy/share/eigen3_cmake_module/cmake)
[27.766s] -- Found Eigen3: TRUE (found version "3.3.7") 
[30.950s] -- Checking for module 'eigen3'
[31.237s] --   Found eigen3, version 3.3.7
[31.825s] -- Found Eigen: /usr/include/eigen3 (Required is at least version "3.1") 
[31.826s] -- Eigen found (include: /usr/include/eigen3, version: 3.3.7)
[33.086s] -- Checking for module 'flann'
[33.366s] --   Found flann, version 1.9.1
[33.916s] -- Found FLANN: /usr/lib/aarch64-linux-gnu/libflann_cpp.so  
[34.877s] -- The imported target "vtkParseOGLExt" references the file
[34.878s]    "/usr/bin/vtkParseOGLExt-7.1"
[34.878s] but this file does not exist.  Possible reasons include:
[34.879s] * The file was deleted, renamed, or moved to another location.
[34.879s] * An install or uninstall procedure did not complete successfully.
[34.880s] * The installation package was faulty and contained
[34.880s]    "/usr/lib/cmake/vtk-7.1/VTKTargets.cmake"
[34.881s] but not all the files it references.
[34.881s] 
[34.886s] -- The imported target "vtkRenderingPythonTkWidgets" references the file
[34.887s]    "/usr/lib/aarch64-linux-gnu/libvtkRenderingPythonTkWidgets.so"
[34.888s] but this file does not exist.  Possible reasons include:
[34.889s] * The file was deleted, renamed, or moved to another location.
[34.894s] * An install or uninstall procedure did not complete successfully.
[34.896s] * The installation package was faulty and contained
[34.896s]    "/usr/lib/cmake/vtk-7.1/VTKTargets.cmake"
[34.897s] but not all the files it references.
[34.897s] 
[34.898s] -- The imported target "vtk" references the file
[34.898s]    "/usr/bin/vtk"
[34.898s] but this file does not exist.  Possible reasons include:
[34.899s] * The file was deleted, renamed, or moved to another location.
[34.899s] * An install or uninstall procedure did not complete successfully.
[34.900s] * The installation package was faulty and contained
[34.900s]    "/usr/lib/cmake/vtk-7.1/VTKTargets.cmake"
[34.901s] but not all the files it references.
[34.901s] 
[34.902s] -- The imported target "pvtk" references the file
[34.902s]    "/usr/bin/pvtk"
[34.903s] but this file does not exist.  Possible reasons include:
[34.903s] * The file was deleted, renamed, or moved to another location.
[34.904s] * An install or uninstall procedure did not complete successfully.
[34.904s] * The installation package was faulty and contained
[34.904s]    "/usr/lib/cmake/vtk-7.1/VTKTargets.cmake"
[34.905s] but not all the files it references.
[34.905s] 
[35.200s] -- Checking for module 'libusb-1.0'
[35.495s] --   Found libusb-1.0, version 1.0.23
[36.034s] -- Found USB_10: /usr/lib/aarch64-linux-gnu/libusb-1.0.so  
[36.907s] -- OpenNI found (include: /usr/include/ni, lib: /usr/lib/libOpenNI.so)
[37.967s] -- OpenNI2 found (include: /usr/include/openni2, lib: /usr/lib/libOpenNI2.so)
[38.061s] -- Found libusb-1.0: /usr/include  
[38.099s] -- OpenNI found (include: /usr/include/ni, lib: /usr/lib/libOpenNI.so)
[38.136s] -- OpenNI2 found (include: /usr/include/openni2, lib: /usr/lib/libOpenNI2.so)
[38.456s] -- Found Qhull: optimized;/usr/lib/aarch64-linux-gnu/libqhull.so;debug;/usr/lib/aarch64-linux-gnu/libqhull.so  
[38.457s] -- QHULL found (include: /usr/include, lib: optimized;/usr/lib/aarch64-linux-gnu/libqhull.so;debug;/usr/lib/aarch64-linux-gnu/libqhull.so)
[38.496s] -- OpenNI found (include: /usr/include/ni, lib: /usr/lib/libOpenNI.so)
[38.571s] -- Found PCL_COMMON: /usr/lib/aarch64-linux-gnu/libpcl_common.so  
[38.578s] -- Found PCL_KDTREE: /usr/lib/aarch64-linux-gnu/libpcl_kdtree.so  
[38.587s] -- Found PCL_OCTREE: /usr/lib/aarch64-linux-gnu/libpcl_octree.so  
[38.594s] -- Found PCL_SEARCH: /usr/lib/aarch64-linux-gnu/libpcl_search.so  
[38.601s] -- Found PCL_SAMPLE_CONSENSUS: /usr/lib/aarch64-linux-gnu/libpcl_sample_consensus.so  
[38.607s] -- Found PCL_FILTERS: /usr/lib/aarch64-linux-gnu/libpcl_filters.so  
[38.610s] -- Found PCL_2D: /usr/include/pcl-1.10  
[38.612s] -- Found PCL_GEOMETRY: /usr/include/pcl-1.10  
[38.619s] -- Found PCL_IO: /usr/lib/aarch64-linux-gnu/libpcl_io.so  
[38.627s] -- Found PCL_FEATURES: /usr/lib/aarch64-linux-gnu/libpcl_features.so  
[38.634s] -- Found PCL_ML: /usr/lib/aarch64-linux-gnu/libpcl_ml.so  
[38.640s] -- Found PCL_SEGMENTATION: /usr/lib/aarch64-linux-gnu/libpcl_segmentation.so  
[38.647s] -- Found PCL_VISUALIZATION: /usr/lib/aarch64-linux-gnu/libpcl_visualization.so  
[38.654s] -- Found PCL_SURFACE: /usr/lib/aarch64-linux-gnu/libpcl_surface.so  
[38.660s] -- Found PCL_REGISTRATION: /usr/lib/aarch64-linux-gnu/libpcl_registration.so  
[38.667s] -- Found PCL_KEYPOINTS: /usr/lib/aarch64-linux-gnu/libpcl_keypoints.so  
[38.674s] -- Found PCL_TRACKING: /usr/lib/aarch64-linux-gnu/libpcl_tracking.so  
[38.684s] -- Found PCL_RECOGNITION: /usr/lib/aarch64-linux-gnu/libpcl_recognition.so  
[38.693s] -- Found PCL_STEREO: /usr/lib/aarch64-linux-gnu/libpcl_stereo.so  
[38.699s] -- Found PCL_APPS: /usr/lib/aarch64-linux-gnu/libpcl_apps.so  
[38.705s] -- Found PCL_IN_HAND_SCANNER: /usr/include/pcl-1.10  
[38.853s] -- Found PCL_POINT_CLOUD_EDITOR: /usr/include/pcl-1.10  
[38.861s] -- Found PCL_OUTOFCORE: /usr/lib/aarch64-linux-gnu/libpcl_outofcore.so  
[38.868s] -- Found PCL_PEOPLE: /usr/lib/aarch64-linux-gnu/libpcl_people.so  
[44.489s] -- Found OpenMP_C: -fopenmp (found version "4.5") 
[45.306s] -- Found OpenMP_CXX: -fopenmp (found version "4.5") 
[45.310s] -- Found OpenMP: TRUE (found version "4.5")  
[45.606s] -- Found PythonInterp: /usr/bin/python3 (found version "3.8.10") 
[47.500s] -- Found ament_cmake_ros: 0.9.2 (/opt/ros/foxy/share/ament_cmake_ros/cmake)
[50.309s] -- Using all available rosidl_typesupport_c: rosidl_typesupport_fastrtps_c;rosidl_typesupport_introspection_c
[51.876s] -- Using all available rosidl_typesupport_cpp: rosidl_typesupport_fastrtps_cpp;rosidl_typesupport_introspection_cpp
[52.163s] -- Found PythonInterp: /usr/bin/python3 (found suitable version "3.8.10", minimum required is "3.5") 
[52.315s] -- Found python_cmake_module: 0.8.1 (/opt/ros/foxy/share/python_cmake_module/cmake)
[52.795s] -- Found PythonLibs: /usr/lib/aarch64-linux-gnu/libpython3.8.so (found suitable version "3.8.10", minimum required is "3.5") 
[52.796s] -- Using PYTHON_EXECUTABLE: /usr/bin/python3
[52.796s] -- Using PYTHON_INCLUDE_DIRS: /usr/include/python3.8
[52.797s] -- Using PYTHON_LIBRARIES: /usr/lib/aarch64-linux-gnu/libpython3.8.so
[52.954s] -- Found PythonExtra: .so  
[54.771s] -- Configuring done
[56.473s] -- Generating done
[56.497s] -- Build files have been written to: /home/ysc/lite_cog_ros2/nav/build/hdl_localization
[56.572s] Invoked command in '/home/ysc/lite_cog_ros2/nav/build/hdl_localization' returned '0': AMENT_PREFIX_PATH=/home/ysc/lite_cog_ros2/nav/install/hdl_global_localization:${AMENT_PREFIX_PATH} CMAKE_PREFIX_PATH=/home/ysc/lite_cog_ros2/nav/install/hdl_global_localization:/home/ysc/lite_cog_ros2/ndt_omp/install/ndt_omp:/home/ysc/lite_cog_ros2/fast_gicp/install/fast_gicp:/opt/ros/foxy LD_LIBRARY_PATH=/home/ysc/lite_cog_ros2/nav/install/hdl_global_localization/lib:/home/ysc/lite_cog_ros2/ndt_omp/install/ndt_omp/lib:/home/ysc/lite_cog_ros2/fast_gicp/install/fast_gicp/lib:/usr/lib/aarch64-linux-gnu/gazebo-11/plugins:/opt/ros/foxy/opt/yaml_cpp_vendor/lib:/opt/ros/foxy/opt/rviz_ogre_vendor/lib:/opt/ros/foxy/lib/aarch64-linux-gnu:/opt/ros/foxy/lib:/usr/local/cuda-11.4/lib64 PYTHONPATH=/home/ysc/lite_cog_ros2/nav/install/hdl_global_localization/lib/python3.8/site-packages:${PYTHONPATH} /usr/bin/cmake /home/ysc/lite_cog_ros2/nav/src/hdl_localization -DAMENT_CMAKE_SYMLINK_INSTALL=1 -DCMAKE_INSTALL_PREFIX=/home/ysc/lite_cog_ros2/nav/install/hdl_localization
[56.587s] Invoking command in '/home/ysc/lite_cog_ros2/nav/build/hdl_localization': AMENT_PREFIX_PATH=/home/ysc/lite_cog_ros2/nav/install/hdl_global_localization:${AMENT_PREFIX_PATH} CMAKE_PREFIX_PATH=/home/ysc/lite_cog_ros2/nav/install/hdl_global_localization:/home/ysc/lite_cog_ros2/ndt_omp/install/ndt_omp:/home/ysc/lite_cog_ros2/fast_gicp/install/fast_gicp:/opt/ros/foxy LD_LIBRARY_PATH=/home/ysc/lite_cog_ros2/nav/install/hdl_global_localization/lib:/home/ysc/lite_cog_ros2/ndt_omp/install/ndt_omp/lib:/home/ysc/lite_cog_ros2/fast_gicp/install/fast_gicp/lib:/usr/lib/aarch64-linux-gnu/gazebo-11/plugins:/opt/ros/foxy/opt/yaml_cpp_vendor/lib:/opt/ros/foxy/opt/rviz_ogre_vendor/lib:/opt/ros/foxy/lib/aarch64-linux-gnu:/opt/ros/foxy/lib:/usr/local/cuda-11.4/lib64 PYTHONPATH=/home/ysc/lite_cog_ros2/nav/install/hdl_global_localization/lib/python3.8/site-packages:${PYTHONPATH} /usr/bin/cmake --build /home/ysc/lite_cog_ros2/nav/build/hdl_localization -- -j6 -l6
[56.906s] [35m[1mScanning dependencies of target hdl_localization__cpp[0m
[56.908s] [  2%] [34m[1mGenerating C code for ROS interfaces[0m
[56.983s] [  5%] [34m[1mGenerating C++ code for ROS interfaces[0m
[58.951s] [  5%] Built target hdl_localization__cpp
[58.999s] [35m[1mScanning dependencies of target hdl_localization__rosidl_generator_c[0m
[59.030s] [  8%] [34m[1mGenerating C++ type support dispatch for ROS interfaces[0m
[59.041s] [ 11%] [34m[1mGenerating C++ introspection for ROS interfaces[0m
[59.048s] [ 14%] [34m[1mGenerating C++ type support for eProsima Fast-RTPS[0m
[59.393s] [ 17%] [32mBuilding C object CMakeFiles/hdl_localization__rosidl_generator_c.dir/rosidl_generator_c/hdl_localization/msg/detail/scan_matching_status__functions.c.o[0m
[59.435s] [01m[Kcc1:[m[K [01;35m[Kwarning: [m[Kcommand line option ‘[01m[K-std=c++14[m[K’ is valid for C++/ObjC++ but not for C
[60.362s] [35m[1mScanning dependencies of target hdl_localization__rosidl_typesupport_cpp[0m
[60.450s] [35m[1mScanning dependencies of target hdl_localization__rosidl_typesupport_introspection_cpp[0m
[60.544s] [ 20%] [32mBuilding CXX object CMakeFiles/hdl_localization__rosidl_typesupport_cpp.dir/rosidl_typesupport_cpp/hdl_localization/msg/scan_matching_status__type_support.cpp.o[0m
[60.556s] [ 23%] [32m[1mLinking C shared library libhdl_localization__rosidl_generator_c.so[0m
[60.720s] [ 26%] [32mBuilding CXX object CMakeFiles/hdl_localization__rosidl_typesupport_introspection_cpp.dir/rosidl_typesupport_introspection_cpp/hdl_localization/msg/detail/scan_matching_status__type_support.cpp.o[0m
[60.739s] [35m[1mScanning dependencies of target hdl_localization__rosidl_typesupport_fastrtps_cpp[0m
[60.849s] [ 26%] Built target hdl_localization__rosidl_generator_c
[60.926s] [ 29%] [34m[1mGenerating C introspection for ROS interfaces[0m
[60.927s] [ 32%] [32mBuilding CXX object CMakeFiles/hdl_localization__rosidl_typesupport_fastrtps_cpp.dir/rosidl_typesupport_fastrtps_cpp/hdl_localization/msg/detail/dds_fastrtps/scan_matching_status__type_support.cpp.o[0m
[60.950s] [ 35%] [34m[1mGenerating C type support dispatch for ROS interfaces[0m
[62.153s] [35m[1mScanning dependencies of target hdl_localization__rosidl_typesupport_c[0m
[62.391s] [ 38%] [32mBuilding CXX object CMakeFiles/hdl_localization__rosidl_typesupport_c.dir/rosidl_typesupport_c/hdl_localization/msg/scan_matching_status__type_support.cpp.o[0m
[62.587s] [35m[1mScanning dependencies of target hdl_localization__rosidl_typesupport_introspection_c[0m
[62.806s] [ 41%] [32m[1mLinking CXX shared library libhdl_localization__rosidl_typesupport_c.so[0m
[62.888s] [ 44%] [32mBuilding C object CMakeFiles/hdl_localization__rosidl_typesupport_introspection_c.dir/rosidl_typesupport_introspection_c/hdl_localization/msg/detail/scan_matching_status__type_support.c.o[0m
[62.932s] [01m[Kcc1:[m[K [01;35m[Kwarning: [m[Kcommand line option ‘[01m[K-std=c++14[m[K’ is valid for C++/ObjC++ but not for C
[63.207s] [ 44%] Built target hdl_localization__rosidl_typesupport_c
[63.441s] [ 47%] [32m[1mLinking C shared library libhdl_localization__rosidl_typesupport_introspection_c.so[0m
[63.710s] [ 47%] Built target hdl_localization__rosidl_typesupport_introspection_c
[63.906s] [ 50%] [32m[1mLinking CXX shared library libhdl_localization__rosidl_typesupport_cpp.so[0m
[64.186s] [ 50%] Built target hdl_localization__rosidl_typesupport_cpp
[64.678s] [ 52%] [32m[1mLinking CXX shared library libhdl_localization__rosidl_typesupport_introspection_cpp.so[0m
[65.230s] [ 52%] Built target hdl_localization__rosidl_typesupport_introspection_cpp
[65.387s] [ 55%] [32m[1mLinking CXX shared library libhdl_localization__rosidl_typesupport_fastrtps_cpp.so[0m
[66.040s] [ 55%] Built target hdl_localization__rosidl_typesupport_fastrtps_cpp
[66.120s] [ 58%] [34m[1mGenerating C type support for eProsima Fast-RTPS[0m
[67.787s] [35m[1mScanning dependencies of target hdl_localization__rosidl_typesupport_fastrtps_c[0m
[68.198s] [ 61%] [32mBuilding CXX object CMakeFiles/hdl_localization__rosidl_typesupport_fastrtps_c.dir/rosidl_typesupport_fastrtps_c/hdl_localization/msg/detail/scan_matching_status__type_support_c.cpp.o[0m
[71.186s] [ 64%] [32m[1mLinking CXX shared library libhdl_localization__rosidl_typesupport_fastrtps_c.so[0m
[71.706s] [ 64%] Built target hdl_localization__rosidl_typesupport_fastrtps_c
[71.781s] [35m[1mScanning dependencies of target hdl_localization[0m
[71.856s] [ 64%] Built target hdl_localization
[71.924s] [35m[1mScanning dependencies of target hdl_localization_composition[0m
[71.927s] [35m[1mScanning dependencies of target hdl_localization__py[0m
[71.998s] [ 67%] [34m[1mGenerating Python code for ROS interfaces[0m
[73.927s] [ 70%] [32mBuilding CXX object CMakeFiles/hdl_localization_composition.dir/src/hdl_localization/pose_estimator.cpp.o[0m
[74.061s] [ 73%] [32mBuilding CXX object CMakeFiles/hdl_localization_composition.dir/apps/hdl_localization_composition.cpp.o[0m
[75.013s] [ 73%] Built target hdl_localization__py
[75.080s] [35m[1mScanning dependencies of target hdl_localization__python[0m
[75.379s] [ 76%] [32mBuilding C object CMakeFiles/hdl_localization__python.dir/rosidl_generator_py/hdl_localization/msg/_scan_matching_status_s.c.o[0m
[75.416s] [01m[Kcc1:[m[K [01;35m[Kwarning: [m[Kcommand line option ‘[01m[K-std=c++14[m[K’ is valid for C++/ObjC++ but not for C
[76.785s] [ 79%] [32m[1mLinking C shared library rosidl_generator_py/hdl_localization/libhdl_localization__python.so[0m
[77.128s] [ 79%] Built target hdl_localization__python
[77.200s] [35m[1mScanning dependencies of target hdl_localization__rosidl_typesupport_c__pyext[0m
[77.206s] [35m[1mScanning dependencies of target hdl_localization__rosidl_typesupport_introspection_c__pyext[0m
[77.231s] [35m[1mScanning dependencies of target hdl_localization__rosidl_typesupport_fastrtps_c__pyext[0m
[77.346s] [ 82%] [32mBuilding C object CMakeFiles/hdl_localization__rosidl_typesupport_c__pyext.dir/rosidl_generator_py/hdl_localization/_hdl_localization_s.ep.rosidl_typesupport_c.c.o[0m
[77.361s] [ 85%] [32mBuilding C object CMakeFiles/hdl_localization__rosidl_typesupport_introspection_c__pyext.dir/rosidl_generator_py/hdl_localization/_hdl_localization_s.ep.rosidl_typesupport_introspection_c.c.o[0m
[77.394s] [01m[Kcc1:[m[K [01;35m[Kwarning: [m[Kcommand line option ‘[01m[K-std=c++14[m[K’ is valid for C++/ObjC++ but not for C
[77.405s] [01m[Kcc1:[m[K [01;35m[Kwarning: [m[Kcommand line option ‘[01m[K-std=c++14[m[K’ is valid for C++/ObjC++ but not for C
[77.431s] [ 88%] [32mBuilding C object CMakeFiles/hdl_localization__rosidl_typesupport_fastrtps_c__pyext.dir/rosidl_generator_py/hdl_localization/_hdl_localization_s.ep.rosidl_typesupport_fastrtps_c.c.o[0m
[77.482s] [01m[Kcc1:[m[K [01;35m[Kwarning: [m[Kcommand line option ‘[01m[K-std=c++14[m[K’ is valid for C++/ObjC++ but not for C
[78.196s] [ 91%] [32m[1mLinking C shared library rosidl_generator_py/hdl_localization/hdl_localization_s__rosidl_typesupport_introspection_c.cpython-38-aarch64-linux-gnu.so[0m
[78.221s] [ 94%] [32m[1mLinking C shared library rosidl_generator_py/hdl_localization/hdl_localization_s__rosidl_typesupport_c.cpython-38-aarch64-linux-gnu.so[0m
[78.423s] [ 97%] [32m[1mLinking CXX shared library rosidl_generator_py/hdl_localization/hdl_localization_s__rosidl_typesupport_fastrtps_c.cpython-38-aarch64-linux-gnu.so[0m
[78.510s] [ 97%] Built target hdl_localization__rosidl_typesupport_introspection_c__pyext
[78.557s] [ 97%] Built target hdl_localization__rosidl_typesupport_c__pyext
[78.879s] [ 97%] Built target hdl_localization__rosidl_typesupport_fastrtps_c__pyext
[117.278s] In file included from [01m[K/home/ysc/lite_cog_ros2/nav/src/hdl_localization/apps/hdl_localization_composition.cpp:2[m[K:
[117.279s] [01m[K/home/ysc/lite_cog_ros2/nav/src/hdl_localization/apps/./hdl_localization_app.hpp:[m[K In member function ‘[01m[Kbool hdl_localization::HdlLocalizationApp::GetClosestImuData(const rclcpp::Time&, sensor_msgs::msg::Imu_<std::allocator<void> >::SharedPtr&)[m[K’:
[117.279s] [01m[K/home/ysc/lite_cog_ros2/nav/src/hdl_localization/apps/./hdl_localization_app.hpp:365:26:[m[K [01;35m[Kwarning: [m[Kcomparison of integer expressions of different signedness: ‘[01m[Kint[m[K’ and ‘[01m[Kstd::deque<std::shared_ptr<sensor_msgs::msg::Imu_<std::allocator<void> > > >::size_type[m[K’ {aka ‘[01m[Klong unsigned int[m[K’} [[01;35m[K-Wsign-compare[m[K]
[117.280s]   365 |         for(int i = 0; [01;35m[Ki < imu_data_buffer_.size()[m[K; i++){
[117.281s]       |                        [01;35m[K~~^~~~~~~~~~~~~~~~~~~~~~~~~[m[K
[117.292s] [01m[K/home/ysc/lite_cog_ros2/nav/src/hdl_localization/apps/./hdl_localization_app.hpp:[m[K In member function ‘[01m[Kvoid hdl_localization::HdlLocalizationApp::LidarCallback(sensor_msgs::msg::PointCloud2_<std::allocator<void> >::SharedPtr)[m[K’:
[117.293s] [01m[K/home/ysc/lite_cog_ros2/nav/src/hdl_localization/apps/./hdl_localization_app.hpp:434:13:[m[K [01;31m[Kerror: [m[Kexpected ‘[01m[K;[m[K’ before ‘[01m[Kreturn[m[K’
[117.293s]   434 |             [01;31m[Kreturn[m[K;
[117.294s]       |             [01;31m[K^~~~~~[m[K
[117.295s] [01m[K/home/ysc/lite_cog_ros2/nav/src/hdl_localization/apps/./hdl_localization_app.hpp:438:13:[m[K [01;31m[Kerror: [m[Kexpected ‘[01m[K;[m[K’ before ‘[01m[Kreturn[m[K’
[117.295s]   438 |             [01;31m[Kreturn[m[K;
[117.296s]       |             [01;31m[K^~~~~~[m[K
[117.616s] [01m[K/home/ysc/lite_cog_ros2/nav/src/hdl_localization/apps/./hdl_localization_app.hpp:[m[K In member function ‘[01m[Kbool hdl_localization::HdlLocalizationApp::Relocalize(std::shared_ptr<rmw_request_id_t>, std::shared_ptr<std_srvs::srv::Empty_Request_<std::allocator<void> > >, std::shared_ptr<std_srvs::srv::Empty_Response_<std::allocator<void> > >)[m[K’:
[117.617s] [01m[K/home/ysc/lite_cog_ros2/nav/src/hdl_localization/apps/./hdl_localization_app.hpp:558:56:[m[K [01;35m[Kwarning: [m[Kunused parameter ‘[01m[Kreq[m[K’ [[01;35m[K-Wunused-parameter[m[K]
[117.617s]   558 |         [01;35m[Kstd::shared_ptr<std_srvs::srv::Empty::Request> req[m[K,
[117.617s]       |         [01;35m[K~~~~~~~~~~~~~~~~~~~~~~~~~~~~~~~~~~~~~~~~~~~~~~~^~~[m[K
[117.618s] [01m[K/home/ysc/lite_cog_ros2/nav/src/hdl_localization/apps/./hdl_localization_app.hpp:559:57:[m[K [01;35m[Kwarning: [m[Kunused parameter ‘[01m[Kres[m[K’ [[01;35m[K-Wunused-parameter[m[K]
[117.618s]   559 |         [01;35m[Kstd::shared_ptr<std_srvs::srv::Empty::Response> res[m[K)
[117.618s]       |         [01;35m[K~~~~~~~~~~~~~~~~~~~~~~~~~~~~~~~~~~~~~~~~~~~~~~~~^~~[m[K
[117.755s] [01m[K/home/ysc/lite_cog_ros2/nav/src/hdl_localization/apps/./hdl_localization_app.hpp:[m[K In member function ‘[01m[Kvoid hdl_localization::HdlLocalizationApp::TimerCallback()[m[K’:
[117.756s] [01m[K/home/ysc/lite_cog_ros2/nav/src/hdl_localization/apps/./hdl_localization_app.hpp:797:27:[m[K [01;35m[Kwarning: [m[Kcomparison of integer expressions of different signedness: ‘[01m[Kint[m[K’ and ‘[01m[Kstd::deque<double>::size_type[m[K’ {aka ‘[01m[Klong unsigned int[m[K’} [[01;35m[K-Wsign-compare[m[K]
[117.756s]   797 |             for(int i=0; [01;35m[Ki<ms_deque_.size()[m[K; i++){
[117.757s]       |                          [01;35m[K~^~~~~~~~~~~~~~~~~[m[K
[162.632s] make[2]: *** [CMakeFiles/hdl_localization_composition.dir/build.make:76: CMakeFiles/hdl_localization_composition.dir/apps/hdl_localization_composition.cpp.o] Error 1
[162.633s] make[2]: *** Waiting for unfinished jobs....
[181.459s] make[1]: *** [CMakeFiles/Makefile2:326: CMakeFiles/hdl_localization_composition.dir/all] Error 2
[181.460s] make: *** [Makefile:141: all] Error 2
[181.483s] Invoked command in '/home/ysc/lite_cog_ros2/nav/build/hdl_localization' returned '2': AMENT_PREFIX_PATH=/home/ysc/lite_cog_ros2/nav/install/hdl_global_localization:${AMENT_PREFIX_PATH} CMAKE_PREFIX_PATH=/home/ysc/lite_cog_ros2/nav/install/hdl_global_localization:/home/ysc/lite_cog_ros2/ndt_omp/install/ndt_omp:/home/ysc/lite_cog_ros2/fast_gicp/install/fast_gicp:/opt/ros/foxy LD_LIBRARY_PATH=/home/ysc/lite_cog_ros2/nav/install/hdl_global_localization/lib:/home/ysc/lite_cog_ros2/ndt_omp/install/ndt_omp/lib:/home/ysc/lite_cog_ros2/fast_gicp/install/fast_gicp/lib:/usr/lib/aarch64-linux-gnu/gazebo-11/plugins:/opt/ros/foxy/opt/yaml_cpp_vendor/lib:/opt/ros/foxy/opt/rviz_ogre_vendor/lib:/opt/ros/foxy/lib/aarch64-linux-gnu:/opt/ros/foxy/lib:/usr/local/cuda-11.4/lib64 PYTHONPATH=/home/ysc/lite_cog_ros2/nav/install/hdl_global_localization/lib/python3.8/site-packages:${PYTHONPATH} /usr/bin/cmake --build /home/ysc/lite_cog_ros2/nav/build/hdl_localization -- -j6 -l6
