[0.743s] Invoking command in '/home/ysc/lite_cog_ros2/nav/src/build/dr_nav2': CMAKE_PREFIX_PATH=/home/ysc/lite_cog_ros2/nav/src/install/narrow_passage_controller:/opt/ros/foxy /usr/bin/cmake /home/ysc/lite_cog_ros2/nav/src/dr_nav2 -DCMAKE_INSTALL_PREFIX=/home/ysc/lite_cog_ros2/nav/src/install/dr_nav2
[4.903s] -- The C compiler identification is GNU 9.4.0
[4.905s] -- The CXX compiler identification is GNU 9.4.0
[4.906s] -- Check for working C compiler: /usr/bin/cc
[5.495s] -- Check for working C compiler: /usr/bin/cc -- works
[5.576s] -- Detecting C compiler ABI info
[6.876s] -- Detecting C compiler ABI info - done
[7.164s] -- Detecting C compile features
[7.167s] -- Detecting C compile features - done
[7.347s] -- Check for working CXX compiler: /usr/bin/c++
[8.454s] -- Check for working CXX compiler: /usr/bin/c++ -- works
[8.468s] -- Detecting CXX compiler ABI info
[9.647s] -- Detecting CXX compiler ABI info - done
[9.834s] -- Detecting CXX compile features
[9.835s] -- Detecting CXX compile features - done
[9.951s] -- Found ament_cmake_auto: 0.9.12 (/opt/ros/foxy/share/ament_cmake_auto/cmake)
[10.406s] -- Found PythonInterp: /usr/bin/python3 (found suitable version "3.8.10", minimum required is "3") 
[10.408s] -- Using PYTHON_EXECUTABLE: /usr/bin/python3
[14.001s] -- Configuring done
[14.020s] -- Generating done
[14.030s] -- Build files have been written to: /home/ysc/lite_cog_ros2/nav/src/build/dr_nav2
[14.068s] Invoked command in '/home/ysc/lite_cog_ros2/nav/src/build/dr_nav2' returned '0': CMAKE_PREFIX_PATH=/home/ysc/lite_cog_ros2/nav/src/install/narrow_passage_controller:/opt/ros/foxy /usr/bin/cmake /home/ysc/lite_cog_ros2/nav/src/dr_nav2 -DCMAKE_INSTALL_PREFIX=/home/ysc/lite_cog_ros2/nav/src/install/dr_nav2
[14.098s] Invoking command in '/home/ysc/lite_cog_ros2/nav/src/build/dr_nav2': CMAKE_PREFIX_PATH=/home/ysc/lite_cog_ros2/nav/src/install/narrow_passage_controller:/opt/ros/foxy /usr/bin/cmake --build /home/ysc/lite_cog_ros2/nav/src/build/dr_nav2 -- -j6 -l6
[14.398s] Invoked command in '/home/ysc/lite_cog_ros2/nav/src/build/dr_nav2' returned '0': CMAKE_PREFIX_PATH=/home/ysc/lite_cog_ros2/nav/src/install/narrow_passage_controller:/opt/ros/foxy /usr/bin/cmake --build /home/ysc/lite_cog_ros2/nav/src/build/dr_nav2 -- -j6 -l6
[14.695s] Invoking command in '/home/ysc/lite_cog_ros2/nav/src/build/dr_nav2': CMAKE_PREFIX_PATH=/home/ysc/lite_cog_ros2/nav/src/install/narrow_passage_controller:/opt/ros/foxy /usr/bin/cmake --install /home/ysc/lite_cog_ros2/nav/src/build/dr_nav2
[14.777s] -- Install configuration: ""
[14.779s] -- Installing: /home/ysc/lite_cog_ros2/nav/src/install/dr_nav2/share/dr_nav2/config
[14.782s] -- Installing: /home/ysc/lite_cog_ros2/nav/src/install/dr_nav2/share/dr_nav2/config/lite_nav2.yaml
[14.783s] -- Installing: /home/ysc/lite_cog_ros2/nav/src/install/dr_nav2/share/dr_nav2/config/lite_nav2融合失败版本备份.yaml
[14.825s] -- Installing: /home/ysc/lite_cog_ros2/nav/src/install/dr_nav2/share/dr_nav2/config/lite_nav2融合第2版本备份.yaml
[14.828s] -- Installing: /home/ysc/lite_cog_ros2/nav/src/install/dr_nav2/share/dr_nav2/config/lite_nav2融合第一版本备份.yaml
[14.830s] -- Installing: /home/ysc/lite_cog_ros2/nav/src/install/dr_nav2/share/dr_nav2/config/lite_nav2融合失败版本2备份.yaml
[14.832s] -- Installing: /home/ysc/lite_cog_ros2/nav/src/install/dr_nav2/share/dr_nav2/launch
[14.833s] -- Installing: /home/ysc/lite_cog_ros2/nav/src/install/dr_nav2/share/dr_nav2/launch/dr_nav2.launch.py
[14.837s] -- Installing: /home/ysc/lite_cog_ros2/nav/src/install/dr_nav2/share/dr_nav2/rviz
[14.837s] -- Installing: /home/ysc/lite_cog_ros2/nav/src/install/dr_nav2/share/dr_nav2/rviz/dr_nav2.rviz
[14.839s] -- Installing: /home/ysc/lite_cog_ros2/nav/src/install/dr_nav2/share/ament_index/resource_index/package_run_dependencies/dr_nav2
[14.841s] -- Installing: /home/ysc/lite_cog_ros2/nav/src/install/dr_nav2/share/ament_index/resource_index/parent_prefix_path/dr_nav2
[14.843s] -- Installing: /home/ysc/lite_cog_ros2/nav/src/install/dr_nav2/share/dr_nav2/environment/ament_prefix_path.sh
[14.845s] -- Installing: /home/ysc/lite_cog_ros2/nav/src/install/dr_nav2/share/dr_nav2/environment/ament_prefix_path.dsv
[14.857s] -- Installing: /home/ysc/lite_cog_ros2/nav/src/install/dr_nav2/share/dr_nav2/environment/path.sh
[14.858s] -- Installing: /home/ysc/lite_cog_ros2/nav/src/install/dr_nav2/share/dr_nav2/environment/path.dsv
[14.859s] -- Installing: /home/ysc/lite_cog_ros2/nav/src/install/dr_nav2/share/dr_nav2/local_setup.bash
[14.859s] -- Installing: /home/ysc/lite_cog_ros2/nav/src/install/dr_nav2/share/dr_nav2/local_setup.sh
[14.865s] -- Installing: /home/ysc/lite_cog_ros2/nav/src/install/dr_nav2/share/dr_nav2/local_setup.zsh
[14.871s] -- Installing: /home/ysc/lite_cog_ros2/nav/src/install/dr_nav2/share/dr_nav2/local_setup.dsv
[14.873s] -- Installing: /home/ysc/lite_cog_ros2/nav/src/install/dr_nav2/share/dr_nav2/package.dsv
[14.875s] -- Installing: /home/ysc/lite_cog_ros2/nav/src/install/dr_nav2/share/ament_index/resource_index/packages/dr_nav2
[14.877s] -- Installing: /home/ysc/lite_cog_ros2/nav/src/install/dr_nav2/share/dr_nav2/cmake/dr_nav2Config.cmake
[14.879s] -- Installing: /home/ysc/lite_cog_ros2/nav/src/install/dr_nav2/share/dr_nav2/cmake/dr_nav2Config-version.cmake
[14.880s] -- Installing: /home/ysc/lite_cog_ros2/nav/src/install/dr_nav2/share/dr_nav2/package.xml
[14.907s] Invoked command in '/home/ysc/lite_cog_ros2/nav/src/build/dr_nav2' returned '0': CMAKE_PREFIX_PATH=/home/ysc/lite_cog_ros2/nav/src/install/narrow_passage_controller:/opt/ros/foxy /usr/bin/cmake --install /home/ysc/lite_cog_ros2/nav/src/build/dr_nav2
