Performing C SOURCE FILE Test CMAKE_HAVE_LIBC_PTHREAD failed with the following output:
Change Dir: /home/ysc/lite_cog_ros2/nav/build/hdl_global_localization/CMakeFiles/CMakeTmp

Run Build Command(s):/usr/bin/make cmTC_c434c/fast && /usr/bin/make -f CMakeFiles/cmTC_c434c.dir/build.make CMakeFiles/cmTC_c434c.dir/build
make[1]: Entering directory '/home/ysc/lite_cog_ros2/nav/build/hdl_global_localization/CMakeFiles/CMakeTmp'
Building C object CMakeFiles/cmTC_c434c.dir/src.c.o
/usr/bin/cc   -fPIC -DCMAKE_HAVE_LIBC_PTHREAD   -o CMakeFiles/cmTC_c434c.dir/src.c.o   -c /home/ysc/lite_cog_ros2/nav/build/hdl_global_localization/CMakeFiles/CMakeTmp/src.c
Linking C executable cmTC_c434c
/usr/bin/cmake -E cmake_link_script CMakeFiles/cmTC_c434c.dir/link.txt --verbose=1
/usr/bin/cc -fPIC -DCMAKE_HAVE_LIBC_PTHREAD    CMakeFiles/cmTC_c434c.dir/src.c.o  -o cmTC_c434c 
/usr/bin/ld: CMakeFiles/cmTC_c434c.dir/src.c.o: in function `main':
src.c:(.text+0x48): undefined reference to `pthread_create'
/usr/bin/ld: src.c:(.text+0x50): undefined reference to `pthread_detach'
/usr/bin/ld: src.c:(.text+0x5c): undefined reference to `pthread_join'
collect2: error: ld returned 1 exit status
make[1]: *** [CMakeFiles/cmTC_c434c.dir/build.make:87: cmTC_c434c] Error 1
make[1]: Leaving directory '/home/ysc/lite_cog_ros2/nav/build/hdl_global_localization/CMakeFiles/CMakeTmp'
make: *** [Makefile:121: cmTC_c434c/fast] Error 2


Source file was:
#include <pthread.h>

void* test_func(void* data)
{
  return data;
}

int main(void)
{
  pthread_t thread;
  pthread_create(&thread, NULL, test_func, NULL);
  pthread_detach(thread);
  pthread_join(thread, NULL);
  pthread_atfork(NULL, NULL, NULL);
  pthread_exit(NULL);

  return 0;
}

Determining if the function pthread_create exists in the pthreads failed with the following output:
Change Dir: /home/ysc/lite_cog_ros2/nav/build/hdl_global_localization/CMakeFiles/CMakeTmp

Run Build Command(s):/usr/bin/make cmTC_d557a/fast && /usr/bin/make -f CMakeFiles/cmTC_d557a.dir/build.make CMakeFiles/cmTC_d557a.dir/build
make[1]: Entering directory '/home/ysc/lite_cog_ros2/nav/build/hdl_global_localization/CMakeFiles/CMakeTmp'
Building C object CMakeFiles/cmTC_d557a.dir/CheckFunctionExists.c.o
/usr/bin/cc   -fPIC -DCHECK_FUNCTION_EXISTS=pthread_create   -o CMakeFiles/cmTC_d557a.dir/CheckFunctionExists.c.o   -c /usr/share/cmake-3.16/Modules/CheckFunctionExists.c
Linking C executable cmTC_d557a
/usr/bin/cmake -E cmake_link_script CMakeFiles/cmTC_d557a.dir/link.txt --verbose=1
/usr/bin/cc -fPIC -DCHECK_FUNCTION_EXISTS=pthread_create    CMakeFiles/cmTC_d557a.dir/CheckFunctionExists.c.o  -o cmTC_d557a  -lpthreads 
/usr/bin/ld: cannot find -lpthreads
collect2: error: ld returned 1 exit status
make[1]: *** [CMakeFiles/cmTC_d557a.dir/build.make:87: cmTC_d557a] Error 1
make[1]: Leaving directory '/home/ysc/lite_cog_ros2/nav/build/hdl_global_localization/CMakeFiles/CMakeTmp'
make: *** [Makefile:121: cmTC_d557a/fast] Error 2



